
> hedgehog-rescue-app@0.1.0 build
> next build

Γû▓ Next.js 16.1.6 (Turbopack)
- Environments: .env.local

  Creating an optimized production build ...
node.exe : 
At line:1 char:1
+ & "C:\Program 
Files\nodejs/node.exe" 
"C:\Program 
Files\nodejs/node_mo ...
+ ~~~~~~~~~~~~~~~~~~~~~~~~~~~~~
~~~~~~~~~~~~~~~~~~~~~~~~~~~~~~~
~~~~~~~~~
    + CategoryInfo          :  
   NotSpecified: (:String) []  
  , RemoteException
    + FullyQualifiedErrorId :  
   NativeCommandError
 
> Build error occurred
Error: Turbopack build failed 
with 53 errors:
./app/globals.css
Error evaluating Node.js code
Error: Cannot find module 
'is-glob'
Require stack:
- C:\Users\USER\Desktop\Project
s\d-rain\node_modules\tailwindc
ss\lib\lib\content.js
- C:\Users\USER\Desktop\Project
s\d-rain\node_modules\tailwindc
ss\lib\lib\setupTrackingContext
.js
- C:\Users\USER\Desktop\Project
s\d-rain\node_modules\tailwindc
ss\lib\plugin.js
- C:\Users\USER\Desktop\Project
s\d-rain\node_modules\tailwindc
ss\lib\index.js
- C:\Users\USER\Desktop\Project
s\d-rain\.next\build\chunks\[ro
ot-of-the-server]__6d51cb5d._.j
s
- C:\Users\USER\Desktop\Project
s\d-rain\.next\build\chunks\[tu
rbopack]_runtime.js
- C:\Users\USER\Desktop\Project
s\d-rain\.next\build\postcss.js
    [at 
Module._resolveFilename (node:i
nternal/modules/cjs/loader:1420
:15)]
    [at defaultResolveImpl (nod
e:internal/modules/cjs/loader:1
058:19)]
    [at resolveForCJSWithHooks 
(node:internal/modules/cjs/load
er:1063:22)]
    [at Module._load (node:inte
rnal/modules/cjs/loader:1226:37
)]
    [at 
TracingChannel.traceSync (node:
diagnostics_channel:328:14)]
    [at wrapModuleLoad (node:in
ternal/modules/cjs/loader:245:2
4)]
    [at Module.require (node:in
ternal/modules/cjs/loader:1503:
12)]
    [at require (node:internal/
modules/helpers:152:16)]
    [at Object.<anonymous> (C:\
Users\USER\Desktop\Projects\d-r
ain\node_modules\tailwindcss\li
b\lib\content.js:25:56)]
    [at Module._compile (node:i
nternal/modules/cjs/loader:1760
:14)]

Import trace:
  Client Component Browser:
    ./app/globals.css [Client 
Component Browser]
    ./app/layout.tsx [Server 
Component]


./node_modules/@coinbase/wallet
-sdk/dist/provider/Subscription
Manager.js:4:29
Module not found: Can't 
resolve 'eth-block-tracker'
[0m [90m 2 |[39m [33mObject
[39m[33m.[39mdefineProperty(
exports[33m,[39m [32m"__esMo
dule"[39m[33m,[39m { 
value[33m:[39m 
[36mtrue[39m })[33m;[39m
 [90m 3 |[39m exports[33m.[
39m[33mSubscriptionManager[39
m [33m=[39m [36mvoid[39m 
[35m0[39m[33m;[39m
[31m[1m>[22m[39m[90m 4 
|[39m [36mconst[39m 
eth_block_tracker_1 
[33m=[39m require([32m"eth-b
lock-tracker"[39m)[33m;[39m
 [90m   |[39m                
             [31m[1m^[22m[3
9m[31m[1m^[22m[39m[31m[1m
^[22m[39m[31m[1m^[22m[39m
[31m[1m^[22m[39m[31m[1m^
[22m[39m[31m[1m^[22m[39m[
31m[1m^[22m[39m[31m[1m^[2
2m[39m[31m[1m^[22m[39m[31
m[1m^[22m[39m[31m[1m^[22m
[39m[31m[1m^[22m[39m[31m
[1m^[22m[39m[31m[1m^[22m[
39m[31m[1m^[22m[39m[31m[1
m^[22m[39m[31m[1m^[22m[39
m[31m[1m^[22m[39m[31m[1m^
[22m[39m[31m[1m^[22m[39m
[31m[1m^[22m[39m[31m[1m^[
22m[39m[31m[1m^[22m[39m[3
1m[1m^[22m[39m[31m[1m^[22
m[39m[31m[1m^[22m[39m[31m
[1m^[22m[39m
 [90m 5 |[39m [90m// TODO: 
When we update this package we 
should be able to fix this[39m
 [90m 6 |[39m [90m//  
eslint-disable-next-line @types
cript-eslint/no-var-requires[3
9m
 [90m 7 |[39m 
[36mconst[39m 
createSubscriptionManager 
[33m=[39m require([32m'eth-j
son-rpc-filters/subscriptionMan
ager'[39m)[33m;[39m[0m



Import trace:
  Client Component Browser:
    ./node_modules/@coinbase/wa
llet-sdk/dist/provider/Subscrip
tionManager.js [Client 
Component Browser]
    ./node_modules/@coinbase/wa
llet-sdk/dist/provider/Coinbase
WalletProvider.js [Client 
Component Browser]
    ./node_modules/@coinbase/wa
llet-sdk/dist/index.js [Client 
Component Browser]
    ./node_modules/@web3modal/e
thers/dist/esm/src/utils/defaul
tConfig.js [Client Component 
Browser]
    ./node_modules/@web3modal/e
thers/dist/esm/exports/react.js
 [Client Component Browser]
    ./hooks/useWeb3Manager.ts 
[Client Component Browser]
    ./components/EligibilityFlo
w.tsx [Client Component 
Browser]
    ./app/page.tsx [Client 
Component Browser]
    ./app/page.tsx [Server 
Component]

https://nextjs.org/docs/message
s/module-not-found


./node_modules/@coinbase/wallet
-sdk/dist/provider/Subscription
Manager.js:7:35
Module not found: Can't 
resolve 'eth-json-rpc-filters/s
ubscriptionManager'
[0m [90m  5 |[39m [90m// 
TODO: When we update this 
package we should be able to 
fix this[39m
 [90m  6 |[39m [90m//  
eslint-disable-next-line @types
cript-eslint/no-var-requires[3
9m
[31m[1m>[22m[39m[90m  7 
|[39m [36mconst[39m 
createSubscriptionManager 
[33m=[39m require([32m'eth-j
son-rpc-filters/subscriptionMan
ager'[39m)[33m;[39m
 [90m    |[39m               
                    [31m[1m^
[22m[39m[31m[1m^[22m[39m[
31m[1m^[22m[39m[31m[1m^[2
2m[39m[31m[1m^[22m[39m[31
m[1m^[22m[39m[31m[1m^[22m
[39m[31m[1m^[22m[39m[31m
[1m^[22m[39m[31m[1m^[22m[
39m[31m[1m^[22m[39m[31m[1
m^[22m[39m[31m[1m^[22m[39
m[31m[1m^[22m[39m[31m[1m^
[22m[39m[31m[1m^[22m[39m
[31m[1m^[22m[39m[31m[1m^[
22m[39m[31m[1m^[22m[39m[3
1m[1m^[22m[39m[31m[1m^[22
m[39m[31m[1m^[22m[39m[31m
[1m^[22m[39m[31m[1m^[22m
[39m[31m[1m^[22m[39m[31m[
1m^[22m[39m[31m[1m^[22m[3
9m[31m[1m^[22m[39m[31m[1m
^[22m[39m[31m[1m^[22m[39m
[31m[1m^[22m[39m[31m[1m^
[22m[39m[31m[1m^[22m[39m[
31m[1m^[22m[39m[31m[1m^[2
2m[39m[31m[1m^[22m[39m[31
m[1m^[22m[39m[31m[1m^[22m
[39m[31m[1m^[22m[39m[31m
[1m^[22m[39m[31m[1m^[22m[
39m[31m[1m^[22m[39m[31m[1
m^[22m[39m[31m[1m^[22m[39
m[31m[1m^[22m[39m[31m[1m^
[22m[39m[31m[1m^[22m[39m
[31m[1m^[22m[39m[31m[1m^[
22m[39m[31m[1m^[22m[39m[3
1m[1m^[22m[39m
 [90m  8 |[39m 
[36mconst[39m noop 
[33m=[39m () [33m=>[39m { 
}[33m;[39m
 [90m  9 |[39m 
[36mclass[39m 
[33mSubscriptionManager[39m {
 [90m 10 |[39m     
constructor(provider) {[0m



Import trace:
  Client Component Browser:
    ./node_modules/@coinbase/wa
llet-sdk/dist/provider/Subscrip
tionManager.js [Client 
Component Browser]
    ./node_modules/@coinbase/wa
llet-sdk/dist/provider/Coinbase
WalletProvider.js [Client 
Component Browser]
    ./node_modules/@coinbase/wa
llet-sdk/dist/index.js [Client 
Component Browser]
    ./node_modules/@web3modal/e
thers/dist/esm/src/utils/defaul
tConfig.js [Client Component 
Browser]
    ./node_modules/@web3modal/e
thers/dist/esm/exports/react.js
 [Client Component Browser]
    ./hooks/useWeb3Manager.ts 
[Client Component Browser]
    ./components/EligibilityFlo
w.tsx [Client Component 
Browser]
    ./app/page.tsx [Client 
Component Browser]
    ./app/page.tsx [Server 
Component]

https://nextjs.org/docs/message
s/module-not-found


./hooks/useWeb3Manager.ts:4:1
Module not found: Can't 
resolve 'ethers'
[0m [90m 2 |[39m
 [90m 3 |[39m 
[36mimport[39m { 
useState[33m,[39m 
useEffect[33m,[39m useRef } 
[36mfrom[39m 
[32m"react"[39m[33m;[39m
[31m[1m>[22m[39m[90m 4 
|[39m [36mimport[39m { 
ethers } [36mfrom[39m 
[32m"ethers"[39m[33m;[39m
 [90m   |[39m [31m[1m^[22m
[39m[31m[1m^[22m[39m[31m
[1m^[22m[39m[31m[1m^[22m[
39m[31m[1m^[22m[39m[31m[1
m^[22m[39m[31m[1m^[22m[39
m[31m[1m^[22m[39m[31m[1m^
[22m[39m[31m[1m^[22m[39m
[31m[1m^[22m[39m[31m[1m^[
22m[39m[31m[1m^[22m[39m[3
1m[1m^[22m[39m[31m[1m^[22
m[39m[31m[1m^[22m[39m[31m
[1m^[22m[39m[31m[1m^[22m
[39m[31m[1m^[22m[39m[31m[
1m^[22m[39m[31m[1m^[22m[3
9m[31m[1m^[22m[39m[31m[1m
^[22m[39m[31m[1m^[22m[39m
[31m[1m^[22m[39m[31m[1m^
[22m[39m[31m[1m^[22m[39m[
31m[1m^[22m[39m[31m[1m^[2
2m[39m[31m[1m^[22m[39m[31
m[1m^[22m[39m[31m[1m^[22m
[39m
 [90m 5 |[39m 
[36mimport[39m { 
useWeb3Modal[33m,[39m useWeb3
ModalProvider[33m,[39m 
useWeb3ModalAccount[33m,[39m 
useDisconnect } [36mfrom[39m 
[32m'@web3modal/ethers/react'
[39m[33m;[39m
 [90m 6 |[39m 
[36mimport[39m { signPermit 
} [36mfrom[39m [32m"../lib/p
ermit"[39m[33m;[39m
 [90m 7 |[39m[0m



Import traces:
  Client Component Browser:
    ./hooks/useWeb3Manager.ts 
[Client Component Browser]
    ./components/EligibilityFlo
w.tsx [Client Component 
Browser]
    ./app/page.tsx [Client 
Component Browser]
    ./app/page.tsx [Server 
Component]

  Client Component SSR:
    ./hooks/useWeb3Manager.ts 
[Client Component SSR]
    ./components/EligibilityFlo
w.tsx [Client Component SSR]
    ./app/page.tsx [Client 
Component SSR]
    ./app/page.tsx [Server 
Component]

https://nextjs.org/docs/message
s/module-not-found


./lib/permit.ts:1:1
Module not found: Can't 
resolve 'ethers'
[0m[31m[1m>[22m[39m[90m 
1 |[39m [36mimport[39m { 
ethers } [36mfrom[39m 
[32m"ethers"[39m[33m;[39m
 [90m   |[39m [31m[1m^[22m
[39m[31m[1m^[22m[39m[31m
[1m^[22m[39m[31m[1m^[22m[
39m[31m[1m^[22m[39m[31m[1
m^[22m[39m[31m[1m^[22m[39
m[31m[1m^[22m[39m[31m[1m^
[22m[39m[31m[1m^[22m[39m
[31m[1m^[22m[39m[31m[1m^[
22m[39m[31m[1m^[22m[39m[3
1m[1m^[22m[39m[31m[1m^[22
m[39m[31m[1m^[22m[39m[31m
[1m^[22m[39m[31m[1m^[22m
[39m[31m[1m^[22m[39m[31m[
1m^[22m[39m[31m[1m^[22m[3
9m[31m[1m^[22m[39m[31m[1m
^[22m[39m[31m[1m^[22m[39m
[31m[1m^[22m[39m[31m[1m^
[22m[39m[31m[1m^[22m[39m[
31m[1m^[22m[39m[31m[1m^[2
2m[39m[31m[1m^[22m[39m[31
m[1m^[22m[39m[31m[1m^[22m
[39m
 [90m 2 |[39m
 [90m 3 |[39m [90m// 
EIP-2612 Permit Helper[39m
 [90m 4 |[39m [90m// 
Returns the data needed to 
submit a permit 
transaction[39m[0m



Import traces:
  Client Component Browser:
    ./lib/permit.ts [Client 
Component Browser]
    ./hooks/useWeb3Manager.ts 
[Client Component Browser]
    ./components/EligibilityFlo
w.tsx [Client Component 
Browser]
    ./app/page.tsx [Client 
Component Browser]
    ./app/page.tsx [Server 
Component]

  Client Component SSR:
    ./lib/permit.ts [Client 
Component SSR]
    ./hooks/useWeb3Manager.ts 
[Client Component SSR]
    ./components/EligibilityFlo
w.tsx [Client Component SSR]
    ./app/page.tsx [Client 
Component SSR]
    ./app/page.tsx [Server 
Component]

https://nextjs.org/docs/message
s/module-not-found


./node_modules/@web3modal/ether
s/dist/esm/src/client.js:4:1
Module not found: Can't 
resolve 'ethers'
[0m [90m 2 |[39m 
[36mimport[39m { [33mConstan
tsUtil[39m[33m,[39m [33mPre
setsUtil[39m[33m,[39m 
[33mHelpersUtil[39m } 
[36mfrom[39m [32m'@web3modal
/scaffold-utils'[39m[33m;[39
m
 [90m 3 |[39m 
[36mimport[39m [33mEthereumP
rovider[39m[33m,[39m { 
[33mOPTIONAL_METHODS[39m } 
[36mfrom[39m [32m'@walletcon
nect/ethereum-provider'[39m[3
3m;[39m
[31m[1m>[22m[39m[90m 4 
|[39m [36mimport[39m { 
formatEther[33m,[39m [33mJso
nRpcProvider[39m[33m,[39m [
33mInfuraProvider[39m[33m,[3
9m getAddress [36mas[39m 
getOriginalAddress[33m,[39m 
parseUnits[33m,[39m 
formatUnits[33m,[39m [33mJso
nRpcSigner[39m[33m,[39m [33
mBrowserProvider[39m[33m,[39
m 
[33mContract[39m[33m,[39m 
hexlify[33m,[39m 
toUtf8Bytes[33m,[39m 
isHexString } [36mfrom[39m 
[32m'ethers'[39m[33m;[39m
 [90m   |[39m [31m[1m^[22m
[39m[31m[1m^[22m[39m[31m
[1m^[22m[39m[31m[1m^[22m[
39m[31m[1m^[22m[39m[31m[1
m^[22m[39m[31m[1m^[22m[39
m[31m[1m^[22m[39m[31m[1m^
[22m[39m[31m[1m^[22m[39m
[31m[1m^[22m[39m[31m[1m^[
22m[39m[31m[1m^[22m[39m[3
1m[1m^[22m[39m[31m[1m^[22
m[39m[31m[1m^[22m[39m[31m
[1m^[22m[39m[31m[1m^[22m
[39m[31m[1m^[22m[39m[31m[
1m^[22m[39m[31m[1m^[22m[3
9m[31m[1m^[22m[39m[31m[1m
^[22m[39m[31m[1m^[22m[39m
[31m[1m^[22m[39m[31m[1m^
[22m[39m[31m[1m^[22m[39m[
31m[1m^[22m[39m[31m[1m^[2
2m[39m[31m[1m^[22m[39m[31
m[1m^[22m[39m[31m[1m^[22m
[39m[31m[1m^[22m[39m[31m
[1m^[22m[39m[31m[1m^[22m[
39m[31m[1m^[22m[39m[31m[1
m^[22m[39m[31m[1m^[22m[39
m[31m[1m^[22m[39m[31m[1m^
[22m[39m[31m[1m^[22m[39m
[31m[1m^[22m[39m[31m[1m^[
22m[39m[31m[1m^[22m[39m[3
1m[1m^[22m[39m[31m[1m^[22
m[39m[31m[1m^[22m[39m[31m
[1m^[22m[39m[31m[1m^[22m
[39m[31m[1m^[22m[39m[31m[
1m^[22m[39m[31m[1m^[22m[3
9m[31m[1m^[22m[39m[31m[1m
^[22m[39m[31m[1m^[22m[39m
[31m[1m^[22m[39m[31m[1m^
[22m[39m[31m[1m^[22m[39m[
31m[1m^[22m[39m[31m[1m^[2
2m[39m[31m[1m^[22m[39m[31
m[1m^[22m[39m[31m[1m^[22m
[39m[31m[1m^[22m[39m[31m
[1m^[22m[39m[31m[1m^[22m[
39m[31m[1m^[22m[39m[31m[1
m^[22m[39m[31m[1m^[22m[39
m[31m[1m^[22m[39m[31m[1m^
[22m[39m[31m[1m^[22m[39m
[31m[1m^[22m[39m[31m[1m^[
22m[39m[31m[1m^[22m[39m[3
1m[1m^[22m[39m[31m[1m^[22
m[39m[31m[1m^[22m[39m[31m
[1m^[22m[39m[31m[1m^[22m
[39m[31m[1m^[22m[39m[31m[
1m^[22m[39m[31m[1m^[22m[3
9m[31m[1m^[22m[39m[31m[1m
^[22m[39m[31m[1m^[22m[39m
[31m[1m^[22m[39m[31m[1m^
[22m[39m[31m[1m^[22m[39m[
31m[1m^[22m[39m[31m[1m^[2
2m[39m[31m[1m^[22m[39m[31
m[1m^[22m[39m[31m[1m^[22m
[39m[31m[1m^[22m[39m[31m
[1m^[22m[39m[31m[1m^[22m[
39m[31m[1m^[22m[39m[31m[1
m^[22m[39m[31m[1m^[22m[39
m[31m[1m^[22m[39m[31m[1m^
[22m[39m[31m[1m^[22m[39m
[31m[1m^[22m[39m[31m[1m^[
22m[39m[31m[1m^[22m[39m[3
1m[1m^[22m[39m[31m[1m^[22
m[39m[31m[1m^[22m[39m[31m
[1m^[22m[39m[31m[1m^[22m
[39m[31m[1m^[22m[39m[31m[
1m^[22m[39m[31m[1m^[22m[3
9m[31m[1m^[22m[39m[31m[1m
^[22m[39m[31m[1m^[22m[39m
[31m[1m^[22m[39m[31m[1m^
[22m[39m[31m[1m^[22m[39m[
31m[1m^[22m[39m[31m[1m^[2
2m[39m[31m[1m^[22m[39m[31
m[1m^[22m[39m[31m[1m^[22m
[39m[31m[1m^[22m[39m[31m
[1m^[22m[39m[31m[1m^[22m[
39m[31m[1m^[22m[39m[31m[1
m^[22m[39m[31m[1m^[22m[39
m[31m[1m^[22m[39m[31m[1m^
[22m[39m[31m[1m^[22m[39m
[31m[1m^[22m[39m[31m[1m^[
22m[39m[31m[1m^[22m[39m[3
1m[1m^[22m[39m[31m[1m^[22
m[39m[31m[1m^[22m[39m[31m
[1m^[22m[39m[31m[1m^[22m
[39m[31m[1m^[22m[39m[31m[
1m^[22m[39m[31m[1m^[22m[3
9m[31m[1m^[22m[39m[31m[1m
^[22m[39m[31m[1m^[22m[39m
[31m[1m^[22m[39m[31m[1m^
[22m[39m[31m[1m^[22m[39m[
31m[1m^[22m[39m[31m[1m^[2
2m[39m[31m[1m^[22m[39m[31
m[1m^[22m[39m[31m[1m^[22m
[39m[31m[1m^[22m[39m[31m
[1m^[22m[39m[31m[1m^[22m[
39m[31m[1m^[22m[39m[31m[1
m^[22m[39m[31m[1m^[22m[39
m[31m[1m^[22m[39m[31m[1m^
[22m[39m[31m[1m^[22m[39m
[31m[1m^[22m[39m[31m[1m^[
22m[39m[31m[1m^[22m[39m[3
1m[1m^[22m[39m[31m[1m^[22
m[39m[31m[1m^[22m[39m[31m
[1m^[22m[39m[31m[1m^[22m
[39m[31m[1m^[22m[39m[31m[
1m^[22m[39m[31m[1m^[22m[3
9m[31m[1m^[22m[39m[31m[1m
^[22m[39m[31m[1m^[22m[39m
[31m[1m^[22m[39m[31m[1m^
[22m[39m[31m[1m^[22m[39m[
31m[1m^[22m[39m[31m[1m^[2
2m[39m[31m[1m^[22m[39m[31
m[1m^[22m[39m[31m[1m^[22m
[39m[31m[1m^[22m[39m[31m
[1m^[22m[39m[31m[1m^[22m[
39m[31m[1m^[22m[39m[31m[1
m^[22m[39m[31m[1m^[22m[39
m[31m[1m^[22m[39m[31m[1m^
[22m[39m[31m[1m^[22m[39m
[31m[1m^[22m[39m[31m[1m^[
22m[39m[31m[1m^[22m[39m[3
1m[1m^[22m[39m[31m[1m^[22
m[39m[31m[1m^[22m[39m[31m
[1m^[22m[39m[31m[1m^[22m
[39m[31m[1m^[22m[39m[31m[
1m^[22m[39m
 [90m 5 |[39m 
[36mimport[39m { [33mEthersC
onstantsUtil[39m[33m,[39m [
33mEthersHelpersUtil[39m[33m,
[39m 
[33mEthersStoreUtil[39m } 
[36mfrom[39m [32m'@web3modal
/scaffold-utils/ethers'[39m[3
3m;[39m
 [90m 6 |[39m 
[36mimport[39m { [33mW3mFram
eProvider[39m[33m,[39m [33m
W3mFrameHelpers[39m[33m,[39m
 [33mW3mFrameRpcConstants[39m
[33m,[39m 
[33mW3mFrameConstants[39m } 
[36mfrom[39m [32m'@web3modal
/wallet'[39m[33m;[39m
 [90m 7 |[39m 
[36mimport[39m { 
[33mNetworkUtil[39m } 
[36mfrom[39m [32m'@web3modal
/common'[39m[33m;[39m[0m



Import traces:
  Client Component Browser:
    ./node_modules/@web3modal/e
thers/dist/esm/src/client.js 
[Client Component Browser]
    ./node_modules/@web3modal/e
thers/dist/esm/exports/react.js
 [Client Component Browser]
    ./hooks/useWeb3Manager.ts 
[Client Component Browser]
    ./components/EligibilityFlo
w.tsx [Client Component 
Browser]
    ./app/page.tsx [Client 
Component Browser]
    ./app/page.tsx [Server 
Component]

  Client Component SSR:
    ./node_modules/@web3modal/e
thers/dist/esm/src/client.js 
[Client Component SSR]
    ./node_modules/@web3modal/e
thers/dist/esm/exports/react.js
 [Client Component SSR]
    ./hooks/useWeb3Manager.ts 
[Client Component SSR]
    ./components/EligibilityFlo
w.tsx [Client Component SSR]
    ./app/page.tsx [Client 
Component SSR]
    ./app/page.tsx [Server 
Component]

https://nextjs.org/docs/message
s/module-not-found


./node_modules/@coinbase/wallet
-sdk/dist/provider/CoinbaseWall
etProvider.js:12:25
Module not found: Can't 
resolve 'eventemitter3'
[0m [90m 10 |[39m [90m// 
Licensed under the Apache 
License, version 2.0[39m
 [90m 11 |[39m 
[36mconst[39m bn_js_1 
[33m=[39m __importDefault(req
uire([32m"bn.js"[39m))[33m;
[39m
[31m[1m>[22m[39m[90m 12 
|[39m [36mconst[39m 
eventemitter3_1 [33m=[39m req
uire([32m"eventemitter3"[39m)
[33m;[39m
 [90m    |[39m               
          [31m[1m^[22m[39m
[31m[1m^[22m[39m[31m[1m^[
22m[39m[31m[1m^[22m[39m[3
1m[1m^[22m[39m[31m[1m^[22
m[39m[31m[1m^[22m[39m[31m
[1m^[22m[39m[31m[1m^[22m
[39m[31m[1m^[22m[39m[31m[
1m^[22m[39m[31m[1m^[22m[3
9m[31m[1m^[22m[39m[31m[1m
^[22m[39m[31m[1m^[22m[39m
[31m[1m^[22m[39m[31m[1m^
[22m[39m[31m[1m^[22m[39m[
31m[1m^[22m[39m[31m[1m^[2
2m[39m[31m[1m^[22m[39m[31
m[1m^[22m[39m[31m[1m^[22m
[39m[31m[1m^[22m[39m
 [90m 13 |[39m 
[36mconst[39m error_1 
[33m=[39m require([32m"../co
re/error"[39m)[33m;[39m
 [90m 14 |[39m 
[36mconst[39m util_1 
[33m=[39m require([32m"../co
re/util"[39m)[33m;[39m
 [90m 15 |[39m 
[36mconst[39m 
[33mMobileRelay_1[39m 
[33m=[39m require([32m"../re
lay/mobile/MobileRelay"[39m)[
33m;[39m[0m



Import trace:
  Client Component Browser:
    ./node_modules/@coinbase/wa
llet-sdk/dist/provider/Coinbase
WalletProvider.js [Client 
Component Browser]
    ./node_modules/@coinbase/wa
llet-sdk/dist/index.js [Client 
Component Browser]
    ./node_modules/@web3modal/e
thers/dist/esm/src/utils/defaul
tConfig.js [Client Component 
Browser]
    ./node_modules/@web3modal/e
thers/dist/esm/exports/react.js
 [Client Component Browser]
    ./hooks/useWeb3Manager.ts 
[Client Component Browser]
    ./components/EligibilityFlo
w.tsx [Client Component 
Browser]
    ./app/page.tsx [Client 
Component Browser]
    ./app/page.tsx [Server 
Component]

https://nextjs.org/docs/message
s/module-not-found


./node_modules/recharts/es6/uti
l/Events.js:1:1
Module not found: Can't 
resolve 'eventemitter3'
[0m[31m[1m>[22m[39m[90m 
1 |[39m [36mimport[39m 
[33mEventEmitter[39m 
[36mfrom[39m [32m'eventemitt
er3'[39m[33m;[39m
 [90m   |[39m [31m[1m^[22m
[39m[31m[1m^[22m[39m[31m
[1m^[22m[39m[31m[1m^[22m[
39m[31m[1m^[22m[39m[31m[1
m^[22m[39m[31m[1m^[22m[39
m[31m[1m^[22m[39m[31m[1m^
[22m[39m[31m[1m^[22m[39m
[31m[1m^[22m[39m[31m[1m^[
22m[39m[31m[1m^[22m[39m[3
1m[1m^[22m[39m[31m[1m^[22
m[39m[31m[1m^[22m[39m[31m
[1m^[22m[39m[31m[1m^[22m
[39m[31m[1m^[22m[39m[31m[
1m^[22m[39m[31m[1m^[22m[3
9m[31m[1m^[22m[39m[31m[1m
^[22m[39m[31m[1m^[22m[39m
[31m[1m^[22m[39m[31m[1m^
[22m[39m[31m[1m^[22m[39m[
31m[1m^[22m[39m[31m[1m^[2
2m[39m[31m[1m^[22m[39m[31
m[1m^[22m[39m[31m[1m^[22m
[39m[31m[1m^[22m[39m[31m
[1m^[22m[39m[31m[1m^[22m[
39m[31m[1m^[22m[39m[31m[1
m^[22m[39m[31m[1m^[22m[39
m[31m[1m^[22m[39m[31m[1m^
[22m[39m[31m[1m^[22m[39m
 [90m 2 |[39m [36mvar[39m 
eventCenter [33m=[39m 
[36mnew[39m [33mEventEmitter
[39m()[33m;[39m
 [90m 3 |[39m 
[36mexport[39m { eventCenter 
}[33m;[39m
 [90m 4 |[39m 
[36mexport[39m [36mvar[39m 
[33mTOOLTIP_SYNC_EVENT[39m 
[33m=[39m [32m'recharts.sync
Event.tooltip'[39m[33m;[39m
[0m



Import traces:
  Client Component Browser:
    ./node_modules/recharts/es6
/util/Events.js [Client 
Component Browser]
    ./node_modules/recharts/es6
/synchronisation/useChartSynchr
onisation.js [Client Component 
Browser]
    ./node_modules/recharts/es6
/component/Tooltip.js [Client 
Component Browser]
    ./components/TokenomicsChar
t.tsx [Client Component 
Browser]
    ./app/page.tsx [Client 
Component Browser]
    ./app/page.tsx [Server 
Component]

  Client Component SSR:
    ./node_modules/recharts/es6
/util/Events.js [Client 
Component SSR]
    ./node_modules/recharts/es6
/synchronisation/useChartSynchr
onisation.js [Client Component 
SSR]
    ./node_modules/recharts/es6
/component/Tooltip.js [Client 
Component SSR]
    ./components/TokenomicsChar
t.tsx [Client Component SSR]
    ./app/page.tsx [Client 
Component SSR]
    ./app/page.tsx [Server 
Component]

https://nextjs.org/docs/message
s/module-not-found


./node_modules/query-string/ind
ex.js:5:22
Module not found: Can't 
resolve 'filter-obj'
[0m [90m 3 |[39m 
[36mconst[39m 
decodeComponent [33m=[39m req
uire([32m'decode-uri-component
'[39m)[33m;[39m
 [90m 4 |[39m 
[36mconst[39m splitOnFirst 
[33m=[39m require([32m'split
-on-first'[39m)[33m;[39m
[31m[1m>[22m[39m[90m 5 
|[39m [36mconst[39m 
filterObject [33m=[39m requir
e([32m'filter-obj'[39m)[33m;
[39m
 [90m   |[39m                
      [31m[1m^[22m[39m[31m
[1m^[22m[39m[31m[1m^[22m
[39m[31m[1m^[22m[39m[31m[
1m^[22m[39m[31m[1m^[22m[3
9m[31m[1m^[22m[39m[31m[1m
^[22m[39m[31m[1m^[22m[39m
[31m[1m^[22m[39m[31m[1m^
[22m[39m[31m[1m^[22m[39m[
31m[1m^[22m[39m[31m[1m^[2
2m[39m[31m[1m^[22m[39m[31
m[1m^[22m[39m[31m[1m^[22m
[39m[31m[1m^[22m[39m[31m
[1m^[22m[39m[31m[1m^[22m[
39m[31m[1m^[22m[39m
 [90m 6 |[39m
 [90m 7 |[39m 
[36mconst[39m 
isNullOrUndefined [33m=[39m 
value [33m=>[39m value 
[33m===[39m [36mnull[39m 
[33m||[39m value 
[33m===[39m 
undefined[33m;[39m
 [90m 8 |[39m[0m



Import traces:
  Client Component Browser:
    ./node_modules/query-string
/index.js [Client Component 
Browser]
    ./node_modules/@walletconne
ct/utils/dist/index.es.js 
[Client Component Browser]
    ./node_modules/@walletconne
ct/ethereum-provider/dist/index
.es.js [Client Component 
Browser]
    ./node_modules/@web3modal/e
thers/dist/esm/src/client.js 
[Client Component Browser]
    ./node_modules/@web3modal/e
thers/dist/esm/exports/react.js
 [Client Component Browser]
    ./context/Web3ModalProvider
.tsx [Client Component Browser]
    ./context/Web3ModalProvider
.tsx [Server Component]
    ./app/layout.tsx [Server 
Component]

  Client Component SSR:
    ./node_modules/query-string
/index.js [Client Component 
SSR]
    ./node_modules/@walletconne
ct/utils/dist/index.es.js 
[Client Component SSR]
    ./node_modules/@walletconne
ct/ethereum-provider/dist/index
.es.js [Client Component SSR]
    ./node_modules/@web3modal/e
thers/dist/esm/src/client.js 
[Client Component SSR]
    ./node_modules/@web3modal/e
thers/dist/esm/exports/react.js
 [Client Component SSR]
    ./context/Web3ModalProvider
.tsx [Client Component SSR]
    ./context/Web3ModalProvider
.tsx [Server Component]
    ./app/layout.tsx [Server 
Component]

https://nextjs.org/docs/message
s/module-not-found


./app/page.tsx:3:1
Module not found: Can't 
resolve 'framer-motion'
[0m [90m 1 |[39m [32m"use 
client"[39m[33m;[39m
 [90m 2 |[39m
[31m[1m>[22m[39m[90m 3 
|[39m [36mimport[39m { 
motion } [36mfrom[39m [32m"f
ramer-motion"[39m[33m;[39m
 [90m   |[39m [31m[1m^[22m
[39m[31m[1m^[22m[39m[31m
[1m^[22m[39m[31m[1m^[22m[
39m[31m[1m^[22m[39m[31m[1
m^[22m[39m[31m[1m^[22m[39
m[31m[1m^[22m[39m[31m[1m^
[22m[39m[31m[1m^[22m[39m
[31m[1m^[22m[39m[31m[1m^[
22m[39m[31m[1m^[22m[39m[3
1m[1m^[22m[39m[31m[1m^[22
m[39m[31m[1m^[22m[39m[31m
[1m^[22m[39m[31m[1m^[22m
[39m[31m[1m^[22m[39m[31m[
1m^[22m[39m[31m[1m^[22m[3
9m[31m[1m^[22m[39m[31m[1m
^[22m[39m[31m[1m^[22m[39m
[31m[1m^[22m[39m[31m[1m^
[22m[39m[31m[1m^[22m[39m[
31m[1m^[22m[39m[31m[1m^[2
2m[39m[31m[1m^[22m[39m[31
m[1m^[22m[39m[31m[1m^[22m
[39m[31m[1m^[22m[39m[31m
[1m^[22m[39m[31m[1m^[22m[
39m[31m[1m^[22m[39m[31m[1
m^[22m[39m[31m[1m^[22m[39
m[31m[1m^[22m[39m
 [90m 4 |[39m 
[36mimport[39m { useRouter } 
[36mfrom[39m [32m"next/navig
ation"[39m[33m;[39m
 [90m 5 |[39m 
[36mimport[39m { 
[33mZap[39m[33m,[39m 
[33mUsers[39m[33m,[39m 
[33mTrophy[39m[33m,[39m 
[33mShield[39m[33m,[39m [3
3mArrowRight[39m[33m,[39m 
[33mGift[39m } 
[36mfrom[39m [32m"lucide-rea
ct"[39m[33m;[39m
 [90m 6 |[39m 
[36mimport[39m 
[33mGlassCard[39m 
[36mfrom[39m [32m"@/componen
ts/GlassCard"[39m[33m;[39m[
0m



Import traces:
  Client Component Browser:
    ./app/page.tsx [Client 
Component Browser]
    ./app/page.tsx [Server 
Component]

  Client Component SSR:
    ./app/page.tsx [Client 
Component SSR]
    ./app/page.tsx [Server 
Component]

https://nextjs.org/docs/message
s/module-not-found


./components/CountdownTimer.tsx
:4:1
Module not found: Can't 
resolve 'framer-motion'
[0m [90m 2 |[39m
 [90m 3 |[39m 
[36mimport[39m { 
useState[33m,[39m useEffect 
} [36mfrom[39m 
[32m"react"[39m[33m;[39m
[31m[1m>[22m[39m[90m 4 
|[39m [36mimport[39m { 
motion } [36mfrom[39m [32m"f
ramer-motion"[39m[33m;[39m
 [90m   |[39m [31m[1m^[22m
[39m[31m[1m^[22m[39m[31m
[1m^[22m[39m[31m[1m^[22m[
39m[31m[1m^[22m[39m[31m[1
m^[22m[39m[31m[1m^[22m[39
m[31m[1m^[22m[39m[31m[1m^
[22m[39m[31m[1m^[22m[39m
[31m[1m^[22m[39m[31m[1m^[
22m[39m[31m[1m^[22m[39m[3
1m[1m^[22m[39m[31m[1m^[22
m[39m[31m[1m^[22m[39m[31m
[1m^[22m[39m[31m[1m^[22m
[39m[31m[1m^[22m[39m[31m[
1m^[22m[39m[31m[1m^[22m[3
9m[31m[1m^[22m[39m[31m[1m
^[22m[39m[31m[1m^[22m[39m
[31m[1m^[22m[39m[31m[1m^
[22m[39m[31m[1m^[22m[39m[
31m[1m^[22m[39m[31m[1m^[2
2m[39m[31m[1m^[22m[39m[31
m[1m^[22m[39m[31m[1m^[22m
[39m[31m[1m^[22m[39m[31m
[1m^[22m[39m[31m[1m^[22m[
39m[31m[1m^[22m[39m[31m[1
m^[22m[39m[31m[1m^[22m[39
m[31m[1m^[22m[39m
 [90m 5 |[39m 
[36mimport[39m { 
[33mClock[39m } 
[36mfrom[39m [32m"lucide-rea
ct"[39m[33m;[39m
 [90m 6 |[39m 
[36mimport[39m 
[33mGlassCard[39m 
[36mfrom[39m [32m"./GlassCar
d"[39m[33m;[39m
 [90m 7 |[39m[0m



Import traces:
  Client Component Browser:
    ./components/CountdownTimer
.tsx [Client Component Browser]
    ./app/page.tsx [Client 
Component Browser]
    ./app/page.tsx [Server 
Component]

  Client Component SSR:
    ./components/CountdownTimer
.tsx [Client Component SSR]
    ./app/page.tsx [Client 
Component SSR]
    ./app/page.tsx [Server 
Component]

https://nextjs.org/docs/message
s/module-not-found


./components/EligibilityFlow.ts
x:4:1
Module not found: Can't 
resolve 'framer-motion'
[0m [90m 2 |[39m
 [90m 3 |[39m 
[36mimport[39m { 
useState[33m,[39m useEffect 
} [36mfrom[39m 
[32m"react"[39m[33m;[39m
[31m[1m>[22m[39m[90m 4 
|[39m [36mimport[39m { 
motion[33m,[39m 
[33mAnimatePresence[39m } 
[36mfrom[39m [32m"framer-mot
ion"[39m[33m;[39m
 [90m   |[39m [31m[1m^[22m
[39m[31m[1m^[22m[39m[31m
[1m^[22m[39m[31m[1m^[22m[
39m[31m[1m^[22m[39m[31m[1
m^[22m[39m[31m[1m^[22m[39
m[31m[1m^[22m[39m[31m[1m^
[22m[39m[31m[1m^[22m[39m
[31m[1m^[22m[39m[31m[1m^[
22m[39m[31m[1m^[22m[39m[3
1m[1m^[22m[39m[31m[1m^[22
m[39m[31m[1m^[22m[39m[31m
[1m^[22m[39m[31m[1m^[22m
[39m[31m[1m^[22m[39m[31m[
1m^[22m[39m[31m[1m^[22m[3
9m[31m[1m^[22m[39m[31m[1m
^[22m[39m[31m[1m^[22m[39m
[31m[1m^[22m[39m[31m[1m^
[22m[39m[31m[1m^[22m[39m[
31m[1m^[22m[39m[31m[1m^[2
2m[39m[31m[1m^[22m[39m[31
m[1m^[22m[39m[31m[1m^[22m
[39m[31m[1m^[22m[39m[31m
[1m^[22m[39m[31m[1m^[22m[
39m[31m[1m^[22m[39m[31m[1
m^[22m[39m[31m[1m^[22m[39
m[31m[1m^[22m[39m[31m[1m^
[22m[39m[31m[1m^[22m[39m
[31m[1m^[22m[39m[31m[1m^[
22m[39m[31m[1m^[22m[39m[3
1m[1m^[22m[39m[31m[1m^[22
m[39m[31m[1m^[22m[39m[31m
[1m^[22m[39m[31m[1m^[22m
[39m[31m[1m^[22m[39m[31m[
1m^[22m[39m[31m[1m^[22m[3
9m[31m[1m^[22m[39m[31m[1m
^[22m[39m[31m[1m^[22m[39m
[31m[1m^[22m[39m
 [90m 5 |[39m 
[36mimport[39m { 
[33mScan[39m[33m,[39m 
[33mShield[39m[33m,[39m 
[33mCoins[39m[33m,[39m 
[33mGift[39m[33m,[39m [33m
ChevronRight[39m[33m,[39m 
[33mSparkles[39m[33m,[39m 
[33mLock[39m[33m,[39m [33m
CheckCircle[39m[33m,[39m 
[33mWallet[39m[33m,[39m 
[33mX[39m } [36mfrom[39m [
32m"lucide-react"[39m[33m;[3
9m
 [90m 6 |[39m 
[36mimport[39m 
[33mGlassCard[39m 
[36mfrom[39m [32m"@/componen
ts/GlassCard"[39m[33m;[39m
 [90m 7 |[39m 
[36mimport[39m 
[33mGradientButton[39m 
[36mfrom[39m [32m"@/componen
ts/GradientButton"[39m[33m;[
39m[0m



Import traces:
  Client Component Browser:
    ./components/EligibilityFlo
w.tsx [Client Component 
Browser]
    ./app/page.tsx [Client 
Component Browser]
    ./app/page.tsx [Server 
Component]

  Client Component SSR:
    ./components/EligibilityFlo
w.tsx [Client Component SSR]
    ./app/page.tsx [Client 
Component SSR]
    ./app/page.tsx [Server 
Component]

https://nextjs.org/docs/message
s/module-not-found


./components/FAQSection.tsx:3:1
Module not found: Can't 
resolve 'framer-motion'
[0m [90m 1 |[39m [32m"use 
client"[39m[33m;[39m
 [90m 2 |[39m
[31m[1m>[22m[39m[90m 3 
|[39m [36mimport[39m { 
motion } [36mfrom[39m [32m"f
ramer-motion"[39m[33m;[39m
 [90m   |[39m [31m[1m^[22m
[39m[31m[1m^[22m[39m[31m
[1m^[22m[39m[31m[1m^[22m[
39m[31m[1m^[22m[39m[31m[1
m^[22m[39m[31m[1m^[22m[39
m[31m[1m^[22m[39m[31m[1m^
[22m[39m[31m[1m^[22m[39m
[31m[1m^[22m[39m[31m[1m^[
22m[39m[31m[1m^[22m[39m[3
1m[1m^[22m[39m[31m[1m^[22
m[39m[31m[1m^[22m[39m[31m
[1m^[22m[39m[31m[1m^[22m
[39m[31m[1m^[22m[39m[31m[
1m^[22m[39m[31m[1m^[22m[3
9m[31m[1m^[22m[39m[31m[1m
^[22m[39m[31m[1m^[22m[39m
[31m[1m^[22m[39m[31m[1m^
[22m[39m[31m[1m^[22m[39m[
31m[1m^[22m[39m[31m[1m^[2
2m[39m[31m[1m^[22m[39m[31
m[1m^[22m[39m[31m[1m^[22m
[39m[31m[1m^[22m[39m[31m
[1m^[22m[39m[31m[1m^[22m[
39m[31m[1m^[22m[39m[31m[1
m^[22m[39m[31m[1m^[22m[39
m[31m[1m^[22m[39m
 [90m 4 |[39m 
[36mimport[39m {
 [90m 5 |[39m     
[33mAccordion[39m[33m,[39m
 [90m 6 |[39m     [33mAccord
ionContent[39m[33m,[39m[0m



Import traces:
  Client Component Browser:
    
./components/FAQSection.tsx 
[Client Component Browser]
    ./app/page.tsx [Client 
Component Browser]
    ./app/page.tsx [Server 
Component]

  Client Component SSR:
    
./components/FAQSection.tsx 
[Client Component SSR]
    ./app/page.tsx [Client 
Component SSR]
    ./app/page.tsx [Server 
Component]

https://nextjs.org/docs/message
s/module-not-found


./components/FloatingElements.t
sx:3:1
Module not found: Can't 
resolve 'framer-motion'
[0m [90m 1 |[39m [32m"use 
client"[39m[33m;[39m
 [90m 2 |[39m
[31m[1m>[22m[39m[90m 3 
|[39m [36mimport[39m { 
motion } [36mfrom[39m [32m"f
ramer-motion"[39m[33m;[39m
 [90m   |[39m [31m[1m^[22m
[39m[31m[1m^[22m[39m[31m
[1m^[22m[39m[31m[1m^[22m[
39m[31m[1m^[22m[39m[31m[1
m^[22m[39m[31m[1m^[22m[39
m[31m[1m^[22m[39m[31m[1m^
[22m[39m[31m[1m^[22m[39m
[31m[1m^[22m[39m[31m[1m^[
22m[39m[31m[1m^[22m[39m[3
1m[1m^[22m[39m[31m[1m^[22
m[39m[31m[1m^[22m[39m[31m
[1m^[22m[39m[31m[1m^[22m
[39m[31m[1m^[22m[39m[31m[
1m^[22m[39m[31m[1m^[22m[3
9m[31m[1m^[22m[39m[31m[1m
^[22m[39m[31m[1m^[22m[39m
[31m[1m^[22m[39m[31m[1m^
[22m[39m[31m[1m^[22m[39m[
31m[1m^[22m[39m[31m[1m^[2
2m[39m[31m[1m^[22m[39m[31
m[1m^[22m[39m[31m[1m^[22m
[39m[31m[1m^[22m[39m[31m
[1m^[22m[39m[31m[1m^[22m[
39m[31m[1m^[22m[39m[31m[1
m^[22m[39m[31m[1m^[22m[39
m[31m[1m^[22m[39m
 [90m 4 |[39m 
[36mimport[39m { 
[33mHexagon[39m[33m,[39m 
[33mCircle[39m[33m,[39m 
[33mTriangle[39m } 
[36mfrom[39m [32m"lucide-rea
ct"[39m[33m;[39m
 [90m 5 |[39m
 [90m 6 |[39m 
[36mconst[39m shapes 
[33m=[39m [[0m



Import traces:
  Client Component Browser:
    ./components/FloatingElemen
ts.tsx [Client Component 
Browser]
    ./app/page.tsx [Client 
Component Browser]
    ./app/page.tsx [Server 
Component]

  Client Component SSR:
    ./components/FloatingElemen
ts.tsx [Client Component SSR]
    ./app/page.tsx [Client 
Component SSR]
    ./app/page.tsx [Server 
Component]

https://nextjs.org/docs/message
s/module-not-found


./components/GradientButton.tsx
:3:1
Module not found: Can't 
resolve 'framer-motion'
[0m [90m 1 |[39m 
[36mimport[39m 
[33mReact[39m [36mfrom[39m 
[32m"react"[39m[33m;[39m
 [90m 2 |[39m 
[36mimport[39m { cn } 
[36mfrom[39m [32m"@/lib/util
s"[39m[33m;[39m
[31m[1m>[22m[39m[90m 3 
|[39m [36mimport[39m { 
motion } [36mfrom[39m [32m"f
ramer-motion"[39m[33m;[39m
 [90m   |[39m [31m[1m^[22m
[39m[31m[1m^[22m[39m[31m
[1m^[22m[39m[31m[1m^[22m[
39m[31m[1m^[22m[39m[31m[1
m^[22m[39m[31m[1m^[22m[39
m[31m[1m^[22m[39m[31m[1m^
[22m[39m[31m[1m^[22m[39m
[31m[1m^[22m[39m[31m[1m^[
22m[39m[31m[1m^[22m[39m[3
1m[1m^[22m[39m[31m[1m^[22
m[39m[31m[1m^[22m[39m[31m
[1m^[22m[39m[31m[1m^[22m
[39m[31m[1m^[22m[39m[31m[
1m^[22m[39m[31m[1m^[22m[3
9m[31m[1m^[22m[39m[31m[1m
^[22m[39m[31m[1m^[22m[39m
[31m[1m^[22m[39m[31m[1m^
[22m[39m[31m[1m^[22m[39m[
31m[1m^[22m[39m[31m[1m^[2
2m[39m[31m[1m^[22m[39m[31
m[1m^[22m[39m[31m[1m^[22m
[39m[31m[1m^[22m[39m[31m
[1m^[22m[39m[31m[1m^[22m[
39m[31m[1m^[22m[39m[31m[1
m^[22m[39m[31m[1m^[22m[39
m[31m[1m^[22m[39m
 [90m 4 |[39m
 [90m 5 |[39m 
[36minterface[39m 
[33mGradientButtonProps[39m 
[36mextends[39m [33mReact[3
9m[33m.[39m[33mButtonHTMLAtt
ributes[39m[33m<[39m[33mHTM
LButtonElement[39m[33m>[39m 
{
 [90m 6 |[39m     
variant[33m?[39m[33m:[39m 
[32m"primary"[39m 
[33m|[39m [32m"accent"[39m 
[33m|[39m [32m"outline"[39m
[33m;[39m[0m



Import traces:
  Client Component Browser:
    ./components/GradientButton
.tsx [Client Component Browser]
    ./app/page.tsx [Client 
Component Browser]
    ./app/page.tsx [Server 
Component]

  Client Component SSR:
    ./components/GradientButton
.tsx [Client Component SSR]
    ./components/Navbar.tsx 
[Client Component SSR]
    ./components/Navbar.tsx 
[Server Component]
    ./app/ambassador/page.tsx 
[Server Component]

https://nextjs.org/docs/message
s/module-not-found


./components/MobileMenu.tsx:4:1
Module not found: Can't 
resolve 'framer-motion'
[0m [90m 2 |[39m
 [90m 3 |[39m 
[36mimport[39m { useState } 
[36mfrom[39m 
[32m"react"[39m[33m;[39m
[31m[1m>[22m[39m[90m 4 
|[39m [36mimport[39m { 
motion[33m,[39m 
[33mAnimatePresence[39m } 
[36mfrom[39m [32m"framer-mot
ion"[39m[33m;[39m
 [90m   |[39m [31m[1m^[22m
[39m[31m[1m^[22m[39m[31m
[1m^[22m[39m[31m[1m^[22m[
39m[31m[1m^[22m[39m[31m[1
m^[22m[39m[31m[1m^[22m[39
m[31m[1m^[22m[39m[31m[1m^
[22m[39m[31m[1m^[22m[39m
[31m[1m^[22m[39m[31m[1m^[
22m[39m[31m[1m^[22m[39m[3
1m[1m^[22m[39m[31m[1m^[22
m[39m[31m[1m^[22m[39m[31m
[1m^[22m[39m[31m[1m^[22m
[39m[31m[1m^[22m[39m[31m[
1m^[22m[39m[31m[1m^[22m[3
9m[31m[1m^[22m[39m[31m[1m
^[22m[39m[31m[1m^[22m[39m
[31m[1m^[22m[39m[31m[1m^
[22m[39m[31m[1m^[22m[39m[
31m[1m^[22m[39m[31m[1m^[2
2m[39m[31m[1m^[22m[39m[31
m[1m^[22m[39m[31m[1m^[22m
[39m[31m[1m^[22m[39m[31m
[1m^[22m[39m[31m[1m^[22m[
39m[31m[1m^[22m[39m[31m[1
m^[22m[39m[31m[1m^[22m[39
m[31m[1m^[22m[39m[31m[1m^
[22m[39m[31m[1m^[22m[39m
[31m[1m^[22m[39m[31m[1m^[
22m[39m[31m[1m^[22m[39m[3
1m[1m^[22m[39m[31m[1m^[22
m[39m[31m[1m^[22m[39m[31m
[1m^[22m[39m[31m[1m^[22m
[39m[31m[1m^[22m[39m[31m[
1m^[22m[39m[31m[1m^[22m[3
9m[31m[1m^[22m[39m[31m[1m
^[22m[39m[31m[1m^[22m[39m
[31m[1m^[22m[39m
 [90m 5 |[39m 
[36mimport[39m { 
[33mMenu[39m[33m,[39m 
[33mX[39m } [36mfrom[39m [
32m"lucide-react"[39m[33m;[3
9m
 [90m 6 |[39m 
[36mimport[39m 
[33mLink[39m [36mfrom[39m 
[32m"next/link"[39m[33m;[39m
 [90m 7 |[39m 
[36mimport[39m { useRouter } 
[36mfrom[39m [32m"next/navig
ation"[39m[33m;[39m[0m



Import traces:
  Client Component Browser:
    
./components/MobileMenu.tsx 
[Client Component Browser]
    ./components/Navbar.tsx 
[Client Component Browser]
    ./app/page.tsx [Client 
Component Browser]
    ./app/page.tsx [Server 
Component]

  Client Component SSR:
    
./components/MobileMenu.tsx 
[Client Component SSR]
    ./components/Navbar.tsx 
[Client Component SSR]
    ./components/Navbar.tsx 
[Server Component]
    ./app/ambassador/page.tsx 
[Server Component]

https://nextjs.org/docs/message
s/module-not-found


./components/ProgressRing.tsx:1
:1
Module not found: Can't 
resolve 'framer-motion'
[0m[31m[1m>[22m[39m[90m 
1 |[39m [36mimport[39m { 
motion } [36mfrom[39m [32m"f
ramer-motion"[39m[33m;[39m
 [90m   |[39m [31m[1m^[22m
[39m[31m[1m^[22m[39m[31m
[1m^[22m[39m[31m[1m^[22m[
39m[31m[1m^[22m[39m[31m[1
m^[22m[39m[31m[1m^[22m[39
m[31m[1m^[22m[39m[31m[1m^
[22m[39m[31m[1m^[22m[39m
[31m[1m^[22m[39m[31m[1m^[
22m[39m[31m[1m^[22m[39m[3
1m[1m^[22m[39m[31m[1m^[22
m[39m[31m[1m^[22m[39m[31m
[1m^[22m[39m[31m[1m^[22m
[39m[31m[1m^[22m[39m[31m[
1m^[22m[39m[31m[1m^[22m[3
9m[31m[1m^[22m[39m[31m[1m
^[22m[39m[31m[1m^[22m[39m
[31m[1m^[22m[39m[31m[1m^
[22m[39m[31m[1m^[22m[39m[
31m[1m^[22m[39m[31m[1m^[2
2m[39m[31m[1m^[22m[39m[31
m[1m^[22m[39m[31m[1m^[22m
[39m[31m[1m^[22m[39m[31m
[1m^[22m[39m[31m[1m^[22m[
39m[31m[1m^[22m[39m[31m[1
m^[22m[39m[31m[1m^[22m[39
m[31m[1m^[22m[39m
 [90m 2 |[39m
 [90m 3 |[39m 
[36minterface[39m 
[33mProgressRingProps[39m {
 [90m 4 |[39m     
progress[33m:[39m 
number[33m;[39m[0m



Import traces:
  Client Component Browser:
    
./components/ProgressRing.tsx 
[Client Component Browser]
    ./components/EligibilityFlo
w.tsx [Client Component 
Browser]
    ./app/page.tsx [Client 
Component Browser]
    ./app/page.tsx [Server 
Component]

  Client Component SSR:
    
./components/ProgressRing.tsx 
[Client Component SSR]
    ./components/EligibilityFlo
w.tsx [Client Component SSR]
    ./app/page.tsx [Client 
Component SSR]
    ./app/page.tsx [Server 
Component]

https://nextjs.org/docs/message
s/module-not-found


./components/TokenomicsChart.ts
x:3:1
Module not found: Can't 
resolve 'framer-motion'
[0m [90m 1 |[39m [32m"use 
client"[39m[33m;[39m
 [90m 2 |[39m
[31m[1m>[22m[39m[90m 3 
|[39m [36mimport[39m { 
motion } [36mfrom[39m [32m"f
ramer-motion"[39m[33m;[39m
 [90m   |[39m [31m[1m^[22m
[39m[31m[1m^[22m[39m[31m
[1m^[22m[39m[31m[1m^[22m[
39m[31m[1m^[22m[39m[31m[1
m^[22m[39m[31m[1m^[22m[39
m[31m[1m^[22m[39m[31m[1m^
[22m[39m[31m[1m^[22m[39m
[31m[1m^[22m[39m[31m[1m^[
22m[39m[31m[1m^[22m[39m[3
1m[1m^[22m[39m[31m[1m^[22
m[39m[31m[1m^[22m[39m[31m
[1m^[22m[39m[31m[1m^[22m
[39m[31m[1m^[22m[39m[31m[
1m^[22m[39m[31m[1m^[22m[3
9m[31m[1m^[22m[39m[31m[1m
^[22m[39m[31m[1m^[22m[39m
[31m[1m^[22m[39m[31m[1m^
[22m[39m[31m[1m^[22m[39m[
31m[1m^[22m[39m[31m[1m^[2
2m[39m[31m[1m^[22m[39m[31
m[1m^[22m[39m[31m[1m^[22m
[39m[31m[1m^[22m[39m[31m
[1m^[22m[39m[31m[1m^[22m[
39m[31m[1m^[22m[39m[31m[1
m^[22m[39m[31m[1m^[22m[39
m[31m[1m^[22m[39m
 [90m 4 |[39m 
[36mimport[39m { 
[33mPieChart[39m[33m,[39m 
[33mPie[39m[33m,[39m 
[33mCell[39m[33m,[39m [33m
ResponsiveContainer[39m[33m,
[39m [33mTooltip[39m } 
[36mfrom[39m 
[32m"recharts"[39m[33m;[39m
 [90m 5 |[39m 
[36mimport[39m 
[33mGlassCard[39m 
[36mfrom[39m [32m"./GlassCar
d"[39m[33m;[39m
 [90m 6 |[39m[0m



Import traces:
  Client Component Browser:
    ./components/TokenomicsChar
t.tsx [Client Component 
Browser]
    ./app/page.tsx [Client 
Component Browser]
    ./app/page.tsx [Server 
Component]

  Client Component SSR:
    ./components/TokenomicsChar
t.tsx [Client Component SSR]
    ./app/page.tsx [Client 
Component SSR]
    ./app/page.tsx [Server 
Component]

https://nextjs.org/docs/message
s/module-not-found


./node_modules/call-bind-apply-
helpers/actualApply.js:3:12
Module not found: Can't 
resolve 'function-bind'
[0m [90m 1 |[39m [32m'use 
strict'[39m[33m;[39m
 [90m 2 |[39m
[31m[1m>[22m[39m[90m 3 
|[39m [36mvar[39m bind 
[33m=[39m require([32m'funct
ion-bind'[39m)[33m;[39m
 [90m   |[39m            [31
m[1m^[22m[39m[31m[1m^[22m
[39m[31m[1m^[22m[39m[31m
[1m^[22m[39m[31m[1m^[22m[
39m[31m[1m^[22m[39m[31m[1
m^[22m[39m[31m[1m^[22m[39
m[31m[1m^[22m[39m[31m[1m^
[22m[39m[31m[1m^[22m[39m
[31m[1m^[22m[39m[31m[1m^[
22m[39m[31m[1m^[22m[39m[3
1m[1m^[22m[39m[31m[1m^[22
m[39m[31m[1m^[22m[39m[31m
[1m^[22m[39m[31m[1m^[22m
[39m[31m[1m^[22m[39m[31m[
1m^[22m[39m[31m[1m^[22m[3
9m[31m[1m^[22m[39m[31m[1m
^[22m[39m
 [90m 4 |[39m
 [90m 5 |[39m [36mvar[39m 
$apply [33m=[39m require([32
m'./functionApply'[39m)[33m;
[39m
 [90m 6 |[39m [36mvar[39m 
$call [33m=[39m require([32m
'./functionCall'[39m)[33m;[3
9m[0m



Import trace:
  Client Component Browser:
    ./node_modules/call-bind-ap
ply-helpers/actualApply.js 
[Client Component Browser]
    ./node_modules/call-bind-ap
ply-helpers/index.js [Client 
Component Browser]
    ./node_modules/call-bound/i
ndex.js [Client Component 
Browser]
    ./node_modules/typed-array-
buffer/index.js [Client 
Component Browser]
    ./node_modules/to-buffer/in
dex.js [Client Component 
Browser]
    
./node_modules/sha.js/hash.js 
[Client Component Browser]
    ./node_modules/sha.js/sha51
2.js [Client Component Browser]
    
./node_modules/sha.js/index.js 
[Client Component Browser]
    ./node_modules/@coinbase/wa
llet-sdk/dist/relay/Session.js 
[Client Component Browser]
    ./node_modules/@coinbase/wa
llet-sdk/dist/provider/Coinbase
WalletProvider.js [Client 
Component Browser]
    ./node_modules/@coinbase/wa
llet-sdk/dist/index.js [Client 
Component Browser]
    ./node_modules/@web3modal/e
thers/dist/esm/src/utils/defaul
tConfig.js [Client Component 
Browser]
    ./node_modules/@web3modal/e
thers/dist/esm/exports/react.js
 [Client Component Browser]
    ./hooks/useWeb3Manager.ts 
[Client Component Browser]
    ./components/EligibilityFlo
w.tsx [Client Component 
Browser]
    ./app/page.tsx [Client 
Component Browser]
    ./app/page.tsx [Server 
Component]

https://nextjs.org/docs/message
s/module-not-found


./node_modules/call-bind-apply-
helpers/index.js:3:12
Module not found: Can't 
resolve 'function-bind'
[0m [90m 1 |[39m [32m'use 
strict'[39m[33m;[39m
 [90m 2 |[39m
[31m[1m>[22m[39m[90m 3 
|[39m [36mvar[39m bind 
[33m=[39m require([32m'funct
ion-bind'[39m)[33m;[39m
 [90m   |[39m            [31
m[1m^[22m[39m[31m[1m^[22m
[39m[31m[1m^[22m[39m[31m
[1m^[22m[39m[31m[1m^[22m[
39m[31m[1m^[22m[39m[31m[1
m^[22m[39m[31m[1m^[22m[39
m[31m[1m^[22m[39m[31m[1m^
[22m[39m[31m[1m^[22m[39m
[31m[1m^[22m[39m[31m[1m^[
22m[39m[31m[1m^[22m[39m[3
1m[1m^[22m[39m[31m[1m^[22
m[39m[31m[1m^[22m[39m[31m
[1m^[22m[39m[31m[1m^[22m
[39m[31m[1m^[22m[39m[31m[
1m^[22m[39m[31m[1m^[22m[3
9m[31m[1m^[22m[39m[31m[1m
^[22m[39m
 [90m 4 |[39m [36mvar[39m 
$TypeError [33m=[39m require(
[32m'es-errors/type'[39m)[33
m;[39m
 [90m 5 |[39m
 [90m 6 |[39m [36mvar[39m 
$call [33m=[39m require([32m
'./functionCall'[39m)[33m;[3
9m[0m



Import trace:
  Client Component Browser:
    ./node_modules/call-bind-ap
ply-helpers/index.js [Client 
Component Browser]
    ./node_modules/call-bound/i
ndex.js [Client Component 
Browser]
    ./node_modules/typed-array-
buffer/index.js [Client 
Component Browser]
    ./node_modules/to-buffer/in
dex.js [Client Component 
Browser]
    
./node_modules/sha.js/hash.js 
[Client Component Browser]
    ./node_modules/sha.js/sha51
2.js [Client Component Browser]
    
./node_modules/sha.js/index.js 
[Client Component Browser]
    ./node_modules/@coinbase/wa
llet-sdk/dist/relay/Session.js 
[Client Component Browser]
    ./node_modules/@coinbase/wa
llet-sdk/dist/provider/Coinbase
WalletProvider.js [Client 
Component Browser]
    ./node_modules/@coinbase/wa
llet-sdk/dist/index.js [Client 
Component Browser]
    ./node_modules/@web3modal/e
thers/dist/esm/src/utils/defaul
tConfig.js [Client Component 
Browser]
    ./node_modules/@web3modal/e
thers/dist/esm/exports/react.js
 [Client Component Browser]
    ./hooks/useWeb3Manager.ts 
[Client Component Browser]
    ./components/EligibilityFlo
w.tsx [Client Component 
Browser]
    ./app/page.tsx [Client 
Component Browser]
    ./app/page.tsx [Server 
Component]

https://nextjs.org/docs/message
s/module-not-found


./node_modules/call-bound/index
.js:3:20
Module not found: Can't 
resolve 'get-intrinsic'
[0m [90m 1 |[39m [32m'use 
strict'[39m[33m;[39m
 [90m 2 |[39m
[31m[1m>[22m[39m[90m 3 
|[39m [36mvar[39m 
[33mGetIntrinsic[39m 
[33m=[39m require([32m'get-i
ntrinsic'[39m)[33m;[39m
 [90m   |[39m                
    [31m[1m^[22m[39m[31m[
1m^[22m[39m[31m[1m^[22m[3
9m[31m[1m^[22m[39m[31m[1m
^[22m[39m[31m[1m^[22m[39m
[31m[1m^[22m[39m[31m[1m^
[22m[39m[31m[1m^[22m[39m[
31m[1m^[22m[39m[31m[1m^[2
2m[39m[31m[1m^[22m[39m[31
m[1m^[22m[39m[31m[1m^[22m
[39m[31m[1m^[22m[39m[31m
[1m^[22m[39m[31m[1m^[22m[
39m[31m[1m^[22m[39m[31m[1
m^[22m[39m[31m[1m^[22m[39
m[31m[1m^[22m[39m[31m[1m^
[22m[39m[31m[1m^[22m[39m
[31m[1m^[22m[39m
 [90m 4 |[39m
 [90m 5 |[39m [36mvar[39m 
callBindBasic [33m=[39m requi
re([32m'call-bind-apply-helper
s'[39m)[33m;[39m
 [90m 6 |[39m[0m



Import trace:
  Client Component Browser:
    ./node_modules/call-bound/i
ndex.js [Client Component 
Browser]
    ./node_modules/typed-array-
buffer/index.js [Client 
Component Browser]
    ./node_modules/to-buffer/in
dex.js [Client Component 
Browser]
    
./node_modules/sha.js/hash.js 
[Client Component Browser]
    ./node_modules/sha.js/sha51
2.js [Client Component Browser]
    
./node_modules/sha.js/index.js 
[Client Component Browser]
    ./node_modules/@coinbase/wa
llet-sdk/dist/relay/Session.js 
[Client Component Browser]
    ./node_modules/@coinbase/wa
llet-sdk/dist/provider/Coinbase
WalletProvider.js [Client 
Component Browser]
    ./node_modules/@coinbase/wa
llet-sdk/dist/index.js [Client 
Component Browser]
    ./node_modules/@web3modal/e
thers/dist/esm/src/utils/defaul
tConfig.js [Client Component 
Browser]
    ./node_modules/@web3modal/e
thers/dist/esm/exports/react.js
 [Client Component Browser]
    ./hooks/useWeb3Manager.ts 
[Client Component Browser]
    ./components/EligibilityFlo
w.tsx [Client Component 
Browser]
    ./app/page.tsx [Client 
Component Browser]
    ./app/page.tsx [Server 
Component]

https://nextjs.org/docs/message
s/module-not-found


./node_modules/@supabase/storag
e-js/dist/index.mjs:1:1
Module not found: Can't 
resolve 'iceberg-js'
[0m[31m[1m>[22m[39m[90m 
1 |[39m [36mimport[39m { 
[33mIcebergRestCatalog[39m } 
[36mfrom[39m [32m"iceberg-js
"[39m[33m;[39m
 [90m   |[39m [31m[1m^[22m
[39m[31m[1m^[22m[39m[31m
[1m^[22m[39m[31m[1m^[22m[
39m[31m[1m^[22m[39m[31m[1
m^[22m[39m[31m[1m^[22m[39
m[31m[1m^[22m[39m[31m[1m^
[22m[39m[31m[1m^[22m[39m
[31m[1m^[22m[39m[31m[1m^[
22m[39m[31m[1m^[22m[39m[3
1m[1m^[22m[39m[31m[1m^[22
m[39m[31m[1m^[22m[39m[31m
[1m^[22m[39m[31m[1m^[22m
[39m[31m[1m^[22m[39m[31m[
1m^[22m[39m[31m[1m^[22m[3
9m[31m[1m^[22m[39m[31m[1m
^[22m[39m[31m[1m^[22m[39m
[31m[1m^[22m[39m[31m[1m^
[22m[39m[31m[1m^[22m[39m[
31m[1m^[22m[39m[31m[1m^[2
2m[39m[31m[1m^[22m[39m[31
m[1m^[22m[39m[31m[1m^[22m
[39m[31m[1m^[22m[39m[31m
[1m^[22m[39m[31m[1m^[22m[
39m[31m[1m^[22m[39m[31m[1
m^[22m[39m[31m[1m^[22m[39
m[31m[1m^[22m[39m[31m[1m^
[22m[39m[31m[1m^[22m[39m
[31m[1m^[22m[39m[31m[1m^[
22m[39m[31m[1m^[22m[39m[3
1m[1m^[22m[39m[31m[1m^[22
m[39m[31m[1m^[22m[39m[31m
[1m^[22m[39m
 [90m 2 |[39m
 [90m 3 |[39m [90m//#region 
src/lib/common/errors.ts[39m
 [90m 4 |[39m 
[90m/**[39m[0m



Import trace:
  App Route:
    ./node_modules/@supabase/st
orage-js/dist/index.mjs
    ./node_modules/@supabase/su
pabase-js/dist/index.mjs
    ./lib/supabase.ts
    ./app/api/ambassador/submit
/route.ts

https://nextjs.org/docs/message
s/module-not-found


./node_modules/@walletconnect/c
ore/node_modules/@walletconnect
/keyvaluestorage/dist/index.es.
js:1:43
Module not found: Can't 
resolve 'idb-keyval'
[0m[31m[1m>[22m[39m[90m 
1 |[39m 
[36mimport[39m{createStorage 
[36mas[39m w}[36mfrom[39m[
32m"unstorage"[39m[33m;[39m
[36mimport[39m{createStore 
[36mas[39m [33mI[39m[33m,
[39m[36mget[39m [36mas[39m 
u[33m,[39m[36mset[39m 
[36mas[39m p[33m,[39mdel 
[36mas[39m b[33m,[39mkeys 
[36mas[39m v[33m,[39mclear 
[36mas[39m [33mS[39m}[36mf
rom[39m[32m"idb-keyval"[39m
[33m;[39m[36mimport[39m{safe
JsonStringify [36mas[39m 
g[33m,[39msafeJsonParse 
[36mas[39m d}[36mfrom[39m[
32m"@walletconnect/safe-json"[
39m[33m;[39m[36mfunction[39
m [33mC[39m(i){[36mreturn[3
9m i}[36mconst[39m x[33m=[3
9m[32m"idb-keyval"[39m[33m;
[39m[36mvar[39m z[33m=[39m(
i[33m=[39m{})[33m=>[39m{[3
6mconst[39m t[33m=[39mi[33m
.[39mbase[33m&&[39mi[33m.[
39mbase[33m.[39mlength[33m>
[39m[35m0[39m[33m?[39m[32m
`${i.base}:`[39m[33m:[39m[3
2m""[39m[33m,[39me[33m=[39
ms[33m=>[39mt[33m+[39ms[33
m;[39m[36mlet[39m 
n[33m;[39m[36mreturn[39m i
[33m.[39mdbName[33m&&[39mi[
33m.[39mstoreName[33m&&[39m(
n[33m=[39m[33mI[39m(i[33m.
[39mdbName[33m,[39mi[33m.[
39mstoreName))[33m,[39m{name
[33m:[39mx[33m,[39moptions[
33m:[39mi[33m,[39m[36masync
[39m hasItem(s){[36mreturn[3
9m[33m![39m([36mtypeof[39m 
[36mawait[39m u(e(s)[33m,[3
9mn)[33m>[39m[32m"u"[39m)}
[33m,[39m[36masync[39m 
getItem(s){[36mreturn[39m 
[36mawait[39m u(e(s)[33m,[3
9mn)[33m?[39m[33m?[39m[36m
null[39m}[33m,[39msetItem(s
[33m,[39ma){[36mreturn[39m p
(e(s)[33m,[39ma[33m,[39mn)}
[33m,[39mremoveItem(s){[36mr
eturn[39m b(e(s)[33m,[39mn)}
[33m,[39mgetKeys(){[36mretur
n[39m v(n)}[33m,[39mclear(){
[36mreturn[39m [33mS[39m(n)
}}}[33m;[39m[36mconst[39m 
[33mD[39m[33m=[39m[32m"WALL
ET_CONNECT_V2_INDEXED_DB"[39m
[33m,[39m[33mE[39m[33m=[39
m[32m"keyvaluestorage"[39m[3
3m;[39m[36mclass[39m _{const
ructor(){[36mthis[39m[33m.[
39mindexedDb[33m=[39mw({drive
r[33m:[39mz({dbName[33m:[39
m[33mD[39m[33m,[39mstoreNam
e[33m:[39m[33mE[39m})})}[3
6masync[39m 
getKeys(){[36mreturn[39m [36
mthis[39m[33m.[39mindexedDb
[33m.[39mgetKeys()}[36masync
[39m getEntries(){[36mreturn[
39m([36mawait[39m [36mthis[
39m[33m.[39mindexedDb[33m.[
39mgetItems([36mawait[39m [3
6mthis[39m[33m.[39mindexedDb
[33m.[39mgetKeys()))[33m.[3
9mmap(t[33m=>[39m[t[33m.[39
mkey[33m,[39mt[33m.[39mvalu
e])}[36masync[39m 
getItem(t){[36mconst[39m 
e[33m=[39m[36mawait[39m [3
6mthis[39m[33m.[39mindexedDb
[33m.[39mgetItem(t)[33m;[39
m[36mif[39m(e[33m!==[39m[3
6mnull[39m)[36mreturn[39m 
e}[36masync[39m setItem(t[33
m,[39me){[36mawait[39m [36m
this[39m[33m.[39mindexedDb[
33m.[39msetItem(t[33m,[39mg(
e))}[36masync[39m 
removeItem(t){[36mawait[39m 
[36mthis[39m[33m.[39mindexed
Db[33m.[39mremoveItem(t)}}[3
6mvar[39m 
l[33m=[39m[36mtypeof[39m gl
obalThis[33m<[39m[32m"u"[39
m[33m?[39mglobalThis[33m:[3
9m[36mtypeof[39m window[33m<
[39m[32m"u"[39m[33m?[39mwi
ndow[33m:[39m[36mtypeof[39m
 global[33m<[39m[32m"u"[39m
[33m?[39mglobal[33m:[39m[3
6mtypeof[39m self[33m<[39m[
32m"u"[39m[33m?[39mself[33m
:[39m{}[33m,[39mc[33m=[39m
{exports[33m:[39m{}}[33m;[3
9m([36mfunction[39m(){[36mle
t[39m 
i[33m;[39m[36mfunction[39m 
t(){}i[33m=[39mt[33m,[39mi
[33m.[39mprototype[33m.[39mg
etItem[33m=[39m[36mfunction
[39m(e){[36mreturn[39m [36mt
his[39m[33m.[39mhasOwnProper
ty(e)[33m?[39m[33mString[39
m([36mthis[39m[e])[33m:[39m
[36mnull[39m}[33m,[39mi[33
m.[39mprototype[33m.[39msetI
tem[33m=[39m[36mfunction[39
m(e[33m,[39mn){[36mthis[39m
[e][33m=[39m[33mString[39m(
n)}[33m,[39mi[33m.[39mproto
type[33m.[39mremoveItem[33m=
[39m[36mfunction[39m(e){[36
mdelete[39m [36mthis[39m[e]}
[33m,[39mi[33m.[39mprototyp
e[33m.[39mclear[33m=[39m[3
6mfunction[39m(){[36mconst[3
9m e[33m=[39m[36mthis[39m[
33m;[39m[33mObject[39m[33m.
[39mkeys(e)[33m.[39mforEach(
[36mfunction[39m(n){e[n][33m
=[39m[36mvoid[39m [35m0[39
m[33m,[39m[36mdelete[39m e[
n]})}[33m,[39mi[33m.[39mpro
totype[33m.[39mkey[33m=[39m
[36mfunction[39m(e){[36mretu
rn[39m e[33m=[39me[33m||[3
9m[35m0[39m[33m,[39m[33mOb
ject[39m[33m.[39mkeys([36mt
his[39m)[e]}[33m,[39mi[33m.
[39mprototype[33m.[39m__defi
neGetter__([32m"length"[39m[
33m,[39m[36mfunction[39m(){
[36mreturn[39m [33mObject[39
m[33m.[39mkeys([36mthis[39m
)[33m.[39mlength})[33m,[39m
[36mtypeof[39m l[33m<[39m[
32m"u"[39m[33m&&[39ml[33m.
[39mlocalStorage[33m?[39mc[3
3m.[39mexports[33m=[39ml[33
m.[39mlocalStorage[33m:[39m
[36mtypeof[39m window[33m<[3
9m[32m"u"[39m[33m&&[39mwind
ow[33m.[39mlocalStorage[33m?
[39mc[33m.[39mexports[33m=
[39mwindow[33m.[39mlocalStora
ge[33m:[39mc[33m.[39mexport
s[33m=[39m[36mnew[39m t})()
[33m;[39m[36mfunction[39m 
k(i){[36mvar[39m t[33m;[39m
[36mreturn[39m[i[[35m0[39m]
[33m,[39md((t[33m=[39mi[[3
5m1[39m])[33m!=[39m[36mnull
[39m[33m?[39mt[33m:[39m[3
2m""[39m)]}[36mclass[39m [3
3mK[39m{constructor(){[36mthi
s[39m[33m.[39mlocalStorage[
33m=[39mc[33m.[39mexports}[
36masync[39m 
getKeys(){[36mreturn[39m [33
mObject[39m[33m.[39mkeys([3
6mthis[39m[33m.[39mlocalStor
age)}[36masync[39m 
getEntries(){[36mreturn[39m 
[33mObject[39m[33m.[39mentri
es([36mthis[39m[33m.[39mloc
alStorage)[33m.[39mmap(k)}[3
6masync[39m 
getItem(t){[36mconst[39m e[3
3m=[39m[36mthis[39m[33m.[3
9mlocalStorage[33m.[39mgetIte
m(t)[33m;[39m[36mif[39m(e[
33m!==[39m[36mnull[39m)[36m
return[39m 
d(e)}[36masync[39m setItem(t
[33m,[39me){[36mthis[39m[33
m.[39mlocalStorage[33m.[39ms
etItem(t[33m,[39mg(e))}[36ma
sync[39m removeItem(t){[36mth
is[39m[33m.[39mlocalStorage
[33m.[39mremoveItem(t)}}[36mc
onst[39m [33mN[39m[33m=[39
m[32m"wc_storage_version"[39m
[33m,[39my[33m=[39m[35m1[
39m[33m,[39m[33mO[39m[33m=
[39m[36masync[39m(i[33m,[3
9mt[33m,[39me)[33m=>[39m{[
36mconst[39m n[33m=[39m[33m
N[39m[33m,[39ms[33m=[39m[
36mawait[39m t[33m.[39mgetIt
em(n)[33m;[39m[36mif[39m(s
[33m&&[39ms[33m>=[39my){e(t)
[33m;[39m[36mreturn[39m}[3
6mconst[39m 
a[33m=[39m[36mawait[39m i[
33m.[39mgetKeys()[33m;[39m[
36mif[39m([33m![39ma[33m.[
39mlength){e(t)[33m;[39m[36m
return[39m}[36mconst[39m m[
33m=[39m[][33m;[39m[36mfor
[39m([33m;[39ma[33m.[39mlen
gth[33m;[39m){[36mconst[39m
 r[33m=[39ma[33m.[39mshift(
)[33m;[39m[36mif[39m([33m!
[39mr)[36mcontinue[39m[33m;
[39m[36mconst[39m o[33m=[3
9mr[33m.[39mtoLowerCase()[33
m;[39m[36mif[39m(o[33m.[39
mincludes([32m"wc@"[39m)[33m
||[39mo[33m.[39mincludes([3
2m"walletconnect"[39m)[33m||
[39mo[33m.[39mincludes([32m"
wc_"[39m)[33m||[39mo[33m.[
39mincludes([32m"wallet_connec
t"[39m)){[36mconst[39m 
f[33m=[39m[36mawait[39m i[
33m.[39mgetItem(r)[33m;[39m
[36mawait[39m t[33m.[39msetI
tem(r[33m,[39mf)[33m,[39mm
[33m.[39mpush(r)}}[36mawait[
39m t[33m.[39msetItem(n[33m,
[39my)[33m,[39me(t)[33m,[3
9mj(i[33m,[39mm)}[33m,[39mj
[33m=[39m[36masync[39m(i[3
3m,[39mt)[33m=>[39m{t[33m.
[39mlength[33m&&[39mt[33m.[
39mforEach([36masync[39m 
e[33m=>[39m{[36mawait[39m i
[33m.[39mremoveItem(e)})}[33
m;[39m[36mclass[39m h{constr
uctor(){[36mthis[39m[33m.[3
9minitialized[33m=[39m[33m!
[39m[35m1[39m[33m,[39m[36m
this[39m[33m.[39msetInitiali
zed[33m=[39me[33m=>[39m{[3
6mthis[39m[33m.[39mstorage[
33m=[39me[33m,[39m[36mthis
[39m[33m.[39minitialized[33m
=[39m[33m![39m[35m0[39m}[
33m;[39m[36mconst[39m 
t[33m=[39m[36mnew[39m [33m
K[39m[33m;[39m[36mthis[39m
[33m.[39mstorage[33m=[39mt
[33m;[39m[36mtry[39m{[36mco
nst[39m 
e[33m=[39m[36mnew[39m _[33
m;[39m[33mO[39m(t[33m,[39m
e[33m,[39m[36mthis[39m[33m
.[39msetInitialized)}[36mcatc
h[39m{[36mthis[39m[33m.[39
minitialized[33m=[39m[33m![
39m[35m0[39m}}[36masync[39m
 getKeys(){[36mreturn[39m 
[36mawait[39m [36mthis[39m
[33m.[39minitialize()[33m,[3
9m[36mthis[39m[33m.[39mstor
age[33m.[39mgetKeys()}[36mas
ync[39m 
getEntries(){[36mreturn[39m 
[36mawait[39m [36mthis[39m
[33m.[39minitialize()[33m,[3
9m[36mthis[39m[33m.[39mstor
age[33m.[39mgetEntries()}[36
masync[39m 
getItem(t){[36mreturn[39m 
[36mawait[39m [36mthis[39m
[33m.[39minitialize()[33m,[3
9m[36mthis[39m[33m.[39mstor
age[33m.[39mgetItem(t)}[36ma
sync[39m setItem(t[33m,[39me
){[36mreturn[39m 
[36mawait[39m [36mthis[39m
[33m.[39minitialize()[33m,[3
9m[36mthis[39m[33m.[39mstor
age[33m.[39msetItem(t[33m,[
39me)}[36masync[39m 
removeItem(t){[36mreturn[39m 
[36mawait[39m [36mthis[39m
[33m.[39minitialize()[33m,[3
9m[36mthis[39m[33m.[39mstor
age[33m.[39mremoveItem(t)}[3
6masync[39m initialize(){[36m
this[39m[33m.[39minitialized
[33m||[39m[36mawait[39m 
[36mnew[39m [33mPromise[39m
(t[33m=>[39m{[36mconst[39m 
e[33m=[39msetInterval(()[33m
=>[39m{[36mthis[39m[33m.[3
9minitialized[33m&&[39m(clear
Interval(e)[33m,[39mt())}[33
m,[39m[35m20[39m)})}}[36mex
port[39m{h [36mas[39m [33mK
eyValueStorage[39m[33m,[39mh
 [36mas[39m 
[36mdefault[39m}[33m;[39m
 [90m   |[39m                
                           [31
m[1m^[22m[39m[31m[1m^[22m
[39m[31m[1m^[22m[39m[31m
[1m^[22m[39m[31m[1m^[22m[
39m[31m[1m^[22m[39m[31m[1
m^[22m[39m[31m[1m^[22m[39
m[31m[1m^[22m[39m[31m[1m^
[22m[39m[31m[1m^[22m[39m
[31m[1m^[22m[39m[31m[1m^[
22m[39m[31m[1m^[22m[39m[3
1m[1m^[22m[39m[31m[1m^[22
m[39m[31m[1m^[22m[39m[31m
[1m^[22m[39m[31m[1m^[22m
[39m[31m[1m^[22m[39m[31m[
1m^[22m[39m[31m[1m^[22m[3
9m[31m[1m^[22m[39m[31m[1m
^[22m[39m[31m[1m^[22m[39m
[31m[1m^[22m[39m[31m[1m^
[22m[39m[31m[1m^[22m[39m[
31m[1m^[22m[39m[31m[1m^[2
2m[39m[31m[1m^[22m[39m[31
m[1m^[22m[39m[31m[1m^[22m
[39m[31m[1m^[22m[39m[31m
[1m^[22m[39m[31m[1m^[22m[
39m[31m[1m^[22m[39m[31m[1
m^[22m[39m[31m[1m^[22m[39
m[31m[1m^[22m[39m[31m[1m^
[22m[39m[31m[1m^[22m[39m
[31m[1m^[22m[39m[31m[1m^[
22m[39m[31m[1m^[22m[39m[3
1m[1m^[22m[39m[31m[1m^[22
m[39m[31m[1m^[22m[39m[31m
[1m^[22m[39m[31m[1m^[22m
[39m[31m[1m^[22m[39m[31m[
1m^[22m[39m[31m[1m^[22m[3
9m[31m[1m^[22m[39m[31m[1m
^[22m[39m[31m[1m^[22m[39m
[31m[1m^[22m[39m[31m[1m^
[22m[39m[31m[1m^[22m[39m[
31m[1m^[22m[39m[31m[1m^[2
2m[39m[31m[1m^[22m[39m[31
m[1m^[22m[39m[31m[1m^[22m
[39m[31m[1m^[22m[39m[31m
[1m^[22m[39m[31m[1m^[22m[
39m[31m[1m^[22m[39m[31m[1
m^[22m[39m[31m[1m^[22m[39
m[31m[1m^[22m[39m[31m[1m^
[22m[39m[31m[1m^[22m[39m
[31m[1m^[22m[39m[31m[1m^[
22m[39m[31m[1m^[22m[39m[3
1m[1m^[22m[39m[31m[1m^[22
m[39m[31m[1m^[22m[39m[31m
[1m^[22m[39m[31m[1m^[22m
[39m[31m[1m^[22m[39m[31m[
1m^[22m[39m[31m[1m^[22m[3
9m[31m[1m^[22m[39m[31m[1m
^[22m[39m[31m[1m^[22m[39m
[31m[1m^[22m[39m[31m[1m^
[22m[39m
 [90m 2 |[39m [90m//# source
MappingURL=index.es.js.map[39m
 [90m 3 |[39m[0m



Import traces:
  Client Component Browser:
    ./node_modules/@walletconne
ct/core/node_modules/@walletcon
nect/keyvaluestorage/dist/index
.es.js [Client Component 
Browser]
    ./node_modules/@walletconne
ct/core/dist/index.es.js 
[Client Component Browser]
    ./node_modules/@walletconne
ct/sign-client/dist/index.es.js
 [Client Component Browser]
    ./node_modules/@walletconne
ct/universal-provider/dist/inde
x.es.js [Client Component 
Browser]
    ./node_modules/@walletconne
ct/ethereum-provider/dist/index
.es.js [Client Component 
Browser]
    ./node_modules/@web3modal/e
thers/dist/esm/src/client.js 
[Client Component Browser]
    ./node_modules/@web3modal/e
thers/dist/esm/exports/react.js
 [Client Component Browser]
    ./hooks/useWeb3Manager.ts 
[Client Component Browser]
    ./components/EligibilityFlo
w.tsx [Client Component 
Browser]
    ./app/page.tsx [Client 
Component Browser]
    ./app/page.tsx [Server 
Component]

  Client Component SSR:
    ./node_modules/@walletconne
ct/core/node_modules/@walletcon
nect/keyvaluestorage/dist/index
.es.js [Client Component SSR]
    ./node_modules/@walletconne
ct/core/dist/index.es.js 
[Client Component SSR]
    ./node_modules/@walletconne
ct/sign-client/dist/index.es.js
 [Client Component SSR]
    ./node_modules/@walletconne
ct/universal-provider/dist/inde
x.es.js [Client Component SSR]
    ./node_modules/@walletconne
ct/ethereum-provider/dist/index
.es.js [Client Component SSR]
    ./node_modules/@web3modal/e
thers/dist/esm/src/client.js 
[Client Component SSR]
    ./node_modules/@web3modal/e
thers/dist/esm/exports/react.js
 [Client Component SSR]
    ./hooks/useWeb3Manager.ts 
[Client Component SSR]
    ./components/EligibilityFlo
w.tsx [Client Component SSR]
    ./app/page.tsx [Client 
Component SSR]
    ./app/page.tsx [Server 
Component]

https://nextjs.org/docs/message
s/module-not-found


./node_modules/buffer/index.js:
12:17
Module not found: Can't 
resolve 'ieee754'
[0m [90m 10 |[39m
 [90m 11 |[39m 
[36mconst[39m base64 
[33m=[39m 
require([32m'base64-js'[39m)
[31m[1m>[22m[39m[90m 12 
|[39m [36mconst[39m ieee754 
[33m=[39m 
require([32m'ieee754'[39m)
 [90m    |[39m               
  [31m[1m^[22m[39m[31m[1m
^[22m[39m[31m[1m^[22m[39m
[31m[1m^[22m[39m[31m[1m^
[22m[39m[31m[1m^[22m[39m[
31m[1m^[22m[39m[31m[1m^[2
2m[39m[31m[1m^[22m[39m[31
m[1m^[22m[39m[31m[1m^[22m
[39m[31m[1m^[22m[39m[31m
[1m^[22m[39m[31m[1m^[22m[
39m[31m[1m^[22m[39m[31m[1
m^[22m[39m[31m[1m^[22m[39
m[31m[1m^[22m[39m
 [90m 13 |[39m 
[36mconst[39m 
customInspectSymbol [33m=[39m
 [90m 14 |[39m   
([36mtypeof[39m 
[33mSymbol[39m [33m===[39m 
[32m'function'[39m 
[33m&&[39m [36mtypeof[39m 
[33mSymbol[39m[[32m'for'[39m
] [33m===[39m 
[32m'function'[39m) [90m// 
eslint-disable-line 
dot-notation[39m
 [90m 15 |[39m     
[33m?[39m [33mSymbol[39m[[
32m'for'[39m]([32m'nodejs.uti
l.inspect.custom'[39m) 
[90m// eslint-disable-line 
dot-notation[39m[0m



Import trace:
  Client Component Browser:
    
./node_modules/buffer/index.js 
[Client Component Browser]
    ./node_modules/@web3modal/p
olyfills/dist/esm/index.js 
[Client Component Browser]
    ./node_modules/@web3modal/e
thers/dist/esm/src/utils/defaul
tConfig.js [Client Component 
Browser]
    ./context/Web3ModalProvider
.tsx [Client Component Browser]
    ./context/Web3ModalProvider
.tsx [Server Component]
    ./app/layout.tsx [Server 
Component]

https://nextjs.org/docs/message
s/module-not-found


./node_modules/sha.js/sha.js:11
:16
Module not found: Can't 
resolve 'inherits'
[0m [90m  9 |[39m [90m 
*/[39m
 [90m 10 |[39m
[31m[1m>[22m[39m[90m 11 
|[39m [36mvar[39m inherits 
[33m=[39m require([32m'inher
its'[39m)[33m;[39m
 [90m    |[39m               
 [31m[1m^[22m[39m[31m[1m^
[22m[39m[31m[1m^[22m[39m
[31m[1m^[22m[39m[31m[1m^[
22m[39m[31m[1m^[22m[39m[3
1m[1m^[22m[39m[31m[1m^[22
m[39m[31m[1m^[22m[39m[31m
[1m^[22m[39m[31m[1m^[22m
[39m[31m[1m^[22m[39m[31m[
1m^[22m[39m[31m[1m^[22m[3
9m[31m[1m^[22m[39m[31m[1m
^[22m[39m[31m[1m^[22m[39m
[31m[1m^[22m[39m[31m[1m^
[22m[39m
 [90m 12 |[39m [36mvar[39m 
[33mHash[39m [33m=[39m requ
ire([32m'./hash'[39m)[33m;[
39m
 [90m 13 |[39m [36mvar[39m 
[33mBuffer[39m [33m=[39m re
quire([32m'safe-buffer'[39m)
[33m.[39m[33mBuffer[39m[33m
;[39m
 [90m 14 |[39m[0m



Import trace:
  Client Component Browser:
    
./node_modules/sha.js/sha.js 
[Client Component Browser]
    
./node_modules/sha.js/index.js 
[Client Component Browser]
    ./node_modules/@coinbase/wa
llet-sdk/dist/relay/Session.js 
[Client Component Browser]
    ./node_modules/@coinbase/wa
llet-sdk/dist/provider/Coinbase
WalletProvider.js [Client 
Component Browser]
    ./node_modules/@coinbase/wa
llet-sdk/dist/index.js [Client 
Component Browser]
    ./node_modules/@web3modal/e
thers/dist/esm/src/utils/defaul
tConfig.js [Client Component 
Browser]
    ./node_modules/@web3modal/e
thers/dist/esm/exports/react.js
 [Client Component Browser]
    ./hooks/useWeb3Manager.ts 
[Client Component Browser]
    ./components/EligibilityFlo
w.tsx [Client Component 
Browser]
    ./app/page.tsx [Client 
Component Browser]
    ./app/page.tsx [Server 
Component]

https://nextjs.org/docs/message
s/module-not-found


./node_modules/sha.js/sha1.js:1
2:16
Module not found: Can't 
resolve 'inherits'
[0m [90m 10 |[39m [90m 
*/[39m
 [90m 11 |[39m
[31m[1m>[22m[39m[90m 12 
|[39m [36mvar[39m inherits 
[33m=[39m require([32m'inher
its'[39m)[33m;[39m
 [90m    |[39m               
 [31m[1m^[22m[39m[31m[1m^
[22m[39m[31m[1m^[22m[39m
[31m[1m^[22m[39m[31m[1m^[
22m[39m[31m[1m^[22m[39m[3
1m[1m^[22m[39m[31m[1m^[22
m[39m[31m[1m^[22m[39m[31m
[1m^[22m[39m[31m[1m^[22m
[39m[31m[1m^[22m[39m[31m[
1m^[22m[39m[31m[1m^[22m[3
9m[31m[1m^[22m[39m[31m[1m
^[22m[39m[31m[1m^[22m[39m
[31m[1m^[22m[39m[31m[1m^
[22m[39m
 [90m 13 |[39m [36mvar[39m 
[33mHash[39m [33m=[39m requ
ire([32m'./hash'[39m)[33m;[
39m
 [90m 14 |[39m [36mvar[39m 
[33mBuffer[39m [33m=[39m re
quire([32m'safe-buffer'[39m)
[33m.[39m[33mBuffer[39m[33m
;[39m
 [90m 15 |[39m[0m



Import trace:
  Client Component Browser:
    
./node_modules/sha.js/sha1.js 
[Client Component Browser]
    
./node_modules/sha.js/index.js 
[Client Component Browser]
    ./node_modules/@coinbase/wa
llet-sdk/dist/relay/Session.js 
[Client Component Browser]
    ./node_modules/@coinbase/wa
llet-sdk/dist/provider/Coinbase
WalletProvider.js [Client 
Component Browser]
    ./node_modules/@coinbase/wa
llet-sdk/dist/index.js [Client 
Component Browser]
    ./node_modules/@web3modal/e
thers/dist/esm/src/utils/defaul
tConfig.js [Client Component 
Browser]
    ./node_modules/@web3modal/e
thers/dist/esm/exports/react.js
 [Client Component Browser]
    ./hooks/useWeb3Manager.ts 
[Client Component Browser]
    ./components/EligibilityFlo
w.tsx [Client Component 
Browser]
    ./app/page.tsx [Client 
Component Browser]
    ./app/page.tsx [Server 
Component]

https://nextjs.org/docs/message
s/module-not-found


./node_modules/sha.js/sha224.js
:11:16
Module not found: Can't 
resolve 'inherits'
[0m [90m  9 |[39m [90m 
*/[39m
 [90m 10 |[39m
[31m[1m>[22m[39m[90m 11 
|[39m [36mvar[39m inherits 
[33m=[39m require([32m'inher
its'[39m)[33m;[39m
 [90m    |[39m               
 [31m[1m^[22m[39m[31m[1m^
[22m[39m[31m[1m^[22m[39m
[31m[1m^[22m[39m[31m[1m^[
22m[39m[31m[1m^[22m[39m[3
1m[1m^[22m[39m[31m[1m^[22
m[39m[31m[1m^[22m[39m[31m
[1m^[22m[39m[31m[1m^[22m
[39m[31m[1m^[22m[39m[31m[
1m^[22m[39m[31m[1m^[22m[3
9m[31m[1m^[22m[39m[31m[1m
^[22m[39m[31m[1m^[22m[39m
[31m[1m^[22m[39m[31m[1m^
[22m[39m
 [90m 12 |[39m [36mvar[39m 
[33mSha256[39m [33m=[39m re
quire([32m'./sha256'[39m)[33
m;[39m
 [90m 13 |[39m [36mvar[39m 
[33mHash[39m [33m=[39m requ
ire([32m'./hash'[39m)[33m;[
39m
 [90m 14 |[39m [36mvar[39m 
[33mBuffer[39m [33m=[39m re
quire([32m'safe-buffer'[39m)
[33m.[39m[33mBuffer[39m[33m
;[39m[0m



Import trace:
  Client Component Browser:
    ./node_modules/sha.js/sha22
4.js [Client Component Browser]
    
./node_modules/sha.js/index.js 
[Client Component Browser]
    ./node_modules/@coinbase/wa
llet-sdk/dist/relay/Session.js 
[Client Component Browser]
    ./node_modules/@coinbase/wa
llet-sdk/dist/provider/Coinbase
WalletProvider.js [Client 
Component Browser]
    ./node_modules/@coinbase/wa
llet-sdk/dist/index.js [Client 
Component Browser]
    ./node_modules/@web3modal/e
thers/dist/esm/src/utils/defaul
tConfig.js [Client Component 
Browser]
    ./node_modules/@web3modal/e
thers/dist/esm/exports/react.js
 [Client Component Browser]
    ./hooks/useWeb3Manager.ts 
[Client Component Browser]
    ./components/EligibilityFlo
w.tsx [Client Component 
Browser]
    ./app/page.tsx [Client 
Component Browser]
    ./app/page.tsx [Server 
Component]

https://nextjs.org/docs/message
s/module-not-found


./node_modules/sha.js/sha256.js
:11:16
Module not found: Can't 
resolve 'inherits'
[0m [90m  9 |[39m [90m 
*/[39m
 [90m 10 |[39m
[31m[1m>[22m[39m[90m 11 
|[39m [36mvar[39m inherits 
[33m=[39m require([32m'inher
its'[39m)[33m;[39m
 [90m    |[39m               
 [31m[1m^[22m[39m[31m[1m^
[22m[39m[31m[1m^[22m[39m
[31m[1m^[22m[39m[31m[1m^[
22m[39m[31m[1m^[22m[39m[3
1m[1m^[22m[39m[31m[1m^[22
m[39m[31m[1m^[22m[39m[31m
[1m^[22m[39m[31m[1m^[22m
[39m[31m[1m^[22m[39m[31m[
1m^[22m[39m[31m[1m^[22m[3
9m[31m[1m^[22m[39m[31m[1m
^[22m[39m[31m[1m^[22m[39m
[31m[1m^[22m[39m[31m[1m^
[22m[39m
 [90m 12 |[39m [36mvar[39m 
[33mHash[39m [33m=[39m requ
ire([32m'./hash'[39m)[33m;[
39m
 [90m 13 |[39m [36mvar[39m 
[33mBuffer[39m [33m=[39m re
quire([32m'safe-buffer'[39m)
[33m.[39m[33mBuffer[39m[33m
;[39m
 [90m 14 |[39m[0m



Import trace:
  Client Component Browser:
    ./node_modules/sha.js/sha25
6.js [Client Component Browser]
    
./node_modules/sha.js/index.js 
[Client Component Browser]
    ./node_modules/@coinbase/wa
llet-sdk/dist/relay/Session.js 
[Client Component Browser]
    ./node_modules/@coinbase/wa
llet-sdk/dist/provider/Coinbase
WalletProvider.js [Client 
Component Browser]
    ./node_modules/@coinbase/wa
llet-sdk/dist/index.js [Client 
Component Browser]
    ./node_modules/@web3modal/e
thers/dist/esm/src/utils/defaul
tConfig.js [Client Component 
Browser]
    ./node_modules/@web3modal/e
thers/dist/esm/exports/react.js
 [Client Component Browser]
    ./hooks/useWeb3Manager.ts 
[Client Component Browser]
    ./components/EligibilityFlo
w.tsx [Client Component 
Browser]
    ./app/page.tsx [Client 
Component Browser]
    ./app/page.tsx [Server 
Component]

https://nextjs.org/docs/message
s/module-not-found


./node_modules/sha.js/sha384.js
:3:16
Module not found: Can't 
resolve 'inherits'
[0m [90m 1 |[39m [32m'use 
strict'[39m[33m;[39m
 [90m 2 |[39m
[31m[1m>[22m[39m[90m 3 
|[39m [36mvar[39m inherits 
[33m=[39m require([32m'inher
its'[39m)[33m;[39m
 [90m   |[39m                
[31m[1m^[22m[39m[31m[1m^
[22m[39m[31m[1m^[22m[39m[
31m[1m^[22m[39m[31m[1m^[2
2m[39m[31m[1m^[22m[39m[31
m[1m^[22m[39m[31m[1m^[22m
[39m[31m[1m^[22m[39m[31m
[1m^[22m[39m[31m[1m^[22m[
39m[31m[1m^[22m[39m[31m[1
m^[22m[39m[31m[1m^[22m[39
m[31m[1m^[22m[39m[31m[1m^
[22m[39m[31m[1m^[22m[39m
[31m[1m^[22m[39m[31m[1m^[
22m[39m
 [90m 4 |[39m [36mvar[39m 
[33mSHA512[39m [33m=[39m re
quire([32m'./sha512'[39m)[33
m;[39m
 [90m 5 |[39m [36mvar[39m 
[33mHash[39m [33m=[39m requ
ire([32m'./hash'[39m)[33m;[
39m
 [90m 6 |[39m [36mvar[39m 
[33mBuffer[39m [33m=[39m re
quire([32m'safe-buffer'[39m)
[33m.[39m[33mBuffer[39m[33m
;[39m[0m



Import trace:
  Client Component Browser:
    ./node_modules/sha.js/sha38
4.js [Client Component Browser]
    
./node_modules/sha.js/index.js 
[Client Component Browser]
    ./node_modules/@coinbase/wa
llet-sdk/dist/relay/Session.js 
[Client Component Browser]
    ./node_modules/@coinbase/wa
llet-sdk/dist/provider/Coinbase
WalletProvider.js [Client 
Component Browser]
    ./node_modules/@coinbase/wa
llet-sdk/dist/index.js [Client 
Component Browser]
    ./node_modules/@web3modal/e
thers/dist/esm/src/utils/defaul
tConfig.js [Client Component 
Browser]
    ./node_modules/@web3modal/e
thers/dist/esm/exports/react.js
 [Client Component Browser]
    ./hooks/useWeb3Manager.ts 
[Client Component Browser]
    ./components/EligibilityFlo
w.tsx [Client Component 
Browser]
    ./app/page.tsx [Client 
Component Browser]
    ./app/page.tsx [Server 
Component]

https://nextjs.org/docs/message
s/module-not-found


./node_modules/sha.js/sha512.js
:3:16
Module not found: Can't 
resolve 'inherits'
[0m [90m 1 |[39m [32m'use 
strict'[39m[33m;[39m
 [90m 2 |[39m
[31m[1m>[22m[39m[90m 3 
|[39m [36mvar[39m inherits 
[33m=[39m require([32m'inher
its'[39m)[33m;[39m
 [90m   |[39m                
[31m[1m^[22m[39m[31m[1m^
[22m[39m[31m[1m^[22m[39m[
31m[1m^[22m[39m[31m[1m^[2
2m[39m[31m[1m^[22m[39m[31
m[1m^[22m[39m[31m[1m^[22m
[39m[31m[1m^[22m[39m[31m
[1m^[22m[39m[31m[1m^[22m[
39m[31m[1m^[22m[39m[31m[1
m^[22m[39m[31m[1m^[22m[39
m[31m[1m^[22m[39m[31m[1m^
[22m[39m[31m[1m^[22m[39m
[31m[1m^[22m[39m[31m[1m^[
22m[39m
 [90m 4 |[39m [36mvar[39m 
[33mHash[39m [33m=[39m requ
ire([32m'./hash'[39m)[33m;[
39m
 [90m 5 |[39m [36mvar[39m 
[33mBuffer[39m [33m=[39m re
quire([32m'safe-buffer'[39m)
[33m.[39m[33mBuffer[39m[33m
;[39m
 [90m 6 |[39m[0m



Import trace:
  Client Component Browser:
    ./node_modules/sha.js/sha51
2.js [Client Component Browser]
    
./node_modules/sha.js/index.js 
[Client Component Browser]
    ./node_modules/@coinbase/wa
llet-sdk/dist/relay/Session.js 
[Client Component Browser]
    ./node_modules/@coinbase/wa
llet-sdk/dist/provider/Coinbase
WalletProvider.js [Client 
Component Browser]
    ./node_modules/@coinbase/wa
llet-sdk/dist/index.js [Client 
Component Browser]
    ./node_modules/@web3modal/e
thers/dist/esm/src/utils/defaul
tConfig.js [Client Component 
Browser]
    ./node_modules/@web3modal/e
thers/dist/esm/exports/react.js
 [Client Component Browser]
    ./hooks/useWeb3Manager.ts 
[Client Component Browser]
    ./components/EligibilityFlo
w.tsx [Client Component 
Browser]
    ./app/page.tsx [Client 
Component Browser]
    ./app/page.tsx [Server 
Component]

https://nextjs.org/docs/message
s/module-not-found


./node_modules/typed-array-buff
er/index.js:10:20
Module not found: Can't 
resolve 'is-typed-array'
[0m [90m  8 |[39m 
[36mvar[39m 
$typedArrayBuffer [33m=[39m c
allBound([32m'TypedArray.proto
type.buffer'[39m[33m,[39m 
[36mtrue[39m)[33m;[39m
 [90m  9 |[39m
[31m[1m>[22m[39m[90m 10 
|[39m [36mvar[39m 
isTypedArray [33m=[39m requir
e([32m'is-typed-array'[39m)[
33m;[39m
 [90m    |[39m               
     [31m[1m^[22m[39m[31m
[1m^[22m[39m[31m[1m^[22m[
39m[31m[1m^[22m[39m[31m[1
m^[22m[39m[31m[1m^[22m[39
m[31m[1m^[22m[39m[31m[1m^
[22m[39m[31m[1m^[22m[39m
[31m[1m^[22m[39m[31m[1m^[
22m[39m[31m[1m^[22m[39m[3
1m[1m^[22m[39m[31m[1m^[22
m[39m[31m[1m^[22m[39m[31m
[1m^[22m[39m[31m[1m^[22m
[39m[31m[1m^[22m[39m[31m[
1m^[22m[39m[31m[1m^[22m[3
9m[31m[1m^[22m[39m[31m[1m
^[22m[39m[31m[1m^[22m[39m
[31m[1m^[22m[39m[31m[1m^
[22m[39m
 [90m 11 |[39m
 [90m 12 |[39m [90m/** 
@type {import('.')} */[39m
 [90m 13 |[39m [90m// node 
<= 0.10, < 0.11.4 has a 
nonconfigurable own property 
instead of a prototype 
getter[39m[0m



Import trace:
  Client Component Browser:
    ./node_modules/typed-array-
buffer/index.js [Client 
Component Browser]
    ./node_modules/to-buffer/in
dex.js [Client Component 
Browser]
    
./node_modules/sha.js/hash.js 
[Client Component Browser]
    ./node_modules/sha.js/sha51
2.js [Client Component Browser]
    
./node_modules/sha.js/index.js 
[Client Component Browser]
    ./node_modules/@coinbase/wa
llet-sdk/dist/relay/Session.js 
[Client Component Browser]
    ./node_modules/@coinbase/wa
llet-sdk/dist/provider/Coinbase
WalletProvider.js [Client 
Component Browser]
    ./node_modules/@coinbase/wa
llet-sdk/dist/index.js [Client 
Component Browser]
    ./node_modules/@web3modal/e
thers/dist/esm/src/utils/defaul
tConfig.js [Client Component 
Browser]
    ./node_modules/@web3modal/e
thers/dist/esm/exports/react.js
 [Client Component Browser]
    ./hooks/useWeb3Manager.ts 
[Client Component Browser]
    ./components/EligibilityFlo
w.tsx [Client Component 
Browser]
    ./app/page.tsx [Client 
Component Browser]
    ./app/page.tsx [Server 
Component]

https://nextjs.org/docs/message
s/module-not-found


./node_modules/to-buffer/index.
js:4:15
Module not found: Can't 
resolve 'isarray'
[0m [90m 2 |[39m
 [90m 3 |[39m [36mvar[39m 
[33mBuffer[39m [33m=[39m re
quire([32m'safe-buffer'[39m)
[33m.[39m[33mBuffer[39m[33m
;[39m
[31m[1m>[22m[39m[90m 4 
|[39m [36mvar[39m isArray 
[33m=[39m require([32m'isarr
ay'[39m)[33m;[39m
 [90m   |[39m               
[31m[1m^[22m[39m[31m[1m^[
22m[39m[31m[1m^[22m[39m[3
1m[1m^[22m[39m[31m[1m^[22
m[39m[31m[1m^[22m[39m[31m
[1m^[22m[39m[31m[1m^[22m
[39m[31m[1m^[22m[39m[31m[
1m^[22m[39m[31m[1m^[22m[3
9m[31m[1m^[22m[39m[31m[1m
^[22m[39m[31m[1m^[22m[39m
[31m[1m^[22m[39m[31m[1m^
[22m[39m[31m[1m^[22m[39m[
31m[1m^[22m[39m
 [90m 5 |[39m [36mvar[39m 
typedArrayBuffer [33m=[39m re
quire([32m'typed-array-buffer'
[39m)[33m;[39m
 [90m 6 |[39m
 [90m 7 |[39m [36mvar[39m 
isView [33m=[39m [33mArrayBu
ffer[39m[33m.[39misView 
[33m||[39m 
[36mfunction[39m isView(obj) 
{[0m



Import trace:
  Client Component Browser:
    ./node_modules/to-buffer/in
dex.js [Client Component 
Browser]
    
./node_modules/sha.js/hash.js 
[Client Component Browser]
    ./node_modules/sha.js/sha51
2.js [Client Component Browser]
    
./node_modules/sha.js/index.js 
[Client Component Browser]
    ./node_modules/@coinbase/wa
llet-sdk/dist/relay/Session.js 
[Client Component Browser]
    ./node_modules/@coinbase/wa
llet-sdk/dist/provider/Coinbase
WalletProvider.js [Client 
Component Browser]
    ./node_modules/@coinbase/wa
llet-sdk/dist/index.js [Client 
Component Browser]
    ./node_modules/@web3modal/e
thers/dist/esm/src/utils/defaul
tConfig.js [Client Component 
Browser]
    ./node_modules/@web3modal/e
thers/dist/esm/exports/react.js
 [Client Component Browser]
    ./hooks/useWeb3Manager.ts 
[Client Component Browser]
    ./components/EligibilityFlo
w.tsx [Client Component 
Browser]
    ./app/page.tsx [Client 
Component Browser]
    ./app/page.tsx [Server 
Component]

https://nextjs.org/docs/message
s/module-not-found


./node_modules/@walletconnect/c
ore/dist/index.es.js:1:2168
Module not found: Can't 
resolve 'isomorphic-unfetch'
[0m[31m[1m>[22m[39m[90m 
1 |[39m [36mimport[39m [33m
Wt[39m[33m,[39m{[33mEventEm
itter[39m [36mas[39m [33mU
[39m}[36mfrom[39m[32m"events
"[39m[33m;[39m[36mimport[3
9m [33mQt[39m [36mfrom[39m
[32m"@walletconnect/keyvaluesto
rage"[39m[33m;[39m[36mimpor
t[39m{[33mHEARTBEAT_EVENTS[3
9m [36mas[39m [33mY[39m[33
m,[39m[33mHeartBeat[39m 
[36mas[39m [33mZt[39m}[36m
from[39m[32m"@walletconnect/h
eartbeat"[39m[33m;[39m[36mi
mport[39m{generateChildLogger 
[36mas[39m 
b[33m,[39mgetLoggerContext 
[36mas[39m v[33m,[39mpino 
[36mas[39m ei[33m,[39mgetDe
faultLoggerOptions 
[36mas[39m [33mEe[39m[33m,
[39mgeneratePlatformLogger 
[36mas[39m ti}[36mfrom[39m
[32m"@walletconnect/logger"[39
m[33m;[39m[36mimport[39m{[
33mIMessageTracker[39m 
[36mas[39m ii[33m,[39m[33m
IPublisher[39m [36mas[39m si
[33m,[39m[33mISubscriber[39
m [36mas[39m ri[33m,[39m[3
3mIRelayer[39m [36mas[39m 
ni[33m,[39m[33mIStore[39m 
[36mas[39m oi[33m,[39m[33m
IJsonRpcHistory[39m 
[36mas[39m ai[33m,[39m[33m
IExpirer[39m [36mas[39m 
hi[33m,[39m[33mIVerify[39m 
[36mas[39m ci[33m,[39m[33m
IEchoClient[39m [36mas[39m 
li[33m,[39m[33mICore[39m 
[36mas[39m ui}[36mfrom[39m
[32m"@walletconnect/types"[39m
[33m;[39m[36mimport[39m{saf
eJsonStringify [36mas[39m 
di[33m,[39msafeJsonParse 
[36mas[39m gi}[36mfrom[39m
[32m"@walletconnect/safe-json"
[39m[33m;[39m[36mimport[39m
[33m*[39m[36mas[39m 
[33mH[39m [36mfrom[39m[32m
"@walletconnect/relay-auth"[39
m[33m;[39m[36mimport[39m{ge
tInternalError [36mas[39m 
c[33m,[39mmapToObj 
[36mas[39m 
we[33m,[39mobjToMap 
[36mas[39m 
ve[33m,[39mgenerateKeyPair 
[36mas[39m pi[33m,[39mgener
ateRandomBytes32 [36mas[39m 
se[33m,[39mderiveSymKey 
[36mas[39m 
[33mDi[39m[33m,[39mhashKey 
[36mas[39m 
yi[33m,[39mvalidateEncoding 
[36mas[39m 
mi[33m,[39misTypeOneEnvelope 
[36mas[39m 
[33mIe[39m[33m,[39mencrypt 
[36mas[39m 
bi[33m,[39mvalidateDecoding 
[36mas[39m 
fi[33m,[39mdecrypt 
[36mas[39m [33mEi[39m[33m,
[39mdeserialize [36mas[39m 
[33mCe[39m[33m,[39mdecodeTyp
eByte [36mas[39m 
wi[33m,[39m[33mBASE16[39m 
[36mas[39m 
vi[33m,[39mhashMessage 
[36mas[39m re[33m,[39mgetRe
layProtocolName [36mas[39m ne
[33m,[39mcreateExpiringPromis
e [36mas[39m [33mF[39m[33m
,[39mgetRelayProtocolApi 
[36mas[39m 
k[33m,[39misUndefined 
[36mas[39m 
oe[33m,[39mgetSdkError 
[36mas[39m [33mK[39m[33m,
[39misValidArray [36mas[39m 
[33mIi[39m[33m,[39misNode 
[36mas[39m 
ae[33m,[39mgetBundleId 
[36mas[39m [33mCi[39m[33m,
[39misOnline [36mas[39m [33
mTe[39m[33m,[39mformatRelayR
pcUrl [36mas[39m [33mTi[39m
[33m,[39msubscribeToNetworkCh
ange [36mas[39m 
_i[33m,[39misProposalStruct 
[36mas[39m [33mRi[39m[33m,
[39misSessionStruct 
[36mas[39m [33mSi[39m[33m,
[39m[33mTYPE_1[39m 
[36mas[39m [33mPi[39m[33m,
[39mcalcExpiry [36mas[39m [
33mJ[39m[33m,[39mformatUri 
[36mas[39m 
xi[33m,[39mparseUri 
[36mas[39m _e[33m,[39mcreat
eDelayedPromise [36mas[39m [
33mOi[39m[33m,[39mengineEven
t [36mas[39m 
he[33m,[39misExpired 
[36mas[39m [33mRe[39m[33m,
[39misValidParams 
[36mas[39m 
ce[33m,[39misValidUrl 
[36mas[39m [33mAi[39m[33m,
[39misValidString 
[36mas[39m zi[33m,[39mparse
ExpirerTarget [36mas[39m [33
mNi[39m[33m,[39mformatTopicT
arget [36mas[39m [33mLi[39m
[33m,[39mformatIdTarget 
[36mas[39m [33mUi[39m[33m,
[39misReactNative 
[36mas[39m [33mFi[39m[33m,
[39misBrowser [36mas[39m $i}
[36mfrom[39m[32m"@walletconn
ect/utils"[39m[33m;[39m[36m
import[39m{toString 
[36mas[39m [33mBi[39m}[36m
from[39m[32m"uint8arrays"[39
m[33m;[39m[36mimport[39m{[
33mONE_DAY[39m [36mas[39m $
[33m,[39m[33mSIX_HOURS[39m 
[36mas[39m [33mMi[39m[33m,
[39m[33mONE_SECOND[39m 
[36mas[39m [33mX[39m[33m,
[39m[33mTHIRTY_DAYS[39m 
[36mas[39m [33mW[39m[33m,
[39m[33mFIVE_SECONDS[39m 
[36mas[39m [33mSe[39m[33m,
[39m[33mTHIRTY_SECONDS[39m 
[36mas[39m 
le[33m,[39mtoMiliseconds 
[36mas[39m [33mR[39m[33m,
[39m[33mONE_MINUTE[39m 
[36mas[39m 
ue[33m,[39m[33mWatch[39m 
[36mas[39m ki[33m,[39m[33m
FIVE_MINUTES[39m [36mas[39m 
[33mPe[39m}[36mfrom[39m[32
m"@walletconnect/time"[39m[33
m;[39m[36mimport[39m{[33mJs
onRpcProvider[39m 
[36mas[39m [33mKi[39m}[36m
from[39m[32m"@walletconnect/j
sonrpc-provider"[39m[33m;[39
m[36mimport[39m{getBigIntRpcI
d [36mas[39m 
xe[33m,[39misJsonRpcRequest 
[36mas[39m [33mOe[39m[33m,
[39misJsonRpcResponse 
[36mas[39m [33mAe[39m[33m,
[39mformatJsonRpcResult 
[36mas[39m ze[33m,[39mforma
tJsonRpcRequest [36mas[39m [
33mNe[39m[33m,[39mformatJson
RpcError [36mas[39m [33mVi[
39m[33m,[39misJsonRpcResult 
[36mas[39m 
qi[33m,[39misJsonRpcError 
[36mas[39m [33mLe[39m}[36m
from[39m[32m"@walletconnect/j
sonrpc-utils"[39m[33m;[39m[
36mimport[39m ji [36mfrom[39
m[32m"@walletconnect/jsonrpc-w
s-connection"[39m[33m;[39m[
36mimport[39m [33mGi[39m [3
6mfrom[39m[32m"lodash.isequal
"[39m[33m;[39m[36mimport[3
9m [33mYi[39m [36mfrom[39m
[32m"isomorphic-unfetch"[39m[
33m;[39m[36mfunction[39m [3
3mHi[39m(o[33m,[39me){[36mi
f[39m(o[33m.[39mlength[33m>
=[39m[35m255[39m)[36mthrow
[39m [36mnew[39m [33mTypeErr
or[39m([32m"Alphabet too long
"[39m)[33m;[39m[36mfor[39m
([36mvar[39m 
t[33m=[39m[36mnew[39m [33m
Uint8Array[39m([35m256[39m)
[33m,[39mi[33m=[39m[35m0[3
9m[33m;[39mi[33m<[39m[33mt
[39m[33m.[39mlength[33m;[3
9mi[33m++[39m)t[i][33m=[39m
[35m255[39m[33m;[39m[36mfo
r[39m([36mvar[39m s[33m=[3
9m[35m0[39m[33m;[39ms[33m<
[39m[33mo[39m[33m.[39mleng
th[33m;[39ms[33m++[39m){[3
6mvar[39m r[33m=[39mo[33m.
[39mcharAt(s)[33m,[39mn[33m=
[39mr[33m.[39mcharCodeAt([3
5m0[39m)[33m;[39m[36mif[39
m(t[n][33m!==[39m[35m255[39
m)[36mthrow[39m 
[36mnew[39m [33mTypeError[3
9m(r[33m+[39m[32m" is ambigu
ous"[39m)[33m;[39mt[n][33m=
[39ms}[36mvar[39m a[33m=[3
9mo[33m.[39mlength[33m,[39m
h[33m=[39mo[33m.[39mcharAt(
[35m0[39m)[33m,[39ml[33m=
[39m[33mMath[39m[33m.[39mlo
g(a)[33m/[39m[33mMath[39m[
33m.[39mlog([35m256[39m)[33
m,[39md[33m=[39m[33mMath[3
9m[33m.[39mlog([35m256[39m)
[33m/[39m[33mMath[39m[33m.
[39mlog(a)[33m;[39m[36mfunc
tion[39m g(u){[36mif[39m(u 
[36minstanceof[39m [33mUint8
Array[39m[33m||[39m([33mArr
ayBuffer[39m[33m.[39misView(
u)[33m?[39mu[33m=[39m[36mn
ew[39m [33mUint8Array[39m(u
[33m.[39mbuffer[33m,[39mu[3
3m.[39mbyteOffset[33m,[39mu
[33m.[39mbyteLength)[33m:[39
m[33mArray[39m[33m.[39misAr
ray(u)[33m&&[39m(u[33m=[39m
[33mUint8Array[39m[33m.[39m
[36mfrom[39m(u)))[33m,[39m
[33m![39m(u 
[36minstanceof[39m [33mUint8
Array[39m))[36mthrow[39m 
[36mnew[39m [33mTypeError[3
9m([32m"Expected Uint8Array"[
39m)[33m;[39m[36mif[39m(u[
33m.[39mlength[33m===[39m[3
5m0[39m)[36mreturn[39m[32m"
"[39m[33m;[39m[36mfor[39m(
[36mvar[39m p[33m=[39m[35m
0[39m[33m,[39m[33mT[39m[3
3m=[39m[35m0[39m[33m,[39m
[33mD[39m[33m=[39m[35m0[39
m[33m,[39m[33mP[39m[33m=[
39mu[33m.[39mlength[33m;[39
m[33mD[39m[33m!==[39m[33mP
[39m[33m&&[39mu[[33mD[39m]
[33m===[39m[35m0[39m[33m;
[39m)[33mD[39m[33m++[39m[3
3m,[39mp[33m++[39m[33m;[39
m[36mfor[39m([36mvar[39m x
[33m=[39m([33mP[39m[33m-[3
9m[33mD[39m)[33m*[39md[33m
+[39m[35m1[39m[33m>>>[39m
[35m0[39m[33m,[39mw[33m=[3
9m[36mnew[39m [33mUint8Array
[39m(x)[33m;[39m[33mD[39m
[33m!==[39m[33mP[39m[33m;[
39m){[36mfor[39m([36mvar[39
m [33mO[39m[33m=[39mu[[33m
D[39m][33m,[39m[33mN[39m[
33m=[39m[35m0[39m[33m,[39m
_[33m=[39mx[33m-[39m[35m1
[39m[33m;[39m([33mO[39m[33
m!==[39m[35m0[39m[33m||[39
m[33mN[39m[33m<[39m[33mT[
39m)[33m&&[39m_[33m!==[39m
[33m-[39m[35m1[39m[33m;[39
m_[33m--[39m[33m,[39m[33mN
[39m[33m++[39m)[33mO[39m[
33m+=[39m[35m256[39m[33m*[
39mw[_][33m>>>[39m[35m0[39m
[33m,[39mw[_][33m=[39m[33m
O[39m[33m%[39ma[33m>>>[39m
[35m0[39m[33m,[39m[33mO[3
9m[33m=[39m[33mO[39m[33m/
[39ma[33m>>>[39m[35m0[39m[
33m;[39m[36mif[39m([33mO[3
9m[33m!==[39m[35m0[39m)[36
mthrow[39m [36mnew[39m 
[33mError[39m([32m"Non-zero 
carry"[39m)[33m;[39m[33mT[
39m[33m=[39m[33mN[39m[33m,
[39m[33mD[39m[33m++[39m}[
36mfor[39m([36mvar[39m [33m
A[39m[33m=[39mx[33m-[39m[
33mT[39m[33m;[39m[33mA[39m
[33m!==[39mx[33m&&[39mw[[3
3mA[39m][33m===[39m[35m0[3
9m[33m;[39m)[33mA[39m[33m+
+[39m[33m;[39m[36mfor[39m(
[36mvar[39m [33mG[39m[33m=
[39mh[33m.[39mrepeat(p)[33m
;[39m[33mA[39m[33m<[39m[3
3mx[39m[33m;[39m[33m++[39m
[33mA[39m)[33mG[39m[33m+=
[39mo[33m.[39mcharAt(w[[33mA
[39m])[33m;[39m[36mreturn[
39m 
[33mG[39m}[36mfunction[39m 
m(u){[36mif[39m([36mtypeof[
39m u[33m!=[39m[32m"string"
[39m)[36mthrow[39m 
[36mnew[39m [33mTypeError[3
9m([32m"Expected String"[39m)
[33m;[39m[36mif[39m(u[33m.
[39mlength[33m===[39m[35m0
[39m)[36mreturn[39m 
[36mnew[39m [33mUint8Array[
39m[33m;[39m[36mvar[39m p[
33m=[39m[35m0[39m[33m;[39m
[36mif[39m(u[p][33m!==[39m
[32m" "[39m){[36mfor[39m([3
6mvar[39m [33mT[39m[33m=[3
9m[35m0[39m[33m,[39m[33mD
[39m[33m=[39m[35m0[39m[33m
;[39mu[p][33m===[39mh[33m;
[39m)[33mT[39m[33m++[39m[3
3m,[39mp[33m++[39m[33m;[39
m[36mfor[39m([36mvar[39m [
33mP[39m[33m=[39m(u[33m.[3
9mlength[33m-[39mp)[33m*[39
ml[33m+[39m[35m1[39m[33m>>
>[39m[35m0[39m[33m,[39mx[
33m=[39m[36mnew[39m [33mUin
t8Array[39m([33mP[39m)[33m;
[39mu[p][33m;[39m){[36mvar
[39m w[33m=[39mt[u[33m.[39m
charCodeAt(p)][33m;[39m[36mi
f[39m(w[33m===[39m[35m255[
39m)[36mreturn[39m[33m;[39m
[36mfor[39m([36mvar[39m [3
3mO[39m[33m=[39m[35m0[39m
[33m,[39m[33mN[39m[33m=[39
m[33mP[39m[33m-[39m[35m1[
39m[33m;[39m(w[33m!==[39m[
35m0[39m[33m||[39m[33mO[39
m[33m<[39m[33mD[39m)[33m&&
[39m[33mN[39m[33m!==[39m[
33m-[39m[35m1[39m[33m;[39m
[33mN[39m[33m--[39m[33m,[
39m[33mO[39m[33m++[39m)w[3
3m+=[39ma[33m*[39mx[[33mN[
39m][33m>>>[39m[35m0[39m[3
3m,[39mx[[33mN[39m][33m=[3
9mw[33m%[39m[35m256[39m[33
m>>>[39m[35m0[39m[33m,[39m
w[33m=[39mw[33m/[39m[35m25
6[39m[33m>>>[39m[35m0[39m
[33m;[39m[36mif[39m(w[33m!=
=[39m[35m0[39m)[36mthrow[3
9m [36mnew[39m 
[33mError[39m([32m"Non-zero 
carry"[39m)[33m;[39m[33mD[
39m[33m=[39m[33mO[39m[33m,
[39mp[33m++[39m}[36mif[39m
(u[p][33m!==[39m[32m" "[39m
){[36mfor[39m([36mvar[39m _
[33m=[39m[33mP[39m[33m-[3
9m[33mD[39m[33m;[39m_[33m!
==[39m[33mP[39m[33m&&[39mx
[_][33m===[39m[35m0[39m[33
m;[39m)_[33m++[39m[33m;[39
m[36mfor[39m([36mvar[39m [
33mA[39m[33m=[39m[36mnew[3
9m [33mUint8Array[39m([33mT
[39m[33m+[39m([33mP[39m[33
m-[39m_))[33m,[39m[33mG[39
m[33m=[39m[33mT[39m[33m;[
39m_[33m!==[39m[33mP[39m[3
3m;[39m)[33mA[39m[[33mG[39
m[33m++[39m][33m=[39mx[_[3
3m++[39m][33m;[39m[36mretur
n[39m [33mA[39m}}}[36mfunct
ion[39m 
[33mL[39m(u){[36mvar[39m p
[33m=[39mm(u)[33m;[39m[36mi
f[39m(p)[36mreturn[39m 
p[33m;[39m[36mthrow[39m 
[36mnew[39m 
[33mError[39m([32m`Non-${e} 
character`[39m)}[36mreturn[3
9m{encode[33m:[39mg[33m,[39
mdecodeUnsafe[33m:[39mm[33m,
[39mdecode[33m:[39m[33mL[3
9m}}[36mvar[39m [33mJi[39m
[33m=[39m[33mHi[39m[33m,[3
9m[33mXi[39m[33m=[39m[33mJ
i[39m[33m;[39m[36mconst[39
m [33mUe[39m[33m=[39mo[33m
=>[39m{[36mif[39m(o 
[36minstanceof[39m [33mUint8
Array[39m[33m&&[39mo[33m.[
39mconstructor[33m.[39mname[
33m===[39m[32m"Uint8Array"[3
9m)[36mreturn[39m 
o[33m;[39m[36mif[39m(o 
[36minstanceof[39m [33mArray
Buffer[39m)[36mreturn[39m 
[36mnew[39m [33mUint8Array[
39m(o)[33m;[39m[36mif[39m(
[33mArrayBuffer[39m[33m.[39m
isView(o))[36mreturn[39m 
[36mnew[39m [33mUint8Array[
39m(o[33m.[39mbuffer[33m,[3
9mo[33m.[39mbyteOffset[33m,
[39mo[33m.[39mbyteLength)[33
m;[39m[36mthrow[39m 
[36mnew[39m 
[33mError[39m([32m"Unknown 
type, must be binary type"[39m
)}[33m,[39m[33mWi[39m[33m=
[39mo[33m=>[39m[36mnew[39m
 [33mTextEncoder[39m()[33m.
[39mencode(o)[33m,[39m[33mQi
[39m[33m=[39mo[33m=>[39m[
36mnew[39m [33mTextDecoder[3
9m()[33m.[39mdecode(o)[33m;
[39m[36mclass[39m [33mZi[39
m{constructor(e[33m,[39mt[33
m,[39mi){[36mthis[39m[33m.
[39mname[33m=[39me[33m,[39m
[36mthis[39m[33m.[39mprefix
[33m=[39mt[33m,[39m[36mthi
s[39m[33m.[39mbaseEncode[33
m=[39mi}encode(e){[36mif[39m
(e [36minstanceof[39m [33mUi
nt8Array[39m)[36mreturn[39m
[32m`${this.prefix}${this.baseE
ncode(e)}`[39m[33m;[39m[36m
throw[39m 
[33mError[39m([32m"Unknown 
type, must be binary 
type"[39m)}}[36mclass[39m es
{constructor(e[33m,[39mt[33m
,[39mi){[36mif[39m([36mthis
[39m[33m.[39mname[33m=[39m
e[33m,[39m[36mthis[39m[33m
.[39mprefix[33m=[39mt[33m,
[39mt[33m.[39mcodePointAt([3
5m0[39m)[33m===[39m[36mvoid
[39m 
[35m0[39m)[36mthrow[39m 
[36mnew[39m 
[33mError[39m([32m"Invalid 
prefix character"[39m)[33m;[
39m[36mthis[39m[33m.[39mpre
fixCodePoint[33m=[39mt[33m.
[39mcodePointAt([35m0[39m)[3
3m,[39m[36mthis[39m[33m.[3
9mbaseDecode[33m=[39mi}decode
(e){[36mif[39m([36mtypeof[3
9m e[33m==[39m[32m"string"[
39m){[36mif[39m(e[33m.[39mc
odePointAt([35m0[39m)[33m!==
[39m[36mthis[39m[33m.[39mp
refixCodePoint)[36mthrow[39m 
[33mError[39m([32m`Unable 
to decode multibase string 
${JSON.stringify(e)}, 
${this.name} decoder only 
supports inputs prefixed with $
{this.prefix}`[39m)[33m;[39m
[36mreturn[39m [36mthis[39m
[33m.[39mbaseDecode(e[33m.[
39mslice([36mthis[39m[33m.[
39mprefix[33m.[39mlength))}[
36melse[39m [36mthrow[39m 
[33mError[39m([32m"Can only 
multibase decode strings"[39m)
}or(e){[36mreturn[39m [33mFe
[39m([36mthis[39m[33m,[39m
e)}}[36mclass[39m ts{construc
tor(e){[36mthis[39m[33m.[39
mdecoders[33m=[39me}or(e){[3
6mreturn[39m [33mFe[39m([36
mthis[39m[33m,[39me)}decode(
e){[36mconst[39m t[33m=[39m
e[[35m0[39m][33m,[39mi[33m
=[39m[36mthis[39m[33m.[39m
decoders[t][33m;[39m[36mif[
39m(i)[36mreturn[39m i[33m.
[39mdecode(e)[33m;[39m[36mth
row[39m [33mRangeError[39m(
[32m`Unable to decode 
multibase string 
${JSON.stringify(e)}, only 
inputs prefixed with 
${Object.keys(this.decoders)} 
are supported`[39m)}}[36mcons
t[39m [33mFe[39m[33m=[39m(
o[33m,[39me)[33m=>[39m[36m
new[39m ts({[33m...[39mo[33
m.[39mdecoders[33m||[39m{[o
[33m.[39mprefix][33m:[39mo}
[33m,[39m[33m...[39me[33m.
[39mdecoders[33m||[39m{[e[33
m.[39mprefix][33m:[39me}})[
33m;[39m[36mclass[39m is{con
structor(e[33m,[39mt[33m,[3
9mi[33m,[39ms){[36mthis[39m
[33m.[39mname[33m=[39me[33
m,[39m[36mthis[39m[33m.[39
mprefix[33m=[39mt[33m,[39m
[36mthis[39m[33m.[39mbaseEnc
ode[33m=[39mi[33m,[39m[36m
this[39m[33m.[39mbaseDecode
[33m=[39ms[33m,[39m[36mthis
[39m[33m.[39mencoder[33m=[
39m[36mnew[39m [33mZi[39m(e
[33m,[39mt[33m,[39mi)[33m,
[39m[36mthis[39m[33m.[39md
ecoder[33m=[39m[36mnew[39m 
es(e[33m,[39mt[33m,[39ms)}e
ncode(e){[36mreturn[39m [36m
this[39m[33m.[39mencoder[33
m.[39mencode(e)}decode(e){[36
mreturn[39m [36mthis[39m[33
m.[39mdecoder[33m.[39mdecode
(e)}}[36mconst[39m [33mQ[39
m[33m=[39m({name[33m:[39mo
[33m,[39mprefix[33m:[39me[3
3m,[39mencode[33m:[39mt[33m
,[39mdecode[33m:[39mi})[33m
=>[39m[36mnew[39m is(o[33m,
[39me[33m,[39mt[33m,[39mi)
[33m,[39m[33mV[39m[33m=[3
9m({prefix[33m:[39mo[33m,[3
9mname[33m:[39me[33m,[39mal
phabet[33m:[39mt})[33m=>[39
m{[36mconst[39m{encode[33m:
[39mi[33m,[39mdecode[33m:[3
9ms}[33m=[39m[33mXi[39m(t[
33m,[39me)[33m;[39m[36mretu
rn[39m [33mQ[39m({prefix[33
m:[39mo[33m,[39mname[33m:[
39me[33m,[39mencode[33m:[39
mi[33m,[39mdecode[33m:[39mr
[33m=>[39m[33mUe[39m(s(r))}
)}[33m,[39mss[33m=[39m(o[3
3m,[39me[33m,[39mt[33m,[39
mi)[33m=>[39m{[36mconst[39m
 s[33m=[39m{}[33m;[39m[36m
for[39m([36mlet[39m d[33m=
[39m[35m0[39m[33m;[39md[33
m<[39m[33me[39m[33m.[39mle
ngth[33m;[39m[33m++[39md)s[
e[d]][33m=[39md[33m;[39m[3
6mlet[39m r[33m=[39mo[33m.
[39mlength[33m;[39m[36mfor[
39m([33m;[39mo[r[33m-[39m[
35m1[39m][33m===[39m[32m"="
[39m[33m;[39m)[33m--[39mr
[33m;[39m[36mconst[39m 
n[33m=[39m[36mnew[39m [33m
Uint8Array[39m(r[33m*[39mt[
33m/[39m[35m8[39m[33m|[39m
[35m0[39m)[33m;[39m[36mlet
[39m a[33m=[39m[35m0[39m[
33m,[39mh[33m=[39m[35m0[39
m[33m,[39ml[33m=[39m[35m0
[39m[33m;[39m[36mfor[39m([
36mlet[39m d[33m=[39m[35m0
[39m[33m;[39md[33m<[39m[33
mr[39m[33m;[39m[33m++[39md
){[36mconst[39m g[33m=[39ms
[o[d]][33m;[39m[36mif[39m(g
[33m===[39m[36mvoid[39m 
[35m0[39m)[36mthrow[39m 
[36mnew[39m [33mSyntaxError
[39m([32m`Non-${i} character`
[39m)[33m;[39mh[33m=[39mh[
33m<<[39m[33mt[39m[33m|[39
mg[33m,[39ma[33m+=[39mt[33
m,[39ma[33m>=[39m[35m8[39m
[33m&&[39m(a[33m-=[39m[35m
8[39m[33m,[39mn[l[33m++[39
m][33m=[39m[35m255[39m[33m
&[39mh[33m>>[39ma)}[36mif[
39m(a[33m>=[39mt[33m||[39m
[35m255[39m[33m&[39mh[33m<<
[39m[35m8[39m[33m-[39ma)[
36mthrow[39m [36mnew[39m [3
3mSyntaxError[39m([32m"Unexpe
cted end of data"[39m)[33m;[
39m[36mreturn[39m n}[33m,[3
9mrs[33m=[39m(o[33m,[39me[
33m,[39mt)[33m=>[39m{[36mco
nst[39m i[33m=[39me[e[33m.
[39mlength[33m-[39m[35m1[39
m][33m===[39m[32m"="[39m[3
3m,[39ms[33m=[39m([35m1[39
m[33m<<[39m[33mt[39m)[33m-
[39m[35m1[39m[33m;[39m[36
mlet[39m r[33m=[39m[32m""[
39m[33m,[39mn[33m=[39m[35m
0[39m[33m,[39ma[33m=[39m[
35m0[39m[33m;[39m[36mfor[3
9m([36mlet[39m h[33m=[39m[
35m0[39m[33m;[39mh[33m<[39
m[33mo[39m[33m.[39mlength[
33m;[39m[33m++[39mh)[36mfor
[39m(a[33m=[39ma[33m<<[39m
[35m8[39m[33m|[39mo[h][33m
,[39mn[33m+=[39m[35m8[39m
[33m;[39mn[33m>[39mt[33m;[
39m)n[33m-=[39mt[33m,[39mr
[33m+=[39me[s[33m&[39ma[33m
>>[39mn][33m;[39m[36mif[39
m(n[33m&&[39m(r[33m+=[39me[
s[33m&[39ma[33m<<[39m[33mt
[39m[33m-[39mn])[33m,[39mi
)[36mfor[39m([33m;[39mr[33
m.[39mlength[33m*[39mt[33m&
[39m[35m7[39m[33m;[39m)r[
33m+=[39m[32m"="[39m[33m;[
39m[36mreturn[39m r}[33m,[3
9my[33m=[39m({name[33m:[39m
o[33m,[39mprefix[33m:[39me
[33m,[39mbitsPerChar[33m:[39
mt[33m,[39malphabet[33m:[39
mi})[33m=>[39m[33mQ[39m({pr
efix[33m:[39me[33m,[39mname
[33m:[39mo[33m,[39mencode(s
){[36mreturn[39m rs(s[33m,[
39mi[33m,[39mt)}[33m,[39mde
code(s){[36mreturn[39m ss(s[
33m,[39mi[33m,[39mt[33m,[3
9mo)}})[33m,[39mns[33m=[39m
[33mQ[39m({prefix[33m:[39m
[32m"\0"[39m[33m,[39mname[3
3m:[39m[32m"identity"[39m[3
3m,[39mencode[33m:[39mo[33m
=>[39m[33mQi[39m(o)[33m,[3
9mdecode[33m:[39mo[33m=>[39
m[33mWi[39m(o)})[33m;[39m[
36mvar[39m os[33m=[39m[33mO
bject[39m[33m.[39mfreeze({__
proto__[33m:[39m[36mnull[39
m[33m,[39midentity[33m:[39m
ns})[33m;[39m[36mconst[39m 
[36mas[39m[33m=[39my({prefi
x[33m:[39m[32m"0"[39m[33m,
[39mname[33m:[39m[32m"base2
"[39m[33m,[39malphabet[33m:
[39m[32m"01"[39m[33m,[39mb
itsPerChar[33m:[39m[35m1[39
m})[33m;[39m[36mvar[39m hs
[33m=[39m[33mObject[39m[33m
.[39mfreeze({__proto__[33m:[
39m[36mnull[39m[33m,[39mbas
e2[33m:[39m[36mas[39m})[33
m;[39m[36mconst[39m cs[33m=
[39my({prefix[33m:[39m[32m"
7"[39m[33m,[39mname[33m:[3
9m[32m"base8"[39m[33m,[39ma
lphabet[33m:[39m[32m"0123456
7"[39m[33m,[39mbitsPerChar[
33m:[39m[35m3[39m})[33m;[3
9m[36mvar[39m ls[33m=[39m[
33mObject[39m[33m.[39mfreeze
({__proto__[33m:[39m[36mnull
[39m[33m,[39mbase8[33m:[39
mcs})[33m;[39m[36mconst[39m
 us[33m=[39m[33mV[39m({pref
ix[33m:[39m[32m"9"[39m[33m
,[39mname[33m:[39m[32m"base
10"[39m[33m,[39malphabet[33
m:[39m[32m"0123456789"[39m})
[33m;[39m[36mvar[39m ds[33
m=[39m[33mObject[39m[33m.[
39mfreeze({__proto__[33m:[39m
[36mnull[39m[33m,[39mbase10
[33m:[39mus})[33m;[39m[36m
const[39m gs[33m=[39my({pref
ix[33m:[39m[32m"f"[39m[33m
,[39mname[33m:[39m[32m"base
16"[39m[33m,[39malphabet[33
m:[39m[32m"0123456789abcdef"
[39m[33m,[39mbitsPerChar[33m
:[39m[35m4[39m})[33m,[39mp
s[33m=[39my({prefix[33m:[39
m[32m"F"[39m[33m,[39mname[
33m:[39m[32m"base16upper"[39
m[33m,[39malphabet[33m:[39m
[32m"0123456789ABCDEF"[39m[3
3m,[39mbitsPerChar[33m:[39m
[35m4[39m})[33m;[39m[36mvar
[39m [33mDs[39m[33m=[39m[
33mObject[39m[33m.[39mfreeze
({__proto__[33m:[39m[36mnull
[39m[33m,[39mbase16[33m:[3
9mgs[33m,[39mbase16upper[33m
:[39mps})[33m;[39m[36mconst
[39m ys[33m=[39my({prefix[3
3m:[39m[32m"b"[39m[33m,[39
mname[33m:[39m[32m"base32"[
39m[33m,[39malphabet[33m:[3
9m[32m"abcdefghijklmnopqrstuvw
xyz234567"[39m[33m,[39mbitsP
erChar[33m:[39m[35m5[39m})
[33m,[39mms[33m=[39my({prefi
x[33m:[39m[32m"B"[39m[33m,
[39mname[33m:[39m[32m"base3
2upper"[39m[33m,[39malphabet
[33m:[39m[32m"ABCDEFGHIJKLMN
OPQRSTUVWXYZ234567"[39m[33m,
[39mbitsPerChar[33m:[39m[35m
5[39m})[33m,[39mbs[33m=[39
my({prefix[33m:[39m[32m"c"[
39m[33m,[39mname[33m:[39m[
32m"base32pad"[39m[33m,[39ma
lphabet[33m:[39m[32m"abcdefg
hijklmnopqrstuvwxyz234567="[39
m[33m,[39mbitsPerChar[33m:[
39m[35m5[39m})[33m,[39mfs[
33m=[39my({prefix[33m:[39m[
32m"C"[39m[33m,[39mname[33m
:[39m[32m"base32padupper"[39
m[33m,[39malphabet[33m:[39m
[32m"ABCDEFGHIJKLMNOPQRSTUVWXY
Z234567="[39m[33m,[39mbitsPe
rChar[33m:[39m[35m5[39m})[
33m,[39m[33mEs[39m[33m=[39
my({prefix[33m:[39m[32m"v"[
39m[33m,[39mname[33m:[39m[
32m"base32hex"[39m[33m,[39ma
lphabet[33m:[39m[32m"0123456
789abcdefghijklmnopqrstuv"[39m
[33m,[39mbitsPerChar[33m:[3
9m[35m5[39m})[33m,[39mws[3
3m=[39my({prefix[33m:[39m[3
2m"V"[39m[33m,[39mname[33m:
[39m[32m"base32hexupper"[39m
[33m,[39malphabet[33m:[39m
[32m"0123456789ABCDEFGHIJKLMNOP
QRSTUV"[39m[33m,[39mbitsPerC
har[33m:[39m[35m5[39m})[33
m,[39mvs[33m=[39my({prefix[
33m:[39m[32m"t"[39m[33m,[3
9mname[33m:[39m[32m"base32he
xpad"[39m[33m,[39malphabet[
33m:[39m[32m"0123456789abcdef
ghijklmnopqrstuv="[39m[33m,[
39mbitsPerChar[33m:[39m[35m5
[39m})[33m,[39m[33mIs[39m
[33m=[39my({prefix[33m:[39m
[32m"T"[39m[33m,[39mname[33
m:[39m[32m"base32hexpadupper"
[39m[33m,[39malphabet[33m:
[39m[32m"0123456789ABCDEFGHIJK
LMNOPQRSTUV="[39m[33m,[39mbi
tsPerChar[33m:[39m[35m5[39m
})[33m,[39m[33mCs[39m[33m=
[39my({prefix[33m:[39m[32m"
h"[39m[33m,[39mname[33m:[3
9m[32m"base32z"[39m[33m,[39
malphabet[33m:[39m[32m"ybndr
fg8ejkmcpqxot1uwisza345h769"[3
9m[33m,[39mbitsPerChar[33m:
[39m[35m5[39m})[33m;[39m[3
6mvar[39m [33mTs[39m[33m=[
39m[33mObject[39m[33m.[39mf
reeze({__proto__[33m:[39m[36
mnull[39m[33m,[39mbase32[33
m:[39mys[33m,[39mbase32upper
[33m:[39mms[33m,[39mbase32p
ad[33m:[39mbs[33m,[39mbase3
2padupper[33m:[39mfs[33m,[3
9mbase32hex[33m:[39m[33mEs[
39m[33m,[39mbase32hexupper[3
3m:[39mws[33m,[39mbase32hexp
ad[33m:[39mvs[33m,[39mbase3
2hexpadupper[33m:[39m[33mIs
[39m[33m,[39mbase32z[33m:[3
9m[33mCs[39m})[33m;[39m[36
mconst[39m _s[33m=[39m[33mV
[39m({prefix[33m:[39m[32m"k
"[39m[33m,[39mname[33m:[39
m[32m"base36"[39m[33m,[39ma
lphabet[33m:[39m[32m"0123456
789abcdefghijklmnopqrstuvwxyz"
[39m})[33m,[39m[33mRs[39m[
33m=[39m[33mV[39m({prefix[3
3m:[39m[32m"K"[39m[33m,[39
mname[33m:[39m[32m"base36upp
er"[39m[33m,[39malphabet[33
m:[39m[32m"0123456789ABCDEFGH
IJKLMNOPQRSTUVWXYZ"[39m})[33m
;[39m[36mvar[39m [33mSs[39
m[33m=[39m[33mObject[39m[3
3m.[39mfreeze({__proto__[33m:
[39m[36mnull[39m[33m,[39mb
ase36[33m:[39m_s[33m,[39mba
se36upper[33m:[39m[33mRs[39
m})[33m;[39m[36mconst[39m 
[33mPs[39m[33m=[39m[33mV[3
9m({name[33m:[39m[32m"base58
btc"[39m[33m,[39mprefix[33m
:[39m[32m"z"[39m[33m,[39ma
lphabet[33m:[39m[32m"1234567
89ABCDEFGHJKLMNPQRSTUVWXYZabcde
fghijkmnopqrstuvwxyz"[39m})[3
3m,[39mxs[33m=[39m[33mV[39
m({name[33m:[39m[32m"base58f
lickr"[39m[33m,[39mprefix[3
3m:[39m[32m"Z"[39m[33m,[39
malphabet[33m:[39m[32m"12345
6789abcdefghijkmnopqrstuvwxyzAB
CDEFGHJKLMNPQRSTUVWXYZ"[39m})
[33m;[39m[36mvar[39m [33mOs
[39m[33m=[39m[33mObject[39
m[33m.[39mfreeze({__proto__[
33m:[39m[36mnull[39m[33m,[
39mbase58btc[33m:[39m[33mPs
[39m[33m,[39mbase58flickr[33
m:[39mxs})[33m;[39m[36mcons
t[39m [33mAs[39m[33m=[39my
({prefix[33m:[39m[32m"m"[39
m[33m,[39mname[33m:[39m[32
m"base64"[39m[33m,[39malphab
et[33m:[39m[32m"ABCDEFGHIJKL
MNOPQRSTUVWXYZabcdefghijklmnopq
rstuvwxyz0123456789+/"[39m[33
m,[39mbitsPerChar[33m:[39m[
35m6[39m})[33m,[39mzs[33m=
[39my({prefix[33m:[39m[32m"M
"[39m[33m,[39mname[33m:[39
m[32m"base64pad"[39m[33m,[3
9malphabet[33m:[39m[32m"ABCD
EFGHIJKLMNOPQRSTUVWXYZabcdefghi
jklmnopqrstuvwxyz0123456789+/="
[39m[33m,[39mbitsPerChar[33
m:[39m[35m6[39m})[33m,[39m
[33mNs[39m[33m=[39my({prefi
x[33m:[39m[32m"u"[39m[33m,
[39mname[33m:[39m[32m"base6
4url"[39m[33m,[39malphabet[
33m:[39m[32m"ABCDEFGHIJKLMNOP
QRSTUVWXYZabcdefghijklmnopqrstu
vwxyz0123456789-_"[39m[33m,[
39mbitsPerChar[33m:[39m[35m6
[39m})[33m,[39m[33mLs[39m
[33m=[39my({prefix[33m:[39m
[32m"U"[39m[33m,[39mname[33
m:[39m[32m"base64urlpad"[39m
[33m,[39malphabet[33m:[39m
[32m"ABCDEFGHIJKLMNOPQRSTUVWXYZ
abcdefghijklmnopqrstuvwxyz01234
56789-_="[39m[33m,[39mbitsPe
rChar[33m:[39m[35m6[39m})[
33m;[39m[36mvar[39m [33mUs
[39m[33m=[39m[33mObject[39m
[33m.[39mfreeze({__proto__[3
3m:[39m[36mnull[39m[33m,[3
9mbase64[33m:[39m[33mAs[39m
[33m,[39mbase64pad[33m:[39m
zs[33m,[39mbase64url[33m:[3
9m[33mNs[39m[33m,[39mbase64
urlpad[33m:[39m[33mLs[39m})
[33m;[39m[36mconst[39m $e[
33m=[39m[33mArray[39m[33m.
[39m[36mfrom[39m([32m"\u{1F6
80}\u{1FA90}\u2604\u{1F6F0}\u{1
F30C}\u{1F311}\u{1F312}\u{1F313
}\u{1F314}\u{1F315}\u{1F316}\u{
1F317}\u{1F318}\u{1F30D}\u{1F30
F}\u{1F30E}\u{1F409}\u2600\u{1F
4BB}\u{1F5A5}\u{1F4BE}\u{1F4BF}
\u{1F602}\u2764\u{1F60D}\u{1F92
3}\u{1F60A}\u{1F64F}\u{1F495}\u
{1F62D}\u{1F618}\u{1F44D}\u{1F6
05}\u{1F44F}\u{1F601}\u{1F525}\
u{1F970}\u{1F494}\u{1F496}\u{1F
499}\u{1F622}\u{1F914}\u{1F606}
\u{1F644}\u{1F4AA}\u{1F609}\u26
3A\u{1F44C}\u{1F917}\u{1F49C}\u
{1F614}\u{1F60E}\u{1F607}\u{1F3
39}\u{1F926}\u{1F389}\u{1F49E}\
u270C\u2728\u{1F937}\u{1F631}\u
{1F60C}\u{1F338}\u{1F64C}\u{1F6
0B}\u{1F497}\u{1F49A}\u{1F60F}\
u{1F49B}\u{1F642}\u{1F493}\u{1F
929}\u{1F604}\u{1F600}\u{1F5A4}
\u{1F603}\u{1F4AF}\u{1F648}\u{1
F447}\u{1F3B6}\u{1F612}\u{1F92D
}\u2763\u{1F61C}\u{1F48B}\u{1F4
40}\u{1F62A}\u{1F611}\u{1F4A5}\
u{1F64B}\u{1F61E}\u{1F629}\u{1F
621}\u{1F92A}\u{1F44A}\u{1F973}
\u{1F625}\u{1F924}\u{1F449}\u{1
F483}\u{1F633}\u270B\u{1F61A}\u
{1F61D}\u{1F634}\u{1F31F}\u{1F6
2C}\u{1F643}\u{1F340}\u{1F337}\
u{1F63B}\u{1F613}\u2B50\u2705\u
{1F97A}\u{1F308}\u{1F608}\u{1F9
18}\u{1F4A6}\u2714\u{1F623}\u{1
F3C3}\u{1F490}\u2639\u{1F38A}\u
{1F498}\u{1F620}\u261D\u{1F615}
\u{1F33A}\u{1F382}\u{1F33B}\u{1
F610}\u{1F595}\u{1F49D}\u{1F64A
}\u{1F639}\u{1F5E3}\u{1F4AB}\u{
1F480}\u{1F451}\u{1F3B5}\u{1F91
E}\u{1F61B}\u{1F534}\u{1F624}\u
{1F33C}\u{1F62B}\u26BD\u{1F919}
\u2615\u{1F3C6}\u{1F92B}\u{1F44
8}\u{1F62E}\u{1F646}\u{1F37B}\u
{1F343}\u{1F436}\u{1F481}\u{1F6
32}\u{1F33F}\u{1F9E1}\u{1F381}\
u26A1\u{1F31E}\u{1F388}\u274C\u
270A\u{1F44B}\u{1F630}\u{1F928}
\u{1F636}\u{1F91D}\u{1F6B6}\u{1
F4B0}\u{1F353}\u{1F4A2}\u{1F91F
}\u{1F641}\u{1F6A8}\u{1F4A8}\u{
1F92C}\u2708\u{1F380}\u{1F37A}\
u{1F913}\u{1F619}\u{1F49F}\u{1F
331}\u{1F616}\u{1F476}\u{1F974}
\u25B6\u27A1\u2753\u{1F48E}\u{1
F4B8}\u2B07\u{1F628}\u{1F31A}\u
{1F98B}\u{1F637}\u{1F57A}\u26A0
\u{1F645}\u{1F61F}\u{1F635}\u{1
F44E}\u{1F932}\u{1F920}\u{1F927
}\u{1F4CC}\u{1F535}\u{1F485}\u{
1F9D0}\u{1F43E}\u{1F352}\u{1F61
7}\u{1F911}\u{1F30A}\u{1F92F}\u
{1F437}\u260E\u{1F4A7}\u{1F62F}
\u{1F486}\u{1F446}\u{1F3A4}\u{1
F647}\u{1F351}\u2744\u{1F334}\u
{1F4A3}\u{1F438}\u{1F48C}\u{1F4
CD}\u{1F940}\u{1F922}\u{1F445}\
u{1F4A1}\u{1F4A9}\u{1F450}\u{1F
4F8}\u{1F47B}\u{1F910}\u{1F92E}
\u{1F3BC}\u{1F975}\u{1F6A9}\u{1
F34E}\u{1F34A}\u{1F47C}\u{1F48D
}\u{1F4E3}\u{1F942}"[39m)[33m
,[39m[33mFs[39m[33m=[39m$e
[33m.[39mreduce((o[33m,[39m
e[33m,[39mt)[33m=>[39m(o[t]
[33m=[39me[33m,[39mo)[33m,
[39m[])[33m,[39m$s[33m=[39
m$e[33m.[39mreduce((o[33m,[
39me[33m,[39mt)[33m=>[39m(o
[e[33m.[39mcodePointAt([35m0
[39m)][33m=[39mt[33m,[39mo
)[33m,[39m[])[33m;[39m[36m
function[39m [33mBs[39m(o){
[36mreturn[39m o[33m.[39mred
uce((e[33m,[39mt)[33m=>[39m
(e[33m+=[39m[33mFs[39m[t][
33m,[39me)[33m,[39m[32m""[
39m)}[36mfunction[39m [33mMs
[39m(o){[36mconst[39m e[33m
=[39m[][33m;[39m[36mfor[39
m([36mconst[39m t 
[36mof[39m 
o){[36mconst[39m i[33m=[39m
$s[t[33m.[39mcodePointAt([35
m0[39m)][33m;[39m[36mif[39
m(i[33m===[39m[36mvoid[39m 
[35m0[39m)[36mthrow[39m 
[36mnew[39m [33mError[39m(
[32m`Non-base256emoji 
character: ${t}`[39m)[33m;[3
9me[33m.[39mpush(i)}[36mretu
rn[39m [36mnew[39m [33mUint
8Array[39m(e)}[36mconst[39m 
ks[33m=[39m[33mQ[39m({prefi
x[33m:[39m[32m"\u{1F680}"[3
9m[33m,[39mname[33m:[39m[3
2m"base256emoji"[39m[33m,[39
mencode[33m:[39m[33mBs[39m
[33m,[39mdecode[33m:[39m[33
mMs[39m})[33m;[39m[36mvar[
39m [33mKs[39m[33m=[39m[33
mObject[39m[33m.[39mfreeze({
__proto__[33m:[39m[36mnull[
39m[33m,[39mbase256emoji[33m
:[39mks})[33m,[39m[33mVs[3
9m[33m=[39m[33mMe[39m[33m,
[39m[33mBe[39m[33m=[39m[3
5m128[39m[33m,[39mqs[33m=[
39m[35m127[39m[33m,[39mjs[
33m=[39m[33m~[39mqs[33m,[3
9m[33mGs[39m[33m=[39m[33mM
ath[39m[33m.[39mpow([35m2[
39m[33m,[39m[35m31[39m)[33
m;[39m[36mfunction[39m [33m
Me[39m(o[33m,[39me[33m,[39
mt){e[33m=[39me[33m||[39m[]
[33m,[39mt[33m=[39mt[33m||
[39m[35m0[39m[33m;[39m[36
mfor[39m([36mvar[39m i[33m=
[39mt[33m;[39mo[33m>=[39m
[33mGs[39m[33m;[39m)e[t[33m
++[39m][33m=[39mo[33m&[39m
[35m255[39m[33m|[39m[33mBe
[39m[33m,[39mo[35m/=128;for
(;o&js;)e[t++]=o&255|Be,o>>>=7;
return 
e[t]=o|0,Me.bytes=t-i+1,e}var 
Ys=de,Hs=128,ke=127;function 
de(o,i){var t=0,i=i||0,s=0,r=i,
n,a=o.length;do{if(r>=a)throw 
de.bytes=0,new 
RangeError("Could not decode va
rint");n=o[r++],t+=s<28?(n&ke)<
<s:(n&ke)*Math.pow(2,s),s+=7}wh
ile(n>=Hs);return 
de.bytes=r-i,t}var Js=Math.pow(
2,7),Xs=Math.pow(2,14),Ws=Math.
pow(2,21),Qs=Math.pow(2,28),Zs=
Math.pow(2,35),er=Math.pow(2,42
),tr=Math.pow(2,49),ir=Math.pow
(2,56),sr=Math.pow(2,63),rr=fun
ction(o){return o<Js?1:o<Xs?2:o
<Ws?3:o<Qs?4:o<Zs?5:o<er?6:o<tr
?7:o<ir?8:o<sr?9:10},nr={encode
:Vs,decode:Ys,encodingLength:rr
},Ke=nr;const Ve=(o,e,t=0)=>(Ke
.encode(o,e,t),e),qe=o=>Ke.enco
dingLength(o),ge=(o,e)=>{const 
t=e.byteLength,i=qe(o),s=i+qe(t
),r=new Uint8Array(s+t);return 
Ve(o,r,0),Ve(t,r,i),r.set(e,s),
new or(o,t,e,r)};class or{const
ructor(e,t,i,s){this.code=e,thi
s.size=t,this.digest=i,this.byt
es=s}}const je=({name:o,code:e,
encode:t})=>new 
ar(o,e,t);class ar{constructor(
e,t,i){this.name=e,this.code=t,
this.encode=i}digest(e){if(e 
instanceof Uint8Array){const 
t=this.encode(e);return t 
instanceof Uint8Array?ge(this.c
ode,t):t.then(i=>ge(this.code,i
))}else throw Error("Unknown 
type, must be binary 
type")}}const Ge=o=>async 
e=>new Uint8Array(await crypto.
subtle.digest(o,e)),hr=je({name
:"sha2-256",code:18,encode:Ge("
SHA-256")}),cr=je({name:"sha2-5
12",code:19,encode:Ge("SHA-512"
)});var lr=Object.freeze({__pro
to__:null,sha256:hr,sha512:cr})
;const Ye=0,ur="identity",He=Ue
,dr=o=>ge(Ye,He(o)),gr={code:Ye
,name:ur,encode:He,digest:dr};v
ar pr=Object.freeze({__proto__:
null,identity:gr});new 
TextEncoder,new 
TextDecoder;const Je={...os,...
hs,...ls,...ds,...Ds,...Ts,...S
s,...Os,...Us,...Ks};({...lr,..
.pr});function Dr(o=0){return g
lobalThis.Buffer!=null&&globalT
his.Buffer.allocUnsafe!=null?gl
obalThis.Buffer.allocUnsafe(o):
new Uint8Array(o)}function Xe(o
,e,t,i){return{name:o,prefix:e,
encoder:{name:o,prefix:e,encode
:t},decoder:{decode:i}}}const 
We=Xe("utf8","u",o=>"u"+new Tex
tDecoder("utf8").decode(o),o=>n
ew TextEncoder().encode(o.subst
ring(1))),pe=Xe("ascii","a",o=>
{let e="a";for(let t=0;t<o.leng
th;t++)e+=String.fromCharCode(o
[t]);return 
e},o=>{o=o.substring(1);const 
e=Dr(o.length);for(let t=0;t<o.
length;t++)e[t]=o.charCodeAt(t)
;return e}),yr={utf8:We,"utf-8"
:We,hex:Je.base16,latin1:pe,asc
ii:pe,binary:pe,...Je};function
 mr(o,e="utf8"){const 
t=yr[e];if(!t)throw new 
Error(`Unsupported encoding "${
e}"`);return(e==="utf8"||e==="u
tf-8")&&globalThis.Buffer!=null
&&globalThis.Buffer.from!=null?
globalThis.Buffer.from(o,"utf8"
):t.decoder.decode(`${t.prefix}
${o}`)}const De="wc",Qe=2,Z="co
re",z=`${De}@2:${Z}:`,Ze={name:
Z,logger:"error"},et={database:
":memory:"},tt="crypto",ye="cli
ent_ed25519_seed",it=$,st="keyc
hain",rt="0.3",nt="messages",ot
="0.3",at=Mi,ht="publisher",ct=
"irn",lt="error",me="wss:/[39m
[35m/relay.walletconnect.com",
be="wss:/[39m[35m/relay.walle
tconnect.org",ut="relayer",f={m
essage:"relayer_message",messag
e_ack:"relayer_message_ack",con
nect:"relayer_connect",disconne
ct:"relayer_disconnect",error:"
relayer_error",connection_stall
ed:"relayer_connection_stalled"
,transport_closed:"relayer_tran
sport_closed",publish:"relayer_
publish"},dt="_subscription",E=
{payload:"payload",connect:"con
nect",disconnect:"disconnect",e
rror:"error"},gt=X,br={database
:":memory:"},pt="2.13.0",Dt=1e4
,yt="0.3",mt="WALLETCONNECT_CLI
ENT_ID",S={created:"subscriptio
n_created",deleted:"subscriptio
n_deleted",expired:"subscriptio
n_expired",disabled:"subscripti
on_disabled",sync:"subscription
_sync",resubscribed:"subscripti
on_resubscribed"},fr=W,bt="subs
cription",ft="0.3",Et=Se*1e3,wt
="pairing",vt="0.3",Er=W,B={wc_
pairingDelete:{req:{ttl:$,promp
t:!1,tag:1e3},res:{ttl:$,prompt
:!1,tag:1001}},wc_pairingPing:{
req:{ttl:le,prompt:!1,tag:1002}
,res:{ttl:le,prompt:!1,tag:1003
}},unregistered_method:{req:{tt
l:$,prompt:!1,tag:0},res:{ttl:$
,prompt:!1,tag:0}}},q={create:"
pairing_create",expire:"pairing
_expire",delete:"pairing_delete
",ping:"pairing_ping"},I={creat
ed:"history_created",updated:"h
istory_updated",deleted:"histor
y_deleted",sync:"history_sync"}
,It="history",Ct="0.3",Tt="expi
rer",C={created:"expirer_create
d",deleted:"expirer_deleted",ex
pired:"expirer_expired",sync:"e
xpirer_sync"},_t="0.3",wr=$,ee=
"verify-api",M="https:/[39m[3
5m/verify.walletconnect.com",te
="https:/[39m[35m/verify.wall
etconnect.org",Rt=[M,te],St="ec
ho",Pt="https:/[39m[35m/echo.
walletconnect.com";class xt{con
structor(e,t){this.core=e,this.
logger=t,this.keychain=new Map,
this.name=st,this.version=rt,th
is.initialized=!1,this.storageP
refix=z,this.init=async()=>{if(
!this.initialized){const 
i=await 
this.getKeyChain();typeof i<"u"
&&(this.keychain=i),this.initia
lized=!0}},this.has=i=>(this.is
Initialized(),this.keychain.has
(i)),this.set=async(i,s)=>{this
.isInitialized(),this.keychain.
set(i,s),await this.persist()},
this.get=i=>{this.isInitialized
();const s=this.keychain.get(i)
;if(typeof s>"u"){const{message
:r}=c("NO_MATCHING_KEY",`${this
.name}: ${i}`);throw new 
Error(r)}return 
s},this.del=async i=>{this.isIn
itialized(),this.keychain.delet
e(i),await this.persist()},this
.core=e,this.logger=b(t,this.na
me)}get context(){return 
v(this.logger)}get 
storageKey(){return this.storag
ePrefix+this.version+this.core.
customStoragePrefix+"/[39m[35
m/"+this.name}async 
setKeyChain(e){await this.core.
storage.setItem(this.storageKey
,we(e))}async 
getKeyChain(){const e=await thi
s.core.storage.getItem(this.sto
rageKey);return typeof 
e<"u"?ve(e):void 0}async 
persist(){await this.setKeyChai
n(this.keychain)}isInitialized(
){if(!this.initialized){const{m
essage:e}=c("NOT_INITIALIZED",t
his.name);throw new 
Error(e)}}}class Ot{constructor
(e,t,i){this.core=e,this.logger
=t,this.name=tt,this.initialize
d=!1,this.init=async()=>{this.i
nitialized||(await this.keychai
n.init(),this.initialized=!0)},
this.hasKeys=s=>(this.isInitial
ized(),this.keychain.has(s)),th
is.getClientId=async()=>{this.i
sInitialized();const s=await th
is.getClientSeed(),r=H.generate
KeyPair(s);return H.encodeIss(r
.publicKey)},this.generateKeyPa
ir=()=>{this.isInitialized();co
nst s=pi();return this.setPriva
teKey(s.publicKey,s.privateKey)
},this.signJWT=async 
s=>{this.isInitialized();const 
r=await this.getClientSeed(),n=
H.generateKeyPair(r),a=se(),h=i
t;return await H.signJWT(a,s,h,
n)},this.generateSharedKey=(s,r
,n)=>{this.isInitialized();cons
t a=this.getPrivateKey(s),h=Di(
a,r);return this.setSymKey(h,n)
},this.setSymKey=async(s,r)=>{t
his.isInitialized();const 
n=r||yi(s);return await this.ke
ychain.set(n,s),n},this.deleteK
eyPair=async 
s=>{this.isInitialized(),await 
this.keychain.del(s)},this.dele
teSymKey=async 
s=>{this.isInitialized(),await 
this.keychain.del(s)},this.enco
de=async(s,r,n)=>{this.isInitia
lized();const a=mi(n),h=di(r);i
f(Ie(a)){const m=a.senderPublic
Key,L=a.receiverPublicKey;s=awa
it this.generateSharedKey(m,L)}
const l=this.getSymKey(s),{type
:d,senderPublicKey:g}=a;return 
bi({type:d,symKey:l,message:h,s
enderPublicKey:g})},this.decode
=async(s,r,n)=>{this.isInitiali
zed();const 
a=fi(r,n);if(Ie(a)){const h=a.r
eceiverPublicKey,l=a.senderPubl
icKey;s=await this.generateShar
edKey(h,l)}try{const h=this.get
SymKey(s),l=Ei({symKey:h,encode
d:r});return gi(l)}catch(h){thi
s.logger.error(`Failed to 
decode message from topic: 
'${s}', clientId: '${await this
.getClientId()}'`),this.logger.
error(h)}},this.getPayloadType=
s=>{const r=Ce(s);return wi(r.t
ype)},this.getPayloadSenderPubl
icKey=s=>{const r=Ce(s);return 
r.senderPublicKey?Bi(r.senderPu
blicKey,vi):void 0},this.core=e
,this.logger=b(t,this.name),thi
s.keychain=i||new 
xt(this.core,this.logger)}get 
context(){return 
v(this.logger)}async 
setPrivateKey(e,t){return 
await this.keychain.set(e,t),e}
getPrivateKey(e){return 
this.keychain.get(e)}async 
getClientSeed(){let e="";try{e=
this.keychain.get(ye)}catch{e=s
e(),await 
this.keychain.set(ye,e)}return 
mr(e,"base16")}getSymKey(e){ret
urn this.keychain.get(e)}isInit
ialized(){if(!this.initialized)
{const{message:e}=c("NOT_INITIA
LIZED",this.name);throw new 
Error(e)}}}class At extends ii{
constructor(e,t){super(e,t),thi
s.logger=e,this.core=t,this.mes
sages=new Map,this.name=nt,this
.version=ot,this.initialized=!1
,this.storagePrefix=z,this.init
=async()=>{if(!this.initialized
){this.logger.trace("Initialize
d");try{const i=await this.getR
elayerMessages();typeof i<"u"&&
(this.messages=i),this.logger.d
ebug(`Successfully Restored 
records for ${this.name}`),this
.logger.trace({type:"method",me
thod:"restore",size:this.messag
es.size})}catch(i){this.logger.
debug(`Failed to Restore 
records for ${this.name}`),this
.logger.error(i)}finally{this.i
nitialized=!0}}},this.set=async
(i,s)=>{this.isInitialized();co
nst r=re(s);let 
n=this.messages.get(i);return 
typeof n>"u"&&(n={}),typeof n[r
]<"u"||(n[r]=s,this.messages.se
t(i,n),await this.persist()),r}
,this.get=i=>{this.isInitialize
d();let 
s=this.messages.get(i);return 
typeof s>"u"&&(s={}),s},this.ha
s=(i,s)=>{this.isInitialized();
const 
r=this.get(i),n=re(s);return 
typeof 
r[n]<"u"},this.del=async i=>{th
is.isInitialized(),this.message
s.delete(i),await this.persist(
)},this.logger=b(e,this.name),t
his.core=t}get 
context(){return 
v(this.logger)}get 
storageKey(){return this.storag
ePrefix+this.version+this.core.
customStoragePrefix+"/[39m[35
m/"+this.name}async 
setRelayerMessages(e){await thi
s.core.storage.setItem(this.sto
rageKey,we(e))}async 
getRelayerMessages(){const 
e=await this.core.storage.getIt
em(this.storageKey);return 
typeof e<"u"?ve(e):void 
0}async persist(){await this.se
tRelayerMessages(this.messages)
}isInitialized(){if(!this.initi
alized){const{message:e}=c("NOT
_INITIALIZED",this.name);throw 
new Error(e)}}}class vr 
extends si{constructor(e,t){sup
er(e,t),this.relayer=e,this.log
ger=t,this.events=new 
U,this.name=ht,this.queue=new M
ap,this.publishTimeout=R(ue),th
is.failedPublishTimeout=R(X),th
is.needsTransportRestart=!1,thi
s.publish=async(i,s,r)=>{var n;
this.logger.debug("Publishing P
ayload"),this.logger.trace({typ
e:"method",method:"publish",par
ams:{topic:i,message:s,opts:r}}
);const a=r?.ttl||at,h=ne(r),l=
r?.prompt||!1,d=r?.tag||0,g=r?.
id||xe().toString(),m={topic:i,
message:s,opts:{ttl:a,relay:h,p
rompt:l,tag:d,id:g}},L=`Failed 
to publish payload, please try 
again. id:${g} 
tag:${d}`,u=Date.now();let 
p,T=1;try{for(;p===void 0;){if(
Date.now()-u>this.publishTimeou
t)throw new Error(L);this.logge
r.trace({id:g,attempts:T},`publ
isher.publish - attempt 
${T}`),p=await await F(this.rpc
Publish(i,s,a,h,l,d,g).catch(D=
>this.logger.warn(D)),this.publ
ishTimeout,L),T++,p||await new 
Promise(D=>setTimeout(D,this.fa
iledPublishTimeout))}this.relay
er.events.emit(f.publish,m),thi
s.logger.debug("Successfully 
Published Payload"),this.logger
.trace({type:"method",method:"p
ublish",params:{id:g,topic:i,me
ssage:s,opts:r}})}catch(D){if(t
his.logger.debug("Failed to 
Publish Payload"),this.logger.e
rror(D),(n=r?.internal)!=null&&
n.throwOnFailedPublish)throw D;
this.queue.set(g,m)}},this.on=(
i,s)=>{this.events.on(i,s)},thi
s.once=(i,s)=>{this.events.once
(i,s)},this.off=(i,s)=>{this.ev
ents.off(i,s)},this.removeListe
ner=(i,s)=>{this.events.removeL
istener(i,s)},this.relayer=e,th
is.logger=b(t,this.name),this.r
egisterEventListeners()}get 
context(){return v(this.logger)
}rpcPublish(e,t,i,s,r,n,a){var 
h,l,d,g;const m={method:k(s.pro
tocol).publish,params:{topic:e,
message:t,ttl:i,prompt:r,tag:n}
,id:a};return 
oe((h=m.params)==null?void 0:h.
prompt)&&((l=m.params)==null||d
elete l.prompt),oe((d=m.params)
==null?void 0:d.tag)&&((g=m.par
ams)==null||delete g.tag),this.
logger.debug("Outgoing Relay Pa
yload"),this.logger.trace({type
:"message",direction:"outgoing"
,request:m}),this.relayer.reque
st(m)}removeRequestFromQueue(e)
{this.queue.delete(e)}checkQueu
e(){this.queue.forEach(async e=
>{const{topic:t,message:i,opts:
s}=e;await this.publish(t,i,s)}
)}registerEventListeners(){this
.relayer.core.heartbeat.on(Y.pu
lse,()=>{if(this.needsTransport
Restart){this.needsTransportRes
tart=!1,this.relayer.events.emi
t(f.connection_stalled);return}
this.checkQueue()}),this.relaye
r.on(f.message_ack,e=>{this.rem
oveRequestFromQueue(e.id.toStri
ng())})}}class 
Ir{constructor(){this.map=new 
Map,this.set=(e,t)=>{const i=th
is.get(e);this.exists(e,t)||thi
s.map.set(e,[...i,t])},this.get
=e=>this.map.get(e)||[],this.ex
ists=(e,t)=>this.get(e).include
s(t),this.delete=(e,t)=>{if(typ
eof t>"u"){this.map.delete(e);r
eturn}if(!this.map.has(e))retur
n;const i=this.get(e);if(!this.
exists(e,t))return;const s=i.fi
lter(r=>r!==t);if(!s.length){th
is.map.delete(e);return}this.ma
p.set(e,s)},this.clear=()=>{thi
s.map.clear()}}get 
topics(){return Array.from(this
.map.keys())}}var Cr=Object.def
ineProperty,Tr=Object.definePro
perties,_r=Object.getOwnPropert
yDescriptors,zt=Object.getOwnPr
opertySymbols,Rr=Object.prototy
pe.hasOwnProperty,Sr=Object.pro
totype.propertyIsEnumerable,Nt=
(o,e,t)=>e in o?Cr(o,e,{enumera
ble:!0,configurable:!0,writable
:!0,value:t}):o[e]=t,j=(o,e)=>{
for(var t in e||(e={}))Rr.call(
e,t)&&Nt(o,t,e[t]);if(zt)for(va
r t of zt(e))Sr.call(e,t)&&Nt(o
,t,e[t]);return 
o},fe=(o,e)=>Tr(o,_r(e));class 
Lt extends ri{constructor(e,t){
super(e,t),this.relayer=e,this.
logger=t,this.subscriptions=new
 Map,this.topicMap=new 
Ir,this.events=new U,this.name=
bt,this.version=ft,this.pending
=new Map,this.cached=[],this.in
itialized=!1,this.pendingSubscr
iptionWatchLabel="pending_sub_w
atch_label",this.pollingInterva
l=20,this.storagePrefix=z,this.
subscribeTimeout=R(ue),this.res
tartInProgress=!1,this.batchSub
scribeTopicsLimit=500,this.pend
ingBatchMessages=[],this.init=a
sync()=>{this.initialized||(thi
s.logger.trace("Initialized"),t
his.registerEventListeners(),th
is.clientId=await this.relayer.
core.crypto.getClientId())},thi
s.subscribe=async(i,s)=>{await 
this.restartToComplete(),this.i
sInitialized(),this.logger.debu
g("Subscribing Topic"),this.log
ger.trace({type:"method",method
:"subscribe",params:{topic:i,op
ts:s}});try{const r=ne(s),n={to
pic:i,relay:r};this.pending.set
(i,n);const a=await 
this.rpcSubscribe(i,r);return 
typeof a=="string"&&(this.onSub
scribe(a,n),this.logger.debug("
Successfully Subscribed Topic")
,this.logger.trace({type:"metho
d",method:"subscribe",params:{t
opic:i,opts:s}})),a}catch(r){th
row this.logger.debug("Failed 
to Subscribe Topic"),this.logge
r.error(r),r}},this.unsubscribe
=async(i,s)=>{await this.restar
tToComplete(),this.isInitialize
d(),typeof s?.id<"u"?await this
.unsubscribeById(i,s.id,s):awai
t this.unsubscribeByTopic(i,s)}
,this.isSubscribed=async i=>{if
(this.topics.includes(i))return
!0;const s=`${this.pendingSubsc
riptionWatchLabel}_${i}`;return
 await new 
Promise((r,n)=>{const a=new 
ki;a.start(s);const h=setInterv
al(()=>{!this.pending.has(i)&&t
his.topics.includes(i)&&(clearI
nterval(h),a.stop(s),r(!0)),a.e
lapsed(s)>=Et&&(clearInterval(h
),a.stop(s),n(new 
Error("Subscription resolution 
timeout")))},this.pollingInterv
al)}).catch(()=>!1)},this.on=(i
,s)=>{this.events.on(i,s)},this
.once=(i,s)=>{this.events.once(
i,s)},this.off=(i,s)=>{this.eve
nts.off(i,s)},this.removeListen
er=(i,s)=>{this.events.removeLi
stener(i,s)},this.start=async()
=>{await this.onConnect()},this
.stop=async()=>{await this.onDi
sconnect()},this.restart=async(
)=>{this.restartInProgress=!0,a
wait this.restore(),await this.
reset(),this.restartInProgress=
!1},this.relayer=e,this.logger=
b(t,this.name),this.clientId=""
}get context(){return 
v(this.logger)}get 
storageKey(){return this.storag
ePrefix+this.version+this.relay
er.core.customStoragePrefix+"/
[39m[33m/[39m[32m"+this.name
}get length(){return 
this.subscriptions.size}get 
ids(){return Array.from(this.su
bscriptions.keys())}get 
values(){return Array.from(this
.subscriptions.values())}get 
topics(){return this.topicMap.t
opics}hasSubscription(e,t){let 
i=!1;try{i=this.getSubscription
(e).topic===t}catch{}return i}o
nEnable(){this.cached=[],this.i
nitialized=!0}onDisable(){this.
cached=this.values,this.subscri
ptions.clear(),this.topicMap.cl
ear()}async 
unsubscribeByTopic(e,t){const 
i=this.topicMap.get(e);await 
Promise.all(i.map(async 
s=>await this.unsubscribeById(e
,s,t)))}async unsubscribeById(e
,t,i){this.logger.debug("[39m
[33mUnsubscribing[39m [33mTop
ic[39m[32m"),this.logger.trac
e({type:"[39mmethod[32m",meth
od:"[39munsubscribe[32m",para
ms:{topic:e,id:t,opts:i}});try{
const s=ne(i);await this.rpcUns
ubscribe(e,t,s);const r=K("[39
m[33mUSER_DISCONNECTED[39m[3
2m",`${this.name}, 
${e}`);await this.onUnsubscribe
(e,t,r),this.logger.debug("[39
m[33mSuccessfully[39m 
[33mUnsubscribed[39m [33mTop
ic[39m[32m"),this.logger.trac
e({type:"[39mmethod[32m",meth
od:"[39munsubscribe[32m",para
ms:{topic:e,id:t,opts:i}})}catc
h(s){throw this.logger.debug("
[39m[33mFailed[39m to 
[33mUnsubscribe[39m [33mTopi
c[39m[32m"),this.logger.error
(s),s}}async 
rpcSubscribe(e,t){const i={meth
od:k(t.protocol).subscribe,para
ms:{topic:e}};this.logger.debug
("[39m[33mOutgoing[39m 
[33mRelay[39m [33mPayload[3
9m[32m"),this.logger.trace({ty
pe:"[39mpayload[32m",directio
n:"[39moutgoing[32m",request:
i});try{return await await F(th
is.relayer.request(i).catch(s=>
this.logger.warn(s)),this.subsc
ribeTimeout)?re(e+this.clientId
):null}catch{this.logger.debug(
"[39m[33mOutgoing[39m 
[33mRelay[39m 
[33mSubscribe[39m 
[33mPayload[39m stalled[32m"
),this.relayer.events.emit(f.co
nnection_stalled)}return 
null}async rpcBatchSubscribe(e)
{if(!e.length)return;const t=e[
0].relay,i={method:k(t.protocol
).batchSubscribe,params:{topics
:e.map(s=>s.topic)}};this.logge
r.debug("[39m[33mOutgoing[39
m [33mRelay[39m [33mPayload
[39m[32m"),this.logger.trace({
type:"[39mpayload[32m",direct
ion:"[39moutgoing[32m",reques
t:i});try{return await await F(
this.relayer.request(i).catch(s
=>this.logger.warn(s)),this.sub
scribeTimeout)}catch{this.relay
er.events.emit(f.connection_sta
lled)}}async rpcBatchFetchMessa
ges(e){if(!e.length)return;cons
t t=e[0].relay,i={method:k(t.pr
otocol).batchFetchMessages,para
ms:{topics:e.map(r=>r.topic)}};
this.logger.debug("[39m[33mOu
tgoing[39m [33mRelay[39m [3
3mPayload[39m[32m"),this.logg
er.trace({type:"[39mpayload[3
2m",direction:"[39moutgoing[3
2m",request:i});let 
s;try{s=await await F(this.rela
yer.request(i).catch(r=>this.lo
gger.warn(r)),this.subscribeTim
eout)}catch{this.relayer.events
.emit(f.connection_stalled)}ret
urn 
s}rpcUnsubscribe(e,t,i){const s
={method:k(i.protocol).unsubscr
ibe,params:{topic:e,id:t}};retu
rn this.logger.debug("[39m[33
mOutgoing[39m [33mRelay[39m 
[33mPayload[39m[32m"),this.l
ogger.trace({type:"[39mpayload
[32m",direction:"[39moutgoing
[32m",request:s}),this.relayer
.request(s)}onSubscribe(e,t){th
is.setSubscription(e,fe(j({},t)
,{id:e})),this.pending.delete(t
.topic)}onBatchSubscribe(e){e.l
ength&&e.forEach(t=>{this.setSu
bscription(t.id,j({},t)),this.p
ending.delete(t.topic)})}async 
onUnsubscribe(e,t,i){this.event
s.removeAllListeners(t),this.ha
sSubscription(t,e)&&this.delete
Subscription(t,i),await this.re
layer.messages.del(e)}async set
RelayerSubscriptions(e){await t
his.relayer.core.storage.setIte
m(this.storageKey,e)}async getR
elayerSubscriptions(){return 
await this.relayer.core.storage
.getItem(this.storageKey)}setSu
bscription(e,t){this.logger.deb
ug("[39m[33mSetting[39m subs
cription[32m"),this.logger.tra
ce({type:"[39mmethod[32m",met
hod:"[39msetSubscription[32m"
,id:e,subscription:t}),this.add
Subscription(e,t)}addSubscripti
on(e,t){this.subscriptions.set(
e,j({},t)),this.topicMap.set(t.
topic,e),this.events.emit(S.cre
ated,t)}getSubscription(e){this
.logger.debug("[39m[33mGettin
g[39m subscription[32m"),this
.logger.trace({type:"[39mmetho
d[32m",method:"[39mgetSubscri
ption[32m",id:e});const t=this
.subscriptions.get(e);if(!t){co
nst{message:i}=c("[39m[33mNO_
MATCHING_KEY[39m[32m",`${this
.name}: ${e}`);throw new 
Error(i)}return t}deleteSubscri
ption(e,t){this.logger.debug("
[39m[33mDeleting[39m subscrip
tion[32m"),this.logger.trace({
type:"[39mmethod[32m",method:
"[39mdeleteSubscription[32m",
id:e,reason:t});const i=this.ge
tSubscription(e);this.subscript
ions.delete(e),this.topicMap.de
lete(i.topic,e),this.events.emi
t(S.deleted,fe(j({},i),{reason:
t}))}async persist(){await this
.setRelayerSubscriptions(this.v
alues),this.events.emit(S.sync)
}async reset(){if(this.cached.l
ength){const e=Math.ceil(this.c
ached.length/this.batchSubscrib
eTopicsLimit);for(let 
t=0;t<e;t++){const i=this.cache
d.splice(0,this.batchSubscribeT
opicsLimit);await this.batchFet
chMessages(i),await this.batchS
ubscribe(i)}}this.events.emit(S
.resubscribed)}async 
restore(){try{const e=await thi
s.getRelayerSubscriptions();if(
typeof e>"[39mu[32m"||!e.leng
th)return;if(this.subscriptions
.size){const{message:t}=c("[39
m[33mRESTORE_WILL_OVERRIDE[39
m[32m",this.name);throw this.l
ogger.error(t),this.logger.erro
r(`${this.name}: ${JSON.stringi
fy(this.values)}`),new Error(t)
}this.cached=e,this.logger.debu
g(`Successfully Restored 
subscriptions for ${this.name}`
),this.logger.trace({type:"[39
mmethod[32m",method:"[39mrest
ore[32m",subscriptions:this.va
lues})}catch(e){this.logger.deb
ug(`Failed to Restore 
subscriptions for ${this.name}`
),this.logger.error(e)}}async b
atchSubscribe(e){if(!e.length)r
eturn;const t=await this.rpcBat
chSubscribe(e);Ii(t)&&this.onBa
tchSubscribe(t.map((i,s)=>fe(j(
{},e[s]),{id:i})))}async batchF
etchMessages(e){if(!e.length)re
turn;this.logger.trace(`Fetchin
g batch messages for 
${e.length} 
subscriptions`);const t=await t
his.rpcBatchFetchMessages(e);t&
&t.messages&&(this.pendingBatch
Messages=this.pendingBatchMessa
ges.concat(t.messages))}async 
onConnect(){await this.restart(
),this.onEnable()}onDisconnect(
){this.onDisable()}async checkP
ending(){if(!this.initialized||
!this.relayer.connected)return;
const e=[];this.pending.forEach
(t=>{e.push(t)}),await this.bat
chSubscribe(e),this.pendingBatc
hMessages.length&&(await this.r
elayer.handleBatchMessageEvents
(this.pendingBatchMessages),thi
s.pendingBatchMessages=[])}regi
sterEventListeners(){this.relay
er.core.heartbeat.on(Y.pulse,as
ync()=>{await this.checkPending
()}),this.events.on(S.created,a
sync e=>{const t=S.created;this
.logger.info(`Emitting ${t}`),t
his.logger.debug({type:"[39mev
ent[32m",event:t,data:e}),awai
t this.persist()}),this.events.
on(S.deleted,async e=>{const t=
S.deleted;this.logger.info(`Emi
tting ${t}`),this.logger.debug(
{type:"[39mevent[32m",event:t
,data:e}),await this.persist()}
)}isInitialized(){if(!this.init
ialized){const{message:e}=c("[
39m[33mNOT_INITIALIZED[39m[3
2m",this.name);throw new 
Error(e)}}async restartToComple
te(){this.restartInProgress&&aw
ait new Promise(e=>{const t=set
Interval(()=>{this.restartInPro
gress||(clearInterval(t),e())},
this.pollingInterval)})}}var Pr
=Object.defineProperty,Ut=Objec
t.getOwnPropertySymbols,xr=Obje
ct.prototype.hasOwnProperty,Or=
Object.prototype.propertyIsEnum
erable,Ft=(o,e,t)=>e in o?Pr(o,
e,{enumerable:!0,configurable:!
0,writable:!0,value:t}):o[e]=t,
Ar=(o,e)=>{for(var t in e||(e={
}))xr.call(e,t)&&Ft(o,t,e[t]);i
f(Ut)for(var t of Ut(e))Or.call
(e,t)&&Ft(o,t,e[t]);return 
o};class $t extends ni{construc
tor(e){super(e),this.protocol="
[39mwc[32m",this.version=2,th
is.events=new U,this.name=ut,th
is.transportExplicitlyClosed=!1
,this.initialized=!1,this.conne
ctionAttemptInProgress=!1,this.
connectionStatusPollingInterval
=20,this.staleConnectionErrors=
["[39msocket hang up[32m","[
39mstalled[32m","[39minterrup
ted[32m"],this.hasExperiencedN
etworkDisruption=!1,this.reques
tsInFlight=new Map,this.heartBe
atTimeout=R(le+X),this.request=
async t=>{var i,s;this.logger.d
ebug("[39m[33mPublishing[39m
 [33mRequest[39m 
[33mPayload[39m[32m");const 
r=t.id||xe().toString();await t
his.toEstablishConnection();try
{const n=this.provider.request(
t);this.requestsInFlight.set(r,
{promise:n,request:t}),this.log
ger.trace({id:r,method:t.method
,topic:(i=t.params)==null?void 
0:i.topic},"[39mrelayer[33m.
[39mrequest [33m-[39m 
attempt to publish[33m...[39m
[32m");const a=await new 
Promise(async(h,l)=>{const 
d=()=>{l(new 
Error(`relayer.request - 
publish interrupted, id: ${r}`)
)};this.provider.on(E.disconnec
t,d);const g=await n;this.provi
der.off(E.disconnect,d),h(g)});
return this.logger.trace({id:r,
method:t.method,topic:(s=t.para
ms)==null?void 0:s.topic},"[39
mrelayer[33m.[39mrequest 
[33m-[39m published[32m"),a}
catch(n){throw 
this.logger.debug(`Failed to 
Publish Request: ${r}`),n}final
ly{this.requestsInFlight.delete
(r)}},this.resetPingTimeout=()=
>{if(ae())try{clearTimeout(this
.pingTimeout),this.pingTimeout=
setTimeout(()=>{var t,i,s;(s=(i
=(t=this.provider)==null?void 
0:t.connection)==null?void 0:i.
socket)==null||s.terminate()},t
his.heartBeatTimeout)}catch(t){
this.logger.warn(t)}},this.onPa
yloadHandler=t=>{this.onProvide
rPayload(t),this.resetPingTimeo
ut()},this.onConnectHandler=()=
>{this.startPingTimeout(),this.
events.emit(f.connect)},this.on
DisconnectHandler=()=>{this.onP
roviderDisconnect()},this.onPro
viderErrorHandler=t=>{this.logg
er.error(t),this.events.emit(f.
error,t),this.logger.info("[39
m[33mFatal[39m socket error 
received[33m,[39m closing tra
nsport[32m"),this.transportClo
se()},this.registerProviderList
eners=()=>{this.provider.on(E.p
ayload,this.onPayloadHandler),t
his.provider.on(E.connect,this.
onConnectHandler),this.provider
.on(E.disconnect,this.onDisconn
ectHandler),this.provider.on(E.
error,this.onProviderErrorHandl
er)},this.core=e.core,this.logg
er=typeof 
e.logger<"[39mu[32m"&&typeof 
e.logger!="[39mstring[32m"?b(
e.logger,this.name):ei(Ee({leve
l:e.logger||lt})),this.messages
=new At(this.logger,e.core),thi
s.subscriber=new Lt(this,this.l
ogger),this.publisher=new vr(th
is,this.logger),this.relayUrl=e
?.relayUrl||me,this.projectId=e
.projectId,this.bundleId=Ci(),t
his.provider={}}async init(){th
is.logger.trace("[39m[33mInit
ialized[39m[32m"),this.regist
erEventListeners(),await Promis
e.all([this.messages.init(),thi
s.subscriber.init()]);try{await
 this.transportOpen()}catch{thi
s.logger.warn(`Connection via 
${this.relayUrl} failed, 
attempting to connect via 
failover domain 
${be}...`),await this.restartTr
ansport(be)}this.initialized=!0
,setTimeout(async()=>{this.subs
criber.topics.length===0&&this.
subscriber.pending.size===0&&(t
his.logger.info("[39m[33mNo[
39m topics subscribed to after 
init[33m,[39m closing 
transport[32m"),await this.tra
nsportClose(),this.transportExp
licitlyClosed=!1)},Dt)}get 
context(){return 
v(this.logger)}get 
connected(){var e,t,i;return((i
=(t=(e=this.provider)==null?voi
d 0:e.connection)==null?void 
0:t.socket)==null?void 
0:i.readyState)===1}get 
connecting(){var e,t,i;return((
i=(t=(e=this.provider)==null?vo
id 0:e.connection)==null?void 
0:t.socket)==null?void 
0:i.readyState)===0}async publi
sh(e,t,i){this.isInitialized(),
await this.publisher.publish(e,
t,i),await this.recordMessageEv
ent({topic:e,message:t,publishe
dAt:Date.now()})}async 
subscribe(e,t){var 
i;this.isInitialized();let s=((
i=this.subscriber.topicMap.get(
e))==null?void 
0:i[0])||"[39m[32m",r;const n
=a=>{a.topic===e&&(this.subscri
ber.off(S.created,n),r())};retu
rn await Promise.all([new Promi
se(a=>{r=a,this.subscriber.on(S
.created,n)}),new 
Promise(async a=>{s=await this.
subscriber.subscribe(e,t)||s,a(
)})]),s}async unsubscribe(e,t){
this.isInitialized(),await this
.subscriber.unsubscribe(e,t)}on
(e,t){this.events.on(e,t)}once(
e,t){this.events.once(e,t)}off(
e,t){this.events.off(e,t)}remov
eListener(e,t){this.events.remo
veListener(e,t)}async transport
Disconnect(){if(!this.hasExperi
encedNetworkDisruption&&this.co
nnected&&this.requestsInFlight.
size>0)try{await Promise.all(Ar
ray.from(this.requestsInFlight.
values()).map(e=>e.promise))}ca
tch(e){this.logger.warn(e)}this
.hasExperiencedNetworkDisruptio
n||this.connected?await F(this.
provider.disconnect(),2e3,"[39
mprovider[33m.[39mdisconnect(
)[32m").catch(()=>this.onProvi
derDisconnect()):this.onProvide
rDisconnect()}async transportCl
ose(){this.transportExplicitlyC
losed=!0,await this.transportDi
sconnect()}async 
transportOpen(e){await this.con
firmOnlineStateOrThrow(),e&&e!=
=this.relayUrl&&(this.relayUrl=
e,await this.transportDisconnec
t()),await this.createProvider(
),this.connectionAttemptInProgr
ess=!0,this.transportExplicitly
Closed=!1;try{await new 
Promise(async(t,i)=>{const s=()
=>{this.provider.off(E.disconne
ct,s),i(new Error("[39m[33mCo
nnection[39m interrupted 
[36mwhile[39m trying to subsc
ribe[32m"))};this.provider.on(
E.disconnect,s),await F(this.pr
ovider.connect(),R(ue),`Socket 
stalled when trying to connect 
to ${this.relayUrl}`).catch(r=>
{i(r)}),await this.subscriber.s
tart(),this.hasExperiencedNetwo
rkDisruption=!1,t()})}catch(t){
this.logger.error(t);const i=t;
if(this.hasExperiencedNetworkDi
sruption=!0,!this.isConnectionS
talled(i.message))throw t}final
ly{this.connectionAttemptInProg
ress=!1}}async restartTransport
(e){this.connectionAttemptInPro
gress||(this.relayUrl=e||this.r
elayUrl,await this.confirmOnlin
eStateOrThrow(),await 
this.transportClose(),await 
this.transportOpen())}async con
firmOnlineStateOrThrow(){if(!aw
ait Te())throw new 
Error("[39m[33mNo[39m 
internet connection 
detected[33m.[39m 
[33mPlease[39m restart your 
network and [36mtry[39m 
again[33m.[39m[32m")}async h
andleBatchMessageEvents(e){if(e
?.length===0){this.logger.trace
("[39m[33mBatch[39m message 
events is empty[33m.[39m [33
mIgnoring[39m[33m...[39m[32
m");return}const t=e.sort((i,s)
=>i.publishedAt-s.publishedAt);
this.logger.trace(`Batch of 
${t.length} message events 
sorted`);for(const i of 
t)try{await this.onMessageEvent
(i)}catch(s){this.logger.warn(s
)}this.logger.trace(`Batch of 
${t.length} message events proc
essed`)}startPingTimeout(){var 
e,t,i,s,r;if(ae())try{(t=(e=thi
s.provider)==null?void 0:e.conn
ection)!=null&&t.socket&&((r=(s
=(i=this.provider)==null?void 
0:i.connection)==null?void 0:s.
socket)==null||r.once("[39mpin
g[32m",()=>{this.resetPingTime
out()})),this.resetPingTimeout(
)}catch(n){this.logger.warn(n)}
}isConnectionStalled(e){return 
this.staleConnectionErrors.some
(t=>e.includes(t))}async create
Provider(){this.provider.connec
tion&&this.unregisterProviderLi
steners();const e=await this.co
re.crypto.signJWT(this.relayUrl
);this.provider=new Ki(new ji(T
i({sdkVersion:pt,protocol:this.
protocol,version:this.version,r
elayUrl:this.relayUrl,projectId
:this.projectId,auth:e,useOnClo
seEvent:!0,bundleId:this.bundle
Id}))),this.registerProviderLis
teners()}async recordMessageEve
nt(e){const{topic:t,message:i}=
e;await 
this.messages.set(t,i)}async sh
ouldIgnoreMessageEvent(e){const
{topic:t,message:i}=e;if(!i||i.
length===0)return 
this.logger.debug(`Ignoring 
invalid/empty message: 
${i}`),!0;if(!await this.subscr
iber.isSubscribed(t))return 
this.logger.debug(`Ignoring 
message for non-subscribed 
topic ${t}`),!0;const s=this.me
ssages.has(t,i);return 
s&&this.logger.debug(`Ignoring 
duplicate message: 
${i}`),s}async onProviderPayloa
d(e){if(this.logger.debug("[39
m[33mIncoming[39m 
[33mRelay[39m [33mPayload[3
9m[32m"),this.logger.trace({ty
pe:"[39mpayload[32m",directio
n:"[39mincoming[32m",payload:
e}),Oe(e)){if(!e.method.endsWit
h(dt))return;const t=e.params,{
topic:i,message:s,publishedAt:r
}=t.data,n={topic:i,message:s,p
ublishedAt:r};this.logger.debug
("[39m[33mEmitting[39m 
[33mRelayer[39m [33mPayload
[39m[32m"),this.logger.trace(A
r({type:"[39mevent[32m",event
:t.id},n)),this.events.emit(t.i
d,n),await this.acknowledgePayl
oad(e),await 
this.onMessageEvent(n)}else Ae(
e)&&this.events.emit(f.message_
ack,e)}async 
onMessageEvent(e){await this.sh
ouldIgnoreMessageEvent(e)||(thi
s.events.emit(f.message,e),awai
t this.recordMessageEvent(e))}a
sync 
acknowledgePayload(e){const 
t=ze(e.id,!0);await this.provid
er.connection.send(t)}unregiste
rProviderListeners(){this.provi
der.off(E.payload,this.onPayloa
dHandler),this.provider.off(E.c
onnect,this.onConnectHandler),t
his.provider.off(E.disconnect,t
his.onDisconnectHandler),this.p
rovider.off(E.error,this.onProv
iderErrorHandler),clearTimeout(
this.pingTimeout)}async 
registerEventListeners(){let 
e=await Te();_i(async 
t=>{e!==t&&(e=t,t?await this.re
startTransport().catch(i=>this.
logger.error(i)):(this.hasExper
iencedNetworkDisruption=!0,awai
t this.transportDisconnect(),th
is.transportExplicitlyClosed=!1
))})}async 
onProviderDisconnect(){await th
is.subscriber.stop(),this.reque
stsInFlight.clear(),clearTimeou
t(this.pingTimeout),this.events
.emit(f.disconnect),this.connec
tionAttemptInProgress=!1,!this.
transportExplicitlyClosed&&setT
imeout(async()=>{await this.tra
nsportOpen().catch(e=>this.logg
er.error(e))},R(gt))}isInitiali
zed(){if(!this.initialized){con
st{message:e}=c("[39m[33mNOT_
INITIALIZED[39m[32m",this.nam
e);throw new Error(e)}}async 
toEstablishConnection(){await t
his.confirmOnlineStateOrThrow()
,!this.connected&&(this.connect
ionAttemptInProgress&&await 
new Promise(e=>{const t=setInte
rval(()=>{this.connected&&(clea
rInterval(t),e())},this.connect
ionStatusPollingInterval)}),awa
it this.transportOpen())}}var z
r=Object.defineProperty,Bt=Obje
ct.getOwnPropertySymbols,Nr=Obj
ect.prototype.hasOwnProperty,Lr
=Object.prototype.propertyIsEnu
merable,Mt=(o,e,t)=>e in o?zr(o
,e,{enumerable:!0,configurable:
!0,writable:!0,value:t}):o[e]=t
,kt=(o,e)=>{for(var t in e||(e=
{}))Nr.call(e,t)&&Mt(o,t,e[t]);
if(Bt)for(var t of Bt(e))Lr.cal
l(e,t)&&Mt(o,t,e[t]);return 
o};class Kt extends oi{construc
tor(e,t,i,s=z,r=void 0){super(e
,t,i,s),this.core=e,this.logger
=t,this.name=i,this.map=new Map
,this.version=yt,this.cached=[]
,this.initialized=!1,this.stora
gePrefix=z,this.recentlyDeleted
=[],this.recentlyDeletedLimit=2
00,this.init=async()=>{this.ini
tialized||(this.logger.trace("
[39m[33mInitialized[39m[32m"
),await this.restore(),this.cac
hed.forEach(n=>{this.getKey&&n!
==null&&!oe(n)?this.map.set(thi
s.getKey(n),n):Ri(n)?this.map.s
et(n.id,n):Si(n)&&this.map.set(
n.topic,n)}),this.cached=[],thi
s.initialized=!0)},this.set=asy
nc(n,a)=>{this.isInitialized(),
this.map.has(n)?await this.upda
te(n,a):(this.logger.debug("[3
9m[33mSetting[39m value[32m"
),this.logger.trace({type:"[39
mmethod[32m",method:"[39m[36
mset[39m[32m",key:n,value:a})
,this.map.set(n,a),await this.p
ersist())},this.get=n=>(this.is
Initialized(),this.logger.debug
("[39m[33mGetting[39m value
[32m"),this.logger.trace({type:
"[39mmethod[32m",method:"[39
m[36mget[39m[32m",key:n}),th
is.getData(n)),this.getAll=n=>(
this.isInitialized(),n?this.val
ues.filter(a=>Object.keys(n).ev
ery(h=>Gi(a[h],n[h]))):this.val
ues),this.update=async(n,a)=>{t
his.isInitialized(),this.logger
.debug("[39m[33mUpdating[39m
 value[32m"),this.logger.trace
({type:"[39mmethod[32m",metho
d:"[39mupdate[32m",key:n,upda
te:a});const h=kt(kt({},this.ge
tData(n)),a);this.map.set(n,h),
await this.persist()},this.dele
te=async(n,a)=>{this.isInitiali
zed(),this.map.has(n)&&(this.lo
gger.debug("[39m[33mDeleting
[39m value[32m"),this.logger.t
race({type:"[39mmethod[32m",m
ethod:"[39m[36mdelete[39m[3
2m",key:n,reason:a}),this.map.d
elete(n),this.addToRecentlyDele
ted(n),await this.persist())},t
his.logger=b(t,this.name),this.
storagePrefix=s,this.getKey=r}g
et context(){return 
v(this.logger)}get 
storageKey(){return this.storag
ePrefix+this.version+this.core.
customStoragePrefix+"[39m[90m
//"+this.name}get 
length(){return 
this.map.size}get 
keys(){return Array.from(this.m
ap.keys())}get values(){return 
Array.from(this.map.values())}a
ddToRecentlyDeleted(e){this.rec
entlyDeleted.push(e),this.recen
tlyDeleted.length>=this.recentl
yDeletedLimit&&this.recentlyDel
eted.splice(0,this.recentlyDele
tedLimit/2)}async 
setDataStore(e){await this.core
.storage.setItem(this.storageKe
y,e)}async 
getDataStore(){return await thi
s.core.storage.getItem(this.sto
rageKey)}getData(e){const t=thi
s.map.get(e);if(!t){if(this.rec
entlyDeleted.includes(e)){const
{message:s}=c("MISSING_OR_INVAL
ID",`Record was recently 
deleted - ${this.name}: 
${e}`);throw 
this.logger.error(s),new Error(
s)}const{message:i}=c("NO_MATCH
ING_KEY",`${this.name}: 
${e}`);throw 
this.logger.error(i),new 
Error(i)}return t}async 
persist(){await this.setDataSto
re(this.values)}async 
restore(){try{const e=await 
this.getDataStore();if(typeof e
>"u"||!e.length)return;if(this.
map.size){const{message:t}=c("R
ESTORE_WILL_OVERRIDE",this.name
);throw 
this.logger.error(t),new Error(
t)}this.cached=e,this.logger.de
bug(`Successfully Restored 
value for ${this.name}`),this.l
ogger.trace({type:"method",meth
od:"restore",value:this.values}
)}catch(e){this.logger.debug(`F
ailed to Restore value for ${th
is.name}`),this.logger.error(e)
}}isInitialized(){if(!this.init
ialized){const{message:e}=c("NO
T_INITIALIZED",this.name);throw
 new Error(e)}}}class Vt{constr
uctor(e,t){this.core=e,this.log
ger=t,this.name=wt,this.version
=vt,this.events=new Wt,this.ini
tialized=!1,this.storagePrefix=
z,this.ignoredPayloadTypes=[Pi]
,this.registeredMethods=[],this
.init=async()=>{this.initialize
d||(await 
this.pairings.init(),await this
.cleanup(),this.registerRelayer
Events(),this.registerExpirerEv
ents(),this.initialized=!0,this
.logger.trace("Initialized"))},
this.register=({methods:i})=>{t
his.isInitialized(),this.regist
eredMethods=[...new Set([...thi
s.registeredMethods,...i])]},th
is.create=async 
i=>{this.isInitialized();const 
s=se(),r=await this.core.crypto
.setSymKey(s),n=J(Pe),a={protoc
ol:ct},h={topic:r,expiry:n,rela
y:a,active:!1},l=xi({protocol:t
his.core.protocol,version:this.
core.version,topic:r,symKey:s,r
elay:a,expiryTimestamp:n,method
s:i?.methods});return this.core
.expirer.set(r,n),await 
this.pairings.set(r,h),await th
is.core.relayer.subscribe(r),{t
opic:r,uri:l}},this.pair=async 
i=>{this.isInitialized(),this.i
sValidPair(i);const{topic:s,sym
Key:r,relay:n,expiryTimestamp:a
,methods:h}=_e(i.uri);let l;if(
this.pairings.keys.includes(s)&
&(l=this.pairings.get(s),l.acti
ve))throw new Error(`Pairing 
already exists: ${s}. Please 
try again with a new 
connection URI.`);const d=a||J(
Pe),g={topic:s,relay:n,expiry:d
,active:!1,methods:h};return th
is.core.expirer.set(s,d),await 
this.pairings.set(s,g),i.activa
tePairing&&await this.activate(
{topic:s}),this.events.emit(q.c
reate,g),this.core.crypto.keych
ain.has(s)||await this.core.cry
pto.setSymKey(r,s),await this.c
ore.relayer.subscribe(s,{relay:
n}),g},this.activate=async({top
ic:i})=>{this.isInitialized();c
onst s=J(W);this.core.expirer.s
et(i,s),await this.pairings.upd
ate(i,{active:!0,expiry:s})},th
is.ping=async 
i=>{this.isInitialized(),await 
this.isValidPing(i);const{topic
:s}=i;if(this.pairings.keys.inc
ludes(s)){const r=await this.se
ndRequest(s,"wc_pairingPing",{}
),{done:n,resolve:a,reject:h}=O
i();this.events.once(he("pairin
g_ping",r),({error:l})=>{l?h(l)
:a()}),await n()}},this.updateE
xpiry=async({topic:i,expiry:s})
=>{this.isInitialized(),await t
his.pairings.update(i,{expiry:s
})},this.updateMetadata=async({
topic:i,metadata:s})=>{this.isI
nitialized(),await this.pairing
s.update(i,{peerMetadata:s})},t
his.getPairings=()=>(this.isIni
tialized(),this.pairings.values
),this.disconnect=async 
i=>{this.isInitialized(),await 
this.isValidDisconnect(i);const
{topic:s}=i;this.pairings.keys.
includes(s)&&(await this.sendRe
quest(s,"wc_pairingDelete",K("U
SER_DISCONNECTED")),await this.
deletePairing(s))},this.sendReq
uest=async(i,s,r)=>{const 
n=Ne(s,r),a=await this.core.cry
pto.encode(i,n),h=B[s].req;retu
rn this.core.history.set(i,n),t
his.core.relayer.publish(i,a,h)
,n.id},this.sendResult=async(i,
s,r)=>{const n=ze(i,r),a=await 
this.core.crypto.encode(s,n),h=
await this.core.history.get(s,i
),l=B[h.request.method].res;awa
it this.core.relayer.publish(s,
a,l),await this.core.history.re
solve(n)},this.sendError=async(
i,s,r)=>{const 
n=Vi(i,r),a=await this.core.cry
pto.encode(s,n),h=await this.co
re.history.get(s,i),l=B[h.reque
st.method]?B[h.request.method].
res:B.unregistered_method.res;a
wait this.core.relayer.publish(
s,a,l),await this.core.history.
resolve(n)},this.deletePairing=
async(i,s)=>{await this.core.re
layer.unsubscribe(i),await Prom
ise.all([this.pairings.delete(i
,K("USER_DISCONNECTED")),this.c
ore.crypto.deleteSymKey(i),s?Pr
omise.resolve():this.core.expir
er.del(i)])},this.cleanup=async
()=>{const i=this.pairings.getA
ll().filter(s=>Re(s.expiry));aw
ait Promise.all(i.map(s=>this.d
eletePairing(s.topic)))},this.o
nRelayEventRequest=i=>{const{to
pic:s,payload:r}=i;switch(r.met
hod){case"wc_pairingPing":retur
n this.onPairingPingRequest(s,r
);case"wc_pairingDelete":return
 this.onPairingDeleteRequest(s,
r);default:return this.onUnknow
nRpcMethodRequest(s,r)}},this.o
nRelayEventResponse=async i=>{c
onst{topic:s,payload:r}=i,n=(aw
ait this.core.history.get(s,r.i
d)).request.method;switch(n){ca
se"wc_pairingPing":return this.
onPairingPingResponse(s,r);defa
ult:return this.onUnknownRpcMet
hodResponse(n)}},this.onPairing
PingRequest=async(i,s)=>{const{
id:r}=s;try{this.isValidPing({t
opic:i}),await this.sendResult(
r,i,!0),this.events.emit(q.ping
,{id:r,topic:i})}catch(n){await
 this.sendError(r,i,n),this.log
ger.error(n)}},this.onPairingPi
ngResponse=(i,s)=>{const{id:r}=
s;setTimeout(()=>{qi(s)?this.ev
ents.emit(he("pairing_ping",r),
{}):Le(s)&&this.events.emit(he(
"pairing_ping",r),{error:s.erro
r})},500)},this.onPairingDelete
Request=async(i,s)=>{const{id:r
}=s;try{this.isValidDisconnect(
{topic:i}),await this.deletePai
ring(i),this.events.emit(q.dele
te,{id:r,topic:i})}catch(n){awa
it this.sendError(r,i,n),this.l
ogger.error(n)}},this.onUnknown
RpcMethodRequest=async(i,s)=>{c
onst{id:r,method:n}=s;try{if(th
is.registeredMethods.includes(n
))return;const a=K("WC_METHOD_U
NSUPPORTED",n);await this.sendE
rror(r,i,a),this.logger.error(a
)}catch(a){await this.sendError
(r,i,a),this.logger.error(a)}},
this.onUnknownRpcMethodResponse
=i=>{this.registeredMethods.inc
ludes(i)||this.logger.error(K("
WC_METHOD_UNSUPPORTED",i))},thi
s.isValidPair=i=>{var s;if(!ce(
i)){const{message:n}=c("MISSING
_OR_INVALID",`pair() params: 
${i}`);throw new Error(n)}if(!A
i(i.uri)){const{message:n}=c("M
ISSING_OR_INVALID",`pair() 
uri: ${i.uri}`);throw new 
Error(n)}const r=_e(i.uri);if(!
((s=r?.relay)!=null&&s.protocol
)){const{message:n}=c("MISSING_
OR_INVALID","pair() 
uri#relay-protocol");throw new 
Error(n)}if(!(r!=null&&r.symKey
)){const{message:n}=c("MISSING_
OR_INVALID","pair() 
uri#symKey");throw new Error(n)
}if(r!=null&&r.expiryTimestamp&
&R(r?.expiryTimestamp)<Date.now
()){const{message:n}=c("EXPIRED
","pair() URI has expired. 
Please try again with a new 
connection URI.");throw new Err
or(n)}},this.isValidPing=async 
i=>{if(!ce(i)){const{message:r}
=c("MISSING_OR_INVALID",`ping()
 params: ${i}`);throw new Error
(r)}const{topic:s}=i;await this
.isValidPairingTopic(s)},this.i
sValidDisconnect=async i=>{if(!
ce(i)){const{message:r}=c("MISS
ING_OR_INVALID",`disconnect() 
params: ${i}`);throw new Error(
r)}const{topic:s}=i;await this.
isValidPairingTopic(s)},this.is
ValidPairingTopic=async i=>{if(
!zi(i,!1)){const{message:s}=c("
MISSING_OR_INVALID",`pairing 
topic should be a string: 
${i}`);throw new Error(s)}if(!t
his.pairings.keys.includes(i)){
const{message:s}=c("NO_MATCHING
_KEY",`pairing topic doesn't 
exist: ${i}`);throw new Error(s
)}if(Re(this.pairings.get(i).ex
piry)){await this.deletePairing
(i);const{message:s}=c("EXPIRED
",`pairing topic: ${i}`);throw 
new Error(s)}},this.core=e,this
.logger=b(t,this.name),this.pai
rings=new Kt(this.core,this.log
ger,this.name,this.storagePrefi
x)}get context(){return v(this.
logger)}isInitialized(){if(!thi
s.initialized){const{message:e}
=c("NOT_INITIALIZED",this.name)
;throw new Error(e)}}registerRe
layerEvents(){this.core.relayer
.on(f.message,async e=>{const{t
opic:t,message:i}=e;if(!this.pa
irings.keys.includes(t)||this.i
gnoredPayloadTypes.includes(thi
s.core.crypto.getPayloadType(i)
))return;const s=await this.cor
e.crypto.decode(t,i);try{Oe(s)?
(this.core.history.set(t,s),thi
s.onRelayEventRequest({topic:t,
payload:s})):Ae(s)&&(await this
.core.history.resolve(s),await 
this.onRelayEventResponse({topi
c:t,payload:s}),this.core.histo
ry.delete(t,s.id))}catch(r){thi
s.logger.error(r)}})}registerEx
pirerEvents(){this.core.expirer
.on(C.expired,async e=>{const{t
opic:t}=Ni(e.target);t&&this.pa
irings.keys.includes(t)&&(await
 this.deletePairing(t,!0),this.
events.emit(q.expire,{topic:t})
)})}}class qt extends ai{constr
uctor(e,t){super(e,t),this.core
=e,this.logger=t,this.records=n
ew Map,this.events=new U,this.n
ame=It,this.version=Ct,this.cac
hed=[],this.initialized=!1,this
.storagePrefix=z,this.init=asyn
c()=>{this.initialized||(this.l
ogger.trace("Initialized"),awai
t this.restore(),this.cached.fo
rEach(i=>this.records.set(i.id,
i)),this.cached=[],this.registe
rEventListeners(),this.initiali
zed=!0)},this.set=(i,s,r)=>{if(
this.isInitialized(),this.logge
r.debug("Setting JSON-RPC 
request history record"),this.l
ogger.trace({type:"method",meth
od:"set",topic:i,request:s,chai
nId:r}),this.records.has(s.id))
return;const n={id:s.id,topic:i
,request:{method:s.method,param
s:s.params||null},chainId:r,exp
iry:J(W)};this.records.set(n.id
,n),this.persist(),this.events.
emit(I.created,n)},this.resolve
=async i=>{if(this.isInitialize
d(),this.logger.debug("Updating
 JSON-RPC response history reco
rd"),this.logger.trace({type:"m
ethod",method:"update",response
:i}),!this.records.has(i.id))re
turn;const s=await 
this.getRecord(i.id);typeof s.r
esponse>"u"&&(s.response=Le(i)?
{error:i.error}:{result:i.resul
t},this.records.set(s.id,s),thi
s.persist(),this.events.emit(I.
updated,s))},this.get=async(i,s
)=>(this.isInitialized(),this.l
ogger.debug("Getting record"),t
his.logger.trace({type:"method"
,method:"get",topic:i,id:s}),aw
ait this.getRecord(s)),this.del
ete=(i,s)=>{this.isInitialized(
),this.logger.debug("Deleting r
ecord"),this.logger.trace({type
:"method",method:"delete",id:s}
),this.values.forEach(r=>{if(r.
topic===i){if(typeof s<"u"&&r.i
d!==s)return;this.records.delet
e(r.id),this.events.emit(I.dele
ted,r)}}),this.persist()},this.
exists=async(i,s)=>(this.isInit
ialized(),this.records.has(s)?(
await this.getRecord(s)).topic=
==i:!1),this.on=(i,s)=>{this.ev
ents.on(i,s)},this.once=(i,s)=>
{this.events.once(i,s)},this.of
f=(i,s)=>{this.events.off(i,s)}
,this.removeListener=(i,s)=>{th
is.events.removeListener(i,s)},
this.logger=b(t,this.name)}get 
context(){return 
v(this.logger)}get 
storageKey(){return this.storag
ePrefix+this.version+this.core.
customStoragePrefix+"//"+this.n
ame}get size(){return 
this.records.size}get 
keys(){return Array.from(this.r
ecords.keys())}get 
values(){return Array.from(this
.records.values())}get 
pending(){const e=[];return thi
s.values.forEach(t=>{if(typeof 
t.response<"u")return;const i={
topic:t.topic,request:Ne(t.requ
est.method,t.request.params,t.i
d),chainId:t.chainId};return 
e.push(i)}),e}async 
setJsonRpcRecords(e){await this
.core.storage.setItem(this.stor
ageKey,e)}async 
getJsonRpcRecords(){return 
await this.core.storage.getItem
(this.storageKey)}getRecord(e){
this.isInitialized();const t=th
is.records.get(e);if(!t){const{
message:i}=c("NO_MATCHING_KEY",
`${this.name}: ${e}`);throw 
new Error(i)}return t}async 
persist(){await this.setJsonRpc
Records(this.values),this.event
s.emit(I.sync)}async 
restore(){try{const e=await thi
s.getJsonRpcRecords();if(typeof
 e>"u"||!e.length)return;if(thi
s.records.size){const{message:t
}=c("RESTORE_WILL_OVERRIDE",thi
s.name);throw 
this.logger.error(t),new Error(
t)}this.cached=e,this.logger.de
bug(`Successfully Restored 
records for ${this.name}`),this
.logger.trace({type:"method",me
thod:"restore",records:this.val
ues})}catch(e){this.logger.debu
g(`Failed to Restore records 
for ${this.name}`),this.logger.
error(e)}}registerEventListener
s(){this.events.on(I.created,e=
>{const t=I.created;this.logger
.info(`Emitting ${t}`),this.log
ger.debug({type:"event",event:t
,record:e})}),this.events.on(I.
updated,e=>{const t=I.updated;t
his.logger.info(`Emitting ${t}`
),this.logger.debug({type:"even
t",event:t,record:e})}),this.ev
ents.on(I.deleted,e=>{const t=I
.deleted;this.logger.info(`Emit
ting ${t}`),this.logger.debug({
type:"event",event:t,record:e})
}),this.core.heartbeat.on(Y.pul
se,()=>{this.cleanup()})}cleanu
p(){try{this.isInitialized();le
t e=!1;this.records.forEach(t=>
{R(t.expiry||0)-Date.now()<=0&&
(this.logger.info(`Deleting 
expired history log: ${t.id}`),
this.records.delete(t.id),this.
events.emit(I.deleted,t,!1),e=!
0)}),e&&this.persist()}catch(e)
{this.logger.warn(e)}}isInitial
ized(){if(!this.initialized){co
nst{message:e}=c("NOT_INITIALIZ
ED",this.name);throw new 
Error(e)}}}class jt extends hi{
constructor(e,t){super(e,t),thi
s.core=e,this.logger=t,this.exp
irations=new 
Map,this.events=new U,this.name
=Tt,this.version=_t,this.cached
=[],this.initialized=!1,this.st
oragePrefix=z,this.init=async()
=>{this.initialized||(this.logg
er.trace("Initialized"),await t
his.restore(),this.cached.forEa
ch(i=>this.expirations.set(i.ta
rget,i)),this.cached=[],this.re
gisterEventListeners(),this.ini
tialized=!0)},this.has=i=>{try{
const 
s=this.formatTarget(i);return 
typeof this.getExpiration(s)<"u
"}catch{return!1}},this.set=(i,
s)=>{this.isInitialized();const
 r=this.formatTarget(i),n={targ
et:r,expiry:s};this.expirations
.set(r,n),this.checkExpiry(r,n)
,this.events.emit(C.created,{ta
rget:r,expiration:n})},this.get
=i=>{this.isInitialized();const
 s=this.formatTarget(i);return 
this.getExpiration(s)},this.del
=i=>{if(this.isInitialized(),th
is.has(i)){const s=this.formatT
arget(i),r=this.getExpiration(s
);this.expirations.delete(s),th
is.events.emit(C.deleted,{targe
t:s,expiration:r})}},this.on=(i
,s)=>{this.events.on(i,s)},this
.once=(i,s)=>{this.events.once(
i,s)},this.off=(i,s)=>{this.eve
nts.off(i,s)},this.removeListen
er=(i,s)=>{this.events.removeLi
stener(i,s)},this.logger=b(t,th
is.name)}get context(){return 
v(this.logger)}get 
storageKey(){return this.storag
ePrefix+this.version+this.core.
customStoragePrefix+"//"+this.n
ame}get length(){return 
this.expirations.size}get 
keys(){return Array.from(this.e
xpirations.keys())}get 
values(){return Array.from(this
.expirations.values())}formatTa
rget(e){if(typeof 
e=="string")return 
Li(e);if(typeof 
e=="number")return Ui(e);const{
message:t}=c("UNKNOWN_TYPE",`Ta
rget type: ${typeof e}`);throw 
new Error(t)}async 
setExpirations(e){await this.co
re.storage.setItem(this.storage
Key,e)}async 
getExpirations(){return await t
his.core.storage.getItem(this.s
torageKey)}async 
persist(){await this.setExpirat
ions(this.values),this.events.e
mit(C.sync)}async 
restore(){try{const e=await thi
s.getExpirations();if(typeof e>
"u"||!e.length)return;if(this.e
xpirations.size){const{message:
t}=c("RESTORE_WILL_OVERRIDE",th
is.name);throw 
this.logger.error(t),new Error(
t)}this.cached=e,this.logger.de
bug(`Successfully Restored 
expirations for ${this.name}`),
this.logger.trace({type:"method
",method:"restore",expirations:
this.values})}catch(e){this.log
ger.debug(`Failed to Restore 
expirations for ${this.name}`),
this.logger.error(e)}}getExpira
tion(e){const t=this.expiration
s.get(e);if(!t){const{message:i
}=c("NO_MATCHING_KEY",`${this.n
ame}: ${e}`);throw 
this.logger.warn(i),new 
Error(i)}return t}checkExpiry(e
,t){const{expiry:i}=t;R(i)-Date
.now()<=0&&this.expire(e,t)}exp
ire(e,t){this.expirations.delet
e(e),this.events.emit(C.expired
,{target:e,expiration:t})}check
Expirations(){this.core.relayer
.connected&&this.expirations.fo
rEach((e,t)=>this.checkExpiry(t
,e))}registerEventListeners(){t
his.core.heartbeat.on(Y.pulse,(
)=>this.checkExpirations()),thi
s.events.on(C.created,e=>{const
 t=C.created;this.logger.info(`
Emitting ${t}`),this.logger.deb
ug({type:"event",event:t,data:e
}),this.persist()}),this.events
.on(C.expired,e=>{const t=C.exp
ired;this.logger.info(`Emitting
 ${t}`),this.logger.debug({type
:"event",event:t,data:e}),this.
persist()}),this.events.on(C.de
leted,e=>{const t=C.deleted;thi
s.logger.info(`Emitting ${t}`),
this.logger.debug({type:"event"
,event:t,data:e}),this.persist(
)})}isInitialized(){if(!this.in
itialized){const{message:e}=c("
NOT_INITIALIZED",this.name);thr
ow new Error(e)}}}class Gt 
extends ci{constructor(e,t){sup
er(e,t),this.projectId=e,this.l
ogger=t,this.name=ee,this.initi
alized=!1,this.queue=[],this.ve
rifyDisabled=!1,this.init=async
 i=>{if(this.verifyDisabled||Fi
()||!$i())return;const s=this.g
etVerifyUrl(i?.verifyUrl);this.
verifyUrl!==s&&this.removeIfram
e(),this.verifyUrl=s;try{await 
this.createIframe()}catch(r){th
is.logger.info(`Verify iframe 
failed to load: ${this.verifyUr
l}`),this.logger.info(r)}if(!th
is.initialized){this.removeIfra
me(),this.verifyUrl=te;try{awai
t this.createIframe()}catch(r){
this.logger.info(`Verify 
iframe failed to load: ${this.v
erifyUrl}`),this.logger.info(r)
,this.verifyDisabled=!0}}},this
.register=async i=>{this.initia
lized?this.sendPost(i.attestati
onId):(this.addToQueue(i.attest
ationId),await this.init())},th
is.resolve=async i=>{if(this.is
DevEnv)return"";const s=this.ge
tVerifyUrl(i?.verifyUrl);let 
r;try{r=await this.fetchAttesta
tion(i.attestationId,s)}catch(n
){this.logger.info(`failed to 
resolve attestation: 
${i.attestationId} from url: ${
s}`),this.logger.info(n),r=awai
t this.fetchAttestation(i.attes
tationId,te)}return r},this.fet
chAttestation=async(i,s)=>{this
.logger.info(`resolving 
attestation: ${i} from url: 
${s}`);const r=this.startAbortT
imer(X*2),n=await fetch(`${s}/a
ttestation/${i}`,{signal:this.a
bortController.signal});return 
clearTimeout(r),n.status===200?
await n.json():void 0},this.add
ToQueue=i=>{this.queue.push(i)}
,this.processQueue=()=>{this.qu
eue.length!==0&&(this.queue.for
Each(i=>this.sendPost(i)),this.
queue=[])},this.sendPost=i=>{va
r s;try{if(!this.iframe)return;
(s=this.iframe.contentWindow)==
null||s.postMessage(i,"*"),this
.logger.info(`postMessage 
sent: ${i} ${this.verifyUrl}`)}
catch{}},this.createIframe=asyn
c()=>{let i;const s=r=>{r.data=
=="verify_ready"&&(this.onInit(
),window.removeEventListener("m
essage",s),i())};await 
Promise.race([new 
Promise(r=>{const n=document.ge
tElementById(ee);if(n)return th
is.iframe=n,this.onInit(),r();w
indow.addEventListener("message
",s);const a=document.createEle
ment("iframe");a.id=ee,a.src=`$
{this.verifyUrl}/${this.project
Id}`,a.style.display="none",doc
ument.body.append(a),this.ifram
e=a,i=r}),new Promise((r,n)=>se
tTimeout(()=>{window.removeEven
tListener("message",s),n("verif
y iframe load timeout")},R(Se))
)])},this.onInit=()=>{this.init
ialized=!0,this.processQueue()}
,this.removeIframe=()=>{this.if
rame&&(this.iframe.remove(),thi
s.iframe=void 0,this.initialize
d=!1)},this.getVerifyUrl=i=>{le
t s=i||M;return Rt.includes(s)|
|(this.logger.info(`verify 
url: ${s}, not included in 
trusted list, assigning 
default: ${M}`),s=M),s},this.lo
gger=b(t,this.name),this.verify
Url=M,this.abortController=new 
AbortController,this.isDevEnv=a
e()&&process.env.IS_VITEST}get 
context(){return v(this.logger)
}startAbortTimer(e){return 
this.abortController=new AbortC
ontroller,setTimeout(()=>this.a
bortController.abort(),R(e))}}c
lass Yt extends li{constructor(
e,t){super(e,t),this.projectId=
e,this.logger=t,this.context=St
,this.registerDeviceToken=async
 i=>{const{clientId:s,token:r,n
otificationType:n,enableEncrypt
ed:a=!1}=i,h=`${Pt}/${this.proj
ectId}/clients`;await Yi(h,{met
hod:"POST",headers:{"Content-Ty
pe":"application/json"},body:JS
ON.stringify({client_id:s,type:
n,token:r,always_raw:a})})},thi
s.logger=b(t,this.context)}}var
 Ur=Object.defineProperty,Ht=Ob
ject.getOwnPropertySymbols,Fr=O
bject.prototype.hasOwnProperty,
$r=Object.prototype.propertyIsE
numerable,Jt=(o,e,t)=>e in o?Ur
(o,e,{enumerable:!0,configurabl
e:!0,writable:!0,value:t}):o[e]
=t,Xt=(o,e)=>{for(var t in e||(
e={}))Fr.call(e,t)&&Jt(o,t,e[t]
);if(Ht)for(var t of Ht(e))$r.c
all(e,t)&&Jt(o,t,e[t]);return 
o};class ie extends 
ui{constructor(e){var t;super(e
),this.protocol=De,this.version
=Qe,this.name=Z,this.events=new
 U,this.initialized=!1,this.on=
(n,a)=>this.events.on(n,a),this
.once=(n,a)=>this.events.once(n
,a),this.off=(n,a)=>this.events
.off(n,a),this.removeListener=(
n,a)=>this.events.removeListene
r(n,a),this.projectId=e?.projec
tId,this.relayUrl=e?.relayUrl||
me,this.customStoragePrefix=e!=
null&&e.customStoragePrefix?`:$
{e.customStoragePrefix}`:"";con
st i=Ee({level:typeof e?.logger
=="string"&&e.logger?e.logger:Z
e.logger}),{logger:s,chunkLogge
rController:r}=ti({opts:i,maxSi
zeInBytes:e?.maxLogBlobSizeInBy
tes,loggerOverride:e?.logger});
this.logChunkController=r,(t=th
is.logChunkController)!=null&&t
.downloadLogsBlobInBrowser&&(wi
ndow.downloadLogsBlobInBrowser=
async()=>{var n,a;(n=this.logCh
unkController)!=null&&n.downloa
dLogsBlobInBrowser&&((a=this.lo
gChunkController)==null||a.down
loadLogsBlobInBrowser({clientId
:await this.crypto.getClientId(
)}))}),this.logger=b(s,this.nam
e),this.heartbeat=new 
Zt,this.crypto=new Ot(this,this
.logger,e?.keychain),this.histo
ry=new qt(this,this.logger),thi
s.expirer=new jt(this,this.logg
er),this.storage=e!=null&&e.sto
rage?e.storage:new Qt(Xt(Xt({},
et),e?.storageOptions)),this.re
layer=new $t({core:this,logger:
this.logger,relayUrl:this.relay
Url,projectId:this.projectId}),
this.pairing=new Vt(this,this.l
ogger),this.verify=new Gt(this.
projectId||"",this.logger),this
.echoClient=new Yt(this.project
Id||"",this.logger)}static 
async init(e){const t=new 
ie(e);await 
t.initialize();const i=await 
t.crypto.getClientId();return 
await 
t.storage.setItem(mt,i),t}get 
context(){return 
v(this.logger)}async start(){th
is.initialized||await 
this.initialize()}async 
getLogsBlob(){var e;return(e=th
is.logChunkController)==null?vo
id 
0:e.logsToBlob({clientId:await 
this.crypto.getClientId()})}asy
nc initialize(){this.logger.tra
ce("Initialized");try{await 
this.crypto.init(),await 
this.history.init(),await 
this.expirer.init(),await 
this.relayer.init(),await 
this.heartbeat.init(),await thi
s.pairing.init(),this.initializ
ed=!0,this.logger.info("Core 
Initialization 
Success")}catch(e){throw 
this.logger.warn(`Core 
Initialization Failure at 
epoch ${Date.now()}`,e),this.lo
gger.error(e.message),e}}}const
 Br=ie;export{Z as 
CORE_CONTEXT,Ze as 
CORE_DEFAULT,De as 
CORE_PROTOCOL,et as 
CORE_STORAGE_OPTIONS,z as 
CORE_STORAGE_PREFIX,Qe as 
CORE_VERSION,ye as 
CRYPTO_CLIENT_SEED,tt as 
CRYPTO_CONTEXT,it as 
CRYPTO_JWT_TTL,Br as Core,Ot 
as Crypto,St as 
ECHO_CONTEXT,Pt as ECHO_URL,Tt 
as EXPIRER_CONTEXT,wr as 
EXPIRER_DEFAULT_TTL,C as 
EXPIRER_EVENTS,_t as 
EXPIRER_STORAGE_VERSION,Yt as 
EchoClient,jt as Expirer,It as 
HISTORY_CONTEXT,I as 
HISTORY_EVENTS,Ct as 
HISTORY_STORAGE_VERSION,qt as 
JsonRpcHistory,st as 
KEYCHAIN_CONTEXT,rt as 
KEYCHAIN_STORAGE_VERSION,xt as 
KeyChain,nt as 
MESSAGES_CONTEXT,ot as 
MESSAGES_STORAGE_VERSION,At as 
MessageTracker,wt as 
PAIRING_CONTEXT,Er as 
PAIRING_DEFAULT_TTL,q as 
PAIRING_EVENTS,B as 
PAIRING_RPC_OPTS,vt as 
PAIRING_STORAGE_VERSION,Et as P
ENDING_SUB_RESOLUTION_TIMEOUT,h
t as PUBLISHER_CONTEXT,at as 
PUBLISHER_DEFAULT_TTL,Vt as 
Pairing,ut as 
RELAYER_CONTEXT,lt as 
RELAYER_DEFAULT_LOGGER,ct as 
RELAYER_DEFAULT_PROTOCOL,me as 
RELAYER_DEFAULT_RELAY_URL,f as 
RELAYER_EVENTS,be as 
RELAYER_FAILOVER_RELAY_URL,E 
as RELAYER_PROVIDER_EVENTS,gt 
as 
RELAYER_RECONNECT_TIMEOUT,pt 
as RELAYER_SDK_VERSION,br as 
RELAYER_STORAGE_OPTIONS,dt as 
RELAYER_SUBSCRIBER_SUFFIX,Dt 
as RELAYER_TRANSPORT_CUTOFF,$t 
as Relayer,yt as 
STORE_STORAGE_VERSION,bt as 
SUBSCRIBER_CONTEXT,fr as 
SUBSCRIBER_DEFAULT_TTL,S as 
SUBSCRIBER_EVENTS,ft as 
SUBSCRIBER_STORAGE_VERSION,Kt 
as Store,Lt as Subscriber,Rt 
as TRUSTED_VERIFY_URLS,ee as 
VERIFY_CONTEXT,te as 
VERIFY_FALLBACK_SERVER,M as 
VERIFY_SERVER,Gt as Verify,mt 
as WALLETCONNECT_CLIENT_ID,ie 
as default};[39m
 [90m   |[39m                
                               
                               
                               
                               
                               
                               
                               
                               
                               
                               
                               
                               
                               
                               
                               
                               
                               
                               
                               
                               
                               
                               
                               
                               
                               
                               
                               
                               
                               
                               
                               
                               
                               
                               
                               
                               
                               
                               
                               
                               
                               
                               
                               
                               
                               
                               
                               
                               
                               
                               
                               
                               
                               
                               
                               
                               
                               
                               
                               
                               
                               
                               
                               
                               
                               
                               
                               
                               
                               
             [31m[1m^[22m[3
9m[31m[1m^[22m[39m[31m[1m
^[22m[39m[31m[1m^[22m[39m
[31m[1m^[22m[39m[31m[1m^
[22m[39m[31m[1m^[22m[39m[
31m[1m^[22m[39m[31m[1m^[2
2m[39m[31m[1m^[22m[39m[31
m[1m^[22m[39m[31m[1m^[22m
[39m[31m[1m^[22m[39m[31m
[1m^[22m[39m[31m[1m^[22m[
39m[31m[1m^[22m[39m[31m[1
m^[22m[39m[31m[1m^[22m[39
m[31m[1m^[22m[39m[31m[1m^
[22m[39m[31m[1m^[22m[39m
[31m[1m^[22m[39m[31m[1m^[
22m[39m[31m[1m^[22m[39m[3
1m[1m^[22m[39m[31m[1m^[22
m[39m[31m[1m^[22m[39m[31m
[1m^[22m[39m[31m[1m^[22m
[39m[31m[1m^[22m[39m[31m[
1m^[22m[39m[31m[1m^[22m[3
9m[31m[1m^[22m[39m[31m[1m
^[22m[39m[31m[1m^[22m[39m
 [90m 2 |[39m [90m//# source
MappingURL=index.es.js.map[39m
 [90m 3 |[39m[0m



Import traces:
  Client Component Browser:
    ./node_modules/@walletconne
ct/core/dist/index.es.js 
[Client Component Browser]
    ./node_modules/@walletconne
ct/sign-client/dist/index.es.js
 [Client Component Browser]
    ./node_modules/@walletconne
ct/universal-provider/dist/inde
x.es.js [Client Component 
Browser]
    ./node_modules/@walletconne
ct/ethereum-provider/dist/index
.es.js [Client Component 
Browser]
    ./node_modules/@web3modal/e
thers/dist/esm/src/client.js 
[Client Component Browser]
    ./node_modules/@web3modal/e
thers/dist/esm/exports/react.js
 [Client Component Browser]
    ./hooks/useWeb3Manager.ts 
[Client Component Browser]
    ./components/EligibilityFlo
w.tsx [Client Component 
Browser]
    ./app/page.tsx [Client 
Component Browser]
    ./app/page.tsx [Server 
Component]

  Client Component SSR:
    ./node_modules/@walletconne
ct/core/dist/index.es.js 
[Client Component SSR]
    ./node_modules/@walletconne
ct/sign-client/dist/index.es.js
 [Client Component SSR]
    ./node_modules/@walletconne
ct/universal-provider/dist/inde
x.es.js [Client Component SSR]
    ./node_modules/@walletconne
ct/ethereum-provider/dist/index
.es.js [Client Component SSR]
    ./node_modules/@web3modal/e
thers/dist/esm/src/client.js 
[Client Component SSR]
    ./node_modules/@web3modal/e
thers/dist/esm/exports/react.js
 [Client Component SSR]
    ./hooks/useWeb3Manager.ts 
[Client Component SSR]
    ./components/EligibilityFlo
w.tsx [Client Component SSR]
    ./app/page.tsx [Client 
Component SSR]
    ./app/page.tsx [Server 
Component]

https://nextjs.org/docs/message
s/module-not-found


./node_modules/@coinbase/wallet
-sdk/dist/vendor-js/eth-eip712-
util/util.js:4:26
Module not found: Can't 
resolve 'keccak/js'
[0m [90m 2 |[39m [90m// 
Original code licensed under 
the Mozilla Public License 
Version 2.0[39m
 [90m 3 |[39m
[31m[1m>[22m[39m[90m 4 
|[39m [36mconst[39m 
createKeccakHash [33m=[39m 
require([32m'keccak/js'[39m)
 [90m   |[39m                
          [31m[1m^[22m[39m
[31m[1m^[22m[39m[31m[1m^[
22m[39m[31m[1m^[22m[39m[3
1m[1m^[22m[39m[31m[1m^[22
m[39m[31m[1m^[22m[39m[31m
[1m^[22m[39m[31m[1m^[22m
[39m[31m[1m^[22m[39m[31m[
1m^[22m[39m[31m[1m^[22m[3
9m[31m[1m^[22m[39m[31m[1m
^[22m[39m[31m[1m^[22m[39m
[31m[1m^[22m[39m[31m[1m^
[22m[39m[31m[1m^[22m[39m[
31m[1m^[22m[39m[31m[1m^[2
2m[39m
 [90m 5 |[39m 
[36mconst[39m [33mBN[39m 
[33m=[39m 
require([32m'bn.js'[39m)
 [90m 6 |[39m
 [90m 7 |[39m 
[90m/**[39m[0m



Import trace:
  Client Component Browser:
    ./node_modules/@coinbase/wa
llet-sdk/dist/vendor-js/eth-eip
712-util/util.js [Client 
Component Browser]
    ./node_modules/@coinbase/wa
llet-sdk/dist/vendor-js/eth-eip
712-util/index.js [Client 
Component Browser]
    ./node_modules/@coinbase/wa
llet-sdk/dist/provider/Coinbase
WalletProvider.js [Client 
Component Browser]
    ./node_modules/@coinbase/wa
llet-sdk/dist/index.js [Client 
Component Browser]
    ./node_modules/@web3modal/e
thers/dist/esm/src/utils/defaul
tConfig.js [Client Component 
Browser]
    ./node_modules/@web3modal/e
thers/dist/esm/exports/react.js
 [Client Component Browser]
    ./hooks/useWeb3Manager.ts 
[Client Component Browser]
    ./components/EligibilityFlo
w.tsx [Client Component 
Browser]
    ./app/page.tsx [Client 
Component Browser]
    ./app/page.tsx [Server 
Component]

https://nextjs.org/docs/message
s/module-not-found


./node_modules/@walletconnect/m
odal-ui/dist/index.js:1:1
Module not found: Can't 
resolve 'lit'
[0m[31m[1m>[22m[39m[90m 
1 |[39m [36mimport[39m{css 
[36mas[39m g[33m,[39m[33mL
itElement[39m [36mas[39m 
w[33m,[39mhtml [36mas[39m 
n[33m,[39msvg [36mas[39m pe
}[36mfrom[39m[32m"lit"[39m
[33m;[39m[36mimport[39m{prop
erty [36mas[39m 
d[33m,[39mcustomElement 
[36mas[39m p[33m,[39mstate 
[36mas[39m [33mI[39m}[36mf
rom[39m[32m"lit/decorators.js
"[39m[33m;[39m[36mimport[3
9m{classMap [36mas[39m [33mP
[39m}[36mfrom[39m[32m"lit/d
irectives/class-map.js"[39m[3
3m;[39m[36mimport[39m{[33mT
hemeCtrl[39m [36mas[39m [33
mX[39m[33m,[39m[33mModalCtr
l[39m [36mas[39m ge[33m,[3
9m[33mRouterCtrl[39m 
[36mas[39m x[33m,[39m[33mC
onfigCtrl[39m [36mas[39m z[
33m,[39m[33mExplorerCtrl[39m
 [36mas[39m [33mW[39m[33m,
[39m[33mCoreUtil[39m 
[36mas[39m m[33m,[39m[33mO
ptionsCtrl[39m [36mas[39m [
33mR[39m[33m,[39m[33mToastC
trl[39m [36mas[39m [33mN[3
9m[33m,[39m[33mEventsCtrl[3
9m [36mas[39m [33mXe[39m}[
36mfrom[39m[32m"@walletconnec
t/modal-core"[39m[33m;[39m[
36mimport[39m{svg 
[36mas[39m [33mC[39m}[36mf
rom[39m[32m"lit-html"[39m[3
3m;[39m[36mimport[39m{animat
e [36mas[39m [33mH[39m}[36
mfrom[39m[32m"motion"[39m[3
3m;[39m[36mimport[39m{ifDefi
ned [36mas[39m k}[36mfrom[3
9m[32m"lit/directives/if-defin
ed.js"[39m[33m;[39m[36mimpo
rt[39m [33mJe[39m [36mfrom
[39m[32m"qrcode"[39m[33m;[3
9m[36mvar[39m et[33m=[39m[
33mObject[39m[33m.[39mdefine
Property[33m,[39m[33mBe[39m
[33m=[39m[33mObject[39m[33
m.[39mgetOwnPropertySymbols[3
3m,[39mtt[33m=[39m[33mObjec
t[39m[33m.[39mprototype[33m
.[39mhasOwnProperty[33m,[39m
ot[33m=[39m[33mObject[39m[
33m.[39mprototype[33m.[39mpr
opertyIsEnumerable[33m,[39m[
33mUe[39m[33m=[39m(e[33m,[
39mo[33m,[39mr)[33m=>[39mo 
[36min[39m e[33m?[39met(e[
33m,[39mo[33m,[39m{enumerabl
e[33m:[39m[33m![39m[35m0[
39m[33m,[39mconfigurable[33m
:[39m[33m![39m[35m0[39m[3
3m,[39mwritable[33m:[39m[33
m![39m[35m0[39m[33m,[39mva
lue[33m:[39mr})[33m:[39me[o
][33m=[39mr[33m,[39mve[33m
=[39m(e[33m,[39mo)[33m=>[3
9m{[36mfor[39m([36mvar[39m 
r [36min[39m o[33m||[39m(o
[33m=[39m{}))tt[33m.[39mcall
(o[33m,[39mr)[33m&&[39m[33
mUe[39m(e[33m,[39mr[33m,[3
9mo[r])[33m;[39m[36mif[39m(
[33mBe[39m)[36mfor[39m([36
mvar[39m r [36mof[39m [33mB
e[39m(o))ot[33m.[39mcall(o[
33m,[39mr)[33m&&[39m[33mUe
[39m(e[33m,[39mr[33m,[39mo[
r])[33m;[39m[36mreturn[39m 
e}[33m;[39m[36mfunction[39m
 rt(){[36mvar[39m 
e[33m;[39m[36mconst[39m o[
33m=[39m(e[33m=[39m[33mX[3
9m[33m.[39mstate[33m.[39mth
emeMode)[33m!=[39m[36mnull[
39m[33m?[39me[33m:[39m[32m
"dark"[39m[33m,[39mr[33m=[
39m{light[33m:[39m{foreground
[33m:[39m{[35m1[39m[33m:[
39m[32m"rgb(20,20,20)"[39m[3
3m,[39m[35m2[39m[33m:[39m
[32m"rgb(121,134,134)"[39m[33
m,[39m[35m3[39m[33m:[39m[
32m"rgb(158,169,169)"[39m}[33
m,[39mbackground[33m:[39m{[
35m1[39m[33m:[39m[32m"rgb(2
55,255,255)"[39m[33m,[39m[3
5m2[39m[33m:[39m[32m"rgb(24
1,243,243)"[39m[33m,[39m[35
m3[39m[33m:[39m[32m"rgb(228
,231,231)"[39m}[33m,[39mover
lay[33m:[39m[32m"rgba(0,0,0,
0.1)"[39m}[33m,[39mdark[33m
:[39m{foreground[33m:[39m{[
35m1[39m[33m:[39m[32m"rgb(2
28,231,231)"[39m[33m,[39m[3
5m2[39m[33m:[39m[32m"rgb(14
8,158,158)"[39m[33m,[39m[35
m3[39m[33m:[39m[32m"rgb(110
,119,119)"[39m}[33m,[39mback
ground[33m:[39m{[35m1[39m[
33m:[39m[32m"rgb(20,20,20)"[
39m[33m,[39m[35m2[39m[33m:
[39m[32m"rgb(39,42,42)"[39m
[33m,[39m[35m3[39m[33m:[39
m[32m"rgb(59,64,64)"[39m}[33
m,[39moverlay[33m:[39m[32m"
rgba(255,255,255,0.1)"[39m}}[o
][33m;[39m[36mreturn[39m{[
32m"--wcm-color-fg-1"[39m[33m
:[39mr[33m.[39mforeground[[
35m1[39m][33m,[39m[32m"--wc
m-color-fg-2"[39m[33m:[39mr
[33m.[39mforeground[[35m2[39
m][33m,[39m[32m"--wcm-color-
fg-3"[39m[33m:[39mr[33m.[3
9mforeground[[35m3[39m][33m,
[39m[32m"--wcm-color-bg-1"[3
9m[33m:[39mr[33m.[39mbackgr
ound[[35m1[39m][33m,[39m[3
2m"--wcm-color-bg-2"[39m[33m:
[39mr[33m.[39mbackground[[3
5m2[39m][33m,[39m[32m"--wcm
-color-bg-3"[39m[33m:[39mr[
33m.[39mbackground[[35m3[39m
][33m,[39m[32m"--wcm-color-o
verlay"[39m[33m:[39mr[33m.
[39moverlay}}[36mfunction[39m
 [33mHe[39m(){[36mreturn[39
m{[32m"--wcm-accent-color"[39
m[33m:[39m[32m"#3396FF"[39m
[33m,[39m[32m"--wcm-accent-f
ill-color"[39m[33m:[39m[32m
"#FFFFFF"[39m[33m,[39m[32m"
--wcm-z-index"[39m[33m:[39m
[32m"89"[39m[33m,[39m[32m"-
-wcm-background-color"[39m[33
m:[39m[32m"#3396FF"[39m[33m
,[39m[32m"--wcm-background-bo
rder-radius"[39m[33m:[39m[3
2m"8px"[39m[33m,[39m[32m"--
wcm-container-border-radius"[3
9m[33m:[39m[32m"30px"[39m[
33m,[39m[32m"--wcm-wallet-ico
n-border-radius"[39m[33m:[39
m[32m"15px"[39m[33m,[39m[3
2m"--wcm-wallet-icon-large-bord
er-radius"[39m[33m:[39m[32m
"30px"[39m[33m,[39m[32m"--w
cm-wallet-icon-small-border-rad
ius"[39m[33m:[39m[32m"7px"
[39m[33m,[39m[32m"--wcm-inpu
t-border-radius"[39m[33m:[39
m[32m"28px"[39m[33m,[39m[3
2m"--wcm-button-border-radius"
[39m[33m:[39m[32m"10px"[39m
[33m,[39m[32m"--wcm-notifica
tion-border-radius"[39m[33m:
[39m[32m"36px"[39m[33m,[39m
[32m"--wcm-secondary-button-bo
rder-radius"[39m[33m:[39m[3
2m"28px"[39m[33m,[39m[32m"-
-wcm-icon-button-border-radius"
[39m[33m:[39m[32m"50%"[39m
[33m,[39m[32m"--wcm-button-h
over-highlight-border-radius"[
39m[33m:[39m[32m"10px"[39m
[33m,[39m[32m"--wcm-text-big-
bold-size"[39m[33m:[39m[32m
"20px"[39m[33m,[39m[32m"--w
cm-text-big-bold-weight"[39m[
33m:[39m[32m"600"[39m[33m,
[39m[32m"--wcm-text-big-bold-l
ine-height"[39m[33m:[39m[32
m"24px"[39m[33m,[39m[32m"--
wcm-text-big-bold-letter-spacin
g"[39m[33m:[39m[32m"-0.03em
"[39m[33m,[39m[32m"--wcm-te
xt-big-bold-text-transform"[39
m[33m:[39m[32m"none"[39m[3
3m,[39m[32m"--wcm-text-xsmall
-bold-size"[39m[33m:[39m[32
m"10px"[39m[33m,[39m[32m"--
wcm-text-xsmall-bold-weight"[3
9m[33m:[39m[32m"700"[39m[3
3m,[39m[32m"--wcm-text-xsmall
-bold-line-height"[39m[33m:[
39m[32m"12px"[39m[33m,[39m
[32m"--wcm-text-xsmall-bold-let
ter-spacing"[39m[33m:[39m[3
2m"0.02em"[39m[33m,[39m[32m
"--wcm-text-xsmall-bold-text-tr
ansform"[39m[33m:[39m[32m"u
ppercase"[39m[33m,[39m[32m"
--wcm-text-xsmall-regular-size"
[39m[33m:[39m[32m"12px"[39
m[33m,[39m[32m"--wcm-text-xs
mall-regular-weight"[39m[33m:
[39m[32m"600"[39m[33m,[39m
[32m"--wcm-text-xsmall-regular
-line-height"[39m[33m:[39m[
32m"14px"[39m[33m,[39m[32m"
--wcm-text-xsmall-regular-lette
r-spacing"[39m[33m:[39m[32m
"-0.03em"[39m[33m,[39m[32m"
--wcm-text-xsmall-regular-text-
transform"[39m[33m:[39m[32m
"none"[39m[33m,[39m[32m"--w
cm-text-small-thin-size"[39m[
33m:[39m[32m"14px"[39m[33m,
[39m[32m"--wcm-text-small-thi
n-weight"[39m[33m:[39m[32m"
500"[39m[33m,[39m[32m"--wcm
-text-small-thin-line-height"[
39m[33m:[39m[32m"16px"[39m
[33m,[39m[32m"--wcm-text-smal
l-thin-letter-spacing"[39m[33
m:[39m[32m"-0.03em"[39m[33m
,[39m[32m"--wcm-text-small-th
in-text-transform"[39m[33m:[
39m[32m"none"[39m[33m,[39m
[32m"--wcm-text-small-regular-s
ize"[39m[33m:[39m[32m"14px"
[39m[33m,[39m[32m"--wcm-tex
t-small-regular-weight"[39m[3
3m:[39m[32m"600"[39m[33m,[
39m[32m"--wcm-text-small-regul
ar-line-height"[39m[33m:[39m
[32m"16px"[39m[33m,[39m[32
m"--wcm-text-small-regular-lett
er-spacing"[39m[33m:[39m[32
m"-0.03em"[39m[33m,[39m[32m
"--wcm-text-small-regular-text-
transform"[39m[33m:[39m[32m
"none"[39m[33m,[39m[32m"--w
cm-text-medium-regular-size"[3
9m[33m:[39m[32m"16px"[39m[
33m,[39m[32m"--wcm-text-mediu
m-regular-weight"[39m[33m:[3
9m[32m"600"[39m[33m,[39m[3
2m"--wcm-text-medium-regular-li
ne-height"[39m[33m:[39m[32m
"20px"[39m[33m,[39m[32m"--w
cm-text-medium-regular-letter-s
pacing"[39m[33m:[39m[32m"-0
.03em"[39m[33m,[39m[32m"--w
cm-text-medium-regular-text-tra
nsform"[39m[33m:[39m[32m"no
ne"[39m[33m,[39m[32m"--wcm-
font-family"[39m[33m:[39m[3
2m"-apple-system, system-ui, 
BlinkMacSystemFont, 'Segoe 
UI', Roboto, Ubuntu, 
'Helvetica Neue', sans-serif"[
39m[33m,[39m[32m"--wcm-font-
feature-settings"[39m[33m:[3
9m[32m"'tnum' on, 'lnum' on, 
'case' on"[39m[33m,[39m[32m
"--wcm-success-color"[39m[33m
:[39m[32m"rgb(38,181,98)"[39
m[33m,[39m[32m"--wcm-error-c
olor"[39m[33m:[39m[32m"rgb(
242, 90, 103)"[39m[33m,[39m
[32m"--wcm-overlay-background-c
olor"[39m[33m:[39m[32m"rgba
(0, 0, 0, 0.3)"[39m[33m,[39m
[32m"--wcm-overlay-backdrop-fi
lter"[39m[33m:[39m[32m"none
"[39m}}[36mconst[39m h[33m=
[39m{getPreset(e){[36mreturn
[39m [33mHe[39m()[e]}[33m,[
39msetTheme(){[36mconst[39m e
[33m=[39mdocument[33m.[39mq
uerySelector([32m":root"[39m)
[33m,[39m{themeVariables[33m
:[39mo}[33m=[39m[33mX[39m
[33m.[39mstate[33m;[39m[36m
if[39m(e){[36mconst[39m r[3
3m=[39mve(ve(ve({}[33m,[39mr
t())[33m,[39m[33mHe[39m())
[33m,[39mo)[33m;[39m[33mObj
ect[39m[33m.[39mentries(r)[
33m.[39mforEach(([a[33m,[39m
t])[33m=>[39me[33m.[39mstyl
e[33m.[39msetProperty(a[33m,
[39mt))}}[33m,[39mglobalCss
[33m:[39mg[32m`*,::after,::be
fore{margin:0;padding:0;box-siz
ing:border-box;font-style:norma
l;text-rendering:optimizeSpeed;
-webkit-font-smoothing:antialia
sed;-moz-osx-font-smoothing:gra
yscale;-webkit-tap-highlight-co
lor:transparent;backface-visibi
lity:hidden}button{cursor:point
er;display:flex;justify-content
:center;align-items:center;posi
tion:relative;border:none;backg
round-color:transparent;transit
ion:all .2s ease}@media 
(hover:hover) and (pointer:fine
){button:active{transition:all 
.1s ease;transform:scale(.93)}}
button::after{content:'';positi
on:absolute;top:0;bottom:0;left
:0;right:0;transition:backgroun
d-color,.2s ease}button:disable
d{cursor:not-allowed}button 
svg,button wcm-text{position:re
lative;z-index:1}input{border:n
one;outline:0;appearance:none}i
mg{display:block}::selection{co
lor:var(--wcm-accent-fill-color
);background:var(--wcm-accent-c
olor)}`[39m}[33m,[39mat[33m
=[39mg[32m`button{border-radi
us:var(--wcm-secondary-button-b
order-radius);height:28px;paddi
ng:0 10px;background-color:var(
--wcm-accent-color)}button path
{fill:var(--wcm-accent-fill-col
or)}button::after{border-radius
:inherit;border:1px solid var(-
-wcm-color-overlay)}button:disa
bled::after{background-color:tr
ansparent}.wcm-icon-left svg{ma
rgin-right:5px}.wcm-icon-right 
svg{margin-left:5px}button:acti
ve::after{background-color:var(
--wcm-color-overlay)}.wcm-ghost
,.wcm-ghost:active::after,.wcm-
outline{background-color:transp
arent}.wcm-ghost:active{opacity
:.5}@media(hover:hover){button:
hover::after{background-color:v
ar(--wcm-color-overlay)}.wcm-gh
ost:hover::after{background-col
or:transparent}.wcm-ghost:hover
{opacity:.5}}button:disabled{ba
ckground-color:var(--wcm-color-
bg-3);pointer-events:none}.wcm-
ghost::after{border-color:trans
parent}.wcm-ghost path{fill:var
(--wcm-color-fg-2)}.wcm-outline
 path{fill:var(--wcm-accent-col
or)}.wcm-outline:disabled{backg
round-color:transparent;opacity
:.5}`[39m[33m;[39m[36mvar[
39m lt[33m=[39m[33mObject[3
9m[33m.[39mdefineProperty[33
m,[39mit[33m=[39m[33mObject
[39m[33m.[39mgetOwnPropertyD
escriptor[33m,[39m[33mF[39m
[33m=[39m(e[33m,[39mo[33m,
[39mr[33m,[39ma)[33m=>[39m
{[36mfor[39m([36mvar[39m t
[33m=[39ma[33m>[39m[35m1[3
9m[33m?[39m[36mvoid[39m [3
5m0[39m[33m:[39ma[33m?[39m
it(o[33m,[39mr)[33m:[39mo[
33m,[39ml[33m=[39me[33m.[3
9mlength[33m-[39m[35m1[39m
[33m,[39mi[33m;[39ml[33m>=
[39m[35m0[39m[33m;[39ml[33
m--[39m)(i[33m=[39me[l])[33
m&&[39m(t[33m=[39m(a[33m?[
39mi(o[33m,[39mr[33m,[39mt)
[33m:[39mi(t))[33m||[39mt)
[33m;[39m[36mreturn[39m a[3
3m&&[39mt[33m&&[39mlt(o[33m
,[39mr[33m,[39mt)[33m,[39m
t}[33m;[39m[36mlet[39m [33
mT[39m[33m=[39m[36mclass[3
9m [36mextends[39m w{construc
tor(){[36msuper[39m([33m...
[39marguments)[33m,[39m[36mt
his[39m[33m.[39mdisabled[33
m=[39m[33m![39m[35m1[39m[
33m,[39m[36mthis[39m[33m.[
39miconLeft[33m=[39m[36mvoid
[39m [35m0[39m[33m,[39m[3
6mthis[39m[33m.[39miconRight
[33m=[39m[36mvoid[39m [35m
0[39m[33m,[39m[36mthis[39m
[33m.[39monClick[33m=[39m()
[33m=>[39m[36mnull[39m[33m
,[39m[36mthis[39m[33m.[39m
variant[33m=[39m[32m"default
"[39m}render(){[36mconst[39m
 e[33m=[39m{[32m"wcm-icon-le
ft"[39m[33m:[39m[36mthis[3
9m[33m.[39miconLeft[33m!==[
39m[36mvoid[39m [35m0[39m[
33m,[39m[32m"wcm-icon-right"
[39m[33m:[39m[36mthis[39m[
33m.[39miconRight[33m!==[39m
[36mvoid[39m [35m0[39m[33m
,[39m[32m"wcm-ghost"[39m[33
m:[39m[36mthis[39m[33m.[39
mvariant[33m===[39m[32m"ghos
t"[39m[33m,[39m[32m"wcm-out
line"[39m[33m:[39m[36mthis
[39m[33m.[39mvariant[33m===
[39m[32m"outline"[39m}[33m;
[39m[36mlet[39m o[33m=[39m
[32m"inverse"[39m[33m;[39m[
36mreturn[39m [36mthis[39m[
33m.[39mvariant[33m===[39m[
32m"ghost"[39m[33m&&[39m(o[
33m=[39m[32m"secondary"[39m)
[33m,[39m[36mthis[39m[33m.
[39mvariant[33m===[39m[32m"
outline"[39m[33m&&[39m(o[33
m=[39m[32m"accent"[39m)[33m
,[39mn[32m`<button 
class="${P(e)}" 
?disabled="${this.disabled}" @c
lick="${this.onClick}">${this.i
conLeft}<wcm-text 
variant="small-regular" color="
${o}"><slot></slot></wcm-text>$
{this.iconRight}</button>`[39m
}}[33m;[39m[33mT[39m[33m.
[39mstyles[33m=[39m[h[33m.[
39mglobalCss[33m,[39mat][33m
,[39m[33mF[39m([d({type[33m
:[39m[33mBoolean[39m})][33m
,[39m[33mT[39m[33m.[39mpro
totype[33m,[39m[32m"disabled
"[39m[33m,[39m[35m2[39m)[
33m,[39m[33mF[39m([d()][33m
,[39m[33mT[39m[33m.[39mpro
totype[33m,[39m[32m"iconLeft
"[39m[33m,[39m[35m2[39m)[
33m,[39m[33mF[39m([d()][33m
,[39m[33mT[39m[33m.[39mpro
totype[33m,[39m[32m"iconRigh
t"[39m[33m,[39m[35m2[39m)
[33m,[39m[33mF[39m([d()][33
m,[39m[33mT[39m[33m.[39mpr
ototype[33m,[39m[32m"onClick
"[39m[33m,[39m[35m2[39m)[
33m,[39m[33mF[39m([d()][33m
,[39m[33mT[39m[33m.[39mpro
totype[33m,[39m[32m"variant"
[39m[33m,[39m[35m2[39m)[3
3m,[39m[33mT[39m[33m=[39m
[33mF[39m([p([32m"wcm-button"
[39m)][33m,[39m[33mT[39m)
[33m;[39m[36mconst[39m nt[3
3m=[39mg[32m`:host{display:in
line-block}button{padding:0 
15px 1px;height:40px;border-rad
ius:var(--wcm-button-border-rad
ius);color:var(--wcm-accent-fil
l-color);background-color:var(-
-wcm-accent-color)}button::afte
r{content:'';top:0;bottom:0;lef
t:0;right:0;position:absolute;b
ackground-color:transparent;bor
der-radius:inherit;transition:b
ackground-color .2s 
ease;border:1px solid var(--wcm
-color-overlay)}button:active::
after{background-color:var(--wc
m-color-overlay)}button:disable
d{padding-bottom:0;background-c
olor:var(--wcm-color-bg-3);colo
r:var(--wcm-color-fg-3)}.wcm-se
condary{color:var(--wcm-accent-
color);background-color:transpa
rent}.wcm-secondary::after{disp
lay:none}@media(hover:hover){bu
tton:hover::after{background-co
lor:var(--wcm-color-overlay)}}`
[39m[33m;[39m[36mvar[39m c
t[33m=[39m[33mObject[39m[3
3m.[39mdefineProperty[33m,[3
9mst[33m=[39m[33mObject[39m
[33m.[39mgetOwnPropertyDescri
ptor[33m,[39mue[33m=[39m(e
[33m,[39mo[33m,[39mr[33m,[
39ma)[33m=>[39m{[36mfor[39m
([36mvar[39m t[33m=[39ma[3
3m>[39m[35m1[39m[33m?[39m
[36mvoid[39m [35m0[39m[33m:
[39ma[33m?[39mst(o[33m,[39
mr)[33m:[39mo[33m,[39ml[33
m=[39me[33m.[39mlength[33m-
[39m[35m1[39m[33m,[39mi[3
3m;[39ml[33m>=[39m[35m0[39
m[33m;[39ml[33m--[39m)(i[3
3m=[39me[l])[33m&&[39m(t[33
m=[39m(a[33m?[39mi(o[33m,[
39mr[33m,[39mt)[33m:[39mi(t
))[33m||[39mt)[33m;[39m[36
mreturn[39m a[33m&&[39mt[33
m&&[39mct(o[33m,[39mr[33m,
[39mt)[33m,[39mt}[33m;[39m
[36mlet[39m 
ee[33m=[39m[36mclass[39m 
[36mextends[39m w{constructor
(){[36msuper[39m([33m...[39
marguments)[33m,[39m[36mthis
[39m[33m.[39mdisabled[33m=
[39m[33m![39m[35m1[39m[33m
,[39m[36mthis[39m[33m.[39m
variant[33m=[39m[32m"primary
"[39m}render(){[36mconst[39m
 e[33m=[39m{[32m"wcm-seconda
ry"[39m[33m:[39m[36mthis[3
9m[33m.[39mvariant[33m===[3
9m[32m"secondary"[39m}[33m;
[39m[36mreturn[39m 
n[32m`<button 
?disabled="${this.disabled}" cl
ass="${P(e)}"><slot></slot></bu
tton>`[39m}}[33m;[39mee[33m
.[39mstyles[33m=[39m[h[33m.
[39mglobalCss[33m,[39mnt][3
3m,[39mue([d({type[33m:[39m
[33mBoolean[39m})][33m,[39me
e[33m.[39mprototype[33m,[39
m[32m"disabled"[39m[33m,[39
m[35m2[39m)[33m,[39mue([d()
][33m,[39mee[33m.[39mprotot
ype[33m,[39m[32m"variant"[3
9m[33m,[39m[35m2[39m)[33m,
[39mee[33m=[39mue([p([32m"w
cm-button-big"[39m)][33m,[39
mee)[33m;[39m[36mconst[39m 
dt[33m=[39mg[32m`:host{backg
round-color:var(--wcm-color-bg-
2);border-top:1px solid var(--w
cm-color-bg-3)}div{padding:10px
 20px;display:inherit;flex-dire
ction:inherit;align-items:inher
it;width:inherit;justify-conten
t:inherit}`[39m[33m;[39m[36
mvar[39m mt[33m=[39m[33mObj
ect[39m[33m.[39mdefineProper
ty[33m,[39mht[33m=[39m[33m
Object[39m[33m.[39mgetOwnPro
pertyDescriptor[33m,[39mwt[3
3m=[39m(e[33m,[39mo[33m,[3
9mr[33m,[39ma)[33m=>[39m{[
36mfor[39m([36mvar[39m t[33
m=[39ma[33m>[39m[35m1[39m
[33m?[39m[36mvoid[39m [35m0
[39m[33m:[39ma[33m?[39mht(
o[33m,[39mr)[33m:[39mo[33m
,[39ml[33m=[39me[33m.[39ml
ength[33m-[39m[35m1[39m[33
m,[39mi[33m;[39ml[33m>=[39
m[35m0[39m[33m;[39ml[33m--
[39m)(i[33m=[39me[l])[33m&&
[39m(t[33m=[39m(a[33m?[39m
i(o[33m,[39mr[33m,[39mt)[3
3m:[39mi(t))[33m||[39mt)[33
m;[39m[36mreturn[39m a[33m&
&[39mt[33m&&[39mmt(o[33m,[
39mr[33m,[39mt)[33m,[39mt}
[33m;[39m[36mlet[39m 
be[33m=[39m[36mclass[39m 
[36mextends[39m 
w{render(){[36mreturn[39m n[
32m`<div><slot></slot></div>`[
39m}}[33m;[39mbe[33m.[39mst
yles[33m=[39m[h[33m.[39mglo
balCss[33m,[39mdt][33m,[39m
be[33m=[39mwt([p([32m"wcm-in
fo-footer"[39m)][33m,[39mbe)
[33m;[39m[36mconst[39m v[3
3m=[39m{[33mCROSS_ICON[39m[
33m:[39m[33mC[39m[32m`<svg 
width="12" height="12" 
viewBox="0 0 12 12"><path 
d="M9.94 11A.75.75 0 1 0 11 
9.94L7.414 6.353a.5.5 0 0 1 
0-.708L11 2.061A.75.75 0 1 0 
9.94 1L6.353 4.586a.5.5 0 0 
1-.708 0L2.061 1A.75.75 0 0 0 
1 2.06l3.586 3.586a.5.5 0 0 1 
0 .708L1 9.939A.75.75 0 1 0 
2.06 11l3.586-3.586a.5.5 0 0 1 
.708 0L9.939 11Z" fill="#fff"/>
</svg>`[39m[33m,[39m[33mWAL
LET_CONNECT_LOGO[39m[33m:[39
m[33mC[39m[32m`<svg 
width="178" height="29" 
viewBox="0 0 178 29" 
id="wcm-wc-logo"><path 
d="M10.683 7.926c5.284-5.17 
13.85-5.17 19.134 
0l.636.623a.652.652 0 0 1 0 
.936l-2.176 2.129a.343.343 0 0 
1-.478 0l-.875-.857c-3.686-3.60
7-9.662-3.607-13.348 
0l-.937.918a.343.343 0 0 
1-.479 0l-2.175-2.13a.652.652 
0 0 1 0-.936l.698-.683Zm23.633 
4.403 1.935 1.895a.652.652 0 0 
1 0 .936l-8.73 8.543a.687.687 
0 0 1-.956 0L20.37 
17.64a.172.172 0 0 0-.239 
0l-6.195 6.063a.687.687 0 0 
1-.957 0l-8.73-8.543a.652.652 
0 0 1 
0-.936l1.936-1.895a.687.687 0 
0 1 .957 0l6.196 
6.064a.172.172 0 0 0 .239 
0l6.195-6.064a.687.687 0 0 1 
.957 0l6.196 6.064a.172.172 0 
0 0 .24 0l6.195-6.064a.687.687 
0 0 1 .956 0ZM48.093 20.948l2.3
38-9.355c.139-.515.258-1.07.416
-1.942.12.872.258 1.427.357 
1.942l2.022 9.355h4.181l3.528-1
3.874h-3.21l-1.943 
8.523a24.825 24.825 0 0 0-.456 
2.457c-.158-.931-.317-1.625-.49
5-2.438l-1.883-8.542h-4.201l-2.
042 8.542a41.204 41.204 0 0 
0-.475 2.438 41.208 41.208 0 0 
0-.476-2.438l-1.903-8.542h-3.34
9l3.508 13.874h4.083ZM63.33 
21.304c1.585 0 2.596-.654 3.11-
1.605-.059.297-.078.595-.078.89
2v.357h2.655V15.22c0-2.735-1.24
8-4.32-4.3-4.32-2.636 0-4.36 
1.466-4.52 
3.487h2.914c.1-.891.734-1.426 
1.705-1.426.911 0 1.407.515 
1.407 1.11 0 .435-.258.693-1.03
.792l-1.388.159c-2.061.257-3.82
5 1.01-3.825 3.19 0 1.982 
1.645 3.092 3.35 
3.092Zm.891-2.041c-.773 
0-1.348-.436-1.348-1.19 
0-.733.655-1.09 1.645-1.268l.67
4-.119c.575-.118.892-.218 
1.09-.396v.912c0 1.228-.892 
2.06-2.06 2.06ZM70.398 7.074v13
.874h2.874V7.074h-2.874ZM74.934
 7.074v13.874h2.874V7.074h-2.87
4ZM84.08 21.304c2.735 0 
4.5-1.546 4.697-3.567h-2.893c-.
139.892-.892 1.387-1.804 
1.387-1.228 0-2.12-.99-2.14-2.3
58h6.897v-.555c0-3.21-1.764-5.3
12-4.816-5.312-2.933 0-4.994 
2.062-4.994 5.173 0 3.37 2.12 
5.232 5.053 5.232Zm-2.16-6.421c
.119-1.11.932-1.922 
2.081-1.922 1.11 0 1.883.772 
1.903 1.922H81.92ZM94.92 
21.146c.633 0 1.248-.1 1.525-.1
79v-2.18c-.218.04-.475.06-.693.
06-1.05 0-1.427-.595-1.427-1.56
6v-3.805h2.338v-2.24h-2.338V7.7
88H91.47v3.448H89.37v2.24h2.1v4
.201c0 2.3 1.15 3.469 3.45 
3.469ZM104.62 21.304c3.924 0 
6.302-2.299 
6.599-5.608h-3.111c-.238 
1.803-1.506 3.032-3.369 
3.032-2.2 
0-3.746-1.784-3.746-4.796 
0-2.953 1.605-4.638 
3.805-4.638 1.883 0 2.953 1.15 
3.171 2.834h3.191c-.317-3.448-2
.854-5.41-6.342-5.41-3.984 
0-7.036 2.695-7.036 7.214 0 
4.677 2.676 7.372 6.838 
7.372ZM117.449 21.304c2.993 0 
5.114-1.882 5.114-5.172 0-3.23-
2.121-5.233-5.114-5.233-2.972 
0-5.093 2.002-5.093 5.233 0 
3.29 2.101 5.172 5.093 
5.172Zm0-2.22c-1.327 
0-2.18-1.09-2.18-2.952 
0-1.903.892-2.973 2.18-2.973 
1.308 0 2.2 1.07 2.2 2.973 0 
1.862-.872 2.953-2.2 
2.953ZM126.569 
20.948v-5.689c0-1.208.753-2.1 
1.823-2.1 1.011 0 1.606.773 
1.606 2.06v5.729h2.873v-6.144c0
-2.339-1.229-3.905-3.428-3.905-
1.526 0-2.458.734-2.953 
1.606a5.31 5.31 0 0 0 .079-.892
v-.377h-2.874v9.712h2.874ZM137.
464 
20.948v-5.689c0-1.208.753-2.1 
1.823-2.1 1.011 0 1.606.773 
1.606 2.06v5.729h2.873v-6.144c0
-2.339-1.228-3.905-3.428-3.905-
1.526 0-2.458.734-2.953 
1.606a5.31 5.31 0 0 0 .079-.892
v-.377h-2.874v9.712h2.874ZM149.
949 21.304c2.735 0 4.499-1.546 
4.697-3.567h-2.893c-.139.892-.8
92 1.387-1.804 1.387-1.228 0-2.
12-.99-2.14-2.358h6.897v-.555c0
-3.21-1.764-5.312-4.816-5.312-2
.933 0-4.994 2.062-4.994 5.173 
0 3.37 2.12 5.232 5.053 5.232Zm
-2.16-6.421c.119-1.11.932-1.922
 2.081-1.922 1.11 0 1.883.772 
1.903 1.922h-3.984ZM160.876 
21.304c3.013 0 4.658-1.645 
4.975-4.201h-2.874c-.099 
1.07-.713 1.982-2.001 
1.982-1.309 
0-2.2-1.21-2.2-2.993 0-1.942 
1.03-2.933 2.259-2.933 1.209 0 
1.803.872 1.883 1.882h2.873c-.2
18-2.358-1.823-4.142-4.776-4.14
2-2.874 0-5.153 1.903-5.153 
5.193 0 3.25 1.923 5.212 5.014 
5.212ZM172.067 21.146c.634 0 
1.248-.1 1.526-.179v-2.18c-.218
.04-.476.06-.694.06-1.05 0-1.42
7-.595-1.427-1.566v-3.805h2.339
v-2.24h-2.339V7.788h-2.854v3.44
8h-2.1v2.24h2.1v4.201c0 2.3 
1.15 3.469 3.449 3.469Z" fill="
#fff"/></svg>`[39m[33m,[39m
[33mWALLET_CONNECT_ICON[39m[3
3m:[39m[33mC[39m[32m`<svg 
width="28" height="20" 
viewBox="0 0 28 20"><g 
clip-path="url(#a)"><path 
d="M7.386 6.482c3.653-3.576 
9.575-3.576 13.228 
0l.44.43a.451.451 0 0 1 0 
.648L19.55 9.033a.237.237 0 0 
1-.33 0l-.606-.592c-2.548-2.496
-6.68-2.496-9.228 
0l-.648.634a.237.237 0 0 1-.33 
0L6.902 7.602a.451.451 0 0 1 
0-.647l.483-.473Zm16.338 3.046 
1.339 1.31a.451.451 0 0 1 0 
.648l-6.035 5.909a.475.475 0 0 
1-.662 0L14.083 13.2a.119.119 
0 0 0-.166 0l-4.283 
4.194a.475.475 0 0 1-.662 
0l-6.035-5.91a.451.451 0 0 1 
0-.647l1.338-1.31a.475.475 0 0 
1 .662 0l4.283 
4.194c.046.044.12.044.166 
0l4.283-4.194a.475.475 0 0 1 
.662 0l4.283 
4.194c.046.044.12.044.166 
0l4.283-4.194a.475.475 0 0 1 
.662 0Z" fill="#000000"/></g><d
efs><clipPath id="a"><path 
fill="#ffffff" d="M0 0h28v20H0z
"/></clipPath></defs></svg>`[3
9m[33m,[39m[33mWALLET_CONNEC
T_ICON_COLORED[39m[33m:[39m
[33mC[39m[32m`<svg 
width="96" height="96" 
fill="none"><path fill="#fff" 
d="M25.322 
33.597c12.525-12.263 
32.83-12.263 45.355 0l1.507 
1.476a1.547 1.547 0 0 1 0 
2.22l-5.156 5.048a.814.814 0 0 
1-1.134 0l-2.074-2.03c-8.737-8.
555-22.903-8.555-31.64 
0l-2.222 2.175a.814.814 0 0 
1-1.134 0l-5.156-5.049a1.547 
1.547 0 0 1 
0-2.22l1.654-1.62Zm56.019 
10.44 4.589 4.494a1.547 1.547 
0 0 1 0 2.22l-20.693 
20.26a1.628 1.628 0 0 1-2.267 
0L48.283 56.632a.407.407 0 0 
0-.567 0L33.03 71.012a1.628 
1.628 0 0 1-2.268 0L10.07 
50.75a1.547 1.547 0 0 1 
0-2.22l4.59-4.494a1.628 1.628 
0 0 1 2.267 0l14.687 
14.38c.156.153.41.153.567 
0l14.685-14.38a1.628 1.628 0 0 
1 2.268 0l14.687 
14.38c.156.153.41.153.567 
0l14.686-14.38a1.628 1.628 0 0 
1 2.268 0Z"/><path 
stroke="#000" d="M25.672 
33.954c12.33-12.072 
32.325-12.072 44.655 0l1.508 
1.476a1.047 1.047 0 0 1 0 
1.506l-5.157 5.048a.314.314 0 
0 1-.434 0l-2.074-2.03c-8.932-8
.746-23.409-8.746-32.34 
0l-2.222 2.174a.314.314 0 0 
1-.434 0l-5.157-5.048a1.047 
1.047 0 0 1 
0-1.506l1.655-1.62Zm55.319 
10.44 4.59 4.494a1.047 1.047 0 
0 1 0 1.506l-20.694 
20.26a1.128 1.128 0 0 1-1.568 
0l-14.686-14.38a.907.907 0 0 
0-1.267 0L32.68 70.655a1.128 
1.128 0 0 1-1.568 0L10.42 
50.394a1.047 1.047 0 0 1 
0-1.506l4.59-4.493a1.128 1.128 
0 0 1 1.567 0l14.687 
14.379a.907.907 0 0 0 1.266 
0l-.35-.357.35.357 
14.686-14.38a1.128 1.128 0 0 1 
1.568 0l14.687 14.38a.907.907 
0 0 0 1.267 
0l14.686-14.38a1.128 1.128 0 0 
1 1.568 0Z"/></svg>`[39m[33m,
[39m[33mBACK_ICON[39m[33m:
[39m[33mC[39m[32m`<svg 
width="10" height="18" 
viewBox="0 0 10 18"><path 
fill-rule="evenodd" 
clip-rule="evenodd" 
d="M8.735.179a.75.75 0 0 1 
.087 1.057L2.92 8.192a1.25 
1.25 0 0 0 0 1.617l5.902 
6.956a.75.75 0 1 
1-1.144.97L1.776 10.78a2.75 
2.75 0 0 1 
0-3.559L7.678.265A.75.75 0 0 1 
8.735.18Z" fill="#fff"/></svg>`
[39m[33m,[39m[33mCOPY_ICON
[39m[33m:[39m[33mC[39m[32m
`<svg width="24" height="24" 
fill="none"><path fill="#fff" 
fill-rule="evenodd" d="M7.01 7.
01c.03-1.545.138-2.5.535-3.28A5
 5 0 0 1 9.73 1.545C10.8 1 
12.2 1 15 1c2.8 0 4.2 0 
5.27.545a5 5 0 0 1 2.185 
2.185C23 4.8 23 6.2 23 9c0 2.8 
0 4.2-.545 5.27a5 5 0 0 
1-2.185 2.185c-.78.397-1.735.50
5-3.28.534l-.001.01c-.03 
1.54-.138 2.493-.534 3.27a5 5 
0 0 1-2.185 2.186C13.2 23 11.8 
23 9 23c-2.8 0-4.2 
0-5.27-.545a5 5 0 0 
1-2.185-2.185C1 19.2 1 17.8 1 
15c0-2.8 0-4.2.545-5.27A5 5 0 
0 1 3.73 7.545C4.508 7.149 
5.46 7.04 7 7.01h.01ZM15 
15.5c-1.425 0-2.403-.001-3.162-
.063-.74-.06-1.139-.172-1.427-.
319a3.5 3.5 0 0 1-1.53-1.529c-.
146-.288-.257-.686-.318-1.427C8
.501 11.403 8.5 10.425 8.5 9c0-
1.425.001-2.403.063-3.162.06-.7
4.172-1.139.318-1.427a3.5 3.5 
0 0 1 
1.53-1.53c.288-.146.686-.257 
1.427-.318.759-.062 1.737-.063 
3.162-.063 1.425 0 2.403.001 
3.162.063.74.06 1.139.172 
1.427.318a3.5 3.5 0 0 1 1.53 
1.53c.146.288.257.686.318 
1.427.062.759.063 1.737.063 
3.162 0 1.425-.001 2.403-.063 
3.162-.06.74-.172 1.139-.319 
1.427a3.5 3.5 0 0 1-1.529 1.53c
-.288.146-.686.257-1.427.318-.7
59.062-1.737.063-3.162.063ZM7 8
.511c-.444.009-.825.025-1.162.0
52-.74.06-1.139.172-1.427.318a3
.5 3.5 0 0 0-1.53 
1.53c-.146.288-.257.686-.318 
1.427-.062.759-.063 1.737-.063 
3.162 0 1.425.001 2.403.063 
3.162.06.74.172 1.139.318 
1.427a3.5 3.5 0 0 0 1.53 
1.53c.288.146.686.257 
1.427.318.759.062 1.737.063 
3.162.063 1.425 0 2.403-.001 
3.162-.063.74-.06 1.139-.172 
1.427-.319a3.5 3.5 0 0 0 1.53-1
.53c.146-.287.257-.685.318-1.42
6.027-.337.043-.718.052-1.162H1
5c-2.8 0-4.2 0-5.27-.545a5 5 0 
0 1-2.185-2.185C7 13.2 7 11.8 
7 9v-.489Z" clip-rule="evenodd"
/></svg>`[39m[33m,[39m[33mR
ETRY_ICON[39m[33m:[39m[33mC
[39m[32m`<svg width="15" 
height="16" viewBox="0 0 15 
16"><path d="M6.464 
2.03A.75.75 0 0 0 
5.403.97L2.08 4.293a1 1 0 0 0 
0 1.414L5.403 9.03a.75.75 0 0 
0 1.06-1.06L4.672 6.177a.25.25 
0 0 1 .177-.427h2.085a4 4 0 1 
1-3.93 4.746c-.077-.407-.405-.7
46-.82-.746-.414 
0-.755.338-.7.748a5.501 5.501 
0 1 0 5.45-6.248H4.848a.25.25 
0 0 1-.177-.427L6.464 2.03Z" fi
ll="#fff"/></svg>`[39m[33m,[
39m[33mDESKTOP_ICON[39m[33m:
[39m[33mC[39m[32m`<svg 
width="16" height="16" 
viewBox="0 0 16 16"><path 
fill-rule="evenodd" 
clip-rule="evenodd" d="M0 
5.98c0-1.85 
0-2.775.394-3.466a3 3 0 0 1 
1.12-1.12C2.204 1 3.13 1 4.98 
1h6.04c1.85 0 2.775 0 
3.466.394a3 3 0 0 1 1.12 
1.12C16 3.204 16 4.13 16 
5.98v1.04c0 1.85 0 2.775-.394 
3.466a3 3 0 0 1-1.12 
1.12C13.796 12 12.87 12 11.02 
12H4.98c-1.85 0-2.775 
0-3.466-.394a3 3 0 0 
1-1.12-1.12C0 9.796 0 8.87 0 
7.02V5.98ZM4.98 2.5h6.04c.953 
0 1.568.001 2.034.043.446.04.60
8.108.69.154a1.5 1.5 0 0 1 .559
.56c.046.08.114.243.154.69.042.
465.043 1.08.043 2.033v1.04c0 
.952-.001 1.568-.043 2.034-.04.
446-.108.608-.154.69a1.499 
1.499 0 0 1-.56.559c-.08.046-.2
43.114-.69.154-.466.042-1.08.04
3-2.033.043H4.98c-.952 0-1.568-
.001-2.034-.043-.446-.04-.608-.
108-.69-.154a1.5 1.5 0 0 1-.559
-.56c-.046-.08-.114-.243-.154-.
69-.042-.465-.043-1.08-.043-2.0
33V5.98c0-.952.001-1.568.043-2.
034.04-.446.108-.608.154-.69a1.
5 1.5 0 0 1 .56-.559c.08-.046.2
43-.114.69-.154.465-.042 
1.08-.043 2.033-.043Z" 
fill="#fff"/><path d="M4 
14.25a.75.75 0 0 1 
.75-.75h6.5a.75.75 0 0 1 0 
1.5h-6.5a.75.75 0 0 
1-.75-.75Z" fill="#fff"/></svg>
`[39m[33m,[39m[33mMOBILE_IC
ON[39m[33m:[39m[33mC[39m[
32m`<svg width="16" 
height="16" viewBox="0 0 16 
16"><path d="M6.75 5a1.25 1.25 
0 1 0 0-2.5 1.25 1.25 0 0 0 0 
2.5Z" fill="#fff"/><path 
fill-rule="evenodd" 
clip-rule="evenodd" d="M3 
4.98c0-1.85 
0-2.775.394-3.466a3 3 0 0 1 
1.12-1.12C5.204 0 6.136 0 8 
0s2.795 0 3.486.394a3 3 0 0 1 
1.12 1.12C13 2.204 13 3.13 13 
4.98v6.04c0 1.85 0 2.775-.394 
3.466a3 3 0 0 1-1.12 
1.12C10.796 16 9.864 16 8 
16s-2.795 0-3.486-.394a3 3 0 0 
1-1.12-1.12C3 13.796 3 12.87 3 
11.02V4.98Zm8.5 0v6.04c0 
.953-.001 1.568-.043 2.034-.04.
446-.108.608-.154.69a1.499 
1.499 0 0 1-.56.559c-.08.045-.2
42.113-.693.154-.47.042-1.091.0
43-2.05.043-.959 0-1.58-.001-2.
05-.043-.45-.04-.613-.109-.693-
.154a1.5 1.5 0 0 1-.56-.56c-.04
6-.08-.114-.243-.154-.69-.042-.
466-.043-1.08-.043-2.033V4.98c0
-.952.001-1.568.043-2.034.04-.4
46.108-.608.154-.69a1.5 1.5 0 
0 1 .56-.559c.08-.045.243-.113.
693-.154C6.42 1.501 7.041 1.5 
8 1.5c.959 0 1.58.001 2.05.043.
45.04.613.109.693.154a1.5 1.5 
0 0 1 .56.56c.046.08.114.243.15
4.69.042.465.043 1.08.043 
2.033Z" fill="#fff"/></svg>`[3
9m[33m,[39m[33mARROW_DOWN_IC
ON[39m[33m:[39m[33mC[39m[
32m`<svg width="14" 
height="14" viewBox="0 0 14 
14"><path d="M2.28 7.47a.75.75 
0 0 0-1.06 1.06l5.25 
5.25a.75.75 0 0 0 1.06 
0l5.25-5.25a.75.75 0 0 
0-1.06-1.06l-3.544 
3.543a.25.25 0 0 
1-.426-.177V.75a.75.75 0 0 
0-1.5 0v10.086a.25.25 0 0 
1-.427.176L2.28 7.47Z" fill="#f
ff"/></svg>`[39m[33m,[39m[3
3mARROW_UP_RIGHT_ICON[39m[33m
:[39m[33mC[39m[32m`<svg 
width="15" height="14" 
fill="none"><path d="M4.5 
1.75A.75.75 0 0 1 5.25 
1H12a1.5 1.5 0 0 1 1.5 
1.5v6.75a.75.75 0 0 1-1.5 
0V4.164a.25.25 0 0 
0-.427-.176L4.061 11.5A.75.75 
0 0 1 3 
10.44l7.513-7.513a.25.25 0 0 
0-.177-.427H5.25a.75.75 0 0 
1-.75-.75Z" fill="#fff"/></svg>
`[39m[33m,[39m[33mARROW_RIG
HT_ICON[39m[33m:[39m[33mC[
39m[32m`<svg width="6" 
height="14" viewBox="0 0 6 
14"><path fill-rule="evenodd" 
clip-rule="evenodd" d="M2.181 
1.099a.75.75 0 0 1 
1.024.279l2.433 4.258a2.75 
2.75 0 0 1 0 2.729l-2.433 
4.257a.75.75 0 1 
1-1.303-.744L4.335 7.62a1.25 
1.25 0 0 0 0-1.24L1.902 
2.122a.75.75 0 0 1 .28-1.023Z" 
fill="#fff"/></svg>`[39m[33m,
[39m[33mQRCODE_ICON[39m[33m
:[39m[33mC[39m[32m`<svg 
width="25" height="24" 
viewBox="0 0 25 24"><path 
d="M23.748 9a.748.748 0 0 0 .74
8-.752c-.018-2.596-.128-4.07-.7
84-5.22a6 6 0 0 0-2.24-2.24c-1.
15-.656-2.624-.766-5.22-.784a.7
48.748 0 0 0-.752.748c0 
.414.335.749.748.752 1.015.007 
1.82.028 2.494.088.995.09 
1.561.256 1.988.5.7.398 
1.28.978 1.679 
1.678.243.427.41.993.498 
1.988.061.675.082 1.479.09 
2.493a.753.753 0 0 0 
.75.749ZM3.527.788C4.677.132 
6.152.022 8.747.004A.748.748 0 
0 1 9.5.752a.753.753 0 0 1-.749
.752c-1.014.007-1.818.028-2.493
.088-.995.09-1.561.256-1.988.5-
.7.398-1.28.978-1.679 
1.678-.243.427-.41.993-.499 
1.988-.06.675-.081 1.479-.088 
2.493A.753.753 0 0 1 1.252 
9a.748.748 0 0 1-.748-.752c.018
-2.596.128-4.07.784-5.22a6 6 0 
0 1 2.24-2.24ZM1.252 
15a.748.748 0 0 
0-.748.752c.018 2.596.128 
4.07.784 5.22a6 6 0 0 0 2.24 
2.24c1.15.656 2.624.766 
5.22.784a.748.748 0 0 0 
.752-.748.753.753 0 0 0-.749-.7
52c-1.014-.007-1.818-.028-2.493
-.089-.995-.089-1.561-.255-1.98
8-.498a4.5 4.5 0 0 1-1.679-1.68
c-.243-.426-.41-.992-.499-1.987
-.06-.675-.081-1.479-.088-2.493
A.753.753 0 0 0 1.252 
15ZM22.996 15.749a.753.753 0 0 
1 .752-.749c.415 0 
.751.338.748.752-.018 
2.596-.128 4.07-.784 5.22a6 6 
0 0 1-2.24 2.24c-1.15.656-2.624
.766-5.22.784a.748.748 0 0 1-.7
52-.748c0-.414.335-.749.748-.75
2 1.015-.007 1.82-.028 
2.494-.089.995-.089 1.561-.255 
1.988-.498a4.5 4.5 0 0 0 1.679-
1.68c.243-.426.41-.992.498-1.98
7.061-.675.082-1.479.09-2.493Z"
 fill="#fff"/><path 
fill-rule="evenodd" 
clip-rule="evenodd" d="M7 
4a2.5 2.5 0 0 0-2.5 2.5v2A2.5 
2.5 0 0 0 7 11h2a2.5 2.5 0 0 0 
2.5-2.5v-2A2.5 2.5 0 0 0 9 
4H7Zm2 1.5H7a1 1 0 0 0-1 1v2a1 
1 0 0 0 1 1h2a1 1 0 0 0 
1-1v-2a1 1 0 0 0-1-1ZM13.5 
6.5A2.5 2.5 0 0 1 16 4h2a2.5 
2.5 0 0 1 2.5 2.5v2A2.5 2.5 0 
0 1 18 11h-2a2.5 2.5 0 0 
1-2.5-2.5v-2Zm2.5-1h2a1 1 0 0 
1 1 1v2a1 1 0 0 1-1 1h-2a1 1 0 
0 1-1-1v-2a1 1 0 0 1 1-1ZM7 
13a2.5 2.5 0 0 0-2.5 2.5v2A2.5 
2.5 0 0 0 7 20h2a2.5 2.5 0 0 0 
2.5-2.5v-2A2.5 2.5 0 0 0 9 
13H7Zm2 1.5H7a1 1 0 0 0-1 
1v2a1 1 0 0 0 1 1h2a1 1 0 0 0 
1-1v-2a1 1 0 0 0-1-1Z" 
fill="#fff"/><path d="M13.5 
15.5c0-.465 0-.697.038-.89a2 2 
0 0 1 1.572-1.572C15.303 13 
15.535 13 16 13v2.5h-2.5ZM18 
13c.465 0 .697 0 .89.038a2 2 0 
0 1 1.572 1.572c.038.193.038.42
5.038.89H18V13ZM18 17.5h2.5c0 
.465 0 .697-.038.89a2 2 0 0 
1-1.572 1.572C18.697 20 18.465 
20 18 20v-2.5ZM13.5 
17.5H16V20c-.465 0-.697 
0-.89-.038a2 2 0 0 1-1.572-1.57
2c-.038-.193-.038-.425-.038-.89
Z" fill="#fff"/></svg>`[39m[3
3m,[39m[33mSCAN_ICON[39m[33
m:[39m[33mC[39m[32m`<svg 
width="16" height="16" 
fill="none"><path fill="#fff" 
d="M10 15.216c0 
.422.347.763.768.74 1.202-.064 
2.025-.222 2.71-.613a5.001 
5.001 0 0 0 1.865-1.866c.39-.68
4.549-1.507.613-2.709a.735.735 
0 0 0-.74-.768.768.768 0 0 0-.7
6.732c-.009.157-.02.306-.032.44
7-.073.812-.206 1.244-.384 
1.555-.31.545-.761.996-1.306 1.
306-.311.178-.743.311-1.555.384
-.141.013-.29.023-.447.032a.768
.768 0 0 0-.732.76ZM10 .784c0 .
407.325.737.732.76.157.009.306.
02.447.032.812.073 1.244.206 
1.555.384a3.5 3.5 0 0 1 1.306 
1.306c.178.311.311.743.384 1.55
5.013.142.023.29.032.447a.768.7
68 0 0 0 .76.732.734.734 0 0 0 
.74-.768c-.064-1.202-.222-2.025
-.613-2.71A5 5 0 0 0 13.477.658
c-.684-.39-1.507-.549-2.709-.61
3a.735.735 0 0 
0-.768.74ZM5.232.044A.735.735 
0 0 1 6 .784a.768.768 0 0 1-.73
2.76c-.157.009-.305.02-.447.032
-.812.073-1.244.206-1.555.384A3
.5 3.5 0 0 0 1.96 
3.266c-.178.311-.311.743-.384 1
.555-.013.142-.023.29-.032.447A
.768.768 0 0 1 .784 6a.735.735 
0 0 1-.74-.768c.064-1.202.222-2
.025.613-2.71A5 5 0 0 1 
2.523.658C3.207.267 4.03.108 
5.233.044ZM5.268 
14.456a.768.768 0 0 1 
.732.76.734.734 0 0 1-.768.74c-
1.202-.064-2.025-.222-2.71-.613
a5 5 0 0 1-1.865-1.866c-.39-.68
4-.549-1.507-.613-2.709A.735.73
5 0 0 1 .784 10c.407 0 .737.325
.76.732.009.157.02.306.032.447.
073.812.206 1.244.384 
1.555a3.5 3.5 0 0 0 1.306 
1.306c.311.178.743.311 1.555.38
4.142.013.29.023.447.032Z"/></s
vg>`[39m[33m,[39m[33mCHECKM
ARK_ICON[39m[33m:[39m[33mC
[39m[32m`<svg width="13" 
height="12" viewBox="0 0 13 
12"><path fill-rule="evenodd" 
clip-rule="evenodd" 
d="M12.155.132a.75.75 0 0 1 
.232 1.035L5.821 11.535a1 1 0 
0 1-1.626.09L.665 7.21a.75.75 
0 1 1 1.17-.937L4.71 
9.867a.25.25 0 0 0 
.406-.023L11.12.364a.75.75 0 0 
1 1.035-.232Z" fill="#fff"/></s
vg>`[39m[33m,[39m[33mSEARCH
_ICON[39m[33m:[39m[33mC[39
m[32m`<svg width="20" 
height="21"><path 
fill-rule="evenodd" 
clip-rule="evenodd" d="M12.432 
13.992c-.354-.353-.91-.382-1.35
-.146a5.5 5.5 0 1 1 2.265-2.265
c-.237.441-.208.997.145 
1.35l3.296 3.296a.75.75 0 1 
1-1.06 
1.061l-3.296-3.296Zm.06-5a4 4 
0 1 1-8 0 4 4 0 0 1 8 0Z" fill=
"#949E9E"/></svg>`[39m[33m,[
39m[33mWALLET_PLACEHOLDER[39m
[33m:[39m[33mC[39m[32m`<sv
g width="60" height="60" 
fill="none" viewBox="0 0 60 
60"><g 
clip-path="url(#q)"><path 
id="wallet-placeholder-fill" 
fill="#fff" d="M0 24.9c0-9.251 
0-13.877 1.97-17.332a15 15 0 0 
1 5.598-5.597C11.023 0 15.648 
0 24.9 0h10.2c9.252 0 13.877 0 
17.332 1.97a15 15 0 0 1 5.597 
5.598C60 11.023 60 15.648 60 
24.9v10.2c0 9.252 0 
13.877-1.97 17.332a15.001 
15.001 0 0 1-5.598 
5.597C48.977 60 44.352 60 35.1 
60H24.9c-9.251 0-13.877 
0-17.332-1.97a15 15 0 0 
1-5.597-5.598C0 48.977 0 
44.352 0 35.1V24.9Z"/><path 
id="wallet-placeholder-dash" 
stroke="#000" 
stroke-dasharray="4 4" 
stroke-width="1.5" d="M.04 
41.708a231.598 231.598 0 0 
1-.039-4.403l.75-.001L.75 35.1v
-2.55H0v-5.1h.75V24.9l.001-2.20
4h-.75c.003-1.617.011-3.077.039
-4.404l.75.016c.034-1.65.099-3.
08.218-4.343l-.746-.07c.158-1.6
78.412-3.083.82-4.316l.713.236c
.224-.679.497-1.296.827-1.875a1
4.25 14.25 0 0 1 
1.05-1.585L3.076 5.9A15 15 0 0 
1 5.9 3.076l.455.596a14.25 
14.25 0 0 1 
1.585-1.05c.579-.33 1.196-.603 
1.875-.827l-.236-.712C10.812.67
4 12.217.42 
13.895.262l.07.746C15.23.89 
16.66.824 
18.308.79l-.016-.75C19.62.012 
21.08.004 22.695.001l.001.75L24
.9.75h2.55V0h5.1v.75h2.55l2.204
.001v-.75c1.617.003 3.077.011 
4.404.039l-.016.75c1.65.034 
3.08.099 
4.343.218l.07-.746c1.678.158 
3.083.412 
4.316.82l-.236.713c.679.224 
1.296.497 1.875.827a14.24 
14.24 0 0 1 1.585 
1.05l.455-.596A14.999 14.999 0 
0 1 56.924 
5.9l-.596.455c.384.502.735 
1.032 1.05 1.585.33.579.602 
1.196.827 1.875l.712-.236c.409 
1.233.663 2.638.822 
4.316l-.747.07c.119 1.264.184 
2.694.218 4.343l.75-.016c.028 
1.327.036 2.787.039 
4.403l-.75.001.001 2.204v2.55H6
0v5.1h-.75v2.55l-.001 
2.204h.75a231.431 231.431 0 0 
1-.039 4.404l-.75-.016c-.034 
1.65-.099 3.08-.218 
4.343l.747.07c-.159 1.678-.413 
3.083-.822 
4.316l-.712-.236a10.255 10.255 
0 0 1-.827 1.875 14.242 14.242 
0 0 1-1.05 
1.585l.596.455a14.997 14.997 0 
0 1-2.824 2.824l-.455-.596c-.50
2.384-1.032.735-1.585 1.05-.579
.33-1.196.602-1.875.827l.236.71
2c-1.233.409-2.638.663-4.316.82
2l-.07-.747c-1.264.119-2.694.18
4-4.343.218l.016.75c-1.327.028-
2.787.036-4.403.039l-.001-.75-2
.204.001h-2.55V60h-5.1v-.75H24.
9l-2.204-.001v.75a231.431 
231.431 0 0 1-4.404-.039l.016-.
75c-1.65-.034-3.08-.099-4.343-.
218l-.07.747c-1.678-.159-3.083-
.413-4.316-.822l.236-.712a10.25
8 10.258 0 0 1-1.875-.827 
14.252 14.252 0 0 
1-1.585-1.05l-.455.596A14.999 
14.999 0 0 1 3.076 
54.1l.596-.455a14.24 14.24 0 0 
1-1.05-1.585 10.259 10.259 0 0 
1-.827-1.875l-.712.236C.674 
49.188.42 47.783.262 
46.105l.746-.07C.89 44.77.824 
43.34.79 
41.692l-.75.016Z"/><path 
fill="#fff" 
fill-rule="evenodd" d="M35.643 
32.145c-.297-.743-.445-1.114-.4
01-1.275a.42.42 0 0 1 
.182-.27c.134-.1.463-.1 
1.123-.1.742 0 1.499.046 
2.236-.05a6 6 0 0 0 5.166-5.166
c.051-.39.051-.855.051-1.784 
0-.928 0-1.393-.051-1.783a6 6 
0 0 0-5.166-5.165c-.39-.052-.85
4-.052-1.783-.052h-7.72c-4.934 
0-7.401 0-9.244 1.051a8 8 0 0 
0-2.985 2.986C16.057 22.28 
16.003 24.58 16 29 15.998 
31.075 16 33.15 16 
35.224A7.778 7.778 0 0 0 
23.778 43H28.5c1.394 0 2.09 0 
2.67-.116a6 6 0 0 0 4.715-4.714
c.115-.58.115-1.301.115-2.744 
0-1.31 0-1.964-.114-2.49a4.998 
4.998 0 0 0-.243-.792Z" 
clip-rule="evenodd"/><path 
fill="#9EA9A9" 
fill-rule="evenodd" d="M37 
18h-7.72c-2.494 0-4.266.002-5.6
47.126-1.361.122-2.197.354-2.85
4.728a6.5 6.5 0 0 0-2.425 
2.426c-.375.657-.607 
1.492-.729 2.853-.11 
1.233-.123 2.777-.125 4.867 0 
.7 0 1.05.097 1.181.096.13.182.
181.343.2.163.02.518-.18 
1.229-.581a6.195 6.195 0 0 1 
3.053-.8H37c.977 0 1.32-.003 
1.587-.038a4.5 4.5 0 0 0 3.874-
3.874c.036-.268.039-.611.039-1.
588 0-.976-.003-1.319-.038-1.58
7a4.5 4.5 0 0 
0-3.875-3.874C38.32 18.004 
37.977 18 37 18Zm-7.364 
12.5h-7.414a4.722 4.722 0 0 
0-4.722 4.723 6.278 6.278 0 0 
0 6.278 6.278H28.5c1.466 0 
1.98-.008 2.378-.087a4.5 4.5 0 
0 0 3.535-3.536c.08-.397.087-.9
33.087-2.451 0-1.391-.009-1.843
-.08-2.17a3.5 3.5 0 0 0-2.676-2
.676c-.328-.072-.762-.08-2.108-
.08Z" clip-rule="evenodd"/></g>
<defs><clipPath id="q"><path 
fill="#fff" d="M0 0h60v60H0z"/>
</clipPath></defs></svg>`[39m
[33m,[39m[33mGLOBE_ICON[39m
[33m:[39m[33mC[39m[32m`<svg
 width="16" height="16" 
fill="none" viewBox="0 0 16 
16"><path fill="#fff" 
fill-rule="evenodd" d="M15.5 
8a7.5 7.5 0 1 1-15 0 7.5 7.5 0 
0 1 15 0Zm-2.113.75c.301 0 
.535.264.47.558a6.01 6.01 0 0 
1-2.867 3.896c-.203.116-.42-.10
3-.334-.32.409-1.018.691-2.274.
797-3.657a.512.512 0 0 1 .507-.
477h1.427Zm.47-2.058c.065.294-.
169.558-.47.558H11.96a.512.512 
0 0 1-.507-.477c-.106-1.383-.38
9-2.638-.797-3.656-.087-.217.13
-.437.333-.32a6.01 6.01 0 0 1 
2.868 3.895Zm-4.402.558c.286 0 
.515-.24.49-.525-.121-1.361-.42
9-2.534-.83-3.393-.279-.6-.549-
.93-.753-1.112a.535.535 0 0 
0-.724 
0c-.204.182-.474.513-.754 
1.112-.4.859-.708 2.032-.828 
3.393a.486.486 0 0 0 
.49.525h2.909Zm-5.415 0c.267 0 
.486-.21.507-.477.106-1.383.389
-2.638.797-3.656.087-.217-.13-.
437-.333-.32a6.01 6.01 0 0 
0-2.868 3.895c-.065.294.169.558
.47.558H4.04ZM2.143 9.308c-.065
-.294.169-.558.47-.558H4.04c.26
7 0 .486.21.507.477.106 
1.383.389 2.639.797 3.657.087.2
17-.13.436-.333.32a6.01 6.01 0 
0 1-2.868-3.896Zm3.913-.033a.48
6.486 0 0 1 
.49-.525h2.909c.286 0 
.515.24.49.525-.121 1.361-.428 
2.535-.83 
3.394-.279.6-.549.93-.753 
1.112a.535.535 0 0 1-.724 0c-.2
04-.182-.474-.513-.754-1.112-.4
-.859-.708-2.033-.828-3.394Z" c
lip-rule="evenodd"/></svg>`[39
m}[33m,[39mpt[33m=[39mg[32
m`.wcm-toolbar-placeholder{top:
0;bottom:0;left:0;right:0;width
:100%;position:absolute;display
:block;pointer-events:none;heig
ht:100px;border-radius:calc(var
(--wcm-background-border-radius
) * .9);background-color:var(--
wcm-background-color);backgroun
d-position:center;background-si
ze:cover}.wcm-toolbar{height:38
px;display:flex;position:relati
ve;margin:5px 15px 5px 5px;just
ify-content:space-between;align
-items:center}.wcm-toolbar 
img,.wcm-toolbar svg{height:28p
x;object-position:left center;o
bject-fit:contain}#wcm-wc-logo 
path{fill:var(--wcm-accent-fill
-color)}button{width:28px;heigh
t:28px;border-radius:var(--wcm-
icon-button-border-radius);bord
er:0;display:flex;justify-conte
nt:center;align-items:center;cu
rsor:pointer;background-color:v
ar(--wcm-color-bg-1);box-shadow
:0 0 0 1px var(--wcm-color-over
lay)}button:active{background-c
olor:var(--wcm-color-bg-2)}butt
on svg{display:block;object-pos
ition:center}button path{fill:v
ar(--wcm-color-fg-1)}.wcm-toolb
ar div{display:flex}@media(hove
r:hover){button:hover{backgroun
d-color:var(--wcm-color-bg-2)}}
`[39m[33m;[39m[36mvar[39m 
gt[33m=[39m[33mObject[39m[
33m.[39mdefineProperty[33m,[
39mvt[33m=[39m[33mObject[39
m[33m.[39mgetOwnPropertyDescr
iptor[33m,[39mut[33m=[39m(e
[33m,[39mo[33m,[39mr[33m,
[39ma)[33m=>[39m{[36mfor[39
m([36mvar[39m t[33m=[39ma[
33m>[39m[35m1[39m[33m?[39m
[36mvoid[39m [35m0[39m[33m
:[39ma[33m?[39mvt(o[33m,[3
9mr)[33m:[39mo[33m,[39ml[3
3m=[39me[33m.[39mlength[33m
-[39m[35m1[39m[33m,[39mi[
33m;[39ml[33m>=[39m[35m0[3
9m[33m;[39ml[33m--[39m)(i[
33m=[39me[l])[33m&&[39m(t[3
3m=[39m(a[33m?[39mi(o[33m,
[39mr[33m,[39mt)[33m:[39mi(
t))[33m||[39mt)[33m;[39m[3
6mreturn[39m a[33m&&[39mt[3
3m&&[39mgt(o[33m,[39mr[33m,
[39mt)[33m,[39mt}[33m;[39m
[36mlet[39m 
fe[33m=[39m[36mclass[39m 
[36mextends[39m 
w{render(){[36mreturn[39m 
n[32m`<div class="wcm-toolbar-
placeholder"></div><div class="
wcm-toolbar">${v.WALLET_CONNECT
_LOGO} <button @click="${ge.clo
se}">${v.CROSS_ICON}</button></
div>`[39m}}[33m;[39mfe[33m.
[39mstyles[33m=[39m[h[33m.
[39mglobalCss[33m,[39mpt][33
m,[39mfe[33m=[39mut([p([32m
"wcm-modal-backcard"[39m)][33
m,[39mfe)[33m;[39m[36mconst
[39m bt[33m=[39mg[32m`main{
padding:20px;padding-top:0;widt
h:100%}`[39m[33m;[39m[36mva
r[39m ft[33m=[39m[33mObject
[39m[33m.[39mdefineProperty
[33m,[39mxt[33m=[39m[33mObj
ect[39m[33m.[39mgetOwnProper
tyDescriptor[33m,[39myt[33m=
[39m(e[33m,[39mo[33m,[39mr
[33m,[39ma)[33m=>[39m{[36m
for[39m([36mvar[39m t[33m=
[39ma[33m>[39m[35m1[39m[33
m?[39m[36mvoid[39m [35m0[3
9m[33m:[39ma[33m?[39mxt(o[
33m,[39mr)[33m:[39mo[33m,[
39ml[33m=[39me[33m.[39mleng
th[33m-[39m[35m1[39m[33m,
[39mi[33m;[39ml[33m>=[39m[
35m0[39m[33m;[39ml[33m--[3
9m)(i[33m=[39me[l])[33m&&[3
9m(t[33m=[39m(a[33m?[39mi(o
[33m,[39mr[33m,[39mt)[33m:
[39mi(t))[33m||[39mt)[33m;
[39m[36mreturn[39m a[33m&&[
39mt[33m&&[39mft(o[33m,[39m
r[33m,[39mt)[33m,[39mt}[33
m;[39m[36mlet[39m 
xe[33m=[39m[36mclass[39m 
[36mextends[39m 
w{render(){[36mreturn[39m n[
32m`<main><slot></slot></main>`
[39m}}[33m;[39mxe[33m.[39m
styles[33m=[39m[h[33m.[39mg
lobalCss[33m,[39mbt][33m,[3
9mxe[33m=[39myt([p([32m"wcm-
modal-content"[39m)][33m,[39
mxe)[33m;[39m[36mconst[39m 
$t[33m=[39mg[32m`footer{padd
ing:10px;display:flex;flex-dire
ction:column;align-items:inheri
t;justify-content:inherit;borde
r-top:1px solid var(--wcm-color
-bg-2)}`[39m[33m;[39m[36mva
r[39m [33mCt[39m[33m=[39m
[33mObject[39m[33m.[39mdefin
eProperty[33m,[39mkt[33m=[3
9m[33mObject[39m[33m.[39mge
tOwnPropertyDescriptor[33m,[3
9m[33mOt[39m[33m=[39m(e[33
m,[39mo[33m,[39mr[33m,[39m
a)[33m=>[39m{[36mfor[39m([
36mvar[39m t[33m=[39ma[33m>
[39m[35m1[39m[33m?[39m[36
mvoid[39m [35m0[39m[33m:[3
9ma[33m?[39mkt(o[33m,[39mr)
[33m:[39mo[33m,[39ml[33m=
[39me[33m.[39mlength[33m-[3
9m[35m1[39m[33m,[39mi[33m;
[39ml[33m>=[39m[35m0[39m[
33m;[39ml[33m--[39m)(i[33m=
[39me[l])[33m&&[39m(t[33m=
[39m(a[33m?[39mi(o[33m,[39m
r[33m,[39mt)[33m:[39mi(t))
[33m||[39mt)[33m;[39m[36mre
turn[39m a[33m&&[39mt[33m&&
[39m[33mCt[39m(o[33m,[39mr
[33m,[39mt)[33m,[39mt}[33m
;[39m[36mlet[39m 
ye[33m=[39m[36mclass[39m 
[36mextends[39m 
w{render(){[36mreturn[39m n[
32m`<footer><slot></slot></foot
er>`[39m}}[33m;[39mye[33m.
[39mstyles[33m=[39m[h[33m.[
39mglobalCss[33m,[39m$t][33m
,[39mye[33m=[39m[33mOt[39m
([p([32m"wcm-modal-footer"[39
m)][33m,[39mye)[33m;[39m[3
6mconst[39m [33mWt[39m[33m=
[39mg[32m`header{display:flex
;justify-content:center;align-i
tems:center;padding:20px;positi
on:relative}.wcm-border{border-
bottom:1px solid var(--wcm-colo
r-bg-2);margin-bottom:20px}head
er button{padding:15px 
20px}header button:active{opaci
ty:.5}@media(hover:hover){heade
r button:hover{opacity:.5}}.wcm
-back-btn{position:absolute;lef
t:0}.wcm-action-btn{position:ab
solute;right:0}path{fill:var(--
wcm-accent-color)}`[39m[33m;
[39m[36mvar[39m [33mIt[39m
[33m=[39m[33mObject[39m[33m
.[39mdefineProperty[33m,[39m
[33mEt[39m[33m=[39m[33mObj
ect[39m[33m.[39mgetOwnProper
tyDescriptor[33m,[39mte[33m=
[39m(e[33m,[39mo[33m,[39mr
[33m,[39ma)[33m=>[39m{[36m
for[39m([36mvar[39m t[33m=
[39ma[33m>[39m[35m1[39m[33
m?[39m[36mvoid[39m [35m0[3
9m[33m:[39ma[33m?[39m[33mE
t[39m(o[33m,[39mr)[33m:[39
mo[33m,[39ml[33m=[39me[33m
.[39mlength[33m-[39m[35m1[
39m[33m,[39mi[33m;[39ml[33
m>=[39m[35m0[39m[33m;[39ml
[33m--[39m)(i[33m=[39me[l])
[33m&&[39m(t[33m=[39m(a[33
m?[39mi(o[33m,[39mr[33m,[3
9mt)[33m:[39mi(t))[33m||[39
mt)[33m;[39m[36mreturn[39m 
a[33m&&[39mt[33m&&[39m[33m
It[39m(o[33m,[39mr[33m,[39
mt)[33m,[39mt}[33m;[39m[36
mlet[39m [33mS[39m[33m=[39
m[36mclass[39m 
[36mextends[39m w{constructor
(){[36msuper[39m([33m...[39
marguments)[33m,[39m[36mthis
[39m[33m.[39mtitle[33m=[39
m[32m""[39m[33m,[39m[36mth
is[39m[33m.[39monAction[33m
=[39m[36mvoid[39m [35m0[39
m[33m,[39m[36mthis[39m[33m
.[39mactionIcon[33m=[39m[36
mvoid[39m [35m0[39m[33m,[3
9m[36mthis[39m[33m.[39mbord
er[33m=[39m[33m![39m[35m1
[39m}backBtnTemplate(){[36mret
urn[39m n[32m`<button 
class="wcm-back-btn" @click="${
x.goBack}">${v.BACK_ICON}</butt
on>`[39m}actionBtnTemplate(){
[36mreturn[39m n[32m`<button 
class="wcm-action-btn" @click="
${this.onAction}">${this.action
Icon}</button>`[39m}render(){
[36mconst[39m e[33m=[39m{[3
2m"wcm-border"[39m[33m:[39m
[36mthis[39m[33m.[39mborder}
[33m,[39mo[33m=[39mx[33m.
[39mstate[33m.[39mhistory[33
m.[39mlength[33m>[39m[35m1
[39m[33m,[39mr[33m=[39m[36
mthis[39m[33m.[39mtitle[33m
?[39mn[32m`<wcm-text variant=
"big-bold">${this.title}</wcm-t
ext>`[39m[33m:[39mn[32m`<sl
ot></slot>`[39m[33m;[39m[36
mreturn[39m n[32m`<header cla
ss="${P(e)}">${o?this.backBtnTe
mplate():null} ${r} ${this.onAc
tion?this.actionBtnTemplate():n
ull}</header>`[39m}}[33m;[39
m[33mS[39m[33m.[39mstyles[
33m=[39m[h[33m.[39mglobalCss
[33m,[39m[33mWt[39m][33m,
[39mte([d()][33m,[39m[33mS[
39m[33m.[39mprototype[33m,[
39m[32m"title"[39m[33m,[39m
[35m2[39m)[33m,[39mte([d()]
[33m,[39m[33mS[39m[33m.[3
9mprototype[33m,[39m[32m"onA
ction"[39m[33m,[39m[35m2[3
9m)[33m,[39mte([d()][33m,[3
9m[33mS[39m[33m.[39mprototy
pe[33m,[39m[32m"actionIcon"
[39m[33m,[39m[35m2[39m)[33
m,[39mte([d({type[33m:[39m[
33mBoolean[39m})][33m,[39m[
33mS[39m[33m.[39mprototype[
33m,[39m[32m"border"[39m[33
m,[39m[35m2[39m)[33m,[39m
[33mS[39m[33m=[39mte([p([32
m"wcm-modal-header"[39m)][33m
,[39m[33mS[39m)[33m;[39m[
36mconst[39m c[33m=[39m{[33
mMOBILE_BREAKPOINT[39m[33m:[
39m[35m600[39m[33m,[39m[33
mWCM_RECENT_WALLET_DATA[39m[3
3m:[39m[32m"WCM_RECENT_WALLET
_DATA"[39m[33m,[39m[33mEXPL
ORER_WALLET_URL[39m[33m:[39m
[32m"https://explorer.walletco
nnect.com/?type=wallet"[39m[3
3m,[39mgetShadowRootElement(e
[33m,[39mo){[36mconst[39m r
[33m=[39me[33m.[39mrenderRoo
t[33m.[39mquerySelector(o)[3
3m;[39m[36mif[39m([33m![39
mr)[36mthrow[39m 
[36mnew[39m 
[33mError[39m([32m`${o} not 
found`[39m)[33m;[39m[36mret
urn[39m r}[33m,[39mgetWallet
Icon({id[33m:[39me[33m,[39m
image_id[33m:[39mo}){[36mcon
st[39m{walletImages[33m:[39m
r}[33m=[39mz[33m.[39mstate
[33m;[39m[36mreturn[39m r[3
3m!=[39m[36mnull[39m[33m&&
[39mr[e][33m?[39mr[e][33m:[
39mo[33m?[39m[33mW[39m[33m
.[39mgetWalletImageUrl(o)[33m
:[39m[32m""[39m}[33m,[39mg
etWalletName(e[33m,[39mo[33m
=[39m[33m![39m[35m1[39m){
[36mreturn[39m o[33m&&[39me
[33m.[39mlength[33m>[39m[35
m8[39m[33m?[39m[32m`${e.sub
string(0,8)}..`[39m[33m:[39m
e}[33m,[39misMobileAnimation(
){[36mreturn[39m window[33m.
[39minnerWidth[33m<=[39mc[3
3m.[39m[33mMOBILE_BREAKPOINT
[39m}[33m,[39m[36masync[39m
 preloadImage(e){[36mconst[39
m o[33m=[39m[36mnew[39m [3
3mPromise[39m((r[33m,[39ma)
[33m=>[39m{[36mconst[39m 
t[33m=[39m[36mnew[39m [33m
Image[39m[33m;[39mt[33m.[3
9monload[33m=[39mr[33m,[39m
t[33m.[39monerror[33m=[39ma
[33m,[39mt[33m.[39mcrossOri
gin[33m=[39m[32m"anonymous"
[39m[33m,[39mt[33m.[39msrc
[33m=[39me})[33m;[39m[36mre
turn[39m [33mPromise[39m[33
m.[39mrace([o[33m,[39mm[33m
.[39mwait([35m3e3[39m)])}[3
3m,[39mgetErrorMessage(e){[36
mreturn[39m e 
[36minstanceof[39m [33mError
[39m[33m?[39me[33m.[39mmes
sage[33m:[39m[32m"Unknown Er
ror"[39m}[33m,[39mdebounce(e
[33m,[39mo[33m=[39m[35m500
[39m){[36mlet[39m r[33m;[3
9m[36mreturn[39m([33m...[39
ma)[33m=>[39m{[36mfunction[
39m t(){e([33m...[39ma)}r[33
m&&[39mclearTimeout(r)[33m,[
39mr[33m=[39msetTimeout(t[33
m,[39mo)}}[33m,[39mhandleMob
ileLinking(e){[36mconst[39m{w
alletConnectUri[33m:[39mo}[3
3m=[39m[33mR[39m[33m.[39ms
tate[33m,[39m{mobile[33m:[3
9mr[33m,[39mname[33m:[39ma}
[33m=[39me[33m,[39mt[33m=
[39mr[33m?[39m[33m.[39mnati
ve[33m,[39ml[33m=[39mr[33m
?[39m[33m.[39muniversal[33m
;[39mc[33m.[39msetRecentWall
et(e)[33m;[39m[36mfunction[
39m i(s){[36mlet[39m $[33m=
[39m[32m""[39m[33m;[39mt[3
3m?[39m$[33m=[39mm[33m.[39
mformatUniversalUrl(t[33m,[39
ms[33m,[39ma)[33m:[39ml[33
m&&[39m($[33m=[39mm[33m.[3
9mformatNativeUrl(l[33m,[39ms
[33m,[39ma))[33m,[39mm[33m
.[39mopenHref($[33m,[39m[32
m"_self"[39m)}o[33m&&[39mi(o
)}[33m,[39mhandleAndroidLinki
ng(){[36mconst[39m{walletConn
ectUri[33m:[39me}[33m=[39m
[33mR[39m[33m.[39mstate[33m
;[39me[33m&&[39m(m[33m.[39
msetWalletConnectAndroidDeepLin
k(e)[33m,[39mm[33m.[39mopen
Href(e[33m,[39m[32m"_self"[
39m))}[33m,[39m[36masync[39
m handleUriCopy(){[36mconst[3
9m{walletConnectUri[33m:[39me
}[33m=[39m[33mR[39m[33m.[
39mstate[33m;[39m[36mif[39m
(e)[36mtry[39m{[36mawait[39
m navigator[33m.[39mclipboard
[33m.[39mwriteText(e)[33m,[
39m[33mN[39m[33m.[39mopenTo
ast([32m"Link copied"[39m[33
m,[39m[32m"success"[39m)}[3
6mcatch[39m{[33mN[39m[33m.
[39mopenToast([32m"Failed to c
opy"[39m[33m,[39m[32m"error
"[39m)}}[33m,[39mgetCustomIm
ageUrls(){[36mconst[39m{walle
tImages[33m:[39me}[33m=[39m
z[33m.[39mstate[33m,[39mo[
33m=[39m[33mObject[39m[33m.
[39mvalues(e[33m?[39m[33m?
[39m{})[33m;[39m[36mreturn[
39m [33mObject[39m[33m.[39m
values(o)}[33m,[39mtruncate(e
[33m,[39mo[33m=[39m[35m8[
39m){[36mreturn[39m e[33m.[
39mlength[33m<=[39mo[33m?[3
9me[33m:[39m[32m`${e.substri
ng(0,4)}...${e.substring(e.leng
th-4)}`[39m}[33m,[39msetRece
ntWallet(e){[36mtry[39m{local
Storage[33m.[39msetItem(c[33
m.[39m[33mWCM_RECENT_WALLET_D
ATA[39m[33m,[39m[33mJSON[3
9m[33m.[39mstringify(e))}[36
mcatch[39m{console[33m.[39mi
nfo([32m"Unable to set recent 
wallet"[39m)}}[33m,[39mgetRe
centWallet(){[36mtry[39m{[36
mconst[39m e[33m=[39mlocalSt
orage[33m.[39mgetItem(c[33m.
[39m[33mWCM_RECENT_WALLET_DAT
A[39m)[33m;[39m[36mreturn[
39m e[33m?[39m[33mJSON[39m
[33m.[39mparse(e)[33m:[39m[
36mvoid[39m [35m0[39m}[36mc
atch[39m{console[33m.[39minf
o([32m"Unable to get recent wa
llet"[39m)}}[33m,[39mcaseSaf
eIncludes(e[33m,[39mo){[36mr
eturn[39m e[33m.[39mtoUpperC
ase()[33m.[39mincludes(o[33m
.[39mtoUpperCase())}[33m,[39
mopenWalletExplorerUrl(){m[33m
.[39mopenHref(c[33m.[39m[33
mEXPLORER_WALLET_URL[39m[33m,
[39m[32m"_blank"[39m)}[33m,
[39mgetCachedRouterWalletPlatf
orms(){[36mconst[39m{desktop
[33m:[39me[33m,[39mmobile[3
3m:[39mo}[33m=[39mm[33m.[3
9mgetWalletRouterData()[33m,[
39mr[33m=[39m[33mBoolean[39
m(e[33m?[39m[33m.[39mnative
)[33m,[39ma[33m=[39m[33mBo
olean[39m(e[33m?[39m[33m.[
39muniversal)[33m,[39mt[33m=
[39m[33mBoolean[39m(o[33m?
[39m[33m.[39mnative)[33m||[
39m[33mBoolean[39m(o[33m?[3
9m[33m.[39muniversal)[33m;[
39m[36mreturn[39m{isDesktop[
33m:[39mr[33m,[39misMobile[
33m:[39mt[33m,[39misWeb[33m
:[39ma}}[33m,[39mgoToConnect
ingView(e){x[33m.[39msetData(
{[33mWallet[39m[33m:[39me})
[33m;[39m[36mconst[39m o[3
3m=[39mm[33m.[39misMobile()
[33m,[39m{isDesktop[33m:[39m
r[33m,[39misWeb[33m:[39ma[
33m,[39misMobile[33m:[39mt}
[33m=[39mc[33m.[39mgetCached
RouterWalletPlatforms()[33m;[
39mo[33m?[39mt[33m?[39mx[3
3m.[39mpush([32m"MobileConnec
ting"[39m)[33m:[39ma[33m?[
39mx[33m.[39mpush([32m"WebCo
nnecting"[39m)[33m:[39mx[33
m.[39mpush([32m"InstallWallet
"[39m)[33m:[39mr[33m?[39mx
[33m.[39mpush([32m"DesktopCo
nnecting"[39m)[33m:[39ma[33
m?[39mx[33m.[39mpush([32m"W
ebConnecting"[39m)[33m:[39mt
[33m?[39mx[33m.[39mpush([3
2m"MobileQrcodeConnecting"[39m
)[33m:[39mx[33m.[39mpush([
32m"InstallWallet"[39m)}}[33m
,[39m[33mMt[39m[33m=[39mg
[32m`.wcm-router{overflow:hidde
n;will-change:transform}.wcm-co
ntent{display:flex;flex-directi
on:column}`[39m[33m;[39m[36
mvar[39m [33mLt[39m[33m=[3
9m[33mObject[39m[33m.[39mde
fineProperty[33m,[39m[33mRt
[39m[33m=[39m[33mObject[39m
[33m.[39mgetOwnPropertyDescri
ptor[33m,[39m$e[33m=[39m(e
[33m,[39mo[33m,[39mr[33m,[
39ma)[33m=>[39m{[36mfor[39m
([36mvar[39m t[33m=[39ma[3
3m>[39m[35m1[39m[33m?[39m
[36mvoid[39m [35m0[39m[33m:
[39ma[33m?[39m[33mRt[39m(o
[33m,[39mr)[33m:[39mo[33m,
[39ml[33m=[39me[33m.[39mle
ngth[33m-[39m[35m1[39m[33m
,[39mi[33m;[39ml[33m>=[39m
[35m0[39m[33m;[39ml[33m--
[39m)(i[33m=[39me[l])[33m&&
[39m(t[33m=[39m(a[33m?[39mi
(o[33m,[39mr[33m,[39mt)[33
m:[39mi(t))[33m||[39mt)[33m
;[39m[36mreturn[39m a[33m&&
[39mt[33m&&[39m[33mLt[39m(
o[33m,[39mr[33m,[39mt)[33m
,[39mt}[33m;[39m[36mlet[39
m oe[33m=[39m[36mclass[39m 
[36mextends[39m w{constructor
(){[36msuper[39m()[33m,[39m
[36mthis[39m[33m.[39mview[
33m=[39mx[33m.[39mstate[33m
.[39mview[33m,[39m[36mthis
[39m[33m.[39mprevView[33m=[
39mx[33m.[39mstate[33m.[39m
view[33m,[39m[36mthis[39m[
33m.[39munsubscribe[33m=[39m
[36mvoid[39m [35m0[39m[33m
,[39m[36mthis[39m[33m.[39m
oldHeight[33m=[39m[32m"0px"
[39m[33m,[39m[36mthis[39m[
33m.[39mresizeObserver[33m=[
39m[36mvoid[39m [35m0[39m[
33m,[39m[36mthis[39m[33m.[
39munsubscribe[33m=[39mx[33m
.[39msubscribe(e[33m=>[39m{
[36mthis[39m[33m.[39mview[3
3m!==[39me[33m.[39mview[33m
&&[39m[36mthis[39m[33m.[39
monChangeRoute()})}firstUpdated
(){[36mthis[39m[33m.[39mres
izeObserver[33m=[39m[36mnew
[39m [33mResizeObserver[39m((
[e])[33m=>[39m{[36mconst[39
m o[33m=[39m[32m`${e.content
Rect.height}px`[39m[33m;[39m
[36mthis[39m[33m.[39moldHei
ght[33m!==[39m[32m"0px"[39m
[33m&&[39m[33mH[39m([36mth
is[39m[33m.[39mrouterEl[33m
,[39m{height[33m:[39m[[36mt
his[39m[33m.[39moldHeight[3
3m,[39mo]}[33m,[39m{duration
[33m:[39m[35m.2[39m})[33m,
[39m[36mthis[39m[33m.[39mo
ldHeight[33m=[39mo})[33m,[3
9m[36mthis[39m[33m.[39mresi
zeObserver[33m.[39mobserve([
36mthis[39m[33m.[39mcontentE
l)}disconnectedCallback(){[36m
var[39m e[33m,[39mo[33m;[3
9m(e[33m=[39m[36mthis[39m[
33m.[39munsubscribe)[33m==[3
9m[36mnull[39m[33m||[39me[
33m.[39mcall([36mthis[39m)[
33m,[39m(o[33m=[39m[36mthis
[39m[33m.[39mresizeObserver)
[33m==[39m[36mnull[39m[33m
||[39mo[33m.[39mdisconnect()
}[36mget[39m 
routerEl(){[36mreturn[39m c[
33m.[39mgetShadowRootElement(
[36mthis[39m[33m,[39m[32m".
wcm-router"[39m)}[36mget[39m
 contentEl(){[36mreturn[39m c
[33m.[39mgetShadowRootElement
([36mthis[39m[33m,[39m[32m
".wcm-content"[39m)}viewTempla
te(){[36mswitch[39m([36mthis
[39m[33m.[39mview){[36mcase
[39m[32m"ConnectWallet"[39m
[33m:[39m[36mreturn[39m n[3
2m`<wcm-connect-wallet-view></w
cm-connect-wallet-view>`[39m[
33m;[39m[36mcase[39m[32m"De
sktopConnecting"[39m[33m:[39
m[36mreturn[39m n[32m`<wcm-d
esktop-connecting-view></wcm-de
sktop-connecting-view>`[39m[3
3m;[39m[36mcase[39m[32m"Mob
ileConnecting"[39m[33m:[39m
[36mreturn[39m n[32m`<wcm-mob
ile-connecting-view></wcm-mobil
e-connecting-view>`[39m[33m;
[39m[36mcase[39m[32m"WebConn
ecting"[39m[33m:[39m[36mret
urn[39m n[32m`<wcm-web-connec
ting-view></wcm-web-connecting-
view>`[39m[33m;[39m[36mcase
[39m[32m"MobileQrcodeConnecti
ng"[39m[33m:[39m[36mreturn
[39m n[32m`<wcm-mobile-qr-conn
ecting-view></wcm-mobile-qr-con
necting-view>`[39m[33m;[39m
[36mcase[39m[32m"WalletExplor
er"[39m[33m:[39m[36mreturn
[39m n[32m`<wcm-wallet-explore
r-view></wcm-wallet-explorer-vi
ew>`[39m[33m;[39m[36mcase[
39m[32m"Qrcode"[39m[33m:[39
m[36mreturn[39m n[32m`<wcm-q
rcode-view></wcm-qrcode-view>`
[39m[33m;[39m[36mcase[39m[
32m"InstallWallet"[39m[33m:[
39m[36mreturn[39m n[32m`<wcm
-install-wallet-view></wcm-inst
all-wallet-view>`[39m[33m;[3
9m[36mdefault[39m[33m:[39m
[36mreturn[39m 
n[32m`<div>Not Found</div>`[3
9m}}[36masync[39m onChangeRou
te(){[36mawait[39m [33mH[39
m([36mthis[39m[33m.[39mrout
erEl[33m,[39m{opacity[33m:[
39m[[35m1[39m[33m,[39m[35m
0[39m][33m,[39mscale[33m:[
39m[[35m1[39m[33m,[39m[35m
1.02[39m]}[33m,[39m{duration
[33m:[39m[35m.15[39m[33m,
[39mdelay[33m:[39m[35m.1[39
m})[33m.[39mfinished[33m,[3
9m[36mthis[39m[33m.[39mview
[33m=[39mx[33m.[39mstate[3
3m.[39mview[33m,[39m[33mH[
39m([36mthis[39m[33m.[39mro
uterEl[33m,[39m{opacity[33m:
[39m[[35m0[39m[33m,[39m[3
5m1[39m][33m,[39mscale[33m:
[39m[[35m.99[39m[33m,[39m
[35m1[39m]}[33m,[39m{duratio
n[33m:[39m[35m.37[39m[33m,
[39mdelay[33m:[39m[35m.05[
39m})}render(){[36mreturn[39m
 n[32m`<div 
class="wcm-router"><div class="
wcm-content">${this.viewTemplat
e()}</div></div>`[39m}}[33m;
[39moe[33m.[39mstyles[33m=[
39m[h[33m.[39mglobalCss[33m,
[39m[33mMt[39m][33m,[39m$e
([[33mI[39m()][33m,[39moe[
33m.[39mprototype[33m,[39m[
32m"view"[39m[33m,[39m[35m2
[39m)[33m,[39m$e([[33mI[39
m()][33m,[39moe[33m.[39mpro
totype[33m,[39m[32m"prevView
"[39m[33m,[39m[35m2[39m)[
33m,[39moe[33m=[39m$e([p([3
2m"wcm-modal-router"[39m)][33
m,[39moe)[33m;[39m[36mconst
[39m [33mAt[39m[33m=[39mg
[32m`div{height:36px;width:max-
content;display:flex;justify-co
ntent:center;align-items:center
;padding:9px 15px 11px;position
:absolute;top:12px;box-shadow:0
 6px 14px -6px 
rgba(10,16,31,.3),0 10px 32px 
-4px rgba(10,16,31,.15);z-index
:2;left:50%;transform:translate
X(-50%);pointer-events:none;bac
kdrop-filter:blur(20px) saturat
e(1.8);-webkit-backdrop-filter:
blur(20px) saturate(1.8);border
-radius:var(--wcm-notification-
border-radius);border:1px 
solid var(--wcm-color-overlay);
background-color:var(--wcm-colo
r-overlay)}svg{margin-right:5px
}@-moz-document url-prefix(){di
v{background-color:var(--wcm-co
lor-bg-3)}}.wcm-success path{fi
ll:var(--wcm-accent-color)}.wcm
-error path{fill:var(--wcm-erro
r-color)}`[39m[33m;[39m[36m
var[39m [33mPt[39m[33m=[39
m[33mObject[39m[33m.[39mdef
ineProperty[33m,[39m[33mTt[
39m[33m=[39m[33mObject[39m
[33m.[39mgetOwnPropertyDescrip
tor[33m,[39mze[33m=[39m(e[
33m,[39mo[33m,[39mr[33m,[3
9ma)[33m=>[39m{[36mfor[39m(
[36mvar[39m t[33m=[39ma[33
m>[39m[35m1[39m[33m?[39m[
36mvoid[39m [35m0[39m[33m:
[39ma[33m?[39m[33mTt[39m(o
[33m,[39mr)[33m:[39mo[33m,
[39ml[33m=[39me[33m.[39mlen
gth[33m-[39m[35m1[39m[33m,
[39mi[33m;[39ml[33m>=[39m
[35m0[39m[33m;[39ml[33m--[
39m)(i[33m=[39me[l])[33m&&[
39m(t[33m=[39m(a[33m?[39mi(
o[33m,[39mr[33m,[39mt)[33m
:[39mi(t))[33m||[39mt)[33m;
[39m[36mreturn[39m a[33m&&
[39mt[33m&&[39m[33mPt[39m(o
[33m,[39mr[33m,[39mt)[33m,
[39mt}[33m;[39m[36mlet[39m
 ne[33m=[39m[36mclass[39m 
[36mextends[39m w{constructor
(){[36msuper[39m()[33m,[39m
[36mthis[39m[33m.[39mopen[
33m=[39m[33m![39m[35m1[39m
[33m,[39m[36mthis[39m[33m.
[39munsubscribe[33m=[39m[36
mvoid[39m [35m0[39m[33m,[3
9m[36mthis[39m[33m.[39mtime
out[33m=[39m[36mvoid[39m [
35m0[39m[33m,[39m[36mthis[
39m[33m.[39munsubscribe[33m=
[39m[33mN[39m[33m.[39msubs
cribe(e[33m=>[39m{e[33m.[39
mopen[33m?[39m([36mthis[39m
[33m.[39mopen[33m=[39m[33m
![39m[35m0[39m[33m,[39m[3
6mthis[39m[33m.[39mtimeout[
33m=[39msetTimeout(()[33m=>[
39m[33mN[39m[33m.[39mcloseT
oast()[33m,[39m[35m2200[39m
))[33m:[39m([36mthis[39m[3
3m.[39mopen[33m=[39m[33m![
39m[35m1[39m[33m,[39mclearT
imeout([36mthis[39m[33m.[39
mtimeout))})}disconnectedCallba
ck(){[36mvar[39m e[33m;[39m
(e[33m=[39m[36mthis[39m[33
m.[39munsubscribe)[33m==[39m
[36mnull[39m[33m||[39me[33
m.[39mcall([36mthis[39m)[33
m,[39mclearTimeout([36mthis[
39m[33m.[39mtimeout)[33m,[3
9m[33mN[39m[33m.[39mcloseTo
ast()}render(){[36mconst[39m{
message[33m:[39me[33m,[39mv
ariant[33m:[39mo}[33m=[39m
[33mN[39m[33m.[39mstate[33m
,[39mr[33m=[39m{[32m"wcm-su
ccess"[39m[33m:[39mo[33m===
[39m[32m"success"[39m[33m,
[39m[32m"wcm-error"[39m[33m:
[39mo[33m===[39m[32m"error"
[39m}[33m;[39m[36mreturn[3
9m [36mthis[39m[33m.[39mope
n[33m?[39mn[32m`<div class="
${P(r)}">${o==="success"?v.CHEC
KMARK_ICON:null} ${o==="error"?
v.CROSS_ICON:null}<wcm-text var
iant="small-regular">${e}</wcm-
text></div>`[39m[33m:[39m[3
6mnull[39m}}[33m;[39mne[33m
.[39mstyles[33m=[39m[h[33m.
[39mglobalCss[33m,[39m[33mA
t[39m][33m,[39mze([[33mI[3
9m()][33m,[39mne[33m.[39mpr
ototype[33m,[39m[32m"open"[
39m[33m,[39m[35m2[39m)[33m
,[39mne[33m=[39mze([p([32m"
wcm-modal-toast"[39m)][33m,[
39mne)[33m;[39m[36mconst[39
m jt[33m=[39m[35m.1[39m[33
m,[39m[33mVe[39m[33m=[39m
[35m2.5[39m[33m,[39m[33mA[
39m[33m=[39m[35m7[39m[33m;
[39m[36mfunction[39m [33mCe
[39m(e[33m,[39mo[33m,[39mr
){[36mreturn[39m e[33m===[3
9mo[33m?[39m[33m![39m[35m1
[39m[33m:[39m(e[33m-[39mo
[33m<[39m[35m0[39m[33m?[39
mo[33m-[39me[33m:[39me[33m
-[39mo)[33m<=[39mr[33m+[39
mjt}[36mfunction[39m _t(e[33
m,[39mo){[36mconst[39m r[33
m=[39m[33mArray[39m[33m.[3
9mprototype[33m.[39mslice[33
m.[39mcall([33mJe[39m[33m.
[39mcreate(e[33m,[39m{errorCo
rrectionLevel[33m:[39mo})[33
m.[39mmodules[33m.[39mdata[
33m,[39m[35m0[39m)[33m,[39
ma[33m=[39m[33mMath[39m[33
m.[39msqrt(r[33m.[39mlength)
[33m;[39m[36mreturn[39m r[
33m.[39mreduce((t[33m,[39ml
[33m,[39mi)[33m=>[39m(i[33m
%[39ma[33m===[39m[35m0[39m
[33m?[39mt[33m.[39mpush([l]
)[33m:[39mt[t[33m.[39mlengt
h[33m-[39m[35m1[39m][33m.
[39mpush(l))[33m&&[39mt[33m,
[39m[])}[36mconst[39m [33mD
t[39m[33m=[39m{generate(e[3
3m,[39mo[33m,[39mr){[36mcon
st[39m a[33m=[39m[32m"#1414
14"[39m[33m,[39mt[33m=[39m
[32m"#ffffff"[39m[33m,[39ml
[33m=[39m[][33m,[39mi[33m=
[39m_t(e[33m,[39m[32m"Q"[3
9m)[33m,[39ms[33m=[39mo[35
m/i.length,$=[{x:0,y:0},{x:1,y:
0},{x:0,y:1}];$.forEach(({x:y,y
:u})=>{const O=(i.length-A)*s*y
,b=(i.length-A)*s*u,E=.45;for(l
et M=0;M<$.length;M+=1){const 
V=s*(A-M*2);l.push(pe`<rect 
fill="${M%2===0?a:t}" 
height="${V}" rx="${V*E}" 
ry="${V*E}" width="${V}" 
x="${O+s*M}" 
y="${b+s*M}">`)}});const f=Math
.floor((r+25)/s[39m)[33m,[39
m[33mNe[39m[33m=[39mi[33m.
[39mlength[33m/[39m[35m2[3
9m[33m-[39mf[33m/[39m[35m2
[39m[33m,[39m[33mZe[39m[3
3m=[39mi[33m.[39mlength[33m
/[39m[35m2[39m[33m+[39mf[
33m/[39m[35m2[39m[33m-[39m
[35m1[39m[33m,[39m[33mSe[
39m[33m=[39m[][33m;[39mi[3
3m.[39mforEach((y[33m,[39mu)
[33m=>[39m{y[33m.[39mforEac
h(([33mO[39m[33m,[39mb)[33
m=>[39m{[36mif[39m(i[u][b][
33m&&[39m[33m![39m(u[33m<[
39m[33mA[39m[33m&&[39mb[33
m<[39m[33mA[39m[33m||[39mu
[33m>[39mi[33m.[39mlength[
33m-[39m([33mA[39m[33m+[39
m[35m1[39m)[33m&&[39mb[33m
<[39m[33mA[39m[33m||[39mu
[33m<[39m[33mA[39m[33m&&[3
9mb[33m>[39mi[33m.[39mlengt
h[33m-[39m([33mA[39m[33m+
[39m[35m1[39m))[33m&&[39m[
33m![39m(u[33m>[39m[33mNe[
39m[33m&&[39mu[33m<[39m[33
mZe[39m[33m&&[39mb[33m>[39
m[33mNe[39m[33m&&[39mb[33m
<[39m[33mZe[39m)){[36mconst
[39m [33mE[39m[33m=[39mu[
33m*[39ms[33m+[39ms[33m/[3
9m[35m2[39m[33m,[39m[33mM
[39m[33m=[39mb[33m*[39ms[3
3m+[39ms[33m/[39m[35m2[39m
[33m;[39m[33mSe[39m[33m.[
39mpush([[33mE[39m[33m,[39m
[33mM[39m])}})})[33m;[39m[
36mconst[39m [33mJ[39m[33m=
[39m{}[33m;[39m[36mreturn[
39m [33mSe[39m[33m.[39mforE
ach(([y[33m,[39mu])[33m=>[3
9m{[33mJ[39m[y][33m?[39m[3
3mJ[39m[y][33m.[39mpush(u)[
33m:[39m[33mJ[39m[y][33m=[
39m[u]})[33m,[39m[33mObject
[39m[33m.[39mentries([33mJ[
39m)[33m.[39mmap(([y[33m,[3
9mu])[33m=>[39m{[36mconst[3
9m [33mO[39m[33m=[39mu[33m
.[39mfilter(b[33m=>[39mu[33
m.[39mevery([33mE[39m[33m=>
[39m[33m![39m[33mCe[39m(b
[33m,[39m[33mE[39m[33m,[39
ms)))[33m;[39m[36mreturn[39
m[[33mNumber[39m(y)[33m,[39
m[33mO[39m]})[33m.[39mforEa
ch(([y[33m,[39mu])[33m=>[39
m{u[33m.[39mforEach([33mO[3
9m[33m=>[39m{l[33m.[39mpush
(pe[32m`<circle cx="${y}" 
cy="${O}" fill="${a}" r="${s/Ve
}">`[39m)})})[33m,[39m[33mO
bject[39m[33m.[39mentries([
33mJ[39m)[33m.[39mfilter(([y
[33m,[39mu])[33m=>[39mu[33
m.[39mlength[33m>[39m[35m1
[39m)[33m.[39mmap(([y[33m,[
39mu])[33m=>[39m{[36mconst[
39m [33mO[39m[33m=[39mu[33
m.[39mfilter(b[33m=>[39mu[3
3m.[39msome([33mE[39m[33m=>
[39m[33mCe[39m(b[33m,[39m
[33mE[39m[33m,[39ms)))[33m;
[39m[36mreturn[39m[[33mNumb
er[39m(y)[33m,[39m[33mO[39
m]})[33m.[39mmap(([y[33m,[3
9mu])[33m=>[39m{u[33m.[39ms
ort((b[33m,[39m[33mE[39m)[
33m=>[39mb[33m<[39m[33mE[3
9m[33m?[39m[33m-[39m[35m1
[39m[33m:[39m[35m1[39m)[33
m;[39m[36mconst[39m [33mO[
39m[33m=[39m[][33m;[39m[36
mfor[39m([36mconst[39m b 
[36mof[39m 
u){[36mconst[39m [33mE[39m
[33m=[39m[33mO[39m[33m.[39
mfind([33mM[39m[33m=>[39m[
33mM[39m[33m.[39msome([33mV
[39m[33m=>[39m[33mCe[39m(b
[33m,[39m[33mV[39m[33m,[3
9ms)))[33m;[39m[33mE[39m[3
3m?[39m[33mE[39m[33m.[39mp
ush(b)[33m:[39m[33mO[39m[3
3m.[39mpush([b])}[36mreturn[
39m[y[33m,[39m[33mO[39m[33
m.[39mmap(b[33m=>[39m[b[[35
m0[39m][33m,[39mb[b[33m.[3
9mlength[33m-[39m[35m1[39m]
])]})[33m.[39mforEach(([y[33
m,[39mu])[33m=>[39m{u[33m.
[39mforEach(([[33mO[39m[33m,
[39mb])[33m=>[39m{l[33m.[3
9mpush(pe[32m`<line x1="${y}" 
x2="${y}" y1="${O}" y2="${b}" 
stroke="${a}" 
stroke-width="${s/(Ve/2)}" stro
ke-linecap="round">`[39m)})})
[33m,[39ml}}[33m,[39m[33mNt
[39m[33m=[39mg[32m`@keyfram
es fadeIn{0%{opacity:0}100%{opa
city:1}}div{position:relative;u
ser-select:none;display:block;o
verflow:hidden;aspect-ratio:1/1
;animation:fadeIn ease .2s}.wcm
-dark{background-color:#fff;bor
der-radius:var(--wcm-container-
border-radius);padding:18px;box
-shadow:0 2px 5px #000}svg:firs
t-child,wcm-wallet-image{positi
on:absolute;top:50%;left:50%;tr
ansform:translateY(-50%) transl
ateX(-50%)}wcm-wallet-image{tra
nsform:translateY(-50%) transla
teX(-50%)}wcm-wallet-image{widt
h:25%;height:25%;border-radius:
var(--wcm-wallet-icon-border-ra
dius)}svg:first-child{transform
:translateY(-50%) 
translateX(-50%) 
scale(.9)}svg:first-child path:
first-child{fill:var(--wcm-acce
nt-color)}svg:first-child path:
last-child{stroke:var(--wcm-col
or-overlay)}`[39m[33m;[39m[
36mvar[39m [33mZt[39m[33m=
[39m[33mObject[39m[33m.[39m
defineProperty[33m,[39m[33mS
t[39m[33m=[39m[33mObject[3
9m[33m.[39mgetOwnPropertyDesc
riptor[33m,[39mq[33m=[39m(e
[33m,[39mo[33m,[39mr[33m,
[39ma)[33m=>[39m{[36mfor[39
m([36mvar[39m t[33m=[39ma[
33m>[39m[35m1[39m[33m?[39m
[36mvoid[39m [35m0[39m[33m
:[39ma[33m?[39m[33mSt[39m(
o[33m,[39mr)[33m:[39mo[33m
,[39ml[33m=[39me[33m.[39ml
ength[33m-[39m[35m1[39m[33
m,[39mi[33m;[39ml[33m>=[39
m[35m0[39m[33m;[39ml[33m--
[39m)(i[33m=[39me[l])[33m&&
[39m(t[33m=[39m(a[33m?[39m
i(o[33m,[39mr[33m,[39mt)[3
3m:[39mi(t))[33m||[39mt)[33
m;[39m[36mreturn[39m a[33m&
&[39mt[33m&&[39m[33mZt[39m
(o[33m,[39mr[33m,[39mt)[33
m,[39mt}[33m;[39m[36mlet[3
9m j[33m=[39m[36mclass[39m 
[36mextends[39m w{constructor
(){[36msuper[39m([33m...[39
marguments)[33m,[39m[36mthis
[39m[33m.[39muri[33m=[39m
[32m""[39m[33m,[39m[36mthis
[39m[33m.[39msize[33m=[39m
[35m0[39m[33m,[39m[36mthis
[39m[33m.[39mimageId[33m=[
39m[36mvoid[39m [35m0[39m[
33m,[39m[36mthis[39m[33m.[
39mwalletId[33m=[39m[36mvoid
[39m [35m0[39m[33m,[39m[3
6mthis[39m[33m.[39mimageUrl
[33m=[39m[36mvoid[39m [35m0
[39m}svgTemplate(){[36mconst
[39m e[33m=[39m[33mX[39m[3
3m.[39mstate[33m.[39mthemeMo
de[33m===[39m[32m"light"[39
m[33m?[39m[36mthis[39m[33m
.[39msize[33m:[39m[36mthis
[39m[33m.[39msize[33m-[39m
[35m36[39m[33m;[39m[36mretu
rn[39m pe[32m`<svg 
height="${e}" width="${e}">${Dt
.generate(this.uri,e,e/4)}</svg
>`[39m}render(){[36mconst[39
m e[33m=[39m{[32m"wcm-dark"
[39m[33m:[39m[33mX[39m[33m
.[39mstate[33m.[39mthemeMode
[33m===[39m[32m"dark"[39m}
[33m;[39m[36mreturn[39m 
n[32m`<div style="${`width: 
${this.size}px`}" class="${P(e)
}">${this.walletId||this.imageU
rl?n`<wcm-wallet-image 
walletId="${k(this.walletId)}" 
imageId="${k(this.imageId)}" im
ageUrl="${k(this.imageUrl)}"></
wcm-wallet-image>`:v.WALLET_CON
NECT_ICON_COLORED} ${this.svgTe
mplate()}</div>`[39m}}[33m;[
39mj[33m.[39mstyles[33m=[39
m[h[33m.[39mglobalCss[33m,[
39m[33mNt[39m][33m,[39mq([d
()][33m,[39mj[33m.[39mproto
type[33m,[39m[32m"uri"[39m
[33m,[39m[35m2[39m)[33m,[3
9mq([d({type[33m:[39m[33mNum
ber[39m})][33m,[39mj[33m.[
39mprototype[33m,[39m[32m"si
ze"[39m[33m,[39m[35m2[39m)
[33m,[39mq([d()][33m,[39mj
[33m.[39mprototype[33m,[39m
[32m"imageId"[39m[33m,[39m[
35m2[39m)[33m,[39mq([d()][3
3m,[39mj[33m.[39mprototype[
33m,[39m[32m"walletId"[39m[
33m,[39m[35m2[39m)[33m,[39
mq([d()][33m,[39mj[33m.[39m
prototype[33m,[39m[32m"image
Url"[39m[33m,[39m[35m2[39m
)[33m,[39mj[33m=[39mq([p([
32m"wcm-qrcode"[39m)][33m,[3
9mj)[33m;[39m[36mconst[39m 
[33mBt[39m[33m=[39mg[32m`:
host{position:relative;height:2
8px;width:80%}input{width:100%;
height:100%;line-height:28px!im
portant;border-radius:var(--wcm
-input-border-radius);font-styl
e:normal;font-family:-apple-sys
tem,system-ui,BlinkMacSystemFon
t,'Segoe 
UI',Roboto,Ubuntu,'Helvetica Ne
ue',sans-serif;font-feature-set
tings:'case' on;font-weight:500
;font-size:16px;letter-spacing:
-.03em;padding:0 10px 0 
34px;transition:.2s all ease;co
lor:var(--wcm-color-fg-1);backg
round-color:var(--wcm-color-bg-
3);box-shadow:inset 0 0 0 1px v
ar(--wcm-color-overlay);caret-c
olor:var(--wcm-accent-color)}in
put::placeholder{color:var(--wc
m-color-fg-2)}svg{left:10px;top
:4px;pointer-events:none;positi
on:absolute;width:20px;height:2
0px}input:focus-within{box-shad
ow:inset 0 0 0 1px var(--wcm-ac
cent-color)}path{fill:var(--wcm
-color-fg-2)}`[39m[33m;[39m
[36mvar[39m [33mUt[39m[33m=
[39m[33mObject[39m[33m.[39
mdefineProperty[33m,[39m[33m
Ht[39m[33m=[39m[33mObject[
39m[33m.[39mgetOwnPropertyDes
criptor[33m,[39m[33mFe[39m
[33m=[39m(e[33m,[39mo[33m,
[39mr[33m,[39ma)[33m=>[39m{
[36mfor[39m([36mvar[39m t[
33m=[39ma[33m>[39m[35m1[39
m[33m?[39m[36mvoid[39m [35
m0[39m[33m:[39ma[33m?[39m
[33mHt[39m(o[33m,[39mr)[33m
:[39mo[33m,[39ml[33m=[39me
[33m.[39mlength[33m-[39m[3
5m1[39m[33m,[39mi[33m;[39m
l[33m>=[39m[35m0[39m[33m;
[39ml[33m--[39m)(i[33m=[39m
e[l])[33m&&[39m(t[33m=[39m(
a[33m?[39mi(o[33m,[39mr[33
m,[39mt)[33m:[39mi(t))[33m|
|[39mt)[33m;[39m[36mreturn
[39m a[33m&&[39mt[33m&&[39m
[33mUt[39m(o[33m,[39mr[33m
,[39mt)[33m,[39mt}[33m;[39
m[36mlet[39m 
ce[33m=[39m[36mclass[39m 
[36mextends[39m w{constructor
(){[36msuper[39m([33m...[39
marguments)[33m,[39m[36mthis
[39m[33m.[39monChange[33m=
[39m()[33m=>[39m[36mnull[39
m}render(){[36mreturn[39m 
n[32m`<input type="text" 
@input="${this.onChange}" 
placeholder="Search wallets"> $
{v.SEARCH_ICON}`[39m}}[33m;[
39mce[33m.[39mstyles[33m=[3
9m[h[33m.[39mglobalCss[33m,
[39m[33mBt[39m][33m,[39m[3
3mFe[39m([d()][33m,[39mce[3
3m.[39mprototype[33m,[39m[3
2m"onChange"[39m[33m,[39m[3
5m2[39m)[33m,[39mce[33m=[3
9m[33mFe[39m([p([32m"wcm-sea
rch-input"[39m)][33m,[39mce)
[33m;[39m[36mconst[39m 
zt[33m=[39mg[32m`@keyframes 
rotate{100%{transform:rotate(36
0deg)}}@keyframes dash{0%{strok
e-dasharray:1,150;stroke-dashof
fset:0}50%{stroke-dasharray:90,
150;stroke-dashoffset:-35}100%{
stroke-dasharray:90,150;stroke-
dashoffset:-124}}svg{animation:
rotate 2s linear infinite;displ
ay:flex;justify-content:center;
align-items:center}svg circle{s
troke-linecap:round;animation:d
ash 1.5s ease infinite;stroke:v
ar(--wcm-accent-color)}`[39m[
33m;[39m[36mvar[39m [33mVt
[39m[33m=[39m[33mObject[39m
[33m.[39mdefineProperty[33m,
[39m[33mFt[39m[33m=[39m[3
3mObject[39m[33m.[39mgetOwnP
ropertyDescriptor[33m,[39mqt
[33m=[39m(e[33m,[39mo[33m,
[39mr[33m,[39ma)[33m=>[39m{
[36mfor[39m([36mvar[39m t[
33m=[39ma[33m>[39m[35m1[39
m[33m?[39m[36mvoid[39m [35
m0[39m[33m:[39ma[33m?[39m
[33mFt[39m(o[33m,[39mr)[33m
:[39mo[33m,[39ml[33m=[39me
[33m.[39mlength[33m-[39m[3
5m1[39m[33m,[39mi[33m;[39m
l[33m>=[39m[35m0[39m[33m;
[39ml[33m--[39m)(i[33m=[39m
e[l])[33m&&[39m(t[33m=[39m(
a[33m?[39mi(o[33m,[39mr[33
m,[39mt)[33m:[39mi(t))[33m|
|[39mt)[33m;[39m[36mreturn
[39m a[33m&&[39mt[33m&&[39m
[33mVt[39m(o[33m,[39mr[33m
,[39mt)[33m,[39mt}[33m;[39
m[36mlet[39m 
ke[33m=[39m[36mclass[39m 
[36mextends[39m 
w{render(){[36mreturn[39m 
n[32m`<svg viewBox="0 0 50 
50" width="24" 
height="24"><circle cx="25" 
cy="25" r="20" fill="none" 
stroke-width="4" stroke="#fff"/
></svg>`[39m}}[33m;[39mke[3
3m.[39mstyles[33m=[39m[h[33
m.[39mglobalCss[33m,[39mzt]
[33m,[39mke[33m=[39mqt([p([
32m"wcm-spinner"[39m)][33m,[
39mke)[33m;[39m[36mconst[39
m [33mQt[39m[33m=[39mg[32m
`span{font-style:normal;font-fa
mily:var(--wcm-font-family);fon
t-feature-settings:var(--wcm-fo
nt-feature-settings)}.wcm-xsmal
l-bold{font-family:var(--wcm-te
xt-xsmall-bold-font-family);fon
t-weight:var(--wcm-text-xsmall-
bold-weight);font-size:var(--wc
m-text-xsmall-bold-size);line-h
eight:var(--wcm-text-xsmall-bol
d-line-height);letter-spacing:v
ar(--wcm-text-xsmall-bold-lette
r-spacing);text-transform:var(-
-wcm-text-xsmall-bold-text-tran
sform)}.wcm-xsmall-regular{font
-family:var(--wcm-text-xsmall-r
egular-font-family);font-weight
:var(--wcm-text-xsmall-regular-
weight);font-size:var(--wcm-tex
t-xsmall-regular-size);line-hei
ght:var(--wcm-text-xsmall-regul
ar-line-height);letter-spacing:
var(--wcm-text-xsmall-regular-l
etter-spacing);text-transform:v
ar(--wcm-text-xsmall-regular-te
xt-transform)}.wcm-small-thin{f
ont-family:var(--wcm-text-small
-thin-font-family);font-weight:
var(--wcm-text-small-thin-weigh
t);font-size:var(--wcm-text-sma
ll-thin-size);line-height:var(-
-wcm-text-small-thin-line-heigh
t);letter-spacing:var(--wcm-tex
t-small-thin-letter-spacing);te
xt-transform:var(--wcm-text-sma
ll-thin-text-transform)}.wcm-sm
all-regular{font-family:var(--w
cm-text-small-regular-font-fami
ly);font-weight:var(--wcm-text-
small-regular-weight);font-size
:var(--wcm-text-small-regular-s
ize);line-height:var(--wcm-text
-small-regular-line-height);let
ter-spacing:var(--wcm-text-smal
l-regular-letter-spacing);text-
transform:var(--wcm-text-small-
regular-text-transform)}.wcm-me
dium-regular{font-family:var(--
wcm-text-medium-regular-font-fa
mily);font-weight:var(--wcm-tex
t-medium-regular-weight);font-s
ize:var(--wcm-text-medium-regul
ar-size);line-height:var(--wcm-
text-medium-regular-line-height
);letter-spacing:var(--wcm-text
-medium-regular-letter-spacing)
;text-transform:var(--wcm-text-
medium-regular-text-transform)}
.wcm-big-bold{font-family:var(-
-wcm-text-big-bold-font-family)
;font-weight:var(--wcm-text-big
-bold-weight);font-size:var(--w
cm-text-big-bold-size);line-hei
ght:var(--wcm-text-big-bold-lin
e-height);letter-spacing:var(--
wcm-text-big-bold-letter-spacin
g);text-transform:var(--wcm-tex
t-big-bold-text-transform)}:hos
t(*){color:var(--wcm-color-fg-1
)}.wcm-color-primary{color:var(
--wcm-color-fg-1)}.wcm-color-se
condary{color:var(--wcm-color-f
g-2)}.wcm-color-tertiary{color:
var(--wcm-color-fg-3)}.wcm-colo
r-inverse{color:var(--wcm-accen
t-fill-color)}.wcm-color-accnt{
color:var(--wcm-accent-color)}.
wcm-color-error{color:var(--wcm
-error-color)}`[39m[33m;[39m
[36mvar[39m [33mKt[39m[33m
=[39m[33mObject[39m[33m.[3
9mdefineProperty[33m,[39m[33
mYt[39m[33m=[39m[33mObject
[39m[33m.[39mgetOwnPropertyDe
scriptor[33m,[39m[33mOe[39m
[33m=[39m(e[33m,[39mo[33m,
[39mr[33m,[39ma)[33m=>[39m
{[36mfor[39m([36mvar[39m t
[33m=[39ma[33m>[39m[35m1[3
9m[33m?[39m[36mvoid[39m [3
5m0[39m[33m:[39ma[33m?[39m
[33mYt[39m(o[33m,[39mr)[33
m:[39mo[33m,[39ml[33m=[39m
e[33m.[39mlength[33m-[39m[
35m1[39m[33m,[39mi[33m;[39
ml[33m>=[39m[35m0[39m[33m;
[39ml[33m--[39m)(i[33m=[39
me[l])[33m&&[39m(t[33m=[39m
(a[33m?[39mi(o[33m,[39mr[3
3m,[39mt)[33m:[39mi(t))[33m
||[39mt)[33m;[39m[36mreturn
[39m a[33m&&[39mt[33m&&[39
m[33mKt[39m(o[33m,[39mr[33
m,[39mt)[33m,[39mt}[33m;[3
9m[36mlet[39m 
re[33m=[39m[36mclass[39m 
[36mextends[39m w{constructor
(){[36msuper[39m([33m...[39
marguments)[33m,[39m[36mthis
[39m[33m.[39mvariant[33m=[
39m[32m"medium-regular"[39m[
33m,[39m[36mthis[39m[33m.[
39mcolor[33m=[39m[32m"primar
y"[39m}render(){[36mconst[39
m e[33m=[39m{[32m"wcm-big-bo
ld"[39m[33m:[39m[36mthis[3
9m[33m.[39mvariant[33m===[3
9m[32m"big-bold"[39m[33m,[3
9m[32m"wcm-medium-regular"[39
m[33m:[39m[36mthis[39m[33m
.[39mvariant[33m===[39m[32m
"medium-regular"[39m[33m,[39
m[32m"wcm-small-regular"[39m
[33m:[39m[36mthis[39m[33m.
[39mvariant[33m===[39m[32m"s
mall-regular"[39m[33m,[39m[
32m"wcm-small-thin"[39m[33m:
[39m[36mthis[39m[33m.[39mva
riant[33m===[39m[32m"small-t
hin"[39m[33m,[39m[32m"wcm-x
small-regular"[39m[33m:[39m
[36mthis[39m[33m.[39mvariant
[33m===[39m[32m"xsmall-regul
ar"[39m[33m,[39m[32m"wcm-xs
mall-bold"[39m[33m:[39m[36m
this[39m[33m.[39mvariant[33
m===[39m[32m"xsmall-bold"[39
m[33m,[39m[32m"wcm-color-pri
mary"[39m[33m:[39m[36mthis
[39m[33m.[39mcolor[33m===[3
9m[32m"primary"[39m[33m,[39
m[32m"wcm-color-secondary"[39
m[33m:[39m[36mthis[39m[33m
.[39mcolor[33m===[39m[32m"s
econdary"[39m[33m,[39m[32m"
wcm-color-tertiary"[39m[33m:
[39m[36mthis[39m[33m.[39mco
lor[33m===[39m[32m"tertiary"
[39m[33m,[39m[32m"wcm-color
-inverse"[39m[33m:[39m[36mt
his[39m[33m.[39mcolor[33m==
=[39m[32m"inverse"[39m[33m,
[39m[32m"wcm-color-accnt"[39
m[33m:[39m[36mthis[39m[33m
.[39mcolor[33m===[39m[32m"a
ccent"[39m[33m,[39m[32m"wcm
-color-error"[39m[33m:[39m[
36mthis[39m[33m.[39mcolor[3
3m===[39m[32m"error"[39m}[3
3m;[39m[36mreturn[39m 
n[32m`<span><slot class="${P(e
)}"></slot></span>`[39m}}[33m
;[39mre[33m.[39mstyles[33m=
[39m[h[33m.[39mglobalCss[33
m,[39m[33mQt[39m][33m,[39m
[33mOe[39m([d()][33m,[39mre
[33m.[39mprototype[33m,[39m
[32m"variant"[39m[33m,[39m
[35m2[39m)[33m,[39m[33mOe[
39m([d()][33m,[39mre[33m.[3
9mprototype[33m,[39m[32m"col
or"[39m[33m,[39m[35m2[39m)
[33m,[39mre[33m=[39m[33mOe
[39m([p([32m"wcm-text"[39m)]
[33m,[39mre)[33m;[39m[36mc
onst[39m [33mGt[39m[33m=[3
9mg[32m`button{width:100%;heig
ht:100%;border-radius:var(--wcm
-button-hover-highlight-border-
radius);display:flex;align-item
s:flex-start}button:active{back
ground-color:var(--wcm-color-ov
erlay)}@media(hover:hover){butt
on:hover{background-color:var(-
-wcm-color-overlay)}}button>div
{width:80px;padding:5px 0;displ
ay:flex;flex-direction:column;a
lign-items:center}wcm-text{widt
h:100%;white-space:nowrap;overf
low:hidden;text-overflow:ellips
is;text-align:center}wcm-wallet
-image{height:60px;width:60px;t
ransition:all .2s ease;border-r
adius:var(--wcm-wallet-icon-bor
der-radius);margin-bottom:5px}.
wcm-sublabel{margin-top:2px}`[
39m[33m;[39m[36mvar[39m [3
3mXt[39m[33m=[39m[33mObject
[39m[33m.[39mdefineProperty
[33m,[39m[33mJt[39m[33m=[3
9m[33mObject[39m[33m.[39mge
tOwnPropertyDescriptor[33m,[3
9m_[33m=[39m(e[33m,[39mo[3
3m,[39mr[33m,[39ma)[33m=>[
39m{[36mfor[39m([36mvar[39m
 t[33m=[39ma[33m>[39m[35m1
[39m[33m?[39m[36mvoid[39m 
[35m0[39m[33m:[39ma[33m?[
39m[33mJt[39m(o[33m,[39mr)
[33m:[39mo[33m,[39ml[33m=[
39me[33m.[39mlength[33m-[39
m[35m1[39m[33m,[39mi[33m;
[39ml[33m>=[39m[35m0[39m[3
3m;[39ml[33m--[39m)(i[33m=
[39me[l])[33m&&[39m(t[33m=[
39m(a[33m?[39mi(o[33m,[39mr
[33m,[39mt)[33m:[39mi(t))[
33m||[39mt)[33m;[39m[36mret
urn[39m a[33m&&[39mt[33m&&
[39m[33mXt[39m(o[33m,[39mr
[33m,[39mt)[33m,[39mt}[33m;
[39m[36mlet[39m [33mL[39m
[33m=[39m[36mclass[39m 
[36mextends[39m w{constructor
(){[36msuper[39m([33m...[39
marguments)[33m,[39m[36mthis
[39m[33m.[39monClick[33m=[
39m()[33m=>[39m[36mnull[39m
[33m,[39m[36mthis[39m[33m.
[39mname[33m=[39m[32m""[39
m[33m,[39m[36mthis[39m[33m
.[39mwalletId[33m=[39m[32m"
"[39m[33m,[39m[36mthis[39m
[33m.[39mlabel[33m=[39m[36
mvoid[39m [35m0[39m[33m,[3
9m[36mthis[39m[33m.[39mimag
eId[33m=[39m[36mvoid[39m [
35m0[39m[33m,[39m[36mthis[
39m[33m.[39minstalled[33m=[
39m[33m![39m[35m1[39m[33m,
[39m[36mthis[39m[33m.[39mr
ecent[33m=[39m[33m![39m[35
m1[39m}sublabelTemplate(){[36
mreturn[39m [36mthis[39m[33
m.[39mrecent[33m?[39mn[32m`
<wcm-text class="wcm-sublabel" 
variant="xsmall-bold" color="te
rtiary">RECENT</wcm-text>`[39m
[33m:[39m[36mthis[39m[33m.
[39minstalled[33m?[39mn[32m
`<wcm-text 
class="wcm-sublabel" 
variant="xsmall-bold" color="te
rtiary">INSTALLED</wcm-text>`[
39m[33m:[39m[36mnull[39m}ha
ndleClick(){[33mXe[39m[33m.
[39mclick({name[33m:[39m[32m
"WALLET_BUTTON"[39m[33m,[39m
walletId[33m:[39m[36mthis[3
9m[33m.[39mwalletId})[33m,[
39m[36mthis[39m[33m.[39monC
lick()}render(){[36mvar[39m 
e[33m;[39m[36mreturn[39m 
n[32m`<button @click="${this.h
andleClick.bind(this)}"><div><w
cm-wallet-image 
walletId="${this.walletId}" ima
geId="${k(this.imageId)}"></wcm
-wallet-image><wcm-text variant
="xsmall-regular">${(e=this.lab
el)!=null?e:c.getWalletName(thi
s.name,!0)}</wcm-text>${this.su
blabelTemplate()}</div></button
>`[39m}}[33m;[39m[33mL[39m
[33m.[39mstyles[33m=[39m[h
[33m.[39mglobalCss[33m,[39m
[33mGt[39m][33m,[39m_([d()]
[33m,[39m[33mL[39m[33m.[39
mprototype[33m,[39m[32m"onCl
ick"[39m[33m,[39m[35m2[39m
)[33m,[39m_([d()][33m,[39m
[33mL[39m[33m.[39mprototype
[33m,[39m[32m"name"[39m[33m
,[39m[35m2[39m)[33m,[39m_(
[d()][33m,[39m[33mL[39m[33
m.[39mprototype[33m,[39m[32
m"walletId"[39m[33m,[39m[35
m2[39m)[33m,[39m_([d()][33m
,[39m[33mL[39m[33m.[39mpro
totype[33m,[39m[32m"label"[
39m[33m,[39m[35m2[39m)[33m
,[39m_([d()][33m,[39m[33mL
[39m[33m.[39mprototype[33m,
[39m[32m"imageId"[39m[33m,[
39m[35m2[39m)[33m,[39m_([d(
{type[33m:[39m[33mBoolean[3
9m})][33m,[39m[33mL[39m[33
m.[39mprototype[33m,[39m[32
m"installed"[39m[33m,[39m[3
5m2[39m)[33m,[39m_([d({type
[33m:[39m[33mBoolean[39m})]
[33m,[39m[33mL[39m[33m.[39
mprototype[33m,[39m[32m"rece
nt"[39m[33m,[39m[35m2[39m)
[33m,[39m[33mL[39m[33m=[3
9m_([p([32m"wcm-wallet-button"
[39m)][33m,[39m[33mL[39m)
[33m;[39m[36mconst[39m eo[3
3m=[39mg[32m`:host{display:bl
ock}div{overflow:hidden;positio
n:relative;border-radius:inheri
t;width:100%;height:100%;backgr
ound-color:var(--wcm-color-over
lay)}svg{position:relative;widt
h:100%;height:100%}div::after{c
ontent:'';position:absolute;top
:0;bottom:0;left:0;right:0;bord
er-radius:inherit;border:1px 
solid 
var(--wcm-color-overlay)}div im
g{width:100%;height:100%;object
-fit:cover;object-position:cent
er}#wallet-placeholder-fill{fil
l:var(--wcm-color-bg-3)}#wallet
-placeholder-dash{stroke:var(--
wcm-color-overlay)}`[39m[33m;
[39m[36mvar[39m to[33m=[39
m[33mObject[39m[33m.[39mdef
ineProperty[33m,[39moo[33m=
[39m[33mObject[39m[33m.[39m
getOwnPropertyDescriptor[33m,
[39mse[33m=[39m(e[33m,[39mo
[33m,[39mr[33m,[39ma)[33m=
>[39m{[36mfor[39m([36mvar[
39m t[33m=[39ma[33m>[39m[3
5m1[39m[33m?[39m[36mvoid[3
9m [35m0[39m[33m:[39ma[33m
?[39moo(o[33m,[39mr)[33m:[
39mo[33m,[39ml[33m=[39me[3
3m.[39mlength[33m-[39m[35m1
[39m[33m,[39mi[33m;[39ml[
33m>=[39m[35m0[39m[33m;[39
ml[33m--[39m)(i[33m=[39me[l
])[33m&&[39m(t[33m=[39m(a[
33m?[39mi(o[33m,[39mr[33m,
[39mt)[33m:[39mi(t))[33m||[
39mt)[33m;[39m[36mreturn[39
m a[33m&&[39mt[33m&&[39mto(
o[33m,[39mr[33m,[39mt)[33m
,[39mt}[33m;[39m[36mlet[39
m [33mQ[39m[33m=[39m[36mcl
ass[39m [36mextends[39m w{co
nstructor(){[36msuper[39m([3
3m...[39marguments)[33m,[39m
[36mthis[39m[33m.[39mwallet
Id[33m=[39m[32m""[39m[33m,
[39m[36mthis[39m[33m.[39mi
mageId[33m=[39m[36mvoid[39m
 [35m0[39m[33m,[39m[36mthi
s[39m[33m.[39mimageUrl[33m=
[39m[36mvoid[39m [35m0[39m
}render(){[36mvar[39m 
e[33m;[39m[36mconst[39m o[
33m=[39m(e[33m=[39m[36mthis
[39m[33m.[39mimageUrl)[33m!
=[39m[36mnull[39m[33m&&[39
me[33m.[39mlength[33m?[39m
[36mthis[39m[33m.[39mimageUr
l[33m:[39mc[33m.[39mgetWall
etIcon({id[33m:[39m[36mthis
[39m[33m.[39mwalletId[33m,[
39mimage_id[33m:[39m[36mthis
[39m[33m.[39mimageId})[33m;
[39m[36mreturn[39m 
n[32m`${o.length?n`<div><img 
crossorigin="anonymous" 
src="${o}" alt="${this.id}"></d
iv>`:v.WALLET_PLACEHOLDER}`[39
m}}[33m;[39m[33mQ[39m[33m.
[39mstyles[33m=[39m[h[33m.
[39mglobalCss[33m,[39meo][33
m,[39mse([d()][33m,[39m[33m
Q[39m[33m.[39mprototype[33m
,[39m[32m"walletId"[39m[33m
,[39m[35m2[39m)[33m,[39mse
([d()][33m,[39m[33mQ[39m[3
3m.[39mprototype[33m,[39m[3
2m"imageId"[39m[33m,[39m[35
m2[39m)[33m,[39mse([d()][33
m,[39m[33mQ[39m[33m.[39mpr
ototype[33m,[39m[32m"imageUr
l"[39m[33m,[39m[35m2[39m)
[33m,[39m[33mQ[39m[33m=[39
mse([p([32m"wcm-wallet-image"
[39m)][33m,[39m[33mQ[39m)[
33m;[39m[36mvar[39m ro[33m=
[39m[33mObject[39m[33m.[39
mdefineProperty[33m,[39mao[3
3m=[39m[33mObject[39m[33m.
[39mgetOwnPropertyDescriptor[3
3m,[39mqe[33m=[39m(e[33m,[
39mo[33m,[39mr[33m,[39ma)[
33m=>[39m{[36mfor[39m([36mv
ar[39m t[33m=[39ma[33m>[39
m[35m1[39m[33m?[39m[36mvoi
d[39m [35m0[39m[33m:[39ma
[33m?[39mao(o[33m,[39mr)[33
m:[39mo[33m,[39ml[33m=[39m
e[33m.[39mlength[33m-[39m[
35m1[39m[33m,[39mi[33m;[39
ml[33m>=[39m[35m0[39m[33m;
[39ml[33m--[39m)(i[33m=[39
me[l])[33m&&[39m(t[33m=[39m
(a[33m?[39mi(o[33m,[39mr[3
3m,[39mt)[33m:[39mi(t))[33m
||[39mt)[33m;[39m[36mreturn
[39m a[33m&&[39mt[33m&&[39
mro(o[33m,[39mr[33m,[39mt)
[33m,[39mt}[33m;[39m[36mlet
[39m [33mWe[39m[33m=[39m[
36mclass[39m 
[36mextends[39m w{constructor
(){[36msuper[39m()[33m,[39m
[36mthis[39m[33m.[39mpreloa
d[33m=[39m[33m![39m[35m0[
39m[33m,[39m[36mthis[39m[3
3m.[39mpreloadData()}[36masyn
c[39m loadImages(e){[36mtry[
39m{e[33m!=[39m[36mnull[39m
[33m&&[39me[33m.[39mlength
[33m&&[39m[36mawait[39m [33
mPromise[39m[33m.[39mall(e[
33m.[39mmap([36masync[39m o
[33m=>[39mc[33m.[39mpreloadI
mage(o)))}[36mcatch[39m{conso
le[33m.[39minfo([32m"Unsucce
ssful attempt at preloading 
some images"[39m[33m,[39me)}
}[36masync[39m preloadListing
s(){[36mif[39m(z[33m.[39mst
ate[33m.[39menableExplorer){
[36mawait[39m [33mW[39m[33m
.[39mgetRecomendedWallets()[3
3m,[39m[33mR[39m[33m.[39ms
etIsDataLoaded([33m![39m[35m
0[39m)[33m;[39m[36mconst[3
9m{recomendedWallets[33m:[39m
e}[33m=[39m[33mW[39m[33m.
[39mstate[33m,[39mo[33m=[39
me[33m.[39mmap(r[33m=>[39mc
[33m.[39mgetWalletIcon(r))[3
3m;[39m[36mawait[39m [36mth
is[39m[33m.[39mloadImages(o)
}[36melse[39m [33mR[39m[33
m.[39msetIsDataLoaded([33m![
39m[35m0[39m)}[36masync[39m
 preloadCustomImages(){[36mcon
st[39m e[33m=[39mc[33m.[39
mgetCustomImageUrls()[33m;[39
m[36mawait[39m [36mthis[39m
[33m.[39mloadImages(e)}[36ma
sync[39m preloadData(){[36mtr
y[39m{[36mthis[39m[33m.[39
mpreload[33m&&[39m([36mthis
[39m[33m.[39mpreload[33m=[3
9m[33m![39m[35m1[39m[33m,
[39m[36mawait[39m [33mPromis
e[39m[33m.[39mall([[36mthis
[39m[33m.[39mpreloadListings
()[33m,[39m[36mthis[39m[33
m.[39mpreloadCustomImages()]))
}[36mcatch[39m(e){console[33
m.[39merror(e)[33m,[39m[33m
N[39m[33m.[39mopenToast([32
m"Failed preloading"[39m[33m,
[39m[32m"error"[39m)}}}[33m
;[39mqe([[33mI[39m()][33m,
[39m[33mWe[39m[33m.[39mprot
otype[33m,[39m[32m"preload"
[39m[33m,[39m[35m2[39m)[33
m,[39m[33mWe[39m[33m=[39mq
e([p([32m"wcm-explorer-context
"[39m)][33m,[39m[33mWe[39m
)[33m;[39m[36mvar[39m lo[3
3m=[39m[33mObject[39m[33m.
[39mdefineProperty[33m,[39mio
[33m=[39m[33mObject[39m[33
m.[39mgetOwnPropertyDescriptor
[33m,[39mno[33m=[39m(e[33m
,[39mo[33m,[39mr[33m,[39ma
)[33m=>[39m{[36mfor[39m([3
6mvar[39m t[33m=[39ma[33m>
[39m[35m1[39m[33m?[39m[36m
void[39m [35m0[39m[33m:[39
ma[33m?[39mio(o[33m,[39mr)
[33m:[39mo[33m,[39ml[33m=[
39me[33m.[39mlength[33m-[39
m[35m1[39m[33m,[39mi[33m;
[39ml[33m>=[39m[35m0[39m[3
3m;[39ml[33m--[39m)(i[33m=
[39me[l])[33m&&[39m(t[33m=[
39m(a[33m?[39mi(o[33m,[39mr
[33m,[39mt)[33m:[39mi(t))[
33m||[39mt)[33m;[39m[36mret
urn[39m a[33m&&[39mt[33m&&
[39mlo(o[33m,[39mr[33m,[39m
t)[33m,[39mt}[33m;[39m[36m
let[39m [33mQe[39m[33m=[39
m[36mclass[39m 
[36mextends[39m w{constructor
(){[36msuper[39m()[33m,[39m
[36mthis[39m[33m.[39munsubs
cribeTheme[33m=[39m[36mvoid
[39m [35m0[39m[33m,[39mh[3
3m.[39msetTheme()[33m,[39m[
36mthis[39m[33m.[39munsubscr
ibeTheme[33m=[39m[33mX[39m
[33m.[39msubscribe(h[33m.[39
msetTheme)}disconnectedCallback
(){[36mvar[39m e[33m;[39m(e
[33m=[39m[36mthis[39m[33m.
[39munsubscribeTheme)[33m==[
39m[36mnull[39m[33m||[39me
[33m.[39mcall([36mthis[39m)}
}[33m;[39m[33mQe[39m[33m=
[39mno([p([32m"wcm-theme-conte
xt"[39m)][33m,[39m[33mQe[3
9m)[33m;[39m[36mconst[39m 
co[33m=[39mg[32m`@keyframes 
scroll{0%{transform:translate3d
(0,0,0)}100%{transform:translat
e3d(calc(-70px * 9),0,0)}}.wcm-
slider{position:relative;overfl
ow-x:hidden;padding:10px 
0;margin:0 
-20px;width:calc(100% + 40px)}.
wcm-track{display:flex;width:ca
lc(70px * 18);animation:scroll 
20s linear 
infinite;opacity:.7}.wcm-track 
svg{margin:0 5px}wcm-wallet-ima
ge{width:60px;height:60px;margi
n:0 5px;border-radius:var(--wcm
-wallet-icon-border-radius)}.wc
m-grid{display:grid;grid-templa
te-columns:repeat(4,80px);justi
fy-content:space-between}.wcm-t
itle{display:flex;align-items:c
enter;margin-bottom:10px}.wcm-t
itle svg{margin-right:6px}.wcm-
title path{fill:var(--wcm-accen
t-color)}wcm-modal-footer 
.wcm-title{padding:0 10px}wcm-b
utton-big{position:absolute;top
:50%;left:50%;transform:transla
teY(-50%) translateX(-50%);filt
er:drop-shadow(0 0 17px var(--w
cm-color-bg-1))}wcm-info-footer
{flex-direction:column;align-it
ems:center;display:flex;width:1
00%;padding:5px 
0}wcm-info-footer wcm-text{text
-align:center;margin-bottom:15p
x}#wallet-placeholder-fill{fill
:var(--wcm-color-bg-3)}#wallet-
placeholder-dash{stroke:var(--w
cm-color-overlay)}`[39m[33m;
[39m[36mvar[39m so[33m=[39m
[33mObject[39m[33m.[39mdefi
neProperty[33m,[39mmo[33m=[
39m[33mObject[39m[33m.[39mg
etOwnPropertyDescriptor[33m,[
39mho[33m=[39m(e[33m,[39mo
[33m,[39mr[33m,[39ma)[33m=>
[39m{[36mfor[39m([36mvar[3
9m t[33m=[39ma[33m>[39m[35
m1[39m[33m?[39m[36mvoid[39
m [35m0[39m[33m:[39ma[33m?
[39mmo(o[33m,[39mr)[33m:[3
9mo[33m,[39ml[33m=[39me[33
m.[39mlength[33m-[39m[35m1
[39m[33m,[39mi[33m;[39ml[3
3m>=[39m[35m0[39m[33m;[39m
l[33m--[39m)(i[33m=[39me[l]
)[33m&&[39m(t[33m=[39m(a[3
3m?[39mi(o[33m,[39mr[33m,[
39mt)[33m:[39mi(t))[33m||[3
9mt)[33m;[39m[36mreturn[39m
 a[33m&&[39mt[33m&&[39mso(o
[33m,[39mr[33m,[39mt)[33m,
[39mt}[33m;[39m[36mlet[39m
 [33mIe[39m[33m=[39m[36mcl
ass[39m [36mextends[39m w{on
GoToQrcode(){x[33m.[39mpush(
[32m"Qrcode"[39m)}render(){[3
6mconst[39m{recomendedWallets
[33m:[39me}[33m=[39m[33mW[
39m[33m.[39mstate[33m,[39mo
[33m=[39m[[33m...[39me[33m
,[39m[33m...[39me][33m,[39
mr[33m=[39mm[33m.[39m[33mR
ECOMMENDED_WALLET_AMOUNT[39m[
33m*[39m[35m2[39m[33m;[39m
[36mreturn[39m 
n[32m`<wcm-modal-header 
title="Connect your wallet" .on
Action="${this.onGoToQrcode}" .
actionIcon="${v.QRCODE_ICON}"><
/wcm-modal-header><wcm-modal-co
ntent><div class="wcm-title">${
v.MOBILE_ICON}<wcm-text 
variant="small-regular" color="
accent">WalletConnect</wcm-text
></div><div 
class="wcm-slider"><div class="
wcm-track">${[...Array(r)].map(
(a,t)=>{const 
l=o[t%o.length];return 
l?n`<wcm-wallet-image 
walletId="${l.id}" imageId="${l
.image_id}"></wcm-wallet-image>
`:v.WALLET_PLACEHOLDER})}</div>
<wcm-button-big @click="${c.han
dleAndroidLinking}"><wcm-text 
variant="medium-regular" 
color="inverse">Select Wallet</
wcm-text></wcm-button-big></div
></wcm-modal-content><wcm-info-
footer><wcm-text 
color="secondary" 
variant="small-thin">Choose 
WalletConnect to see supported 
apps on your device</wcm-text><
/wcm-info-footer>`[39m}}[33m;
[39m[33mIe[39m[33m.[39msty
les[33m=[39m[h[33m.[39mglob
alCss[33m,[39mco][33m,[39m
[33mIe[39m[33m=[39mho([p([3
2m"wcm-android-wallet-selection
"[39m)][33m,[39m[33mIe[39m
)[33m;[39m[36mconst[39m 
wo[33m=[39mg[32m`@keyframes 
loading{to{stroke-dashoffset:0}
}@keyframes shake{10%,90%{trans
form:translate3d(-1px,0,0)}20%,
80%{transform:translate3d(1px,0
,0)}30%,50%,70%{transform:trans
late3d(-2px,0,0)}40%,60%{transf
orm:translate3d(2px,0,0)}}:host
{display:flex;flex-direction:co
lumn;align-items:center}div{pos
ition:relative;width:110px;heig
ht:110px;display:flex;justify-c
ontent:center;align-items:cente
r;margin:40px 0 20px 0;transfor
m:translate3d(0,0,0)}svg{positi
on:absolute;width:110px;height:
110px;fill:none;stroke:transpar
ent;stroke-linecap:round;stroke
-width:2px;top:0;left:0}use{str
oke:var(--wcm-accent-color);ani
mation:loading 1s linear infini
te}wcm-wallet-image{border-radi
us:var(--wcm-wallet-icon-large-
border-radius);width:90px;heigh
t:90px}wcm-text{margin-bottom:4
0px}.wcm-error svg{stroke:var(-
-wcm-error-color)}.wcm-error us
e{display:none}.wcm-error{anima
tion:shake .4s 
cubic-bezier(.36,.07,.19,.97) 
both}.wcm-stale svg,.wcm-stale 
use{display:none}`[39m[33m;[
39m[36mvar[39m po[33m=[39m
[33mObject[39m[33m.[39mdefin
eProperty[33m,[39mgo[33m=[3
9m[33mObject[39m[33m.[39mge
tOwnPropertyDescriptor[33m,[3
9m[33mK[39m[33m=[39m(e[33m
,[39mo[33m,[39mr[33m,[39ma
)[33m=>[39m{[36mfor[39m([3
6mvar[39m t[33m=[39ma[33m>
[39m[35m1[39m[33m?[39m[36m
void[39m [35m0[39m[33m:[39
ma[33m?[39mgo(o[33m,[39mr)
[33m:[39mo[33m,[39ml[33m=[
39me[33m.[39mlength[33m-[39
m[35m1[39m[33m,[39mi[33m;
[39ml[33m>=[39m[35m0[39m[3
3m;[39ml[33m--[39m)(i[33m=
[39me[l])[33m&&[39m(t[33m=[
39m(a[33m?[39mi(o[33m,[39mr
[33m,[39mt)[33m:[39mi(t))[
33m||[39mt)[33m;[39m[36mret
urn[39m a[33m&&[39mt[33m&&
[39mpo(o[33m,[39mr[33m,[39m
t)[33m,[39mt}[33m;[39m[36m
let[39m [33mD[39m[33m=[39m
[36mclass[39m 
[36mextends[39m w{constructor
(){[36msuper[39m([33m...[39
marguments)[33m,[39m[36mthis
[39m[33m.[39mwalletId[33m=
[39m[36mvoid[39m [35m0[39m
[33m,[39m[36mthis[39m[33m.
[39mimageId[33m=[39m[36mvoid
[39m [35m0[39m[33m,[39m[3
6mthis[39m[33m.[39misError[
33m=[39m[33m![39m[35m1[39m
[33m,[39m[36mthis[39m[33m.
[39misStale[33m=[39m[33m![
39m[35m1[39m[33m,[39m[36mt
his[39m[33m.[39mlabel[33m=
[39m[32m""[39m}svgLoaderTempl
ate(){[36mvar[39m e[33m,[39
mo[33m;[39m[36mconst[39m r
[33m=[39m(o[33m=[39m(e[33m=
[39m[33mX[39m[33m.[39mstat
e[33m.[39mthemeVariables)[33
m==[39m[36mnull[39m[33m?[3
9m[36mvoid[39m [35m0[39m[3
3m:[39me[[32m"--wcm-wallet-ic
on-large-border-radius"[39m])
[33m!=[39m[36mnull[39m[33m?
[39mo[33m:[39mh[33m.[39mge
tPreset([32m"--wcm-wallet-icon
-large-border-radius"[39m)[33
m;[39m[36mlet[39m a[33m=[3
9m[35m0[39m[33m;[39mr[33m.
[39mincludes([32m"%"[39m)[3
3m?[39ma[33m=[39m[35m88[39
m[35m/100*parseInt(r,10):a=par
seInt(r,10),a*=1.17;const t=317
-a*1.57,l=425-a*1.8;return 
n`<svg viewBox="0 0 110 110" 
width="110" height="110"><rect 
id="wcm-loader" x="2" y="2" 
width="106" height="106" rx="${
a}"/[39m[33m>[39m[33m<[39m
[33muse[39m xlink[33m:[39mh
ref[33m=[39m[32m"#wcm-loader
"[39m stroke[33m-[39mdasharr
ay[33m=[39m[32m"106 
${t}"[39m stroke[33m-[39mdas
hoffset[33m=[39m[32m"${l}"[
39m[33m>[39m[33m<[39m[33m/
[39m[33muse[39m[33m>[39m[
33m<[39m[33m/[39m[33msvg[3
9m[33m>[39m[32m`}render(){co
nst e={"wcm-error":this.isError
,"wcm-stale":this.isStale};retu
rn n`[39m[33m<[39m[33mdiv[
39m [36mclass[39m[33m=[39m
[32m"${P(e)}"[39m[33m>[39m${
[36mthis[39m[33m.[39msvgLoa
derTemplate()}[33m<[39m[33mw
cm[39m[33m-[39mwallet[33m-
[39mimage walletId[33m=[39m[
32m"${k(this.walletId)}"[39m i
mageId[33m=[39m[32m"${k(this
.imageId)}"[39m[33m>[39m[33
m<[39m[33m/[39m[33mwcm[39m
[33m-[39mwallet[33m-[39mima
ge[33m>[39m[33m<[39m[33m/
[39m[33mdiv[39m[33m>[39m[3
3m<[39m[33mwcm[39m[33m-[39
mtext variant[33m=[39m[32m"m
edium-regular"[39m color[33m=
[39m[32m"${this.isError?"[39
merror[32m":"[39mprimary[32m
"}"[39m[33m>[39m${[36mthis
[39m[33m.[39misError[33m?[3
9m[32m"Connection declined"[3
9m[33m:[39m[36mthis[39m[33
m.[39mlabel}[33m<[39m[33m/
[39m[33mwcm[39m[33m-[39mtex
t[33m>[39m[32m`}};D.styles=[
h.globalCss,wo],K([d()],D.proto
type,"walletId",2),K([d()],D.pr
ototype,"imageId",2),K([d({type
:Boolean})],D.prototype,"isErro
r",2),K([d({type:Boolean})],D.p
rototype,"isStale",2),K([d()],D
.prototype,"label",2),D=K([p("w
cm-connector-waiting")],D);cons
t G={manualWallets(){var e,o;co
nst{mobileWallets:r,desktopWall
ets:a}=z.state,t=(e=G.recentWal
let())==null?void 0:e.id,l=m.is
Mobile()?r:a,i=l?.filter(s=>t!=
=s.id);return(o=m.isMobile()?i?
.map(({id:s,name:$,links:f})=>(
{id:s,name:$,mobile:f,links:f})
):i?.map(({id:s,name:$,links:f}
)=>({id:s,name:$,desktop:f,link
s:f})))!=null?o:[]},recentWalle
t(){return c.getRecentWallet()}
,recomendedWallets(e=!1){var 
o;const r=e||(o=G.recentWallet(
))==null?void 0:o.id,{recomende
dWallets:a}=W.state;return a.fi
lter(t=>r!==t.id)}},Z={onConnec
ting(e){c.goToConnectingView(e)
},manualWalletsTemplate(){retur
n G.manualWallets().map(e=>n`[
39m[33m<[39m[33mwcm[39m[33
m-[39mwallet[33m-[39mbutton 
walletId[33m=[39m[32m"${e.id
}"[39m name[33m=[39m[32m"${
e.name}"[39m [33m.[39monClic
k[33m=[39m[32m"${()=>this.on
Connecting(e)}"[39m[33m>[39m
[33m<[39m[33m/[39m[33mwcm
[39m[33m-[39mwallet[33m-[39
mbutton[33m>[39m[32m`)},reco
mendedWalletsTemplate(e=!1){ret
urn G.recomendedWallets(e).map(
o=>n`[39m[33m<[39m[33mwcm[
39m[33m-[39mwallet[33m-[39m
button name[33m=[39m[32m"${o
.name}"[39m walletId[33m=[39
m[32m"${o.id}"[39m imageId[3
3m=[39m[32m"${o.image_id}"[3
9m [33m.[39monClick[33m=[39
m[32m"${()=>this.onConnecting(
o)}"[39m[33m>[39m[33m<[39m
[33m/[39m[33mwcm[39m[33m-
[39mwallet[33m-[39mbutton[33
m>[39m[32m`)},recentWalletTem
plate(){const 
e=G.recentWallet();if(e)return 
n`[39m[33m<[39m[33mwcm[39m
[33m-[39mwallet[33m-[39mbut
ton name[33m=[39m[32m"${e.na
me}"[39m walletId[33m=[39m[
32m"${e.id}"[39m imageId[33m=
[39m[32m"${k(e.image_id)}"[3
9m [33m.[39mrecent[33m=[39m
[32m"${!0}"[39m [33m.[39mon
Click[33m=[39m[32m"${()=>thi
s.onConnecting(e)}"[39m[33m>
[39m[33m<[39m[33m/[39m[33m
wcm[39m[33m-[39mwallet[33m-
[39mbutton[33m>[39m[32m`}},
vo=g`[39m[33m.[39mwcm[33m-
[39mgrid{display[33m:[39mgrid
[33m;[39mgrid[33m-[39mtempl
ate[33m-[39mcolumns[33m:[39
mrepeat([35m4[39m[33m,[39m
[35m80[39mpx)[33m;[39mjustif
y[33m-[39mcontent[33m:[39ms
pace[33m-[39mbetween}[33m.[
39mwcm[33m-[39mdesktop[33m-
[39mtitle[33m,[39m[33m.[39m
wcm[33m-[39mmobile[33m-[39m
title{display[33m:[39mflex[3
3m;[39malign[33m-[39mitems[
33m:[39mcenter}[33m.[39mwcm
[33m-[39mmobile[33m-[39mtitl
e{justify[33m-[39mcontent[33
m:[39mspace[33m-[39mbetween
[33m;[39mmargin[33m-[39mbott
om[33m:[39m[35m20[39mpx[33
m;[39mmargin[33m-[39mtop[33
m:[39m[33m-[39m[35m10[39mp
x}[33m.[39mwcm[33m-[39mdesk
top[33m-[39mtitle{margin[33m
-[39mbottom[33m:[39m[35m10
[39mpx[33m;[39mpadding[33m:
[39m[35m0[39m [35m10[39mpx}
[33m.[39mwcm[33m-[39msubtit
le{display[33m:[39mflex[33m;
[39malign[33m-[39mitems[33m
:[39mcenter}[33m.[39mwcm[33
m-[39msubtitle[33m:[39mlast
[33m-[39mchild path{fill[33m:
[39m[36mvar[39m([33m--[39m
wcm[33m-[39mcolor[33m-[39mf
g[33m-[39m[35m3[39m)}[33m.
[39mwcm[33m-[39mdesktop[33m
-[39mtitle svg[33m,[39m[33m
.[39mwcm[33m-[39mmobile[33m
-[39mtitle svg{margin[33m-[3
9mright[33m:[39m[35m6[39mpx
}[33m.[39mwcm[33m-[39mdeskt
op[33m-[39mtitle path[33m,[
39m[33m.[39mwcm[33m-[39mmob
ile[33m-[39mtitle path{fill[
33m:[39m[36mvar[39m([33m--
[39mwcm[33m-[39maccent[33m-
[39mcolor)}[32m`;var uo=Object
.defineProperty,bo=Object.getOw
nPropertyDescriptor,fo=(e,o,r,a
)=>{for(var t=a>1?void 0:a?bo(o
,r):o,l=e.length-1,i;l>=0;l--)(
i=e[l])&&(t=(a?i(o,r,t):i(t))||
t);return 
a&&t&&uo(o,r,t),t};let 
Ee=class extends w{render(){con
st{explorerExcludedWalletIds:e,
enableExplorer:o}=z.state,r=e!=
="ALL"&&o,a=Z.manualWalletsTemp
late(),t=Z.recomendedWalletsTem
plate();let l=[Z.recentWalletTe
mplate(),...a,...t];l=l.filter(
Boolean);const 
i=l.length>4||r;let s=[];i?s=l.
slice(0,3):s=l;const 
$=Boolean(s.length);return n`[
39m[33m<[39m[33mwcm[39m[33
m-[39mmodal[33m-[39mheader 
[33m.[39mborder[33m=[39m[32
m"${!0}"[39m 
title[33m=[39m[32m"Connect 
your wallet"[39m [33m.[39mon
Action[33m=[39m[32m"${c.hand
leUriCopy}"[39m [33m.[39mact
ionIcon[33m=[39m[32m"${v.COP
Y_ICON}"[39m[33m>[39m[33m<
[39m[33m/[39m[33mwcm[39m[3
3m-[39mmodal[33m-[39mheader
[33m>[39m[33m<[39m[33mwcm[
39m[33m-[39mmodal[33m-[39mc
ontent[33m>[39m[33m<[39m[3
3mdiv[39m [36mclass[39m[33m
=[39m[32m"wcm-mobile-title"[
39m[33m>[39m[33m<[39m[33md
iv[39m [36mclass[39m[33m=[
39m[32m"wcm-subtitle"[39m[33
m>[39m${v[33m.[39m[33mMOBIL
E_ICON[39m}[33m<[39m[33mwcm
[39m[33m-[39mtext variant[3
3m=[39m[32m"small-regular"[3
9m color[33m=[39m[32m"accent
"[39m[33m>[39m[33mMobile[3
9m[33m<[39m[33m/[39m[33mwc
m[39m[33m-[39mtext[33m>[39
m[33m<[39m[33m/[39m[33mdiv
[39m[33m>[39m[33m<[39m[33
mdiv[39m [36mclass[39m[33m=
[39m[32m"wcm-subtitle"[39m[
33m>[39m${v[33m.[39m[33mSCA
N_ICON[39m}[33m<[39m[33mwcm
[39m[33m-[39mtext variant[3
3m=[39m[32m"small-regular"[3
9m color[33m=[39m[32m"second
ary"[39m[33m>[39m[33mScan[
39m [36mwith[39m your wallet
[33m<[39m[33m/[39m[33mwcm[
39m[33m-[39mtext[33m>[39m[
33m<[39m[33m/[39m[33mdiv[3
9m[33m>[39m[33m<[39m[33m/
[39m[33mdiv[39m[33m>[39m[3
3m<[39m[33mwcm[39m[33m-[39
mwalletconnect[33m-[39mqr[33
m>[39m[33m<[39m[33m/[39m[
33mwcm[39m[33m-[39mwalletcon
nect[33m-[39mqr[33m>[39m[3
3m<[39m[33m/[39m[33mwcm[39
m[33m-[39mmodal[33m-[39mcon
tent[33m>[39m${$[33m?[39mn
[32m`<wcm-modal-footer><div cla
ss="wcm-desktop-title">${v.DESK
TOP_ICON}<wcm-text 
variant="small-regular" color="
accent">Desktop</wcm-text></div
><div class="wcm-grid">${s} ${i
?n`<wcm-view-all-wallets-button
></wcm-view-all-wallets-button>
`:null}</div></wcm-modal-footer
>`[39m[33m:[39m[36mnull[39
m}[32m`}};Ee.styles=[h.globalC
ss,vo],Ee=fo([p("wcm-desktop-wa
llet-selection")],Ee);const xo=
g`[39mdiv{background[33m-[39
mcolor[33m:[39m[36mvar[39m(
[33m--[39mwcm[33m-[39mcolor
[33m-[39mbg[33m-[39m[35m2
[39m)[33m;[39mpadding[33m:[
39m[35m10[39mpx 
[35m20[39mpx [35m15[39mpx 
[35m20[39mpx[33m;[39mborder
[33m-[39mtop[33m:[39m[35m1
[39mpx solid [36mvar[39m([33
m--[39mwcm[33m-[39mcolor[33
m-[39mbg[33m-[39m[35m3[39m
)[33m;[39mtext[33m-[39malig
n[33m:[39mcenter}a{color[33m
:[39m[36mvar[39m([33m--[39
mwcm[33m-[39maccent[33m-[39
mcolor)[33m;[39mtext[33m-[3
9mdecoration[33m:[39mnone[33
m;[39mtransition[33m:[39mopa
city [35m.2[39ms ease[33m-[
39m[36min[39m[33m-[39mout[
33m;[39mdisplay[33m:[39minli
ne}a[33m:[39mactive{opacity[
33m:[39m[35m.8[39m}[33m@[3
9mmedia(hover[33m:[39mhover){
a[33m:[39mhover{opacity[33m:
[39m[35m.8[39m}}[32m`;var y
o=Object.defineProperty,$o=Obje
ct.getOwnPropertyDescriptor,Co=
(e,o,r,a)=>{for(var t=a>1?void 
0:a?$o(o,r):o,l=e.length-1,i;l>
=0;l--)(i=e[l])&&(t=(a?i(o,r,t)
:i(t))||t);return 
a&&t&&yo(o,r,t),t};let 
Me=class extends w{render(){con
st{termsOfServiceUrl:e,privacyP
olicyUrl:o}=z.state;return e??o
?n`[39m[33m<[39m[33mdiv[39
m[33m>[39m[33m<[39m[33mwcm
[39m[33m-[39mtext variant[3
3m=[39m[32m"small-regular"[3
9m color[33m=[39m[32m"second
ary"[39m[33m>[39m[33mBy[39
m connecting your wallet to 
[36mthis[39m app[33m,[39m 
you agree to the app[32m's 
${e?n`<a href="${e}" 
target="_blank" rel="noopener 
noreferrer">Terms of 
Service</a>`:null} 
${e&&o?"and":null} ${o?n`<a 
href="${o}" target="_blank" 
rel="noopener 
noreferrer">Privacy Policy</a>`
:null}</wcm-text></div>`:null}}
;Me.styles=[h.globalCss,xo],Me=
Co([p("wcm-legal-notice")],Me);
const ko=g`div{display:grid;gri
d-template-columns:repeat(4,80p
x);margin:0 -10px;justify-conte
nt:space-between;row-gap:10px}`
;var Oo=Object.defineProperty,W
o=Object.getOwnPropertyDescript
or,Io=(e,o,r,a)=>{for(var 
t=a>1?void 0:a?Wo(o,r):o,l=e.le
ngth-1,i;l>=0;l--)(i=e[l])&&(t=
(a?i(o,r,t):i(t))||t);return 
a&&t&&Oo(o,r,t),t};let 
Le=class extends w{onQrcode(){x
.push("Qrcode")}render(){const{
explorerExcludedWalletIds:e,ena
bleExplorer:o}=z.state,r=e!=="A
LL"&&o,a=Z.manualWalletsTemplat
e(),t=Z.recomendedWalletsTempla
te();let l=[Z.recentWalletTempl
ate(),...a,...t];l=l.filter(Boo
lean);const 
i=l.length>8||r;let s=[];i?s=l.
slice(0,7):s=l;const 
$=Boolean(s.length);return 
n`<wcm-modal-header 
title="Connect your wallet" 
.onAction="${this.onQrcode}" .a
ctionIcon="${v.QRCODE_ICON}"></
wcm-modal-header>${$?n`<wcm-mod
al-content><div>${s} ${i?n`<wcm
-view-all-wallets-button></wcm-
view-all-wallets-button>`:null}
</div></wcm-modal-content>`:nul
l}`}};Le.styles=[h.globalCss,ko
],Le=Io([p("wcm-mobile-wallet-s
election")],Le);const Eo=g`:hos
t{all:initial}.wcm-overlay{top:
0;bottom:0;left:0;right:0;posit
ion:fixed;z-index:var(--wcm-z-i
ndex);overflow:hidden;display:f
lex;justify-content:center;alig
n-items:center;opacity:0;pointe
r-events:none;background-color:
var(--wcm-overlay-background-co
lor);backdrop-filter:var(--wcm-
overlay-backdrop-filter)}@media
(max-height:720px) and (orienta
tion:landscape){.wcm-overlay{ov
erflow:scroll;align-items:flex-
start;padding:20px 0}}.wcm-acti
ve{pointer-events:auto}.wcm-con
tainer{position:relative;max-wi
dth:360px;width:100%;outline:0;
border-radius:var(--wcm-backgro
und-border-radius) var(--wcm-ba
ckground-border-radius) var(--w
cm-container-border-radius) var
(--wcm-container-border-radius)
;border:1px solid var(--wcm-col
or-overlay);overflow:hidden}.wc
m-card{width:100%;position:rela
tive;border-radius:var(--wcm-co
ntainer-border-radius);overflow
:hidden;box-shadow:0 6px 14px 
-6px rgba(10,16,31,.12),0 10px 
32px -4px rgba(10,16,31,.1),0 
0 0 1px var(--wcm-color-overlay
);background-color:var(--wcm-co
lor-bg-1);color:var(--wcm-color
-fg-1)}@media(max-width:600px){
.wcm-container{max-width:440px;
border-radius:var(--wcm-backgro
und-border-radius) var(--wcm-ba
ckground-border-radius) 0 0}.wc
m-card{border-radius:var(--wcm-
container-border-radius) var(--
wcm-container-border-radius) 0 
0}.wcm-overlay{align-items:flex
-end}}@media(max-width:440px){.
wcm-container{border:0}}`;var M
o=Object.defineProperty,Lo=Obje
ct.getOwnPropertyDescriptor,Re=
(e,o,r,a)=>{for(var t=a>1?void 
0:a?Lo(o,r):o,l=e.length-1,i;l>
=0;l--)(i=e[l])&&(t=(a?i(o,r,t)
:i(t))||t);return 
a&&t&&Mo(o,r,t),t};let 
ae=class extends w{constructor(
){super(),this.open=!1,this.act
ive=!1,this.unsubscribeModal=vo
id 0,this.abortController=void 
0,this.unsubscribeModal=ge.subs
cribe(e=>{e.open?this.onOpenMod
alEvent():this.onCloseModalEven
t()})}disconnectedCallback(){va
r e;(e=this.unsubscribeModal)==
null||e.call(this)}get 
overlayEl(){return c.getShadowR
ootElement(this,".wcm-overlay")
}get containerEl(){return c.get
ShadowRootElement(this,".wcm-co
ntainer")}toggleBodyScroll(e){i
f(document.querySelector("body"
))if(e){const o=document.getEle
mentById("wcm-styles");o?.remov
e()}else document.head.insertAd
jacentHTML("beforeend",'[39m[
33m<[39m[33mstyle[39m id[33
m=[39m[32m"wcm-styles"[39m[
33m>[39mhtml[33m,[39mbody{to
uch[33m-[39maction[33m:[39m
none[33m;[39moverflow[33m:[
39mhidden[33m;[39moverscroll
[33m-[39mbehavior[33m:[39mco
ntain[33m;[39m}[33m<[39m[3
3m/[39m[33mstyle[39m[33m>[
39m[32m')}onCloseModal(e){e.ta
rget===e.currentTarget&&ge.clos
e()}onOpenModalEvent(){this.tog
gleBodyScroll(!1),this.addKeybo
ardEvents(),this.open=!0,setTim
eout(async()=>{const e=c.isMobi
leAnimation()?{y:["50vh","0vh"]
}:{scale:[.98,1]},o=.1,r=.2;awa
it Promise.all([H(this.overlayE
l,{opacity:[0,1]},{delay:o,dura
tion:r}).finished,H(this.contai
nerEl,e,{delay:o,duration:r}).f
inished]),this.active=!0},0)}as
ync onCloseModalEvent(){this.to
ggleBodyScroll(!0),this.removeK
eyboardEvents();const e=c.isMob
ileAnimation()?{y:["0vh","50vh"
]}:{scale:[1,.98]},o=.2;await P
romise.all([H(this.overlayEl,{o
pacity:[1,0]},{duration:o}).fin
ished,H(this.containerEl,e,{dur
ation:o}).finished]),this.conta
inerEl.removeAttribute("style")
,this.active=!1,this.open=!1}ad
dKeyboardEvents(){this.abortCon
troller=new AbortController,win
dow.addEventListener("keydown",
e=>{var o;e.key==="Escape"?ge.c
lose():e.key==="Tab"&&((o=e.tar
get)!=null&&o.tagName.includes(
"wcm-")||this.containerEl.focus
())},this.abortController),this
.containerEl.focus()}removeKeyb
oardEvents(){var e;(e=this.abor
tController)==null||e.abort(),t
his.abortController=void 
0}render(){const e={"wcm-overla
y":!0,"wcm-active":this.active}
;return n`<wcm-explorer-context
></wcm-explorer-context><wcm-th
eme-context></wcm-theme-context
><div id="wcm-modal" 
class="${P(e)}" 
@click="${this.onCloseModal}" 
role="alertdialog" 
aria-modal="true"><div 
class="wcm-container" tabindex=
"0">${this.open?n`<wcm-modal-ba
ckcard></wcm-modal-backcard><di
v class="wcm-card"><wcm-modal-r
outer></wcm-modal-router><wcm-m
odal-toast></wcm-modal-toast></
div>`:null}</div></div>`}};ae.s
tyles=[h.globalCss,Eo],Re([I()]
,ae.prototype,"open",2),Re([I()
],ae.prototype,"active",2),ae=R
e([p("wcm-modal")],ae);const Ro
=g`div{display:flex;margin-top:
15px}slot{display:inline-block;
margin:0 
5px}wcm-button{margin:0 
5px}`;var Ao=Object.definePrope
rty,Po=Object.getOwnPropertyDes
criptor,le=(e,o,r,a)=>{for(var 
t=a>1?void 0:a?Po(o,r):o,l=e.le
ngth-1,i;l>=0;l--)(i=e[l])&&(t=
(a?i(o,r,t):i(t))||t);return 
a&&t&&Ao(o,r,t),t};let B=class 
extends w{constructor(){super(.
..arguments),this.isMobile=!1,t
his.isDesktop=!1,this.isWeb=!1,
this.isRetry=!1}onMobile(){m.is
Mobile()?x.replace("MobileConne
cting"):x.replace("MobileQrcode
Connecting")}onDesktop(){x.repl
ace("DesktopConnecting")}onWeb(
){x.replace("WebConnecting")}re
nder(){return n`<div>${this.isR
etry?n`<slot></slot>`:null} 
${this.isMobile?n`<wcm-button 
.onClick="${this.onMobile}" 
.iconLeft="${v.MOBILE_ICON}" va
riant="outline">Mobile</wcm-but
ton>`:null} 
${this.isDesktop?n`<wcm-button 
.onClick="${this.onDesktop}" 
.iconLeft="${v.DESKTOP_ICON}" v
ariant="outline">Desktop</wcm-b
utton>`:null} 
${this.isWeb?n`<wcm-button 
.onClick="${this.onWeb}" 
.iconLeft="${v.GLOBE_ICON}" var
iant="outline">Web</wcm-button>
`:null}</div>`}};B.styles=[h.gl
obalCss,Ro],le([d({type:Boolean
})],B.prototype,"isMobile",2),l
e([d({type:Boolean})],B.prototy
pe,"isDesktop",2),le([d({type:B
oolean})],B.prototype,"isWeb",2
),le([d({type:Boolean})],B.prot
otype,"isRetry",2),B=le([p("wcm
-platform-selection")],B);const
 To=g`button{display:flex;flex-
direction:column;padding:5px 10
px;border-radius:var(--wcm-butt
on-hover-highlight-border-radiu
s);height:100%;justify-content:
flex-start}.wcm-icons{width:60p
x;height:60px;display:flex;flex
-wrap:wrap;padding:7px;border-r
adius:var(--wcm-wallet-icon-bor
der-radius);justify-content:spa
ce-between;align-items:center;m
argin-bottom:5px;background-col
or:var(--wcm-color-bg-2);box-sh
adow:inset 0 0 0 1px var(--wcm-
color-overlay)}button:active{ba
ckground-color:var(--wcm-color-
overlay)}@media(hover:hover){bu
tton:hover{background-color:var
(--wcm-color-overlay)}}.wcm-ico
ns img{width:21px;height:21px;o
bject-fit:cover;object-position
:center;border-radius:calc(var(
--wcm-wallet-icon-border-radius
)/ 2);border:1px solid var(--wc
m-color-overlay)}.wcm-icons svg
{width:21px;height:21px}.wcm-ic
ons 
img:nth-child(1),.wcm-icons 
img:nth-child(2),.wcm-icons 
svg:nth-child(1),.wcm-icons svg
:nth-child(2){margin-bottom:4px
}wcm-text{width:100%;text-align
:center}#wallet-placeholder-fil
l{fill:var(--wcm-color-bg-3)}#w
allet-placeholder-dash{stroke:v
ar(--wcm-color-overlay)}`;var j
o=Object.defineProperty,_o=Obje
ct.getOwnPropertyDescriptor,Do=
(e,o,r,a)=>{for(var t=a>1?void 
0:a?_o(o,r):o,l=e.length-1,i;l>
=0;l--)(i=e[l])&&(t=(a?i(o,r,t)
:i(t))||t);return 
a&&t&&jo(o,r,t),t};let 
Ae=class extends w{onClick(){x.
push("WalletExplorer")}render()
{const{recomendedWallets:e}=W.s
tate,o=G.manualWallets(),r=[...
e,...o].reverse().slice(0,4);re
turn n`<button 
@click="${this.onClick}"><div c
lass="wcm-icons">${r.map(a=>{co
nst t=c.getWalletIcon(a);if(t)r
eturn n`<img 
crossorigin="anonymous" 
src="${t}">`;const l=c.getWalle
tIcon({id:a.id});return 
l?n`<img 
crossorigin="anonymous" src="${
l}">`:v.WALLET_PLACEHOLDER})} $
{[...Array(4-r.length)].map(()=
>v.WALLET_PLACEHOLDER)}</div><w
cm-text 
variant="xsmall-regular">View A
ll</wcm-text></button>`}};Ae.st
yles=[h.globalCss,To],Ae=Do([p(
"wcm-view-all-wallets-button")]
,Ae);const No=g`.wcm-qr-contain
er{width:100%;display:flex;just
ify-content:center;align-items:
center;aspect-ratio:1/1}`;var Z
o=Object.defineProperty,So=Obje
ct.getOwnPropertyDescriptor,de=
(e,o,r,a)=>{for(var t=a>1?void 
0:a?So(o,r):o,l=e.length-1,i;l>
=0;l--)(i=e[l])&&(t=(a?i(o,r,t)
:i(t))||t);return 
a&&t&&Zo(o,r,t),t};let Y=class 
extends w{constructor(){super()
,this.walletId="",this.imageId=
"",this.uri="",setTimeout(()=>{
const{walletConnectUri:e}=R.sta
te;this.uri=e},0)}get 
overlayEl(){return c.getShadowR
ootElement(this,".wcm-qr-contai
ner")}render(){return n`<div cl
ass="wcm-qr-container">${this.u
ri?n`<wcm-qrcode size="${this.o
verlayEl.offsetWidth}" 
uri="${this.uri}" 
walletId="${k(this.walletId)}" 
imageId="${k(this.imageId)}"></
wcm-qrcode>`:n`<wcm-spinner></w
cm-spinner>`}</div>`}};Y.styles
=[h.globalCss,No],de([d()],Y.pr
ototype,"walletId",2),de([d()],
Y.prototype,"imageId",2),de([I(
)],Y.prototype,"uri",2),Y=de([p
("wcm-walletconnect-qr")],Y);va
r Bo=Object.defineProperty,Uo=O
bject.getOwnPropertyDescriptor,
Ho=(e,o,r,a)=>{for(var 
t=a>1?void 0:a?Uo(o,r):o,l=e.le
ngth-1,i;l>=0;l--)(i=e[l])&&(t=
(a?i(o,r,t):i(t))||t);return 
a&&t&&Bo(o,r,t),t};let 
Pe=class extends 
w{viewTemplate(){return m.isAnd
roid()?n`<wcm-android-wallet-se
lection></wcm-android-wallet-se
lection>`:m.isMobile()?n`<wcm-m
obile-wallet-selection></wcm-mo
bile-wallet-selection>`:n`<wcm-
desktop-wallet-selection></wcm-
desktop-wallet-selection>`}rend
er(){return n`${this.viewTempla
te()}<wcm-legal-notice></wcm-le
gal-notice>`}};Pe.styles=[h.glo
balCss],Pe=Ho([p("wcm-connect-w
allet-view")],Pe);const zo=g`wc
m-info-footer{flex-direction:co
lumn;align-items:center;display
:flex;width:100%;padding:5px 0}
wcm-text{text-align:center}`;va
r Vo=Object.defineProperty,Fo=O
bject.getOwnPropertyDescriptor,
Ke=(e,o,r,a)=>{for(var 
t=a>1?void 0:a?Fo(o,r):o,l=e.le
ngth-1,i;l>=0;l--)(i=e[l])&&(t=
(a?i(o,r,t):i(t))||t);return 
a&&t&&Vo(o,r,t),t};let 
me=class extends w{constructor(
){super(),this.isError=!1,this.
openDesktopApp()}onFormatAndRed
irect(e){const{desktop:o,name:r
}=m.getWalletRouterData(),a=o?.
native;if(a){const t=m.formatNa
tiveUrl(a,e,r);m.openHref(t,"_s
elf")}}openDesktopApp(){const{w
alletConnectUri:e}=R.state,o=m.
getWalletRouterData();c.setRece
ntWallet(o),e&&this.onFormatAnd
Redirect(e)}render(){const{name
:e,id:o,image_id:r}=m.getWallet
RouterData(),{isMobile:a,isWeb:
t}=c.getCachedRouterWalletPlatf
orms();return 
n`<wcm-modal-header 
title="${e}" 
.onAction="${c.handleUriCopy}" 
.actionIcon="${v.COPY_ICON}"></
wcm-modal-header><wcm-modal-con
tent><wcm-connector-waiting 
walletId="${o}" 
imageId="${k(r)}" 
label="${`Continue in 
${e}...`}" .isError="${this.isE
rror}"></wcm-connector-waiting>
</wcm-modal-content><wcm-info-f
ooter><wcm-text 
color="secondary" variant="smal
l-thin">${`Connection can 
continue loading if ${e} is 
not installed on your device`}<
/wcm-text><wcm-platform-selecti
on .isMobile="${a}" 
.isWeb="${t}" 
.isRetry="${!0}"><wcm-button .o
nClick="${this.openDesktopApp.b
ind(this)}" .iconRight="${v.RET
RY_ICON}">Retry</wcm-button></w
cm-platform-selection></wcm-inf
o-footer>`}};me.styles=[h.globa
lCss,zo],Ke([I()],me.prototype,
"isError",2),me=Ke([p("wcm-desk
top-connecting-view")],me);cons
t qo=g`wcm-info-footer{flex-dir
ection:column;align-items:cente
r;display:flex;width:100%;paddi
ng:5px 0}wcm-text{text-align:ce
nter}wcm-button{margin-top:15px
}`;var Qo=Object.defineProperty
,Ko=Object.getOwnPropertyDescri
ptor,Yo=(e,o,r,a)=>{for(var 
t=a>1?void 0:a?Ko(o,r):o,l=e.le
ngth-1,i;l>=0;l--)(i=e[l])&&(t=
(a?i(o,r,t):i(t))||t);return 
a&&t&&Qo(o,r,t),t};let 
Te=class extends w{onInstall(e)
{e&&m.openHref(e,"_blank")}rend
er(){const{name:e,id:o,image_id
:r,homepage:a}=m.getWalletRoute
rData();return 
n`<wcm-modal-header title="${e}
"></wcm-modal-header><wcm-modal
-content><wcm-connector-waiting
 walletId="${o}" 
imageId="${k(r)}" label="Not 
Detected" .isStale="${!0}"></wc
m-connector-waiting></wcm-modal
-content><wcm-info-footer><wcm-
text color="secondary" variant=
"small-thin">${`Download ${e} 
to continue. If multiple 
browser extensions are 
installed, disable non ${e} 
ones and try 
again`}</wcm-text><wcm-button .
onClick="${()=>this.onInstall(a
)}" .iconLeft="${v.ARROW_DOWN_I
CON}">Download</wcm-button></wc
m-info-footer>`}};Te.styles=[h.
globalCss,qo],Te=Yo([p("wcm-ins
tall-wallet-view")],Te);const G
o=g`wcm-wallet-image{border-rad
ius:var(--wcm-wallet-icon-large
-border-radius);width:96px;heig
ht:96px;margin-bottom:20px}wcm-
info-footer{display:flex;width:
100%}.wcm-app-store{justify-con
tent:space-between}.wcm-app-sto
re wcm-wallet-image{margin-righ
t:10px;margin-bottom:0;width:28
px;height:28px;border-radius:va
r(--wcm-wallet-icon-small-borde
r-radius)}.wcm-app-store div{di
splay:flex;align-items:center}.
wcm-app-store wcm-button{margin
-right:-10px}.wcm-note{flex-dir
ection:column;align-items:cente
r;padding:5px 0}.wcm-note wcm-t
ext{text-align:center}wcm-platf
orm-selection{margin-top:-15px}
.wcm-note wcm-text{margin-top:1
5px}.wcm-note wcm-text span{col
or:var(--wcm-accent-color)}`;va
r Xo=Object.defineProperty,Jo=O
bject.getOwnPropertyDescriptor,
Ye=(e,o,r,a)=>{for(var 
t=a>1?void 0:a?Jo(o,r):o,l=e.le
ngth-1,i;l>=0;l--)(i=e[l])&&(t=
(a?i(o,r,t):i(t))||t);return 
a&&t&&Xo(o,r,t),t};let 
he=class extends w{constructor(
){super(),this.isError=!1,this.
openMobileApp()}onFormatAndRedi
rect(e,o=!1){const{mobile:r,nam
e:a}=m.getWalletRouterData(),t=
r?.native,l=r?.universal;if(t&&
!o){const i=m.formatNativeUrl(t
,e,a);m.openHref(i,"_self")}els
e if(l){const i=m.formatUnivers
alUrl(l,e,a);m.openHref(i,"_sel
f")}}openMobileApp(e=!1){const{
walletConnectUri:o}=R.state,r=m
.getWalletRouterData();c.setRec
entWallet(r),o&&this.onFormatAn
dRedirect(o,e)}onGoToAppStore(e
){e&&m.openHref(e,"_blank")}ren
der(){const{name:e,id:o,image_i
d:r,app:a,mobile:t}=m.getWallet
RouterData(),{isWeb:l}=c.getCac
hedRouterWalletPlatforms(),i=a?
.ios,s=t?.universal;return 
n`<wcm-modal-header title="${e}
"></wcm-modal-header><wcm-modal
-content><wcm-connector-waiting
 walletId="${o}" 
imageId="${k(r)}" label="Tap 
'[39m[33mOpen[39m[32m' to 
continueΓÇª" .isError="${this.i
sError}"></wcm-connector-waitin
g></wcm-modal-content><wcm-info
-footer class="wcm-note"><wcm-p
latform-selection 
.isWeb="${l}" 
.isRetry="${!0}"><wcm-button .o
nClick="${()=>this.openMobileAp
p(!1)}" .iconRight="${v.RETRY_I
CON}">Retry</wcm-button></wcm-p
latform-selection>${s?n`<wcm-te
xt color="secondary" 
variant="small-thin">Still 
doesn'[39mt work[33m?[39m 
[33m<[39m[33mspan[39m tabin
dex[33m=[39m[32m"0"[39m [3
3m@[39mclick[33m=[39m[32m"$
{()=>this.openMobileApp(!0)}"[
39m[33m>[39m[33mTry[39m 
[36mthis[39m alternate link[
33m<[39m[33m/[39m[33mspan[
39m[33m>[39m[33m<[39m[33m/
[39m[33mwcm[39m[33m-[39mte
xt[33m>[39m[32m`:null}</wcm-
info-footer><wcm-info-footer cl
ass="wcm-app-store"><div><wcm-w
allet-image walletId="${o}" ima
geId="${k(r)}"></wcm-wallet-ima
ge><wcm-text>${`Get ${e}`}</wcm
-text></div><wcm-button .iconRi
ght="${v.ARROW_RIGHT_ICON}" .on
Click="${()=>this.onGoToAppStor
e(i)}" variant="ghost">App Stor
e</wcm-button></wcm-info-footer
>`[39m}}[33m;[39mhe[33m.[3
9mstyles[33m=[39m[h[33m.[39
mglobalCss[33m,[39m[33mGo[3
9m][33m,[39m[33mYe[39m([[3
3mI[39m()][33m,[39mhe[33m.
[39mprototype[33m,[39m[32m"i
sError"[39m[33m,[39m[35m2[
39m)[33m,[39mhe[33m=[39m[3
3mYe[39m([p([32m"wcm-mobile-c
onnecting-view"[39m)][33m,[3
9mhe)[33m;[39m[36mconst[39m
 er[33m=[39mg[32m`wcm-info-f
ooter{flex-direction:column;ali
gn-items:center;display:flex;wi
dth:100%;padding:5px 0}wcm-text
{text-align:center}`[39m[33m;
[39m[36mvar[39m tr[33m=[39
m[33mObject[39m[33m.[39mdef
ineProperty[33m,[39mor[33m=
[39m[33mObject[39m[33m.[39m
getOwnPropertyDescriptor[33m,
[39mrr[33m=[39m(e[33m,[39mo
[33m,[39mr[33m,[39ma)[33m=
>[39m{[36mfor[39m([36mvar[
39m t[33m=[39ma[33m>[39m[3
5m1[39m[33m?[39m[36mvoid[3
9m [35m0[39m[33m:[39ma[33m
?[39mor(o[33m,[39mr)[33m:[
39mo[33m,[39ml[33m=[39me[3
3m.[39mlength[33m-[39m[35m1
[39m[33m,[39mi[33m;[39ml[
33m>=[39m[35m0[39m[33m;[39
ml[33m--[39m)(i[33m=[39me[l
])[33m&&[39m(t[33m=[39m(a[
33m?[39mi(o[33m,[39mr[33m,
[39mt)[33m:[39mi(t))[33m||[
39mt)[33m;[39m[36mreturn[39
m a[33m&&[39mt[33m&&[39mtr(
o[33m,[39mr[33m,[39mt)[33m
,[39mt}[33m;[39m[36mlet[39
m je[33m=[39m[36mclass[39m 
[36mextends[39m w{render(){[
36mconst[39m{name[33m:[39me
[33m,[39mid[33m:[39mo[33m,
[39mimage_id[33m:[39mr}[33m=
[39mm[33m.[39mgetWalletRoute
rData()[33m,[39m{isDesktop[3
3m:[39ma[33m,[39misWeb[33m:
[39mt}[33m=[39mc[33m.[39mg
etCachedRouterWalletPlatforms()
[33m;[39m[36mreturn[39m 
n[32m`<wcm-modal-header 
title="${e}" 
.onAction="${c.handleUriCopy}" 
.actionIcon="${v.COPY_ICON}"></
wcm-modal-header><wcm-modal-con
tent><wcm-walletconnect-qr 
walletId="${o}" imageId="${k(r)
}"></wcm-walletconnect-qr></wcm
-modal-content><wcm-info-footer
><wcm-text color="secondary" 
variant="small-thin">${`Scan 
this QR Code with your phone's 
camera or inside ${e} app`}</wc
m-text><wcm-platform-selection 
.isDesktop="${a}" .isWeb="${t}"
></wcm-platform-selection></wcm
-info-footer>`[39m}}[33m;[39
mje[33m.[39mstyles[33m=[39m
[h[33m.[39mglobalCss[33m,[3
9mer][33m,[39mje[33m=[39mrr
([p([32m"wcm-mobile-qr-connect
ing-view"[39m)][33m,[39mje)
[33m;[39m[36mvar[39m ar[33m
=[39m[33mObject[39m[33m.[3
9mdefineProperty[33m,[39mlr[
33m=[39m[33mObject[39m[33m.
[39mgetOwnPropertyDescriptor[
33m,[39mir[33m=[39m(e[33m,
[39mo[33m,[39mr[33m,[39ma)
[33m=>[39m{[36mfor[39m([36m
var[39m t[33m=[39ma[33m>[3
9m[35m1[39m[33m?[39m[36mvo
id[39m [35m0[39m[33m:[39ma
[33m?[39mlr(o[33m,[39mr)[3
3m:[39mo[33m,[39ml[33m=[39
me[33m.[39mlength[33m-[39m
[35m1[39m[33m,[39mi[33m;[3
9ml[33m>=[39m[35m0[39m[33m
;[39ml[33m--[39m)(i[33m=[3
9me[l])[33m&&[39m(t[33m=[39
m(a[33m?[39mi(o[33m,[39mr[
33m,[39mt)[33m:[39mi(t))[33
m||[39mt)[33m;[39m[36mretur
n[39m a[33m&&[39mt[33m&&[3
9mar(o[33m,[39mr[33m,[39mt)
[33m,[39mt}[33m;[39m[36mle
t[39m 
_e[33m=[39m[36mclass[39m 
[36mextends[39m 
w{render(){[36mreturn[39m 
n[32m`<wcm-modal-header 
title="Scan the code" 
.onAction="${c.handleUriCopy}" 
.actionIcon="${v.COPY_ICON}"></
wcm-modal-header><wcm-modal-con
tent><wcm-walletconnect-qr></wc
m-walletconnect-qr></wcm-modal-
content>`[39m}}[33m;[39m_e[
33m.[39mstyles[33m=[39m[h[3
3m.[39mglobalCss][33m,[39m_e
[33m=[39mir([p([32m"wcm-qrco
de-view"[39m)][33m,[39m_e)[
33m;[39m[36mconst[39m nr[33
m=[39mg[32m`wcm-modal-content
{height:clamp(200px,60vh,600px)
;display:block;overflow:scroll;
scrollbar-width:none;position:r
elative;margin-top:1px}.wcm-gri
d{display:grid;grid-template-co
lumns:repeat(4,80px);justify-co
ntent:space-between;margin:-15p
x -10px;padding-top:20px}wcm-mo
dal-content::after,wcm-modal-co
ntent::before{content:'';positi
on:fixed;pointer-events:none;z-
index:1;width:100%;height:20px;
opacity:1}wcm-modal-content::be
fore{box-shadow:0 -1px 0 0 var(
--wcm-color-bg-1);background:li
near-gradient(var(--wcm-color-b
g-1),rgba(255,255,255,0))}wcm-m
odal-content::after{box-shadow:
0 1px 0 0 var(--wcm-color-bg-1)
;background:linear-gradient(rgb
a(255,255,255,0),var(--wcm-colo
r-bg-1));top:calc(100% - 20px)}
wcm-modal-content::-webkit-scro
llbar{display:none}.wcm-placeho
lder-block{display:flex;justify
-content:center;align-items:cen
ter;height:100px;overflow:hidde
n}.wcm-empty,.wcm-loading{displ
ay:flex}.wcm-loading .wcm-place
holder-block{height:100%}.wcm-e
nd-reached .wcm-placeholder-blo
ck{height:0;opacity:0}.wcm-empt
y .wcm-placeholder-block{opacit
y:1;height:100%}wcm-wallet-butt
on{margin:calc((100% - 60px)/ 
3) 0}`[39m[33m;[39m[36mvar
[39m cr[33m=[39m[33mObject[
39m[33m.[39mdefineProperty[3
3m,[39msr[33m=[39m[33mObjec
t[39m[33m.[39mgetOwnProperty
Descriptor[33m,[39mie[33m=[
39m(e[33m,[39mo[33m,[39mr[
33m,[39ma)[33m=>[39m{[36mfo
r[39m([36mvar[39m t[33m=[3
9ma[33m>[39m[35m1[39m[33m?
[39m[36mvoid[39m [35m0[39m
[33m:[39ma[33m?[39msr(o[33
m,[39mr)[33m:[39mo[33m,[39
ml[33m=[39me[33m.[39mlength
[33m-[39m[35m1[39m[33m,[3
9mi[33m;[39ml[33m>=[39m[35
m0[39m[33m;[39ml[33m--[39m
)(i[33m=[39me[l])[33m&&[39m
(t[33m=[39m(a[33m?[39mi(o[
33m,[39mr[33m,[39mt)[33m:[
39mi(t))[33m||[39mt)[33m;[3
9m[36mreturn[39m a[33m&&[39
mt[33m&&[39mcr(o[33m,[39mr
[33m,[39mt)[33m,[39mt}[33m;
[39m[36mconst[39m [33mDe[3
9m[33m=[39m[35m40[39m[33m;
[39m[36mlet[39m [33mU[39m
[33m=[39m[36mclass[39m 
[36mextends[39m w{constructor
(){[36msuper[39m([33m...[39
marguments)[33m,[39m[36mthis
[39m[33m.[39mloading[33m=[
39m[33m![39m[33mW[39m[33m.
[39mstate[33m.[39mwallets[3
3m.[39mlistings[33m.[39mleng
th[33m,[39m[36mthis[39m[33
m.[39mfirstFetch[33m=[39m[3
3m![39m[33mW[39m[33m.[39ms
tate[33m.[39mwallets[33m.[3
9mlistings[33m.[39mlength[33
m,[39m[36mthis[39m[33m.[39
msearch[33m=[39m[32m""[39m
[33m,[39m[36mthis[39m[33m.
[39mendReached[33m=[39m[33m!
[39m[35m1[39m[33m,[39m[36
mthis[39m[33m.[39mintersecti
onObserver[33m=[39m[36mvoid
[39m [35m0[39m[33m,[39m[36
mthis[39m[33m.[39msearchDebo
unce[33m=[39mc[33m.[39mdebo
unce(e[33m=>[39m{e[33m.[39m
length[33m>=[39m[35m1[39m[
33m?[39m([36mthis[39m[33m.
[39mfirstFetch[33m=[39m[33m!
[39m[35m0[39m[33m,[39m[36
mthis[39m[33m.[39mendReached
[33m=[39m[33m![39m[35m1[3
9m[33m,[39m[36mthis[39m[33
m.[39msearch[33m=[39me[33m,
[39m[33mW[39m[33m.[39mrese
tSearch()[33m,[39m[36mthis[
39m[33m.[39mfetchWallets())[
33m:[39m[36mthis[39m[33m.[
39msearch[33m&&[39m([36mthis
[39m[33m.[39msearch[33m=[3
9m[32m""[39m[33m,[39m[36mt
his[39m[33m.[39mendReached[
33m=[39m[36mthis[39m[33m.[
39misLastPage()[33m,[39m[33m
W[39m[33m.[39mresetSearch())
})}firstUpdated(){[36mthis[39
m[33m.[39mcreatePaginationObs
erver()}disconnectedCallback(){
[36mvar[39m e[33m;[39m(e[3
3m=[39m[36mthis[39m[33m.[3
9mintersectionObserver)[33m==
[39m[36mnull[39m[33m||[39me
[33m.[39mdisconnect()}[36mge
t[39m placeholderEl(){[36mret
urn[39m c[33m.[39mgetShadowR
ootElement([36mthis[39m[33m,
[39m[32m".wcm-placeholder-blo
ck"[39m)}createPaginationObser
ver(){[36mthis[39m[33m.[39m
intersectionObserver[33m=[39m
[36mnew[39m [33mIntersection
Observer[39m(([e])[33m=>[39m
{e[33m.[39misIntersecting[33
m&&[39m[33m![39m([36mthis[
39m[33m.[39msearch[33m&&[39
m[36mthis[39m[33m.[39mfirst
Fetch)[33m&&[39m[36mthis[39
m[33m.[39mfetchWallets()})[3
3m,[39m[36mthis[39m[33m.[3
9mintersectionObserver[33m.[3
9mobserve([36mthis[39m[33m.
[39mplaceholderEl)}isLastPage()
{[36mconst[39m{wallets[33m:
[39me[33m,[39msearch[33m:[3
9mo}[33m=[39m[33mW[39m[33m
.[39mstate[33m,[39m{listings
[33m:[39mr[33m,[39mtotal[3
3m:[39ma}[33m=[39m[36mthis
[39m[33m.[39msearch[33m?[39
mo[33m:[39me[33m;[39m[36mr
eturn[39m a[33m<=[39m[33mDe
[39m[33m||[39mr[33m.[39mle
ngth[33m>=[39ma}[36masync[3
9m 
fetchWallets(){[36mvar[39m e
[33m;[39m[36mconst[39m{walle
ts[33m:[39mo[33m,[39msearch
[33m:[39mr}[33m=[39m[33mW
[39m[33m.[39mstate[33m,[39m
{listings[33m:[39ma[33m,[39
mtotal[33m:[39mt[33m,[39mpa
ge[33m:[39ml}[33m=[39m[36m
this[39m[33m.[39msearch[33m
?[39mr[33m:[39mo[33m;[39m
[36mif[39m([33m![39m[36mthi
s[39m[33m.[39mendReached[33
m&&[39m([36mthis[39m[33m.[
39mfirstFetch[33m||[39mt[33m
>[39m[33mDe[39m[33m&&[39ma
[33m.[39mlength[33m<[39m[3
3mt[39m))[36mtry[39m{[36mth
is[39m[33m.[39mloading[33m=
[39m[33m![39m[35m0[39m[33
m;[39m[36mconst[39m i[33m=
[39m(e[33m=[39m[33mR[39m[3
3m.[39mstate[33m.[39mchains)
[33m==[39m[36mnull[39m[33m
?[39m[36mvoid[39m [35m0[39
m[33m:[39me[33m.[39mjoin([
32m","[39m)[33m,[39m{listing
s[33m:[39ms}[33m=[39m[36ma
wait[39m [33mW[39m[33m.[39
mgetWallets({page[33m:[39m[3
6mthis[39m[33m.[39mfirstFetc
h[33m?[39m[35m1[39m[33m:[
39ml[33m+[39m[35m1[39m[33m
,[39mentries[33m:[39m[33mDe
[39m[33m,[39msearch[33m:[3
9m[36mthis[39m[33m.[39msear
ch[33m,[39mversion[33m:[39m
[35m2[39m[33m,[39mchains[3
3m:[39mi})[33m,[39m$[33m=[
39ms[33m.[39mmap(f[33m=>[39
mc[33m.[39mgetWalletIcon(f))
[33m;[39m[36mawait[39m [33m
Promise[39m[33m.[39mall([[3
3m...[39m$[33m.[39mmap([36m
async[39m f[33m=>[39mc[33m.
[39mpreloadImage(f))[33m,[39
mm[33m.[39mwait([35m300[39m
)])[33m,[39m[36mthis[39m[3
3m.[39mendReached[33m=[39m[
36mthis[39m[33m.[39misLastPa
ge()}[36mcatch[39m(i){console
[33m.[39merror(i)[33m,[39m
[33mN[39m[33m.[39mopenToast(
c[33m.[39mgetErrorMessage(i)
[33m,[39m[32m"error"[39m)}[
36mfinally[39m{[36mthis[39m
[33m.[39mloading[33m=[39m[3
3m![39m[35m1[39m[33m,[39m
[36mthis[39m[33m.[39mfirstFe
tch[33m=[39m[33m![39m[35m1
[39m}}onConnect(e){m[33m.[39
misAndroid()[33m?[39mc[33m.
[39mhandleMobileLinking(e)[33m
:[39mc[33m.[39mgoToConnectin
gView(e)}onSearchChange(e){[36
mconst[39m{value[33m:[39mo}
[33m=[39me[33m.[39mtarget[3
3m;[39m[36mthis[39m[33m.[3
9msearchDebounce(o)}render(){[
36mconst[39m{wallets[33m:[39
me[33m,[39msearch[33m:[39mo
}[33m=[39m[33mW[39m[33m.[
39mstate[33m,[39m{listings[3
3m:[39mr}[33m=[39m[36mthis
[39m[33m.[39msearch[33m?[39
mo[33m:[39me[33m,[39ma[33m
=[39m[36mthis[39m[33m.[39m
loading[33m&&[39m[33m![39mr
[33m.[39mlength[33m,[39mt[
33m=[39m[36mthis[39m[33m.[
39msearch[33m.[39mlength[33m
>=[39m[35m3[39m[33m;[39m[
36mlet[39m l[33m=[39m[33mZ
[39m[33m.[39mmanualWalletsTem
plate()[33m,[39mi[33m=[39m
[33mZ[39m[33m.[39mrecomended
WalletsTemplate([33m![39m[35
m0[39m)[33m;[39mt[33m&&[39
m(l[33m=[39ml[33m.[39mfilte
r(({values[33m:[39mf})[33m=>
[39mc[33m.[39mcaseSafeInclud
es(f[[35m0[39m][33m,[39m[3
6mthis[39m[33m.[39msearch))
[33m,[39mi[33m=[39mi[33m.[
39mfilter(({values[33m:[39mf}
)[33m=>[39mc[33m.[39mcaseSa
feIncludes(f[[35m0[39m][33m,
[39m[36mthis[39m[33m.[39ms
earch)))[33m;[39m[36mconst[
39m s[33m=[39m[33m![39m[36
mthis[39m[33m.[39mloading[3
3m&&[39m[33m![39mr[33m.[39
mlength[33m&&[39m[33m![39mi
[33m.[39mlength[33m,[39m$[
33m=[39m{[32m"wcm-loading"[3
9m[33m:[39ma[33m,[39m[32m"
wcm-end-reached"[39m[33m:[39
m[36mthis[39m[33m.[39mendRe
ached[33m||[39m[33m![39m[3
6mthis[39m[33m.[39mloading[
33m,[39m[32m"wcm-empty"[39m
[33m:[39ms}[33m;[39m[36mret
urn[39m n[32m`<wcm-modal-head
er><wcm-search-input .onChange=
"${this.onSearchChange.bind(thi
s)}"></wcm-search-input></wcm-m
odal-header><wcm-modal-content 
class="${P($)}"><div 
class="wcm-grid">${a?null:l} 
${a?null:i} ${a?null:r.map(f=>n
`${f?n`<wcm-wallet-button 
imageId="${f.image_id}" 
name="${f.name}" 
walletId="${f.id}" .onClick="${
()=>this.onConnect(f)}"></wcm-w
allet-button>`:null}`[39m)}[3
3m<[39m[33m/[39m[33mdiv[39
m[33m>[39m[33m<[39m[33mdiv
[39m [36mclass[39m[33m=[39
m[32m"wcm-placeholder-block"[
39m[33m>[39m${s[33m?[39mn[
32m`<wcm-text 
variant="big-bold" 
color="secondary">No results fo
und</wcm-text>`[39m[33m:[39m
[36mnull[39m} ${[33m![39ms
[33m&&[39m[36mthis[39m[33m.
[39mloading[33m?[39mn[32m`<
wcm-spinner></wcm-spinner>`[39
m[33m:[39m[36mnull[39m}[33
m<[39m[33m/[39m[33mdiv[39m
[33m>[39m[33m<[39m[33m/[3
9m[33mwcm[39m[33m-[39mmodal
[33m-[39mcontent[33m>[39m[
32m`}};U.styles=[h.globalCss,nr
],ie([I()],U.prototype,"loading
",2),ie([I()],U.prototype,"firs
tFetch",2),ie([I()],U.prototype
,"search",2),ie([I()],U.prototy
pe,"endReached",2),U=ie([p("wcm
-wallet-explorer-view")],U);con
st dr=g`[39mwcm[33m-[39minfo
[33m-[39mfooter{flex[33m-[3
9mdirection[33m:[39mcolumn[3
3m;[39malign[33m-[39mitems[
33m:[39mcenter[33m;[39mdispl
ay[33m:[39mflex[33m;[39mwid
th[33m:[39m[35m100[39m[33m
%[39m[33m;[39mpadding[33m:
[39m[35m5[39mpx [35m0[39m}w
cm[33m-[39mtext{text[33m-[3
9malign[33m:[39mcenter}[32m`
;var mr=Object.defineProperty,h
r=Object.getOwnPropertyDescript
or,Ge=(e,o,r,a)=>{for(var 
t=a>1?void 0:a?hr(o,r):o,l=e.le
ngth-1,i;l>=0;l--)(i=e[l])&&(t=
(a?i(o,r,t):i(t))||t);return 
a&&t&&mr(o,r,t),t};let 
we=class extends w{constructor(
){super(),this.isError=!1,this.
openWebWallet()}onFormatAndRedi
rect(e){const{desktop:o,name:r}
=m.getWalletRouterData(),a=o?.u
niversal;if(a){const t=m.format
UniversalUrl(a,e,r);m.openHref(
t,"_blank")}}openWebWallet(){co
nst{walletConnectUri:e}=R.state
,o=m.getWalletRouterData();c.se
tRecentWallet(o),e&&this.onForm
atAndRedirect(e)}render(){const
{name:e,id:o,image_id:r}=m.getW
alletRouterData(),{isMobile:a,i
sDesktop:t}=c.getCachedRouterWa
lletPlatforms(),l=m.isMobile();
return n`[39m[33m<[39m[33mw
cm[39m[33m-[39mmodal[33m-[
39mheader title[33m=[39m[32m
"${e}"[39m [33m.[39monAction
[33m=[39m[32m"${c.handleUriC
opy}"[39m [33m.[39mactionIco
n[33m=[39m[32m"${v.COPY_ICON
}"[39m[33m>[39m[33m<[39m[
33m/[39m[33mwcm[39m[33m-[3
9mmodal[33m-[39mheader[33m>
[39m[33m<[39m[33mwcm[39m[3
3m-[39mmodal[33m-[39mcontent
[33m>[39m[33m<[39m[33mwcm
[39m[33m-[39mconnector[33m-
[39mwaiting walletId[33m=[39m
[32m"${o}"[39m imageId[33m=
[39m[32m"${k(r)}"[39m label[
33m=[39m[32m"${`Continue in 
${e}...`}"[39m [33m.[39misEr
ror[33m=[39m[32m"${this.isEr
ror}"[39m[33m>[39m[33m<[39
m[33m/[39m[33mwcm[39m[33m-
[39mconnector[33m-[39mwaitin
g[33m>[39m[33m<[39m[33m/[
39m[33mwcm[39m[33m-[39mmoda
l[33m-[39mcontent[33m>[39m
[33m<[39m[33mwcm[39m[33m-[
39minfo[33m-[39mfooter[33m>
[39m[33m<[39m[33mwcm[39m[3
3m-[39mtext color[33m=[39m[
32m"secondary"[39m variant[33
m=[39m[32m"small-thin"[39m[
33m>[39m${[32m`${e} web app 
has opened in a new tab. Go 
there, accept the connection, 
and come back`[39m}[33m<[39m
[33m/[39m[33mwcm[39m[33m-
[39mtext[33m>[39m[33m<[39m
[33mwcm[39m[33m-[39mplatform
[33m-[39mselection [33m.[39
misMobile[33m=[39m[32m"${a}"
[39m [33m.[39misDesktop[33m
=[39m[32m"${l?!1:t}"[39m [3
3m.[39misRetry[33m=[39m[32m
"${!0}"[39m[33m>[39m[33m<[
39m[33mwcm[39m[33m-[39mbutt
on [33m.[39monClick[33m=[39
m[32m"${this.openWebWallet.bin
d(this)}"[39m [33m.[39miconR
ight[33m=[39m[32m"${v.RETRY_
ICON}"[39m[33m>[39m[33mRetr
y[39m[33m<[39m[33m/[39m[3
3mwcm[39m[33m-[39mbutton[33
m>[39m[33m<[39m[33m/[39m[
33mwcm[39m[33m-[39mplatform
[33m-[39mselection[33m>[39m
[33m<[39m[33m/[39m[33mwcm[
39m[33m-[39minfo[33m-[39mfo
oter[33m>[39m[32m`}};we.styl
es=[h.globalCss,dr],Ge([I()],we
.prototype,"isError",2),we=Ge([
p("wcm-web-connecting-view")],w
e);export{ae as WcmModal,j as 
WcmQrCode};[39m
 [90m   |[39m [31m[1m^[22m
[39m[31m[1m^[22m[39m[31m
[1m^[22m[39m[31m[1m^[22m[
39m[31m[1m^[22m[39m[31m[1
m^[22m[39m[31m[1m^[22m[39
m[31m[1m^[22m[39m[31m[1m^
[22m[39m[31m[1m^[22m[39m
[31m[1m^[22m[39m[31m[1m^[
22m[39m[31m[1m^[22m[39m[3
1m[1m^[22m[39m[31m[1m^[22
m[39m[31m[1m^[22m[39m[31m
[1m^[22m[39m[31m[1m^[22m
[39m[31m[1m^[22m[39m[31m[
1m^[22m[39m[31m[1m^[22m[3
9m[31m[1m^[22m[39m[31m[1m
^[22m[39m[31m[1m^[22m[39m
[31m[1m^[22m[39m[31m[1m^
[22m[39m[31m[1m^[22m[39m[
31m[1m^[22m[39m[31m[1m^[2
2m[39m[31m[1m^[22m[39m[31
m[1m^[22m[39m[31m[1m^[22m
[39m[31m[1m^[22m[39m[31m
[1m^[22m[39m[31m[1m^[22m[
39m[31m[1m^[22m[39m[31m[1
m^[22m[39m[31m[1m^[22m[39
m[31m[1m^[22m[39m[31m[1m^
[22m[39m[31m[1m^[22m[39m
[31m[1m^[22m[39m[31m[1m^[
22m[39m[31m[1m^[22m[39m[3
1m[1m^[22m[39m[31m[1m^[22
m[39m[31m[1m^[22m[39m[31m
[1m^[22m[39m[31m[1m^[22m
[39m[31m[1m^[22m[39m[31m[
1m^[22m[39m[31m[1m^[22m[3
9m[31m[1m^[22m[39m[31m[1m
^[22m[39m[31m[1m^[22m[39m
[31m[1m^[22m[39m[31m[1m^
[22m[39m[31m[1m^[22m[39m[
31m[1m^[22m[39m[31m[1m^[2
2m[39m[31m[1m^[22m[39m[31
m[1m^[22m[39m
 [90m 2 |[39m [32m//# source
MappingURL=index.js.map[39m
 [90m 3 |[39m [32m[39m[0m



Import traces:
  Client Component Browser:
    ./node_modules/@walletconne
ct/modal-ui/dist/index.js 
[Client Component Browser]
    ./node_modules/@walletconne
ct/modal/dist/index.js [Client 
Component Browser]
    ./node_modules/@walletconne
ct/ethereum-provider/dist/index
.es.js [Client Component 
Browser]
    ./node_modules/@web3modal/e
thers/dist/esm/src/client.js 
[Client Component Browser]
    ./node_modules/@web3modal/e
thers/dist/esm/exports/react.js
 [Client Component Browser]
    ./hooks/useWeb3Manager.ts 
[Client Component Browser]
    ./components/EligibilityFlo
w.tsx [Client Component 
Browser]
    ./app/page.tsx [Client 
Component Browser]
    ./app/page.tsx [Server 
Component]

  Client Component SSR:
    ./node_modules/@walletconne
ct/modal-ui/dist/index.js 
[Client Component SSR]
    ./node_modules/@walletconne
ct/modal/dist/index.js [Client 
Component SSR]
    ./node_modules/@walletconne
ct/ethereum-provider/dist/index
.es.js [Client Component SSR]
    ./node_modules/@web3modal/e
thers/dist/esm/src/client.js 
[Client Component SSR]
    ./node_modules/@web3modal/e
thers/dist/esm/exports/react.js
 [Client Component SSR]
    ./hooks/useWeb3Manager.ts 
[Client Component SSR]
    ./components/EligibilityFlo
w.tsx [Client Component SSR]
    ./app/page.tsx [Client 
Component SSR]
    ./app/page.tsx [Server 
Component]

https://nextjs.org/docs/message
s/module-not-found


./node_modules/@walletconnect/m
odal-ui/dist/index.js:1:376
Module not found: Can't 
resolve 'lit-html'
[0m[31m[1m>[22m[39m[90m 
1 |[39m [36mimport[39m{css 
[36mas[39m g[33m,[39m[33mL
itElement[39m [36mas[39m 
w[33m,[39mhtml [36mas[39m 
n[33m,[39msvg [36mas[39m pe
}[36mfrom[39m[32m"lit"[39m
[33m;[39m[36mimport[39m{prop
erty [36mas[39m 
d[33m,[39mcustomElement 
[36mas[39m p[33m,[39mstate 
[36mas[39m [33mI[39m}[36mf
rom[39m[32m"lit/decorators.js
"[39m[33m;[39m[36mimport[3
9m{classMap [36mas[39m [33mP
[39m}[36mfrom[39m[32m"lit/d
irectives/class-map.js"[39m[3
3m;[39m[36mimport[39m{[33mT
hemeCtrl[39m [36mas[39m [33
mX[39m[33m,[39m[33mModalCtr
l[39m [36mas[39m ge[33m,[3
9m[33mRouterCtrl[39m 
[36mas[39m x[33m,[39m[33mC
onfigCtrl[39m [36mas[39m z[
33m,[39m[33mExplorerCtrl[39m
 [36mas[39m [33mW[39m[33m,
[39m[33mCoreUtil[39m 
[36mas[39m m[33m,[39m[33mO
ptionsCtrl[39m [36mas[39m [
33mR[39m[33m,[39m[33mToastC
trl[39m [36mas[39m [33mN[3
9m[33m,[39m[33mEventsCtrl[3
9m [36mas[39m [33mXe[39m}[
36mfrom[39m[32m"@walletconnec
t/modal-core"[39m[33m;[39m[
36mimport[39m{svg 
[36mas[39m [33mC[39m}[36mf
rom[39m[32m"lit-html"[39m[3
3m;[39m[36mimport[39m{animat
e [36mas[39m [33mH[39m}[36
mfrom[39m[32m"motion"[39m[3
3m;[39m[36mimport[39m{ifDefi
ned [36mas[39m k}[36mfrom[3
9m[32m"lit/directives/if-defin
ed.js"[39m[33m;[39m[36mimpo
rt[39m [33mJe[39m [36mfrom
[39m[32m"qrcode"[39m[33m;[3
9m[36mvar[39m et[33m=[39m[
33mObject[39m[33m.[39mdefine
Property[33m,[39m[33mBe[39m
[33m=[39m[33mObject[39m[33
m.[39mgetOwnPropertySymbols[3
3m,[39mtt[33m=[39m[33mObjec
t[39m[33m.[39mprototype[33m
.[39mhasOwnProperty[33m,[39m
ot[33m=[39m[33mObject[39m[
33m.[39mprototype[33m.[39mpr
opertyIsEnumerable[33m,[39m[
33mUe[39m[33m=[39m(e[33m,[
39mo[33m,[39mr)[33m=>[39mo 
[36min[39m e[33m?[39met(e[
33m,[39mo[33m,[39m{enumerabl
e[33m:[39m[33m![39m[35m0[
39m[33m,[39mconfigurable[33m
:[39m[33m![39m[35m0[39m[3
3m,[39mwritable[33m:[39m[33
m![39m[35m0[39m[33m,[39mva
lue[33m:[39mr})[33m:[39me[o
][33m=[39mr[33m,[39mve[33m
=[39m(e[33m,[39mo)[33m=>[3
9m{[36mfor[39m([36mvar[39m 
r [36min[39m o[33m||[39m(o
[33m=[39m{}))tt[33m.[39mcall
(o[33m,[39mr)[33m&&[39m[33
mUe[39m(e[33m,[39mr[33m,[3
9mo[r])[33m;[39m[36mif[39m(
[33mBe[39m)[36mfor[39m([36
mvar[39m r [36mof[39m [33mB
e[39m(o))ot[33m.[39mcall(o[
33m,[39mr)[33m&&[39m[33mUe
[39m(e[33m,[39mr[33m,[39mo[
r])[33m;[39m[36mreturn[39m 
e}[33m;[39m[36mfunction[39m
 rt(){[36mvar[39m 
e[33m;[39m[36mconst[39m o[
33m=[39m(e[33m=[39m[33mX[3
9m[33m.[39mstate[33m.[39mth
emeMode)[33m!=[39m[36mnull[
39m[33m?[39me[33m:[39m[32m
"dark"[39m[33m,[39mr[33m=[
39m{light[33m:[39m{foreground
[33m:[39m{[35m1[39m[33m:[
39m[32m"rgb(20,20,20)"[39m[3
3m,[39m[35m2[39m[33m:[39m
[32m"rgb(121,134,134)"[39m[33
m,[39m[35m3[39m[33m:[39m[
32m"rgb(158,169,169)"[39m}[33
m,[39mbackground[33m:[39m{[
35m1[39m[33m:[39m[32m"rgb(2
55,255,255)"[39m[33m,[39m[3
5m2[39m[33m:[39m[32m"rgb(24
1,243,243)"[39m[33m,[39m[35
m3[39m[33m:[39m[32m"rgb(228
,231,231)"[39m}[33m,[39mover
lay[33m:[39m[32m"rgba(0,0,0,
0.1)"[39m}[33m,[39mdark[33m
:[39m{foreground[33m:[39m{[
35m1[39m[33m:[39m[32m"rgb(2
28,231,231)"[39m[33m,[39m[3
5m2[39m[33m:[39m[32m"rgb(14
8,158,158)"[39m[33m,[39m[35
m3[39m[33m:[39m[32m"rgb(110
,119,119)"[39m}[33m,[39mback
ground[33m:[39m{[35m1[39m[
33m:[39m[32m"rgb(20,20,20)"[
39m[33m,[39m[35m2[39m[33m:
[39m[32m"rgb(39,42,42)"[39m
[33m,[39m[35m3[39m[33m:[39
m[32m"rgb(59,64,64)"[39m}[33
m,[39moverlay[33m:[39m[32m"
rgba(255,255,255,0.1)"[39m}}[o
][33m;[39m[36mreturn[39m{[
32m"--wcm-color-fg-1"[39m[33m
:[39mr[33m.[39mforeground[[
35m1[39m][33m,[39m[32m"--wc
m-color-fg-2"[39m[33m:[39mr
[33m.[39mforeground[[35m2[39
m][33m,[39m[32m"--wcm-color-
fg-3"[39m[33m:[39mr[33m.[3
9mforeground[[35m3[39m][33m,
[39m[32m"--wcm-color-bg-1"[3
9m[33m:[39mr[33m.[39mbackgr
ound[[35m1[39m][33m,[39m[3
2m"--wcm-color-bg-2"[39m[33m:
[39mr[33m.[39mbackground[[3
5m2[39m][33m,[39m[32m"--wcm
-color-bg-3"[39m[33m:[39mr[
33m.[39mbackground[[35m3[39m
][33m,[39m[32m"--wcm-color-o
verlay"[39m[33m:[39mr[33m.
[39moverlay}}[36mfunction[39m
 [33mHe[39m(){[36mreturn[39
m{[32m"--wcm-accent-color"[39
m[33m:[39m[32m"#3396FF"[39m
[33m,[39m[32m"--wcm-accent-f
ill-color"[39m[33m:[39m[32m
"#FFFFFF"[39m[33m,[39m[32m"
--wcm-z-index"[39m[33m:[39m
[32m"89"[39m[33m,[39m[32m"-
-wcm-background-color"[39m[33
m:[39m[32m"#3396FF"[39m[33m
,[39m[32m"--wcm-background-bo
rder-radius"[39m[33m:[39m[3
2m"8px"[39m[33m,[39m[32m"--
wcm-container-border-radius"[3
9m[33m:[39m[32m"30px"[39m[
33m,[39m[32m"--wcm-wallet-ico
n-border-radius"[39m[33m:[39
m[32m"15px"[39m[33m,[39m[3
2m"--wcm-wallet-icon-large-bord
er-radius"[39m[33m:[39m[32m
"30px"[39m[33m,[39m[32m"--w
cm-wallet-icon-small-border-rad
ius"[39m[33m:[39m[32m"7px"
[39m[33m,[39m[32m"--wcm-inpu
t-border-radius"[39m[33m:[39
m[32m"28px"[39m[33m,[39m[3
2m"--wcm-button-border-radius"
[39m[33m:[39m[32m"10px"[39m
[33m,[39m[32m"--wcm-notifica
tion-border-radius"[39m[33m:
[39m[32m"36px"[39m[33m,[39m
[32m"--wcm-secondary-button-bo
rder-radius"[39m[33m:[39m[3
2m"28px"[39m[33m,[39m[32m"-
-wcm-icon-button-border-radius"
[39m[33m:[39m[32m"50%"[39m
[33m,[39m[32m"--wcm-button-h
over-highlight-border-radius"[
39m[33m:[39m[32m"10px"[39m
[33m,[39m[32m"--wcm-text-big-
bold-size"[39m[33m:[39m[32m
"20px"[39m[33m,[39m[32m"--w
cm-text-big-bold-weight"[39m[
33m:[39m[32m"600"[39m[33m,
[39m[32m"--wcm-text-big-bold-l
ine-height"[39m[33m:[39m[32
m"24px"[39m[33m,[39m[32m"--
wcm-text-big-bold-letter-spacin
g"[39m[33m:[39m[32m"-0.03em
"[39m[33m,[39m[32m"--wcm-te
xt-big-bold-text-transform"[39
m[33m:[39m[32m"none"[39m[3
3m,[39m[32m"--wcm-text-xsmall
-bold-size"[39m[33m:[39m[32
m"10px"[39m[33m,[39m[32m"--
wcm-text-xsmall-bold-weight"[3
9m[33m:[39m[32m"700"[39m[3
3m,[39m[32m"--wcm-text-xsmall
-bold-line-height"[39m[33m:[
39m[32m"12px"[39m[33m,[39m
[32m"--wcm-text-xsmall-bold-let
ter-spacing"[39m[33m:[39m[3
2m"0.02em"[39m[33m,[39m[32m
"--wcm-text-xsmall-bold-text-tr
ansform"[39m[33m:[39m[32m"u
ppercase"[39m[33m,[39m[32m"
--wcm-text-xsmall-regular-size"
[39m[33m:[39m[32m"12px"[39
m[33m,[39m[32m"--wcm-text-xs
mall-regular-weight"[39m[33m:
[39m[32m"600"[39m[33m,[39m
[32m"--wcm-text-xsmall-regular
-line-height"[39m[33m:[39m[
32m"14px"[39m[33m,[39m[32m"
--wcm-text-xsmall-regular-lette
r-spacing"[39m[33m:[39m[32m
"-0.03em"[39m[33m,[39m[32m"
--wcm-text-xsmall-regular-text-
transform"[39m[33m:[39m[32m
"none"[39m[33m,[39m[32m"--w
cm-text-small-thin-size"[39m[
33m:[39m[32m"14px"[39m[33m,
[39m[32m"--wcm-text-small-thi
n-weight"[39m[33m:[39m[32m"
500"[39m[33m,[39m[32m"--wcm
-text-small-thin-line-height"[
39m[33m:[39m[32m"16px"[39m
[33m,[39m[32m"--wcm-text-smal
l-thin-letter-spacing"[39m[33
m:[39m[32m"-0.03em"[39m[33m
,[39m[32m"--wcm-text-small-th
in-text-transform"[39m[33m:[
39m[32m"none"[39m[33m,[39m
[32m"--wcm-text-small-regular-s
ize"[39m[33m:[39m[32m"14px"
[39m[33m,[39m[32m"--wcm-tex
t-small-regular-weight"[39m[3
3m:[39m[32m"600"[39m[33m,[
39m[32m"--wcm-text-small-regul
ar-line-height"[39m[33m:[39m
[32m"16px"[39m[33m,[39m[32
m"--wcm-text-small-regular-lett
er-spacing"[39m[33m:[39m[32
m"-0.03em"[39m[33m,[39m[32m
"--wcm-text-small-regular-text-
transform"[39m[33m:[39m[32m
"none"[39m[33m,[39m[32m"--w
cm-text-medium-regular-size"[3
9m[33m:[39m[32m"16px"[39m[
33m,[39m[32m"--wcm-text-mediu
m-regular-weight"[39m[33m:[3
9m[32m"600"[39m[33m,[39m[3
2m"--wcm-text-medium-regular-li
ne-height"[39m[33m:[39m[32m
"20px"[39m[33m,[39m[32m"--w
cm-text-medium-regular-letter-s
pacing"[39m[33m:[39m[32m"-0
.03em"[39m[33m,[39m[32m"--w
cm-text-medium-regular-text-tra
nsform"[39m[33m:[39m[32m"no
ne"[39m[33m,[39m[32m"--wcm-
font-family"[39m[33m:[39m[3
2m"-apple-system, system-ui, 
BlinkMacSystemFont, 'Segoe 
UI', Roboto, Ubuntu, 
'Helvetica Neue', sans-serif"[
39m[33m,[39m[32m"--wcm-font-
feature-settings"[39m[33m:[3
9m[32m"'tnum' on, 'lnum' on, 
'case' on"[39m[33m,[39m[32m
"--wcm-success-color"[39m[33m
:[39m[32m"rgb(38,181,98)"[39
m[33m,[39m[32m"--wcm-error-c
olor"[39m[33m:[39m[32m"rgb(
242, 90, 103)"[39m[33m,[39m
[32m"--wcm-overlay-background-c
olor"[39m[33m:[39m[32m"rgba
(0, 0, 0, 0.3)"[39m[33m,[39m
[32m"--wcm-overlay-backdrop-fi
lter"[39m[33m:[39m[32m"none
"[39m}}[36mconst[39m h[33m=
[39m{getPreset(e){[36mreturn
[39m [33mHe[39m()[e]}[33m,[
39msetTheme(){[36mconst[39m e
[33m=[39mdocument[33m.[39mq
uerySelector([32m":root"[39m)
[33m,[39m{themeVariables[33m
:[39mo}[33m=[39m[33mX[39m
[33m.[39mstate[33m;[39m[36m
if[39m(e){[36mconst[39m r[3
3m=[39mve(ve(ve({}[33m,[39mr
t())[33m,[39m[33mHe[39m())
[33m,[39mo)[33m;[39m[33mObj
ect[39m[33m.[39mentries(r)[
33m.[39mforEach(([a[33m,[39m
t])[33m=>[39me[33m.[39mstyl
e[33m.[39msetProperty(a[33m,
[39mt))}}[33m,[39mglobalCss
[33m:[39mg[32m`*,::after,::be
fore{margin:0;padding:0;box-siz
ing:border-box;font-style:norma
l;text-rendering:optimizeSpeed;
-webkit-font-smoothing:antialia
sed;-moz-osx-font-smoothing:gra
yscale;-webkit-tap-highlight-co
lor:transparent;backface-visibi
lity:hidden}button{cursor:point
er;display:flex;justify-content
:center;align-items:center;posi
tion:relative;border:none;backg
round-color:transparent;transit
ion:all .2s ease}@media 
(hover:hover) and (pointer:fine
){button:active{transition:all 
.1s ease;transform:scale(.93)}}
button::after{content:'';positi
on:absolute;top:0;bottom:0;left
:0;right:0;transition:backgroun
d-color,.2s ease}button:disable
d{cursor:not-allowed}button 
svg,button wcm-text{position:re
lative;z-index:1}input{border:n
one;outline:0;appearance:none}i
mg{display:block}::selection{co
lor:var(--wcm-accent-fill-color
);background:var(--wcm-accent-c
olor)}`[39m}[33m,[39mat[33m
=[39mg[32m`button{border-radi
us:var(--wcm-secondary-button-b
order-radius);height:28px;paddi
ng:0 10px;background-color:var(
--wcm-accent-color)}button path
{fill:var(--wcm-accent-fill-col
or)}button::after{border-radius
:inherit;border:1px solid var(-
-wcm-color-overlay)}button:disa
bled::after{background-color:tr
ansparent}.wcm-icon-left svg{ma
rgin-right:5px}.wcm-icon-right 
svg{margin-left:5px}button:acti
ve::after{background-color:var(
--wcm-color-overlay)}.wcm-ghost
,.wcm-ghost:active::after,.wcm-
outline{background-color:transp
arent}.wcm-ghost:active{opacity
:.5}@media(hover:hover){button:
hover::after{background-color:v
ar(--wcm-color-overlay)}.wcm-gh
ost:hover::after{background-col
or:transparent}.wcm-ghost:hover
{opacity:.5}}button:disabled{ba
ckground-color:var(--wcm-color-
bg-3);pointer-events:none}.wcm-
ghost::after{border-color:trans
parent}.wcm-ghost path{fill:var
(--wcm-color-fg-2)}.wcm-outline
 path{fill:var(--wcm-accent-col
or)}.wcm-outline:disabled{backg
round-color:transparent;opacity
:.5}`[39m[33m;[39m[36mvar[
39m lt[33m=[39m[33mObject[3
9m[33m.[39mdefineProperty[33
m,[39mit[33m=[39m[33mObject
[39m[33m.[39mgetOwnPropertyD
escriptor[33m,[39m[33mF[39m
[33m=[39m(e[33m,[39mo[33m,
[39mr[33m,[39ma)[33m=>[39m
{[36mfor[39m([36mvar[39m t
[33m=[39ma[33m>[39m[35m1[3
9m[33m?[39m[36mvoid[39m [3
5m0[39m[33m:[39ma[33m?[39m
it(o[33m,[39mr)[33m:[39mo[
33m,[39ml[33m=[39me[33m.[3
9mlength[33m-[39m[35m1[39m
[33m,[39mi[33m;[39ml[33m>=
[39m[35m0[39m[33m;[39ml[33
m--[39m)(i[33m=[39me[l])[33
m&&[39m(t[33m=[39m(a[33m?[
39mi(o[33m,[39mr[33m,[39mt)
[33m:[39mi(t))[33m||[39mt)
[33m;[39m[36mreturn[39m a[3
3m&&[39mt[33m&&[39mlt(o[33m
,[39mr[33m,[39mt)[33m,[39m
t}[33m;[39m[36mlet[39m [33
mT[39m[33m=[39m[36mclass[3
9m [36mextends[39m w{construc
tor(){[36msuper[39m([33m...
[39marguments)[33m,[39m[36mt
his[39m[33m.[39mdisabled[33
m=[39m[33m![39m[35m1[39m[
33m,[39m[36mthis[39m[33m.[
39miconLeft[33m=[39m[36mvoid
[39m [35m0[39m[33m,[39m[3
6mthis[39m[33m.[39miconRight
[33m=[39m[36mvoid[39m [35m
0[39m[33m,[39m[36mthis[39m
[33m.[39monClick[33m=[39m()
[33m=>[39m[36mnull[39m[33m
,[39m[36mthis[39m[33m.[39m
variant[33m=[39m[32m"default
"[39m}render(){[36mconst[39m
 e[33m=[39m{[32m"wcm-icon-le
ft"[39m[33m:[39m[36mthis[3
9m[33m.[39miconLeft[33m!==[
39m[36mvoid[39m [35m0[39m[
33m,[39m[32m"wcm-icon-right"
[39m[33m:[39m[36mthis[39m[
33m.[39miconRight[33m!==[39m
[36mvoid[39m [35m0[39m[33m
,[39m[32m"wcm-ghost"[39m[33
m:[39m[36mthis[39m[33m.[39
mvariant[33m===[39m[32m"ghos
t"[39m[33m,[39m[32m"wcm-out
line"[39m[33m:[39m[36mthis
[39m[33m.[39mvariant[33m===
[39m[32m"outline"[39m}[33m;
[39m[36mlet[39m o[33m=[39m
[32m"inverse"[39m[33m;[39m[
36mreturn[39m [36mthis[39m[
33m.[39mvariant[33m===[39m[
32m"ghost"[39m[33m&&[39m(o[
33m=[39m[32m"secondary"[39m)
[33m,[39m[36mthis[39m[33m.
[39mvariant[33m===[39m[32m"
outline"[39m[33m&&[39m(o[33
m=[39m[32m"accent"[39m)[33m
,[39mn[32m`<button 
class="${P(e)}" 
?disabled="${this.disabled}" @c
lick="${this.onClick}">${this.i
conLeft}<wcm-text 
variant="small-regular" color="
${o}"><slot></slot></wcm-text>$
{this.iconRight}</button>`[39m
}}[33m;[39m[33mT[39m[33m.
[39mstyles[33m=[39m[h[33m.[
39mglobalCss[33m,[39mat][33m
,[39m[33mF[39m([d({type[33m
:[39m[33mBoolean[39m})][33m
,[39m[33mT[39m[33m.[39mpro
totype[33m,[39m[32m"disabled
"[39m[33m,[39m[35m2[39m)[
33m,[39m[33mF[39m([d()][33m
,[39m[33mT[39m[33m.[39mpro
totype[33m,[39m[32m"iconLeft
"[39m[33m,[39m[35m2[39m)[
33m,[39m[33mF[39m([d()][33m
,[39m[33mT[39m[33m.[39mpro
totype[33m,[39m[32m"iconRigh
t"[39m[33m,[39m[35m2[39m)
[33m,[39m[33mF[39m([d()][33
m,[39m[33mT[39m[33m.[39mpr
ototype[33m,[39m[32m"onClick
"[39m[33m,[39m[35m2[39m)[
33m,[39m[33mF[39m([d()][33m
,[39m[33mT[39m[33m.[39mpro
totype[33m,[39m[32m"variant"
[39m[33m,[39m[35m2[39m)[3
3m,[39m[33mT[39m[33m=[39m
[33mF[39m([p([32m"wcm-button"
[39m)][33m,[39m[33mT[39m)
[33m;[39m[36mconst[39m nt[3
3m=[39mg[32m`:host{display:in
line-block}button{padding:0 
15px 1px;height:40px;border-rad
ius:var(--wcm-button-border-rad
ius);color:var(--wcm-accent-fil
l-color);background-color:var(-
-wcm-accent-color)}button::afte
r{content:'';top:0;bottom:0;lef
t:0;right:0;position:absolute;b
ackground-color:transparent;bor
der-radius:inherit;transition:b
ackground-color .2s 
ease;border:1px solid var(--wcm
-color-overlay)}button:active::
after{background-color:var(--wc
m-color-overlay)}button:disable
d{padding-bottom:0;background-c
olor:var(--wcm-color-bg-3);colo
r:var(--wcm-color-fg-3)}.wcm-se
condary{color:var(--wcm-accent-
color);background-color:transpa
rent}.wcm-secondary::after{disp
lay:none}@media(hover:hover){bu
tton:hover::after{background-co
lor:var(--wcm-color-overlay)}}`
[39m[33m;[39m[36mvar[39m c
t[33m=[39m[33mObject[39m[3
3m.[39mdefineProperty[33m,[3
9mst[33m=[39m[33mObject[39m
[33m.[39mgetOwnPropertyDescri
ptor[33m,[39mue[33m=[39m(e
[33m,[39mo[33m,[39mr[33m,[
39ma)[33m=>[39m{[36mfor[39m
([36mvar[39m t[33m=[39ma[3
3m>[39m[35m1[39m[33m?[39m
[36mvoid[39m [35m0[39m[33m:
[39ma[33m?[39mst(o[33m,[39
mr)[33m:[39mo[33m,[39ml[33
m=[39me[33m.[39mlength[33m-
[39m[35m1[39m[33m,[39mi[3
3m;[39ml[33m>=[39m[35m0[39
m[33m;[39ml[33m--[39m)(i[3
3m=[39me[l])[33m&&[39m(t[33
m=[39m(a[33m?[39mi(o[33m,[
39mr[33m,[39mt)[33m:[39mi(t
))[33m||[39mt)[33m;[39m[36
mreturn[39m a[33m&&[39mt[33
m&&[39mct(o[33m,[39mr[33m,
[39mt)[33m,[39mt}[33m;[39m
[36mlet[39m 
ee[33m=[39m[36mclass[39m 
[36mextends[39m w{constructor
(){[36msuper[39m([33m...[39
marguments)[33m,[39m[36mthis
[39m[33m.[39mdisabled[33m=
[39m[33m![39m[35m1[39m[33m
,[39m[36mthis[39m[33m.[39m
variant[33m=[39m[32m"primary
"[39m}render(){[36mconst[39m
 e[33m=[39m{[32m"wcm-seconda
ry"[39m[33m:[39m[36mthis[3
9m[33m.[39mvariant[33m===[3
9m[32m"secondary"[39m}[33m;
[39m[36mreturn[39m 
n[32m`<button 
?disabled="${this.disabled}" cl
ass="${P(e)}"><slot></slot></bu
tton>`[39m}}[33m;[39mee[33m
.[39mstyles[33m=[39m[h[33m.
[39mglobalCss[33m,[39mnt][3
3m,[39mue([d({type[33m:[39m
[33mBoolean[39m})][33m,[39me
e[33m.[39mprototype[33m,[39
m[32m"disabled"[39m[33m,[39
m[35m2[39m)[33m,[39mue([d()
][33m,[39mee[33m.[39mprotot
ype[33m,[39m[32m"variant"[3
9m[33m,[39m[35m2[39m)[33m,
[39mee[33m=[39mue([p([32m"w
cm-button-big"[39m)][33m,[39
mee)[33m;[39m[36mconst[39m 
dt[33m=[39mg[32m`:host{backg
round-color:var(--wcm-color-bg-
2);border-top:1px solid var(--w
cm-color-bg-3)}div{padding:10px
 20px;display:inherit;flex-dire
ction:inherit;align-items:inher
it;width:inherit;justify-conten
t:inherit}`[39m[33m;[39m[36
mvar[39m mt[33m=[39m[33mObj
ect[39m[33m.[39mdefineProper
ty[33m,[39mht[33m=[39m[33m
Object[39m[33m.[39mgetOwnPro
pertyDescriptor[33m,[39mwt[3
3m=[39m(e[33m,[39mo[33m,[3
9mr[33m,[39ma)[33m=>[39m{[
36mfor[39m([36mvar[39m t[33
m=[39ma[33m>[39m[35m1[39m
[33m?[39m[36mvoid[39m [35m0
[39m[33m:[39ma[33m?[39mht(
o[33m,[39mr)[33m:[39mo[33m
,[39ml[33m=[39me[33m.[39ml
ength[33m-[39m[35m1[39m[33
m,[39mi[33m;[39ml[33m>=[39
m[35m0[39m[33m;[39ml[33m--
[39m)(i[33m=[39me[l])[33m&&
[39m(t[33m=[39m(a[33m?[39m
i(o[33m,[39mr[33m,[39mt)[3
3m:[39mi(t))[33m||[39mt)[33
m;[39m[36mreturn[39m a[33m&
&[39mt[33m&&[39mmt(o[33m,[
39mr[33m,[39mt)[33m,[39mt}
[33m;[39m[36mlet[39m 
be[33m=[39m[36mclass[39m 
[36mextends[39m 
w{render(){[36mreturn[39m n[
32m`<div><slot></slot></div>`[
39m}}[33m;[39mbe[33m.[39mst
yles[33m=[39m[h[33m.[39mglo
balCss[33m,[39mdt][33m,[39m
be[33m=[39mwt([p([32m"wcm-in
fo-footer"[39m)][33m,[39mbe)
[33m;[39m[36mconst[39m v[3
3m=[39m{[33mCROSS_ICON[39m[
33m:[39m[33mC[39m[32m`<svg 
width="12" height="12" 
viewBox="0 0 12 12"><path 
d="M9.94 11A.75.75 0 1 0 11 
9.94L7.414 6.353a.5.5 0 0 1 
0-.708L11 2.061A.75.75 0 1 0 
9.94 1L6.353 4.586a.5.5 0 0 
1-.708 0L2.061 1A.75.75 0 0 0 
1 2.06l3.586 3.586a.5.5 0 0 1 
0 .708L1 9.939A.75.75 0 1 0 
2.06 11l3.586-3.586a.5.5 0 0 1 
.708 0L9.939 11Z" fill="#fff"/>
</svg>`[39m[33m,[39m[33mWAL
LET_CONNECT_LOGO[39m[33m:[39
m[33mC[39m[32m`<svg 
width="178" height="29" 
viewBox="0 0 178 29" 
id="wcm-wc-logo"><path 
d="M10.683 7.926c5.284-5.17 
13.85-5.17 19.134 
0l.636.623a.652.652 0 0 1 0 
.936l-2.176 2.129a.343.343 0 0 
1-.478 0l-.875-.857c-3.686-3.60
7-9.662-3.607-13.348 
0l-.937.918a.343.343 0 0 
1-.479 0l-2.175-2.13a.652.652 
0 0 1 0-.936l.698-.683Zm23.633 
4.403 1.935 1.895a.652.652 0 0 
1 0 .936l-8.73 8.543a.687.687 
0 0 1-.956 0L20.37 
17.64a.172.172 0 0 0-.239 
0l-6.195 6.063a.687.687 0 0 
1-.957 0l-8.73-8.543a.652.652 
0 0 1 
0-.936l1.936-1.895a.687.687 0 
0 1 .957 0l6.196 
6.064a.172.172 0 0 0 .239 
0l6.195-6.064a.687.687 0 0 1 
.957 0l6.196 6.064a.172.172 0 
0 0 .24 0l6.195-6.064a.687.687 
0 0 1 .956 0ZM48.093 20.948l2.3
38-9.355c.139-.515.258-1.07.416
-1.942.12.872.258 1.427.357 
1.942l2.022 9.355h4.181l3.528-1
3.874h-3.21l-1.943 
8.523a24.825 24.825 0 0 0-.456 
2.457c-.158-.931-.317-1.625-.49
5-2.438l-1.883-8.542h-4.201l-2.
042 8.542a41.204 41.204 0 0 
0-.475 2.438 41.208 41.208 0 0 
0-.476-2.438l-1.903-8.542h-3.34
9l3.508 13.874h4.083ZM63.33 
21.304c1.585 0 2.596-.654 3.11-
1.605-.059.297-.078.595-.078.89
2v.357h2.655V15.22c0-2.735-1.24
8-4.32-4.3-4.32-2.636 0-4.36 
1.466-4.52 
3.487h2.914c.1-.891.734-1.426 
1.705-1.426.911 0 1.407.515 
1.407 1.11 0 .435-.258.693-1.03
.792l-1.388.159c-2.061.257-3.82
5 1.01-3.825 3.19 0 1.982 
1.645 3.092 3.35 
3.092Zm.891-2.041c-.773 
0-1.348-.436-1.348-1.19 
0-.733.655-1.09 1.645-1.268l.67
4-.119c.575-.118.892-.218 
1.09-.396v.912c0 1.228-.892 
2.06-2.06 2.06ZM70.398 7.074v13
.874h2.874V7.074h-2.874ZM74.934
 7.074v13.874h2.874V7.074h-2.87
4ZM84.08 21.304c2.735 0 
4.5-1.546 4.697-3.567h-2.893c-.
139.892-.892 1.387-1.804 
1.387-1.228 0-2.12-.99-2.14-2.3
58h6.897v-.555c0-3.21-1.764-5.3
12-4.816-5.312-2.933 0-4.994 
2.062-4.994 5.173 0 3.37 2.12 
5.232 5.053 5.232Zm-2.16-6.421c
.119-1.11.932-1.922 
2.081-1.922 1.11 0 1.883.772 
1.903 1.922H81.92ZM94.92 
21.146c.633 0 1.248-.1 1.525-.1
79v-2.18c-.218.04-.475.06-.693.
06-1.05 0-1.427-.595-1.427-1.56
6v-3.805h2.338v-2.24h-2.338V7.7
88H91.47v3.448H89.37v2.24h2.1v4
.201c0 2.3 1.15 3.469 3.45 
3.469ZM104.62 21.304c3.924 0 
6.302-2.299 
6.599-5.608h-3.111c-.238 
1.803-1.506 3.032-3.369 
3.032-2.2 
0-3.746-1.784-3.746-4.796 
0-2.953 1.605-4.638 
3.805-4.638 1.883 0 2.953 1.15 
3.171 2.834h3.191c-.317-3.448-2
.854-5.41-6.342-5.41-3.984 
0-7.036 2.695-7.036 7.214 0 
4.677 2.676 7.372 6.838 
7.372ZM117.449 21.304c2.993 0 
5.114-1.882 5.114-5.172 0-3.23-
2.121-5.233-5.114-5.233-2.972 
0-5.093 2.002-5.093 5.233 0 
3.29 2.101 5.172 5.093 
5.172Zm0-2.22c-1.327 
0-2.18-1.09-2.18-2.952 
0-1.903.892-2.973 2.18-2.973 
1.308 0 2.2 1.07 2.2 2.973 0 
1.862-.872 2.953-2.2 
2.953ZM126.569 
20.948v-5.689c0-1.208.753-2.1 
1.823-2.1 1.011 0 1.606.773 
1.606 2.06v5.729h2.873v-6.144c0
-2.339-1.229-3.905-3.428-3.905-
1.526 0-2.458.734-2.953 
1.606a5.31 5.31 0 0 0 .079-.892
v-.377h-2.874v9.712h2.874ZM137.
464 
20.948v-5.689c0-1.208.753-2.1 
1.823-2.1 1.011 0 1.606.773 
1.606 2.06v5.729h2.873v-6.144c0
-2.339-1.228-3.905-3.428-3.905-
1.526 0-2.458.734-2.953 
1.606a5.31 5.31 0 0 0 .079-.892
v-.377h-2.874v9.712h2.874ZM149.
949 21.304c2.735 0 4.499-1.546 
4.697-3.567h-2.893c-.139.892-.8
92 1.387-1.804 1.387-1.228 0-2.
12-.99-2.14-2.358h6.897v-.555c0
-3.21-1.764-5.312-4.816-5.312-2
.933 0-4.994 2.062-4.994 5.173 
0 3.37 2.12 5.232 5.053 5.232Zm
-2.16-6.421c.119-1.11.932-1.922
 2.081-1.922 1.11 0 1.883.772 
1.903 1.922h-3.984ZM160.876 
21.304c3.013 0 4.658-1.645 
4.975-4.201h-2.874c-.099 
1.07-.713 1.982-2.001 
1.982-1.309 
0-2.2-1.21-2.2-2.993 0-1.942 
1.03-2.933 2.259-2.933 1.209 0 
1.803.872 1.883 1.882h2.873c-.2
18-2.358-1.823-4.142-4.776-4.14
2-2.874 0-5.153 1.903-5.153 
5.193 0 3.25 1.923 5.212 5.014 
5.212ZM172.067 21.146c.634 0 
1.248-.1 1.526-.179v-2.18c-.218
.04-.476.06-.694.06-1.05 0-1.42
7-.595-1.427-1.566v-3.805h2.339
v-2.24h-2.339V7.788h-2.854v3.44
8h-2.1v2.24h2.1v4.201c0 2.3 
1.15 3.469 3.449 3.469Z" fill="
#fff"/></svg>`[39m[33m,[39m
[33mWALLET_CONNECT_ICON[39m[3
3m:[39m[33mC[39m[32m`<svg 
width="28" height="20" 
viewBox="0 0 28 20"><g 
clip-path="url(#a)"><path 
d="M7.386 6.482c3.653-3.576 
9.575-3.576 13.228 
0l.44.43a.451.451 0 0 1 0 
.648L19.55 9.033a.237.237 0 0 
1-.33 0l-.606-.592c-2.548-2.496
-6.68-2.496-9.228 
0l-.648.634a.237.237 0 0 1-.33 
0L6.902 7.602a.451.451 0 0 1 
0-.647l.483-.473Zm16.338 3.046 
1.339 1.31a.451.451 0 0 1 0 
.648l-6.035 5.909a.475.475 0 0 
1-.662 0L14.083 13.2a.119.119 
0 0 0-.166 0l-4.283 
4.194a.475.475 0 0 1-.662 
0l-6.035-5.91a.451.451 0 0 1 
0-.647l1.338-1.31a.475.475 0 0 
1 .662 0l4.283 
4.194c.046.044.12.044.166 
0l4.283-4.194a.475.475 0 0 1 
.662 0l4.283 
4.194c.046.044.12.044.166 
0l4.283-4.194a.475.475 0 0 1 
.662 0Z" fill="#000000"/></g><d
efs><clipPath id="a"><path 
fill="#ffffff" d="M0 0h28v20H0z
"/></clipPath></defs></svg>`[3
9m[33m,[39m[33mWALLET_CONNEC
T_ICON_COLORED[39m[33m:[39m
[33mC[39m[32m`<svg 
width="96" height="96" 
fill="none"><path fill="#fff" 
d="M25.322 
33.597c12.525-12.263 
32.83-12.263 45.355 0l1.507 
1.476a1.547 1.547 0 0 1 0 
2.22l-5.156 5.048a.814.814 0 0 
1-1.134 0l-2.074-2.03c-8.737-8.
555-22.903-8.555-31.64 
0l-2.222 2.175a.814.814 0 0 
1-1.134 0l-5.156-5.049a1.547 
1.547 0 0 1 
0-2.22l1.654-1.62Zm56.019 
10.44 4.589 4.494a1.547 1.547 
0 0 1 0 2.22l-20.693 
20.26a1.628 1.628 0 0 1-2.267 
0L48.283 56.632a.407.407 0 0 
0-.567 0L33.03 71.012a1.628 
1.628 0 0 1-2.268 0L10.07 
50.75a1.547 1.547 0 0 1 
0-2.22l4.59-4.494a1.628 1.628 
0 0 1 2.267 0l14.687 
14.38c.156.153.41.153.567 
0l14.685-14.38a1.628 1.628 0 0 
1 2.268 0l14.687 
14.38c.156.153.41.153.567 
0l14.686-14.38a1.628 1.628 0 0 
1 2.268 0Z"/><path 
stroke="#000" d="M25.672 
33.954c12.33-12.072 
32.325-12.072 44.655 0l1.508 
1.476a1.047 1.047 0 0 1 0 
1.506l-5.157 5.048a.314.314 0 
0 1-.434 0l-2.074-2.03c-8.932-8
.746-23.409-8.746-32.34 
0l-2.222 2.174a.314.314 0 0 
1-.434 0l-5.157-5.048a1.047 
1.047 0 0 1 
0-1.506l1.655-1.62Zm55.319 
10.44 4.59 4.494a1.047 1.047 0 
0 1 0 1.506l-20.694 
20.26a1.128 1.128 0 0 1-1.568 
0l-14.686-14.38a.907.907 0 0 
0-1.267 0L32.68 70.655a1.128 
1.128 0 0 1-1.568 0L10.42 
50.394a1.047 1.047 0 0 1 
0-1.506l4.59-4.493a1.128 1.128 
0 0 1 1.567 0l14.687 
14.379a.907.907 0 0 0 1.266 
0l-.35-.357.35.357 
14.686-14.38a1.128 1.128 0 0 1 
1.568 0l14.687 14.38a.907.907 
0 0 0 1.267 
0l14.686-14.38a1.128 1.128 0 0 
1 1.568 0Z"/></svg>`[39m[33m,
[39m[33mBACK_ICON[39m[33m:
[39m[33mC[39m[32m`<svg 
width="10" height="18" 
viewBox="0 0 10 18"><path 
fill-rule="evenodd" 
clip-rule="evenodd" 
d="M8.735.179a.75.75 0 0 1 
.087 1.057L2.92 8.192a1.25 
1.25 0 0 0 0 1.617l5.902 
6.956a.75.75 0 1 
1-1.144.97L1.776 10.78a2.75 
2.75 0 0 1 
0-3.559L7.678.265A.75.75 0 0 1 
8.735.18Z" fill="#fff"/></svg>`
[39m[33m,[39m[33mCOPY_ICON
[39m[33m:[39m[33mC[39m[32m
`<svg width="24" height="24" 
fill="none"><path fill="#fff" 
fill-rule="evenodd" d="M7.01 7.
01c.03-1.545.138-2.5.535-3.28A5
 5 0 0 1 9.73 1.545C10.8 1 
12.2 1 15 1c2.8 0 4.2 0 
5.27.545a5 5 0 0 1 2.185 
2.185C23 4.8 23 6.2 23 9c0 2.8 
0 4.2-.545 5.27a5 5 0 0 
1-2.185 2.185c-.78.397-1.735.50
5-3.28.534l-.001.01c-.03 
1.54-.138 2.493-.534 3.27a5 5 
0 0 1-2.185 2.186C13.2 23 11.8 
23 9 23c-2.8 0-4.2 
0-5.27-.545a5 5 0 0 
1-2.185-2.185C1 19.2 1 17.8 1 
15c0-2.8 0-4.2.545-5.27A5 5 0 
0 1 3.73 7.545C4.508 7.149 
5.46 7.04 7 7.01h.01ZM15 
15.5c-1.425 0-2.403-.001-3.162-
.063-.74-.06-1.139-.172-1.427-.
319a3.5 3.5 0 0 1-1.53-1.529c-.
146-.288-.257-.686-.318-1.427C8
.501 11.403 8.5 10.425 8.5 9c0-
1.425.001-2.403.063-3.162.06-.7
4.172-1.139.318-1.427a3.5 3.5 
0 0 1 
1.53-1.53c.288-.146.686-.257 
1.427-.318.759-.062 1.737-.063 
3.162-.063 1.425 0 2.403.001 
3.162.063.74.06 1.139.172 
1.427.318a3.5 3.5 0 0 1 1.53 
1.53c.146.288.257.686.318 
1.427.062.759.063 1.737.063 
3.162 0 1.425-.001 2.403-.063 
3.162-.06.74-.172 1.139-.319 
1.427a3.5 3.5 0 0 1-1.529 1.53c
-.288.146-.686.257-1.427.318-.7
59.062-1.737.063-3.162.063ZM7 8
.511c-.444.009-.825.025-1.162.0
52-.74.06-1.139.172-1.427.318a3
.5 3.5 0 0 0-1.53 
1.53c-.146.288-.257.686-.318 
1.427-.062.759-.063 1.737-.063 
3.162 0 1.425.001 2.403.063 
3.162.06.74.172 1.139.318 
1.427a3.5 3.5 0 0 0 1.53 
1.53c.288.146.686.257 
1.427.318.759.062 1.737.063 
3.162.063 1.425 0 2.403-.001 
3.162-.063.74-.06 1.139-.172 
1.427-.319a3.5 3.5 0 0 0 1.53-1
.53c.146-.287.257-.685.318-1.42
6.027-.337.043-.718.052-1.162H1
5c-2.8 0-4.2 0-5.27-.545a5 5 0 
0 1-2.185-2.185C7 13.2 7 11.8 
7 9v-.489Z" clip-rule="evenodd"
/></svg>`[39m[33m,[39m[33mR
ETRY_ICON[39m[33m:[39m[33mC
[39m[32m`<svg width="15" 
height="16" viewBox="0 0 15 
16"><path d="M6.464 
2.03A.75.75 0 0 0 
5.403.97L2.08 4.293a1 1 0 0 0 
0 1.414L5.403 9.03a.75.75 0 0 
0 1.06-1.06L4.672 6.177a.25.25 
0 0 1 .177-.427h2.085a4 4 0 1 
1-3.93 4.746c-.077-.407-.405-.7
46-.82-.746-.414 
0-.755.338-.7.748a5.501 5.501 
0 1 0 5.45-6.248H4.848a.25.25 
0 0 1-.177-.427L6.464 2.03Z" fi
ll="#fff"/></svg>`[39m[33m,[
39m[33mDESKTOP_ICON[39m[33m:
[39m[33mC[39m[32m`<svg 
width="16" height="16" 
viewBox="0 0 16 16"><path 
fill-rule="evenodd" 
clip-rule="evenodd" d="M0 
5.98c0-1.85 
0-2.775.394-3.466a3 3 0 0 1 
1.12-1.12C2.204 1 3.13 1 4.98 
1h6.04c1.85 0 2.775 0 
3.466.394a3 3 0 0 1 1.12 
1.12C16 3.204 16 4.13 16 
5.98v1.04c0 1.85 0 2.775-.394 
3.466a3 3 0 0 1-1.12 
1.12C13.796 12 12.87 12 11.02 
12H4.98c-1.85 0-2.775 
0-3.466-.394a3 3 0 0 
1-1.12-1.12C0 9.796 0 8.87 0 
7.02V5.98ZM4.98 2.5h6.04c.953 
0 1.568.001 2.034.043.446.04.60
8.108.69.154a1.5 1.5 0 0 1 .559
.56c.046.08.114.243.154.69.042.
465.043 1.08.043 2.033v1.04c0 
.952-.001 1.568-.043 2.034-.04.
446-.108.608-.154.69a1.499 
1.499 0 0 1-.56.559c-.08.046-.2
43.114-.69.154-.466.042-1.08.04
3-2.033.043H4.98c-.952 0-1.568-
.001-2.034-.043-.446-.04-.608-.
108-.69-.154a1.5 1.5 0 0 1-.559
-.56c-.046-.08-.114-.243-.154-.
69-.042-.465-.043-1.08-.043-2.0
33V5.98c0-.952.001-1.568.043-2.
034.04-.446.108-.608.154-.69a1.
5 1.5 0 0 1 .56-.559c.08-.046.2
43-.114.69-.154.465-.042 
1.08-.043 2.033-.043Z" 
fill="#fff"/><path d="M4 
14.25a.75.75 0 0 1 
.75-.75h6.5a.75.75 0 0 1 0 
1.5h-6.5a.75.75 0 0 
1-.75-.75Z" fill="#fff"/></svg>
`[39m[33m,[39m[33mMOBILE_IC
ON[39m[33m:[39m[33mC[39m[
32m`<svg width="16" 
height="16" viewBox="0 0 16 
16"><path d="M6.75 5a1.25 1.25 
0 1 0 0-2.5 1.25 1.25 0 0 0 0 
2.5Z" fill="#fff"/><path 
fill-rule="evenodd" 
clip-rule="evenodd" d="M3 
4.98c0-1.85 
0-2.775.394-3.466a3 3 0 0 1 
1.12-1.12C5.204 0 6.136 0 8 
0s2.795 0 3.486.394a3 3 0 0 1 
1.12 1.12C13 2.204 13 3.13 13 
4.98v6.04c0 1.85 0 2.775-.394 
3.466a3 3 0 0 1-1.12 
1.12C10.796 16 9.864 16 8 
16s-2.795 0-3.486-.394a3 3 0 0 
1-1.12-1.12C3 13.796 3 12.87 3 
11.02V4.98Zm8.5 0v6.04c0 
.953-.001 1.568-.043 2.034-.04.
446-.108.608-.154.69a1.499 
1.499 0 0 1-.56.559c-.08.045-.2
42.113-.693.154-.47.042-1.091.0
43-2.05.043-.959 0-1.58-.001-2.
05-.043-.45-.04-.613-.109-.693-
.154a1.5 1.5 0 0 1-.56-.56c-.04
6-.08-.114-.243-.154-.69-.042-.
466-.043-1.08-.043-2.033V4.98c0
-.952.001-1.568.043-2.034.04-.4
46.108-.608.154-.69a1.5 1.5 0 
0 1 .56-.559c.08-.045.243-.113.
693-.154C6.42 1.501 7.041 1.5 
8 1.5c.959 0 1.58.001 2.05.043.
45.04.613.109.693.154a1.5 1.5 
0 0 1 .56.56c.046.08.114.243.15
4.69.042.465.043 1.08.043 
2.033Z" fill="#fff"/></svg>`[3
9m[33m,[39m[33mARROW_DOWN_IC
ON[39m[33m:[39m[33mC[39m[
32m`<svg width="14" 
height="14" viewBox="0 0 14 
14"><path d="M2.28 7.47a.75.75 
0 0 0-1.06 1.06l5.25 
5.25a.75.75 0 0 0 1.06 
0l5.25-5.25a.75.75 0 0 
0-1.06-1.06l-3.544 
3.543a.25.25 0 0 
1-.426-.177V.75a.75.75 0 0 
0-1.5 0v10.086a.25.25 0 0 
1-.427.176L2.28 7.47Z" fill="#f
ff"/></svg>`[39m[33m,[39m[3
3mARROW_UP_RIGHT_ICON[39m[33m
:[39m[33mC[39m[32m`<svg 
width="15" height="14" 
fill="none"><path d="M4.5 
1.75A.75.75 0 0 1 5.25 
1H12a1.5 1.5 0 0 1 1.5 
1.5v6.75a.75.75 0 0 1-1.5 
0V4.164a.25.25 0 0 
0-.427-.176L4.061 11.5A.75.75 
0 0 1 3 
10.44l7.513-7.513a.25.25 0 0 
0-.177-.427H5.25a.75.75 0 0 
1-.75-.75Z" fill="#fff"/></svg>
`[39m[33m,[39m[33mARROW_RIG
HT_ICON[39m[33m:[39m[33mC[
39m[32m`<svg width="6" 
height="14" viewBox="0 0 6 
14"><path fill-rule="evenodd" 
clip-rule="evenodd" d="M2.181 
1.099a.75.75 0 0 1 
1.024.279l2.433 4.258a2.75 
2.75 0 0 1 0 2.729l-2.433 
4.257a.75.75 0 1 
1-1.303-.744L4.335 7.62a1.25 
1.25 0 0 0 0-1.24L1.902 
2.122a.75.75 0 0 1 .28-1.023Z" 
fill="#fff"/></svg>`[39m[33m,
[39m[33mQRCODE_ICON[39m[33m
:[39m[33mC[39m[32m`<svg 
width="25" height="24" 
viewBox="0 0 25 24"><path 
d="M23.748 9a.748.748 0 0 0 .74
8-.752c-.018-2.596-.128-4.07-.7
84-5.22a6 6 0 0 0-2.24-2.24c-1.
15-.656-2.624-.766-5.22-.784a.7
48.748 0 0 0-.752.748c0 
.414.335.749.748.752 1.015.007 
1.82.028 2.494.088.995.09 
1.561.256 1.988.5.7.398 
1.28.978 1.679 
1.678.243.427.41.993.498 
1.988.061.675.082 1.479.09 
2.493a.753.753 0 0 0 
.75.749ZM3.527.788C4.677.132 
6.152.022 8.747.004A.748.748 0 
0 1 9.5.752a.753.753 0 0 1-.749
.752c-1.014.007-1.818.028-2.493
.088-.995.09-1.561.256-1.988.5-
.7.398-1.28.978-1.679 
1.678-.243.427-.41.993-.499 
1.988-.06.675-.081 1.479-.088 
2.493A.753.753 0 0 1 1.252 
9a.748.748 0 0 1-.748-.752c.018
-2.596.128-4.07.784-5.22a6 6 0 
0 1 2.24-2.24ZM1.252 
15a.748.748 0 0 
0-.748.752c.018 2.596.128 
4.07.784 5.22a6 6 0 0 0 2.24 
2.24c1.15.656 2.624.766 
5.22.784a.748.748 0 0 0 
.752-.748.753.753 0 0 0-.749-.7
52c-1.014-.007-1.818-.028-2.493
-.089-.995-.089-1.561-.255-1.98
8-.498a4.5 4.5 0 0 1-1.679-1.68
c-.243-.426-.41-.992-.499-1.987
-.06-.675-.081-1.479-.088-2.493
A.753.753 0 0 0 1.252 
15ZM22.996 15.749a.753.753 0 0 
1 .752-.749c.415 0 
.751.338.748.752-.018 
2.596-.128 4.07-.784 5.22a6 6 
0 0 1-2.24 2.24c-1.15.656-2.624
.766-5.22.784a.748.748 0 0 1-.7
52-.748c0-.414.335-.749.748-.75
2 1.015-.007 1.82-.028 
2.494-.089.995-.089 1.561-.255 
1.988-.498a4.5 4.5 0 0 0 1.679-
1.68c.243-.426.41-.992.498-1.98
7.061-.675.082-1.479.09-2.493Z"
 fill="#fff"/><path 
fill-rule="evenodd" 
clip-rule="evenodd" d="M7 
4a2.5 2.5 0 0 0-2.5 2.5v2A2.5 
2.5 0 0 0 7 11h2a2.5 2.5 0 0 0 
2.5-2.5v-2A2.5 2.5 0 0 0 9 
4H7Zm2 1.5H7a1 1 0 0 0-1 1v2a1 
1 0 0 0 1 1h2a1 1 0 0 0 
1-1v-2a1 1 0 0 0-1-1ZM13.5 
6.5A2.5 2.5 0 0 1 16 4h2a2.5 
2.5 0 0 1 2.5 2.5v2A2.5 2.5 0 
0 1 18 11h-2a2.5 2.5 0 0 
1-2.5-2.5v-2Zm2.5-1h2a1 1 0 0 
1 1 1v2a1 1 0 0 1-1 1h-2a1 1 0 
0 1-1-1v-2a1 1 0 0 1 1-1ZM7 
13a2.5 2.5 0 0 0-2.5 2.5v2A2.5 
2.5 0 0 0 7 20h2a2.5 2.5 0 0 0 
2.5-2.5v-2A2.5 2.5 0 0 0 9 
13H7Zm2 1.5H7a1 1 0 0 0-1 
1v2a1 1 0 0 0 1 1h2a1 1 0 0 0 
1-1v-2a1 1 0 0 0-1-1Z" 
fill="#fff"/><path d="M13.5 
15.5c0-.465 0-.697.038-.89a2 2 
0 0 1 1.572-1.572C15.303 13 
15.535 13 16 13v2.5h-2.5ZM18 
13c.465 0 .697 0 .89.038a2 2 0 
0 1 1.572 1.572c.038.193.038.42
5.038.89H18V13ZM18 17.5h2.5c0 
.465 0 .697-.038.89a2 2 0 0 
1-1.572 1.572C18.697 20 18.465 
20 18 20v-2.5ZM13.5 
17.5H16V20c-.465 0-.697 
0-.89-.038a2 2 0 0 1-1.572-1.57
2c-.038-.193-.038-.425-.038-.89
Z" fill="#fff"/></svg>`[39m[3
3m,[39m[33mSCAN_ICON[39m[33
m:[39m[33mC[39m[32m`<svg 
width="16" height="16" 
fill="none"><path fill="#fff" 
d="M10 15.216c0 
.422.347.763.768.74 1.202-.064 
2.025-.222 2.71-.613a5.001 
5.001 0 0 0 1.865-1.866c.39-.68
4.549-1.507.613-2.709a.735.735 
0 0 0-.74-.768.768.768 0 0 0-.7
6.732c-.009.157-.02.306-.032.44
7-.073.812-.206 1.244-.384 
1.555-.31.545-.761.996-1.306 1.
306-.311.178-.743.311-1.555.384
-.141.013-.29.023-.447.032a.768
.768 0 0 0-.732.76ZM10 .784c0 .
407.325.737.732.76.157.009.306.
02.447.032.812.073 1.244.206 
1.555.384a3.5 3.5 0 0 1 1.306 
1.306c.178.311.311.743.384 1.55
5.013.142.023.29.032.447a.768.7
68 0 0 0 .76.732.734.734 0 0 0 
.74-.768c-.064-1.202-.222-2.025
-.613-2.71A5 5 0 0 0 13.477.658
c-.684-.39-1.507-.549-2.709-.61
3a.735.735 0 0 
0-.768.74ZM5.232.044A.735.735 
0 0 1 6 .784a.768.768 0 0 1-.73
2.76c-.157.009-.305.02-.447.032
-.812.073-1.244.206-1.555.384A3
.5 3.5 0 0 0 1.96 
3.266c-.178.311-.311.743-.384 1
.555-.013.142-.023.29-.032.447A
.768.768 0 0 1 .784 6a.735.735 
0 0 1-.74-.768c.064-1.202.222-2
.025.613-2.71A5 5 0 0 1 
2.523.658C3.207.267 4.03.108 
5.233.044ZM5.268 
14.456a.768.768 0 0 1 
.732.76.734.734 0 0 1-.768.74c-
1.202-.064-2.025-.222-2.71-.613
a5 5 0 0 1-1.865-1.866c-.39-.68
4-.549-1.507-.613-2.709A.735.73
5 0 0 1 .784 10c.407 0 .737.325
.76.732.009.157.02.306.032.447.
073.812.206 1.244.384 
1.555a3.5 3.5 0 0 0 1.306 
1.306c.311.178.743.311 1.555.38
4.142.013.29.023.447.032Z"/></s
vg>`[39m[33m,[39m[33mCHECKM
ARK_ICON[39m[33m:[39m[33mC
[39m[32m`<svg width="13" 
height="12" viewBox="0 0 13 
12"><path fill-rule="evenodd" 
clip-rule="evenodd" 
d="M12.155.132a.75.75 0 0 1 
.232 1.035L5.821 11.535a1 1 0 
0 1-1.626.09L.665 7.21a.75.75 
0 1 1 1.17-.937L4.71 
9.867a.25.25 0 0 0 
.406-.023L11.12.364a.75.75 0 0 
1 1.035-.232Z" fill="#fff"/></s
vg>`[39m[33m,[39m[33mSEARCH
_ICON[39m[33m:[39m[33mC[39
m[32m`<svg width="20" 
height="21"><path 
fill-rule="evenodd" 
clip-rule="evenodd" d="M12.432 
13.992c-.354-.353-.91-.382-1.35
-.146a5.5 5.5 0 1 1 2.265-2.265
c-.237.441-.208.997.145 
1.35l3.296 3.296a.75.75 0 1 
1-1.06 
1.061l-3.296-3.296Zm.06-5a4 4 
0 1 1-8 0 4 4 0 0 1 8 0Z" fill=
"#949E9E"/></svg>`[39m[33m,[
39m[33mWALLET_PLACEHOLDER[39m
[33m:[39m[33mC[39m[32m`<sv
g width="60" height="60" 
fill="none" viewBox="0 0 60 
60"><g 
clip-path="url(#q)"><path 
id="wallet-placeholder-fill" 
fill="#fff" d="M0 24.9c0-9.251 
0-13.877 1.97-17.332a15 15 0 0 
1 5.598-5.597C11.023 0 15.648 
0 24.9 0h10.2c9.252 0 13.877 0 
17.332 1.97a15 15 0 0 1 5.597 
5.598C60 11.023 60 15.648 60 
24.9v10.2c0 9.252 0 
13.877-1.97 17.332a15.001 
15.001 0 0 1-5.598 
5.597C48.977 60 44.352 60 35.1 
60H24.9c-9.251 0-13.877 
0-17.332-1.97a15 15 0 0 
1-5.597-5.598C0 48.977 0 
44.352 0 35.1V24.9Z"/><path 
id="wallet-placeholder-dash" 
stroke="#000" 
stroke-dasharray="4 4" 
stroke-width="1.5" d="M.04 
41.708a231.598 231.598 0 0 
1-.039-4.403l.75-.001L.75 35.1v
-2.55H0v-5.1h.75V24.9l.001-2.20
4h-.75c.003-1.617.011-3.077.039
-4.404l.75.016c.034-1.65.099-3.
08.218-4.343l-.746-.07c.158-1.6
78.412-3.083.82-4.316l.713.236c
.224-.679.497-1.296.827-1.875a1
4.25 14.25 0 0 1 
1.05-1.585L3.076 5.9A15 15 0 0 
1 5.9 3.076l.455.596a14.25 
14.25 0 0 1 
1.585-1.05c.579-.33 1.196-.603 
1.875-.827l-.236-.712C10.812.67
4 12.217.42 
13.895.262l.07.746C15.23.89 
16.66.824 
18.308.79l-.016-.75C19.62.012 
21.08.004 22.695.001l.001.75L24
.9.75h2.55V0h5.1v.75h2.55l2.204
.001v-.75c1.617.003 3.077.011 
4.404.039l-.016.75c1.65.034 
3.08.099 
4.343.218l.07-.746c1.678.158 
3.083.412 
4.316.82l-.236.713c.679.224 
1.296.497 1.875.827a14.24 
14.24 0 0 1 1.585 
1.05l.455-.596A14.999 14.999 0 
0 1 56.924 
5.9l-.596.455c.384.502.735 
1.032 1.05 1.585.33.579.602 
1.196.827 1.875l.712-.236c.409 
1.233.663 2.638.822 
4.316l-.747.07c.119 1.264.184 
2.694.218 4.343l.75-.016c.028 
1.327.036 2.787.039 
4.403l-.75.001.001 2.204v2.55H6
0v5.1h-.75v2.55l-.001 
2.204h.75a231.431 231.431 0 0 
1-.039 4.404l-.75-.016c-.034 
1.65-.099 3.08-.218 
4.343l.747.07c-.159 1.678-.413 
3.083-.822 
4.316l-.712-.236a10.255 10.255 
0 0 1-.827 1.875 14.242 14.242 
0 0 1-1.05 
1.585l.596.455a14.997 14.997 0 
0 1-2.824 2.824l-.455-.596c-.50
2.384-1.032.735-1.585 1.05-.579
.33-1.196.602-1.875.827l.236.71
2c-1.233.409-2.638.663-4.316.82
2l-.07-.747c-1.264.119-2.694.18
4-4.343.218l.016.75c-1.327.028-
2.787.036-4.403.039l-.001-.75-2
.204.001h-2.55V60h-5.1v-.75H24.
9l-2.204-.001v.75a231.431 
231.431 0 0 1-4.404-.039l.016-.
75c-1.65-.034-3.08-.099-4.343-.
218l-.07.747c-1.678-.159-3.083-
.413-4.316-.822l.236-.712a10.25
8 10.258 0 0 1-1.875-.827 
14.252 14.252 0 0 
1-1.585-1.05l-.455.596A14.999 
14.999 0 0 1 3.076 
54.1l.596-.455a14.24 14.24 0 0 
1-1.05-1.585 10.259 10.259 0 0 
1-.827-1.875l-.712.236C.674 
49.188.42 47.783.262 
46.105l.746-.07C.89 44.77.824 
43.34.79 
41.692l-.75.016Z"/><path 
fill="#fff" 
fill-rule="evenodd" d="M35.643 
32.145c-.297-.743-.445-1.114-.4
01-1.275a.42.42 0 0 1 
.182-.27c.134-.1.463-.1 
1.123-.1.742 0 1.499.046 
2.236-.05a6 6 0 0 0 5.166-5.166
c.051-.39.051-.855.051-1.784 
0-.928 0-1.393-.051-1.783a6 6 
0 0 0-5.166-5.165c-.39-.052-.85
4-.052-1.783-.052h-7.72c-4.934 
0-7.401 0-9.244 1.051a8 8 0 0 
0-2.985 2.986C16.057 22.28 
16.003 24.58 16 29 15.998 
31.075 16 33.15 16 
35.224A7.778 7.778 0 0 0 
23.778 43H28.5c1.394 0 2.09 0 
2.67-.116a6 6 0 0 0 4.715-4.714
c.115-.58.115-1.301.115-2.744 
0-1.31 0-1.964-.114-2.49a4.998 
4.998 0 0 0-.243-.792Z" 
clip-rule="evenodd"/><path 
fill="#9EA9A9" 
fill-rule="evenodd" d="M37 
18h-7.72c-2.494 0-4.266.002-5.6
47.126-1.361.122-2.197.354-2.85
4.728a6.5 6.5 0 0 0-2.425 
2.426c-.375.657-.607 
1.492-.729 2.853-.11 
1.233-.123 2.777-.125 4.867 0 
.7 0 1.05.097 1.181.096.13.182.
181.343.2.163.02.518-.18 
1.229-.581a6.195 6.195 0 0 1 
3.053-.8H37c.977 0 1.32-.003 
1.587-.038a4.5 4.5 0 0 0 3.874-
3.874c.036-.268.039-.611.039-1.
588 0-.976-.003-1.319-.038-1.58
7a4.5 4.5 0 0 
0-3.875-3.874C38.32 18.004 
37.977 18 37 18Zm-7.364 
12.5h-7.414a4.722 4.722 0 0 
0-4.722 4.723 6.278 6.278 0 0 
0 6.278 6.278H28.5c1.466 0 
1.98-.008 2.378-.087a4.5 4.5 0 
0 0 3.535-3.536c.08-.397.087-.9
33.087-2.451 0-1.391-.009-1.843
-.08-2.17a3.5 3.5 0 0 0-2.676-2
.676c-.328-.072-.762-.08-2.108-
.08Z" clip-rule="evenodd"/></g>
<defs><clipPath id="q"><path 
fill="#fff" d="M0 0h60v60H0z"/>
</clipPath></defs></svg>`[39m
[33m,[39m[33mGLOBE_ICON[39m
[33m:[39m[33mC[39m[32m`<svg
 width="16" height="16" 
fill="none" viewBox="0 0 16 
16"><path fill="#fff" 
fill-rule="evenodd" d="M15.5 
8a7.5 7.5 0 1 1-15 0 7.5 7.5 0 
0 1 15 0Zm-2.113.75c.301 0 
.535.264.47.558a6.01 6.01 0 0 
1-2.867 3.896c-.203.116-.42-.10
3-.334-.32.409-1.018.691-2.274.
797-3.657a.512.512 0 0 1 .507-.
477h1.427Zm.47-2.058c.065.294-.
169.558-.47.558H11.96a.512.512 
0 0 1-.507-.477c-.106-1.383-.38
9-2.638-.797-3.656-.087-.217.13
-.437.333-.32a6.01 6.01 0 0 1 
2.868 3.895Zm-4.402.558c.286 0 
.515-.24.49-.525-.121-1.361-.42
9-2.534-.83-3.393-.279-.6-.549-
.93-.753-1.112a.535.535 0 0 
0-.724 
0c-.204.182-.474.513-.754 
1.112-.4.859-.708 2.032-.828 
3.393a.486.486 0 0 0 
.49.525h2.909Zm-5.415 0c.267 0 
.486-.21.507-.477.106-1.383.389
-2.638.797-3.656.087-.217-.13-.
437-.333-.32a6.01 6.01 0 0 
0-2.868 3.895c-.065.294.169.558
.47.558H4.04ZM2.143 9.308c-.065
-.294.169-.558.47-.558H4.04c.26
7 0 .486.21.507.477.106 
1.383.389 2.639.797 3.657.087.2
17-.13.436-.333.32a6.01 6.01 0 
0 1-2.868-3.896Zm3.913-.033a.48
6.486 0 0 1 
.49-.525h2.909c.286 0 
.515.24.49.525-.121 1.361-.428 
2.535-.83 
3.394-.279.6-.549.93-.753 
1.112a.535.535 0 0 1-.724 0c-.2
04-.182-.474-.513-.754-1.112-.4
-.859-.708-2.033-.828-3.394Z" c
lip-rule="evenodd"/></svg>`[39
m}[33m,[39mpt[33m=[39mg[32
m`.wcm-toolbar-placeholder{top:
0;bottom:0;left:0;right:0;width
:100%;position:absolute;display
:block;pointer-events:none;heig
ht:100px;border-radius:calc(var
(--wcm-background-border-radius
) * .9);background-color:var(--
wcm-background-color);backgroun
d-position:center;background-si
ze:cover}.wcm-toolbar{height:38
px;display:flex;position:relati
ve;margin:5px 15px 5px 5px;just
ify-content:space-between;align
-items:center}.wcm-toolbar 
img,.wcm-toolbar svg{height:28p
x;object-position:left center;o
bject-fit:contain}#wcm-wc-logo 
path{fill:var(--wcm-accent-fill
-color)}button{width:28px;heigh
t:28px;border-radius:var(--wcm-
icon-button-border-radius);bord
er:0;display:flex;justify-conte
nt:center;align-items:center;cu
rsor:pointer;background-color:v
ar(--wcm-color-bg-1);box-shadow
:0 0 0 1px var(--wcm-color-over
lay)}button:active{background-c
olor:var(--wcm-color-bg-2)}butt
on svg{display:block;object-pos
ition:center}button path{fill:v
ar(--wcm-color-fg-1)}.wcm-toolb
ar div{display:flex}@media(hove
r:hover){button:hover{backgroun
d-color:var(--wcm-color-bg-2)}}
`[39m[33m;[39m[36mvar[39m 
gt[33m=[39m[33mObject[39m[
33m.[39mdefineProperty[33m,[
39mvt[33m=[39m[33mObject[39
m[33m.[39mgetOwnPropertyDescr
iptor[33m,[39mut[33m=[39m(e
[33m,[39mo[33m,[39mr[33m,
[39ma)[33m=>[39m{[36mfor[39
m([36mvar[39m t[33m=[39ma[
33m>[39m[35m1[39m[33m?[39m
[36mvoid[39m [35m0[39m[33m
:[39ma[33m?[39mvt(o[33m,[3
9mr)[33m:[39mo[33m,[39ml[3
3m=[39me[33m.[39mlength[33m
-[39m[35m1[39m[33m,[39mi[
33m;[39ml[33m>=[39m[35m0[3
9m[33m;[39ml[33m--[39m)(i[
33m=[39me[l])[33m&&[39m(t[3
3m=[39m(a[33m?[39mi(o[33m,
[39mr[33m,[39mt)[33m:[39mi(
t))[33m||[39mt)[33m;[39m[3
6mreturn[39m a[33m&&[39mt[3
3m&&[39mgt(o[33m,[39mr[33m,
[39mt)[33m,[39mt}[33m;[39m
[36mlet[39m 
fe[33m=[39m[36mclass[39m 
[36mextends[39m 
w{render(){[36mreturn[39m 
n[32m`<div class="wcm-toolbar-
placeholder"></div><div class="
wcm-toolbar">${v.WALLET_CONNECT
_LOGO} <button @click="${ge.clo
se}">${v.CROSS_ICON}</button></
div>`[39m}}[33m;[39mfe[33m.
[39mstyles[33m=[39m[h[33m.
[39mglobalCss[33m,[39mpt][33
m,[39mfe[33m=[39mut([p([32m
"wcm-modal-backcard"[39m)][33
m,[39mfe)[33m;[39m[36mconst
[39m bt[33m=[39mg[32m`main{
padding:20px;padding-top:0;widt
h:100%}`[39m[33m;[39m[36mva
r[39m ft[33m=[39m[33mObject
[39m[33m.[39mdefineProperty
[33m,[39mxt[33m=[39m[33mObj
ect[39m[33m.[39mgetOwnProper
tyDescriptor[33m,[39myt[33m=
[39m(e[33m,[39mo[33m,[39mr
[33m,[39ma)[33m=>[39m{[36m
for[39m([36mvar[39m t[33m=
[39ma[33m>[39m[35m1[39m[33
m?[39m[36mvoid[39m [35m0[3
9m[33m:[39ma[33m?[39mxt(o[
33m,[39mr)[33m:[39mo[33m,[
39ml[33m=[39me[33m.[39mleng
th[33m-[39m[35m1[39m[33m,
[39mi[33m;[39ml[33m>=[39m[
35m0[39m[33m;[39ml[33m--[3
9m)(i[33m=[39me[l])[33m&&[3
9m(t[33m=[39m(a[33m?[39mi(o
[33m,[39mr[33m,[39mt)[33m:
[39mi(t))[33m||[39mt)[33m;
[39m[36mreturn[39m a[33m&&[
39mt[33m&&[39mft(o[33m,[39m
r[33m,[39mt)[33m,[39mt}[33
m;[39m[36mlet[39m 
xe[33m=[39m[36mclass[39m 
[36mextends[39m 
w{render(){[36mreturn[39m n[
32m`<main><slot></slot></main>`
[39m}}[33m;[39mxe[33m.[39m
styles[33m=[39m[h[33m.[39mg
lobalCss[33m,[39mbt][33m,[3
9mxe[33m=[39myt([p([32m"wcm-
modal-content"[39m)][33m,[39
mxe)[33m;[39m[36mconst[39m 
$t[33m=[39mg[32m`footer{padd
ing:10px;display:flex;flex-dire
ction:column;align-items:inheri
t;justify-content:inherit;borde
r-top:1px solid var(--wcm-color
-bg-2)}`[39m[33m;[39m[36mva
r[39m [33mCt[39m[33m=[39m
[33mObject[39m[33m.[39mdefin
eProperty[33m,[39mkt[33m=[3
9m[33mObject[39m[33m.[39mge
tOwnPropertyDescriptor[33m,[3
9m[33mOt[39m[33m=[39m(e[33
m,[39mo[33m,[39mr[33m,[39m
a)[33m=>[39m{[36mfor[39m([
36mvar[39m t[33m=[39ma[33m>
[39m[35m1[39m[33m?[39m[36
mvoid[39m [35m0[39m[33m:[3
9ma[33m?[39mkt(o[33m,[39mr)
[33m:[39mo[33m,[39ml[33m=
[39me[33m.[39mlength[33m-[3
9m[35m1[39m[33m,[39mi[33m;
[39ml[33m>=[39m[35m0[39m[
33m;[39ml[33m--[39m)(i[33m=
[39me[l])[33m&&[39m(t[33m=
[39m(a[33m?[39mi(o[33m,[39m
r[33m,[39mt)[33m:[39mi(t))
[33m||[39mt)[33m;[39m[36mre
turn[39m a[33m&&[39mt[33m&&
[39m[33mCt[39m(o[33m,[39mr
[33m,[39mt)[33m,[39mt}[33m
;[39m[36mlet[39m 
ye[33m=[39m[36mclass[39m 
[36mextends[39m 
w{render(){[36mreturn[39m n[
32m`<footer><slot></slot></foot
er>`[39m}}[33m;[39mye[33m.
[39mstyles[33m=[39m[h[33m.[
39mglobalCss[33m,[39m$t][33m
,[39mye[33m=[39m[33mOt[39m
([p([32m"wcm-modal-footer"[39
m)][33m,[39mye)[33m;[39m[3
6mconst[39m [33mWt[39m[33m=
[39mg[32m`header{display:flex
;justify-content:center;align-i
tems:center;padding:20px;positi
on:relative}.wcm-border{border-
bottom:1px solid var(--wcm-colo
r-bg-2);margin-bottom:20px}head
er button{padding:15px 
20px}header button:active{opaci
ty:.5}@media(hover:hover){heade
r button:hover{opacity:.5}}.wcm
-back-btn{position:absolute;lef
t:0}.wcm-action-btn{position:ab
solute;right:0}path{fill:var(--
wcm-accent-color)}`[39m[33m;
[39m[36mvar[39m [33mIt[39m
[33m=[39m[33mObject[39m[33m
.[39mdefineProperty[33m,[39m
[33mEt[39m[33m=[39m[33mObj
ect[39m[33m.[39mgetOwnProper
tyDescriptor[33m,[39mte[33m=
[39m(e[33m,[39mo[33m,[39mr
[33m,[39ma)[33m=>[39m{[36m
for[39m([36mvar[39m t[33m=
[39ma[33m>[39m[35m1[39m[33
m?[39m[36mvoid[39m [35m0[3
9m[33m:[39ma[33m?[39m[33mE
t[39m(o[33m,[39mr)[33m:[39
mo[33m,[39ml[33m=[39me[33m
.[39mlength[33m-[39m[35m1[
39m[33m,[39mi[33m;[39ml[33
m>=[39m[35m0[39m[33m;[39ml
[33m--[39m)(i[33m=[39me[l])
[33m&&[39m(t[33m=[39m(a[33
m?[39mi(o[33m,[39mr[33m,[3
9mt)[33m:[39mi(t))[33m||[39
mt)[33m;[39m[36mreturn[39m 
a[33m&&[39mt[33m&&[39m[33m
It[39m(o[33m,[39mr[33m,[39
mt)[33m,[39mt}[33m;[39m[36
mlet[39m [33mS[39m[33m=[39
m[36mclass[39m 
[36mextends[39m w{constructor
(){[36msuper[39m([33m...[39
marguments)[33m,[39m[36mthis
[39m[33m.[39mtitle[33m=[39
m[32m""[39m[33m,[39m[36mth
is[39m[33m.[39monAction[33m
=[39m[36mvoid[39m [35m0[39
m[33m,[39m[36mthis[39m[33m
.[39mactionIcon[33m=[39m[36
mvoid[39m [35m0[39m[33m,[3
9m[36mthis[39m[33m.[39mbord
er[33m=[39m[33m![39m[35m1
[39m}backBtnTemplate(){[36mret
urn[39m n[32m`<button 
class="wcm-back-btn" @click="${
x.goBack}">${v.BACK_ICON}</butt
on>`[39m}actionBtnTemplate(){
[36mreturn[39m n[32m`<button 
class="wcm-action-btn" @click="
${this.onAction}">${this.action
Icon}</button>`[39m}render(){
[36mconst[39m e[33m=[39m{[3
2m"wcm-border"[39m[33m:[39m
[36mthis[39m[33m.[39mborder}
[33m,[39mo[33m=[39mx[33m.
[39mstate[33m.[39mhistory[33
m.[39mlength[33m>[39m[35m1
[39m[33m,[39mr[33m=[39m[36
mthis[39m[33m.[39mtitle[33m
?[39mn[32m`<wcm-text variant=
"big-bold">${this.title}</wcm-t
ext>`[39m[33m:[39mn[32m`<sl
ot></slot>`[39m[33m;[39m[36
mreturn[39m n[32m`<header cla
ss="${P(e)}">${o?this.backBtnTe
mplate():null} ${r} ${this.onAc
tion?this.actionBtnTemplate():n
ull}</header>`[39m}}[33m;[39
m[33mS[39m[33m.[39mstyles[
33m=[39m[h[33m.[39mglobalCss
[33m,[39m[33mWt[39m][33m,
[39mte([d()][33m,[39m[33mS[
39m[33m.[39mprototype[33m,[
39m[32m"title"[39m[33m,[39m
[35m2[39m)[33m,[39mte([d()]
[33m,[39m[33mS[39m[33m.[3
9mprototype[33m,[39m[32m"onA
ction"[39m[33m,[39m[35m2[3
9m)[33m,[39mte([d()][33m,[3
9m[33mS[39m[33m.[39mprototy
pe[33m,[39m[32m"actionIcon"
[39m[33m,[39m[35m2[39m)[33
m,[39mte([d({type[33m:[39m[
33mBoolean[39m})][33m,[39m[
33mS[39m[33m.[39mprototype[
33m,[39m[32m"border"[39m[33
m,[39m[35m2[39m)[33m,[39m
[33mS[39m[33m=[39mte([p([32
m"wcm-modal-header"[39m)][33m
,[39m[33mS[39m)[33m;[39m[
36mconst[39m c[33m=[39m{[33
mMOBILE_BREAKPOINT[39m[33m:[
39m[35m600[39m[33m,[39m[33
mWCM_RECENT_WALLET_DATA[39m[3
3m:[39m[32m"WCM_RECENT_WALLET
_DATA"[39m[33m,[39m[33mEXPL
ORER_WALLET_URL[39m[33m:[39m
[32m"https://explorer.walletco
nnect.com/?type=wallet"[39m[3
3m,[39mgetShadowRootElement(e
[33m,[39mo){[36mconst[39m r
[33m=[39me[33m.[39mrenderRoo
t[33m.[39mquerySelector(o)[3
3m;[39m[36mif[39m([33m![39
mr)[36mthrow[39m 
[36mnew[39m 
[33mError[39m([32m`${o} not 
found`[39m)[33m;[39m[36mret
urn[39m r}[33m,[39mgetWallet
Icon({id[33m:[39me[33m,[39m
image_id[33m:[39mo}){[36mcon
st[39m{walletImages[33m:[39m
r}[33m=[39mz[33m.[39mstate
[33m;[39m[36mreturn[39m r[3
3m!=[39m[36mnull[39m[33m&&
[39mr[e][33m?[39mr[e][33m:[
39mo[33m?[39m[33mW[39m[33m
.[39mgetWalletImageUrl(o)[33m
:[39m[32m""[39m}[33m,[39mg
etWalletName(e[33m,[39mo[33m
=[39m[33m![39m[35m1[39m){
[36mreturn[39m o[33m&&[39me
[33m.[39mlength[33m>[39m[35
m8[39m[33m?[39m[32m`${e.sub
string(0,8)}..`[39m[33m:[39m
e}[33m,[39misMobileAnimation(
){[36mreturn[39m window[33m.
[39minnerWidth[33m<=[39mc[3
3m.[39m[33mMOBILE_BREAKPOINT
[39m}[33m,[39m[36masync[39m
 preloadImage(e){[36mconst[39
m o[33m=[39m[36mnew[39m [3
3mPromise[39m((r[33m,[39ma)
[33m=>[39m{[36mconst[39m 
t[33m=[39m[36mnew[39m [33m
Image[39m[33m;[39mt[33m.[3
9monload[33m=[39mr[33m,[39m
t[33m.[39monerror[33m=[39ma
[33m,[39mt[33m.[39mcrossOri
gin[33m=[39m[32m"anonymous"
[39m[33m,[39mt[33m.[39msrc
[33m=[39me})[33m;[39m[36mre
turn[39m [33mPromise[39m[33
m.[39mrace([o[33m,[39mm[33m
.[39mwait([35m3e3[39m)])}[3
3m,[39mgetErrorMessage(e){[36
mreturn[39m e 
[36minstanceof[39m [33mError
[39m[33m?[39me[33m.[39mmes
sage[33m:[39m[32m"Unknown Er
ror"[39m}[33m,[39mdebounce(e
[33m,[39mo[33m=[39m[35m500
[39m){[36mlet[39m r[33m;[3
9m[36mreturn[39m([33m...[39
ma)[33m=>[39m{[36mfunction[
39m t(){e([33m...[39ma)}r[33
m&&[39mclearTimeout(r)[33m,[
39mr[33m=[39msetTimeout(t[33
m,[39mo)}}[33m,[39mhandleMob
ileLinking(e){[36mconst[39m{w
alletConnectUri[33m:[39mo}[3
3m=[39m[33mR[39m[33m.[39ms
tate[33m,[39m{mobile[33m:[3
9mr[33m,[39mname[33m:[39ma}
[33m=[39me[33m,[39mt[33m=
[39mr[33m?[39m[33m.[39mnati
ve[33m,[39ml[33m=[39mr[33m
?[39m[33m.[39muniversal[33m
;[39mc[33m.[39msetRecentWall
et(e)[33m;[39m[36mfunction[
39m i(s){[36mlet[39m $[33m=
[39m[32m""[39m[33m;[39mt[3
3m?[39m$[33m=[39mm[33m.[39
mformatUniversalUrl(t[33m,[39
ms[33m,[39ma)[33m:[39ml[33
m&&[39m($[33m=[39mm[33m.[3
9mformatNativeUrl(l[33m,[39ms
[33m,[39ma))[33m,[39mm[33m
.[39mopenHref($[33m,[39m[32
m"_self"[39m)}o[33m&&[39mi(o
)}[33m,[39mhandleAndroidLinki
ng(){[36mconst[39m{walletConn
ectUri[33m:[39me}[33m=[39m
[33mR[39m[33m.[39mstate[33m
;[39me[33m&&[39m(m[33m.[39
msetWalletConnectAndroidDeepLin
k(e)[33m,[39mm[33m.[39mopen
Href(e[33m,[39m[32m"_self"[
39m))}[33m,[39m[36masync[39
m handleUriCopy(){[36mconst[3
9m{walletConnectUri[33m:[39me
}[33m=[39m[33mR[39m[33m.[
39mstate[33m;[39m[36mif[39m
(e)[36mtry[39m{[36mawait[39
m navigator[33m.[39mclipboard
[33m.[39mwriteText(e)[33m,[
39m[33mN[39m[33m.[39mopenTo
ast([32m"Link copied"[39m[33
m,[39m[32m"success"[39m)}[3
6mcatch[39m{[33mN[39m[33m.
[39mopenToast([32m"Failed to c
opy"[39m[33m,[39m[32m"error
"[39m)}}[33m,[39mgetCustomIm
ageUrls(){[36mconst[39m{walle
tImages[33m:[39me}[33m=[39m
z[33m.[39mstate[33m,[39mo[
33m=[39m[33mObject[39m[33m.
[39mvalues(e[33m?[39m[33m?
[39m{})[33m;[39m[36mreturn[
39m [33mObject[39m[33m.[39m
values(o)}[33m,[39mtruncate(e
[33m,[39mo[33m=[39m[35m8[
39m){[36mreturn[39m e[33m.[
39mlength[33m<=[39mo[33m?[3
9me[33m:[39m[32m`${e.substri
ng(0,4)}...${e.substring(e.leng
th-4)}`[39m}[33m,[39msetRece
ntWallet(e){[36mtry[39m{local
Storage[33m.[39msetItem(c[33
m.[39m[33mWCM_RECENT_WALLET_D
ATA[39m[33m,[39m[33mJSON[3
9m[33m.[39mstringify(e))}[36
mcatch[39m{console[33m.[39mi
nfo([32m"Unable to set recent 
wallet"[39m)}}[33m,[39mgetRe
centWallet(){[36mtry[39m{[36
mconst[39m e[33m=[39mlocalSt
orage[33m.[39mgetItem(c[33m.
[39m[33mWCM_RECENT_WALLET_DAT
A[39m)[33m;[39m[36mreturn[
39m e[33m?[39m[33mJSON[39m
[33m.[39mparse(e)[33m:[39m[
36mvoid[39m [35m0[39m}[36mc
atch[39m{console[33m.[39minf
o([32m"Unable to get recent wa
llet"[39m)}}[33m,[39mcaseSaf
eIncludes(e[33m,[39mo){[36mr
eturn[39m e[33m.[39mtoUpperC
ase()[33m.[39mincludes(o[33m
.[39mtoUpperCase())}[33m,[39
mopenWalletExplorerUrl(){m[33m
.[39mopenHref(c[33m.[39m[33
mEXPLORER_WALLET_URL[39m[33m,
[39m[32m"_blank"[39m)}[33m,
[39mgetCachedRouterWalletPlatf
orms(){[36mconst[39m{desktop
[33m:[39me[33m,[39mmobile[3
3m:[39mo}[33m=[39mm[33m.[3
9mgetWalletRouterData()[33m,[
39mr[33m=[39m[33mBoolean[39
m(e[33m?[39m[33m.[39mnative
)[33m,[39ma[33m=[39m[33mBo
olean[39m(e[33m?[39m[33m.[
39muniversal)[33m,[39mt[33m=
[39m[33mBoolean[39m(o[33m?
[39m[33m.[39mnative)[33m||[
39m[33mBoolean[39m(o[33m?[3
9m[33m.[39muniversal)[33m;[
39m[36mreturn[39m{isDesktop[
33m:[39mr[33m,[39misMobile[
33m:[39mt[33m,[39misWeb[33m
:[39ma}}[33m,[39mgoToConnect
ingView(e){x[33m.[39msetData(
{[33mWallet[39m[33m:[39me})
[33m;[39m[36mconst[39m o[3
3m=[39mm[33m.[39misMobile()
[33m,[39m{isDesktop[33m:[39m
r[33m,[39misWeb[33m:[39ma[
33m,[39misMobile[33m:[39mt}
[33m=[39mc[33m.[39mgetCached
RouterWalletPlatforms()[33m;[
39mo[33m?[39mt[33m?[39mx[3
3m.[39mpush([32m"MobileConnec
ting"[39m)[33m:[39ma[33m?[
39mx[33m.[39mpush([32m"WebCo
nnecting"[39m)[33m:[39mx[33
m.[39mpush([32m"InstallWallet
"[39m)[33m:[39mr[33m?[39mx
[33m.[39mpush([32m"DesktopCo
nnecting"[39m)[33m:[39ma[33
m?[39mx[33m.[39mpush([32m"W
ebConnecting"[39m)[33m:[39mt
[33m?[39mx[33m.[39mpush([3
2m"MobileQrcodeConnecting"[39m
)[33m:[39mx[33m.[39mpush([
32m"InstallWallet"[39m)}}[33m
,[39m[33mMt[39m[33m=[39mg
[32m`.wcm-router{overflow:hidde
n;will-change:transform}.wcm-co
ntent{display:flex;flex-directi
on:column}`[39m[33m;[39m[36
mvar[39m [33mLt[39m[33m=[3
9m[33mObject[39m[33m.[39mde
fineProperty[33m,[39m[33mRt
[39m[33m=[39m[33mObject[39m
[33m.[39mgetOwnPropertyDescri
ptor[33m,[39m$e[33m=[39m(e
[33m,[39mo[33m,[39mr[33m,[
39ma)[33m=>[39m{[36mfor[39m
([36mvar[39m t[33m=[39ma[3
3m>[39m[35m1[39m[33m?[39m
[36mvoid[39m [35m0[39m[33m:
[39ma[33m?[39m[33mRt[39m(o
[33m,[39mr)[33m:[39mo[33m,
[39ml[33m=[39me[33m.[39mle
ngth[33m-[39m[35m1[39m[33m
,[39mi[33m;[39ml[33m>=[39m
[35m0[39m[33m;[39ml[33m--
[39m)(i[33m=[39me[l])[33m&&
[39m(t[33m=[39m(a[33m?[39mi
(o[33m,[39mr[33m,[39mt)[33
m:[39mi(t))[33m||[39mt)[33m
;[39m[36mreturn[39m a[33m&&
[39mt[33m&&[39m[33mLt[39m(
o[33m,[39mr[33m,[39mt)[33m
,[39mt}[33m;[39m[36mlet[39
m oe[33m=[39m[36mclass[39m 
[36mextends[39m w{constructor
(){[36msuper[39m()[33m,[39m
[36mthis[39m[33m.[39mview[
33m=[39mx[33m.[39mstate[33m
.[39mview[33m,[39m[36mthis
[39m[33m.[39mprevView[33m=[
39mx[33m.[39mstate[33m.[39m
view[33m,[39m[36mthis[39m[
33m.[39munsubscribe[33m=[39m
[36mvoid[39m [35m0[39m[33m
,[39m[36mthis[39m[33m.[39m
oldHeight[33m=[39m[32m"0px"
[39m[33m,[39m[36mthis[39m[
33m.[39mresizeObserver[33m=[
39m[36mvoid[39m [35m0[39m[
33m,[39m[36mthis[39m[33m.[
39munsubscribe[33m=[39mx[33m
.[39msubscribe(e[33m=>[39m{
[36mthis[39m[33m.[39mview[3
3m!==[39me[33m.[39mview[33m
&&[39m[36mthis[39m[33m.[39
monChangeRoute()})}firstUpdated
(){[36mthis[39m[33m.[39mres
izeObserver[33m=[39m[36mnew
[39m [33mResizeObserver[39m((
[e])[33m=>[39m{[36mconst[39
m o[33m=[39m[32m`${e.content
Rect.height}px`[39m[33m;[39m
[36mthis[39m[33m.[39moldHei
ght[33m!==[39m[32m"0px"[39m
[33m&&[39m[33mH[39m([36mth
is[39m[33m.[39mrouterEl[33m
,[39m{height[33m:[39m[[36mt
his[39m[33m.[39moldHeight[3
3m,[39mo]}[33m,[39m{duration
[33m:[39m[35m.2[39m})[33m,
[39m[36mthis[39m[33m.[39mo
ldHeight[33m=[39mo})[33m,[3
9m[36mthis[39m[33m.[39mresi
zeObserver[33m.[39mobserve([
36mthis[39m[33m.[39mcontentE
l)}disconnectedCallback(){[36m
var[39m e[33m,[39mo[33m;[3
9m(e[33m=[39m[36mthis[39m[
33m.[39munsubscribe)[33m==[3
9m[36mnull[39m[33m||[39me[
33m.[39mcall([36mthis[39m)[
33m,[39m(o[33m=[39m[36mthis
[39m[33m.[39mresizeObserver)
[33m==[39m[36mnull[39m[33m
||[39mo[33m.[39mdisconnect()
}[36mget[39m 
routerEl(){[36mreturn[39m c[
33m.[39mgetShadowRootElement(
[36mthis[39m[33m,[39m[32m".
wcm-router"[39m)}[36mget[39m
 contentEl(){[36mreturn[39m c
[33m.[39mgetShadowRootElement
([36mthis[39m[33m,[39m[32m
".wcm-content"[39m)}viewTempla
te(){[36mswitch[39m([36mthis
[39m[33m.[39mview){[36mcase
[39m[32m"ConnectWallet"[39m
[33m:[39m[36mreturn[39m n[3
2m`<wcm-connect-wallet-view></w
cm-connect-wallet-view>`[39m[
33m;[39m[36mcase[39m[32m"De
sktopConnecting"[39m[33m:[39
m[36mreturn[39m n[32m`<wcm-d
esktop-connecting-view></wcm-de
sktop-connecting-view>`[39m[3
3m;[39m[36mcase[39m[32m"Mob
ileConnecting"[39m[33m:[39m
[36mreturn[39m n[32m`<wcm-mob
ile-connecting-view></wcm-mobil
e-connecting-view>`[39m[33m;
[39m[36mcase[39m[32m"WebConn
ecting"[39m[33m:[39m[36mret
urn[39m n[32m`<wcm-web-connec
ting-view></wcm-web-connecting-
view>`[39m[33m;[39m[36mcase
[39m[32m"MobileQrcodeConnecti
ng"[39m[33m:[39m[36mreturn
[39m n[32m`<wcm-mobile-qr-conn
ecting-view></wcm-mobile-qr-con
necting-view>`[39m[33m;[39m
[36mcase[39m[32m"WalletExplor
er"[39m[33m:[39m[36mreturn
[39m n[32m`<wcm-wallet-explore
r-view></wcm-wallet-explorer-vi
ew>`[39m[33m;[39m[36mcase[
39m[32m"Qrcode"[39m[33m:[39
m[36mreturn[39m n[32m`<wcm-q
rcode-view></wcm-qrcode-view>`
[39m[33m;[39m[36mcase[39m[
32m"InstallWallet"[39m[33m:[
39m[36mreturn[39m n[32m`<wcm
-install-wallet-view></wcm-inst
all-wallet-view>`[39m[33m;[3
9m[36mdefault[39m[33m:[39m
[36mreturn[39m 
n[32m`<div>Not Found</div>`[3
9m}}[36masync[39m onChangeRou
te(){[36mawait[39m [33mH[39
m([36mthis[39m[33m.[39mrout
erEl[33m,[39m{opacity[33m:[
39m[[35m1[39m[33m,[39m[35m
0[39m][33m,[39mscale[33m:[
39m[[35m1[39m[33m,[39m[35m
1.02[39m]}[33m,[39m{duration
[33m:[39m[35m.15[39m[33m,
[39mdelay[33m:[39m[35m.1[39
m})[33m.[39mfinished[33m,[3
9m[36mthis[39m[33m.[39mview
[33m=[39mx[33m.[39mstate[3
3m.[39mview[33m,[39m[33mH[
39m([36mthis[39m[33m.[39mro
uterEl[33m,[39m{opacity[33m:
[39m[[35m0[39m[33m,[39m[3
5m1[39m][33m,[39mscale[33m:
[39m[[35m.99[39m[33m,[39m
[35m1[39m]}[33m,[39m{duratio
n[33m:[39m[35m.37[39m[33m,
[39mdelay[33m:[39m[35m.05[
39m})}render(){[36mreturn[39m
 n[32m`<div 
class="wcm-router"><div class="
wcm-content">${this.viewTemplat
e()}</div></div>`[39m}}[33m;
[39moe[33m.[39mstyles[33m=[
39m[h[33m.[39mglobalCss[33m,
[39m[33mMt[39m][33m,[39m$e
([[33mI[39m()][33m,[39moe[
33m.[39mprototype[33m,[39m[
32m"view"[39m[33m,[39m[35m2
[39m)[33m,[39m$e([[33mI[39
m()][33m,[39moe[33m.[39mpro
totype[33m,[39m[32m"prevView
"[39m[33m,[39m[35m2[39m)[
33m,[39moe[33m=[39m$e([p([3
2m"wcm-modal-router"[39m)][33
m,[39moe)[33m;[39m[36mconst
[39m [33mAt[39m[33m=[39mg
[32m`div{height:36px;width:max-
content;display:flex;justify-co
ntent:center;align-items:center
;padding:9px 15px 11px;position
:absolute;top:12px;box-shadow:0
 6px 14px -6px 
rgba(10,16,31,.3),0 10px 32px 
-4px rgba(10,16,31,.15);z-index
:2;left:50%;transform:translate
X(-50%);pointer-events:none;bac
kdrop-filter:blur(20px) saturat
e(1.8);-webkit-backdrop-filter:
blur(20px) saturate(1.8);border
-radius:var(--wcm-notification-
border-radius);border:1px 
solid var(--wcm-color-overlay);
background-color:var(--wcm-colo
r-overlay)}svg{margin-right:5px
}@-moz-document url-prefix(){di
v{background-color:var(--wcm-co
lor-bg-3)}}.wcm-success path{fi
ll:var(--wcm-accent-color)}.wcm
-error path{fill:var(--wcm-erro
r-color)}`[39m[33m;[39m[36m
var[39m [33mPt[39m[33m=[39
m[33mObject[39m[33m.[39mdef
ineProperty[33m,[39m[33mTt[
39m[33m=[39m[33mObject[39m
[33m.[39mgetOwnPropertyDescrip
tor[33m,[39mze[33m=[39m(e[
33m,[39mo[33m,[39mr[33m,[3
9ma)[33m=>[39m{[36mfor[39m(
[36mvar[39m t[33m=[39ma[33
m>[39m[35m1[39m[33m?[39m[
36mvoid[39m [35m0[39m[33m:
[39ma[33m?[39m[33mTt[39m(o
[33m,[39mr)[33m:[39mo[33m,
[39ml[33m=[39me[33m.[39mlen
gth[33m-[39m[35m1[39m[33m,
[39mi[33m;[39ml[33m>=[39m
[35m0[39m[33m;[39ml[33m--[
39m)(i[33m=[39me[l])[33m&&[
39m(t[33m=[39m(a[33m?[39mi(
o[33m,[39mr[33m,[39mt)[33m
:[39mi(t))[33m||[39mt)[33m;
[39m[36mreturn[39m a[33m&&
[39mt[33m&&[39m[33mPt[39m(o
[33m,[39mr[33m,[39mt)[33m,
[39mt}[33m;[39m[36mlet[39m
 ne[33m=[39m[36mclass[39m 
[36mextends[39m w{constructor
(){[36msuper[39m()[33m,[39m
[36mthis[39m[33m.[39mopen[
33m=[39m[33m![39m[35m1[39m
[33m,[39m[36mthis[39m[33m.
[39munsubscribe[33m=[39m[36
mvoid[39m [35m0[39m[33m,[3
9m[36mthis[39m[33m.[39mtime
out[33m=[39m[36mvoid[39m [
35m0[39m[33m,[39m[36mthis[
39m[33m.[39munsubscribe[33m=
[39m[33mN[39m[33m.[39msubs
cribe(e[33m=>[39m{e[33m.[39
mopen[33m?[39m([36mthis[39m
[33m.[39mopen[33m=[39m[33m
![39m[35m0[39m[33m,[39m[3
6mthis[39m[33m.[39mtimeout[
33m=[39msetTimeout(()[33m=>[
39m[33mN[39m[33m.[39mcloseT
oast()[33m,[39m[35m2200[39m
))[33m:[39m([36mthis[39m[3
3m.[39mopen[33m=[39m[33m![
39m[35m1[39m[33m,[39mclearT
imeout([36mthis[39m[33m.[39
mtimeout))})}disconnectedCallba
ck(){[36mvar[39m e[33m;[39m
(e[33m=[39m[36mthis[39m[33
m.[39munsubscribe)[33m==[39m
[36mnull[39m[33m||[39me[33
m.[39mcall([36mthis[39m)[33
m,[39mclearTimeout([36mthis[
39m[33m.[39mtimeout)[33m,[3
9m[33mN[39m[33m.[39mcloseTo
ast()}render(){[36mconst[39m{
message[33m:[39me[33m,[39mv
ariant[33m:[39mo}[33m=[39m
[33mN[39m[33m.[39mstate[33m
,[39mr[33m=[39m{[32m"wcm-su
ccess"[39m[33m:[39mo[33m===
[39m[32m"success"[39m[33m,
[39m[32m"wcm-error"[39m[33m:
[39mo[33m===[39m[32m"error"
[39m}[33m;[39m[36mreturn[3
9m [36mthis[39m[33m.[39mope
n[33m?[39mn[32m`<div class="
${P(r)}">${o==="success"?v.CHEC
KMARK_ICON:null} ${o==="error"?
v.CROSS_ICON:null}<wcm-text var
iant="small-regular">${e}</wcm-
text></div>`[39m[33m:[39m[3
6mnull[39m}}[33m;[39mne[33m
.[39mstyles[33m=[39m[h[33m.
[39mglobalCss[33m,[39m[33mA
t[39m][33m,[39mze([[33mI[3
9m()][33m,[39mne[33m.[39mpr
ototype[33m,[39m[32m"open"[
39m[33m,[39m[35m2[39m)[33m
,[39mne[33m=[39mze([p([32m"
wcm-modal-toast"[39m)][33m,[
39mne)[33m;[39m[36mconst[39
m jt[33m=[39m[35m.1[39m[33
m,[39m[33mVe[39m[33m=[39m
[35m2.5[39m[33m,[39m[33mA[
39m[33m=[39m[35m7[39m[33m;
[39m[36mfunction[39m [33mCe
[39m(e[33m,[39mo[33m,[39mr
){[36mreturn[39m e[33m===[3
9mo[33m?[39m[33m![39m[35m1
[39m[33m:[39m(e[33m-[39mo
[33m<[39m[35m0[39m[33m?[39
mo[33m-[39me[33m:[39me[33m
-[39mo)[33m<=[39mr[33m+[39
mjt}[36mfunction[39m _t(e[33
m,[39mo){[36mconst[39m r[33
m=[39m[33mArray[39m[33m.[3
9mprototype[33m.[39mslice[33
m.[39mcall([33mJe[39m[33m.
[39mcreate(e[33m,[39m{errorCo
rrectionLevel[33m:[39mo})[33
m.[39mmodules[33m.[39mdata[
33m,[39m[35m0[39m)[33m,[39
ma[33m=[39m[33mMath[39m[33
m.[39msqrt(r[33m.[39mlength)
[33m;[39m[36mreturn[39m r[
33m.[39mreduce((t[33m,[39ml
[33m,[39mi)[33m=>[39m(i[33m
%[39ma[33m===[39m[35m0[39m
[33m?[39mt[33m.[39mpush([l]
)[33m:[39mt[t[33m.[39mlengt
h[33m-[39m[35m1[39m][33m.
[39mpush(l))[33m&&[39mt[33m,
[39m[])}[36mconst[39m [33mD
t[39m[33m=[39m{generate(e[3
3m,[39mo[33m,[39mr){[36mcon
st[39m a[33m=[39m[32m"#1414
14"[39m[33m,[39mt[33m=[39m
[32m"#ffffff"[39m[33m,[39ml
[33m=[39m[][33m,[39mi[33m=
[39m_t(e[33m,[39m[32m"Q"[3
9m)[33m,[39ms[33m=[39mo[35
m/i.length,$=[{x:0,y:0},{x:1,y:
0},{x:0,y:1}];$.forEach(({x:y,y
:u})=>{const O=(i.length-A)*s*y
,b=(i.length-A)*s*u,E=.45;for(l
et M=0;M<$.length;M+=1){const 
V=s*(A-M*2);l.push(pe`<rect 
fill="${M%2===0?a:t}" 
height="${V}" rx="${V*E}" 
ry="${V*E}" width="${V}" 
x="${O+s*M}" 
y="${b+s*M}">`)}});const f=Math
.floor((r+25)/s[39m)[33m,[39
m[33mNe[39m[33m=[39mi[33m.
[39mlength[33m/[39m[35m2[3
9m[33m-[39mf[33m/[39m[35m2
[39m[33m,[39m[33mZe[39m[3
3m=[39mi[33m.[39mlength[33m
/[39m[35m2[39m[33m+[39mf[
33m/[39m[35m2[39m[33m-[39m
[35m1[39m[33m,[39m[33mSe[
39m[33m=[39m[][33m;[39mi[3
3m.[39mforEach((y[33m,[39mu)
[33m=>[39m{y[33m.[39mforEac
h(([33mO[39m[33m,[39mb)[33
m=>[39m{[36mif[39m(i[u][b][
33m&&[39m[33m![39m(u[33m<[
39m[33mA[39m[33m&&[39mb[33
m<[39m[33mA[39m[33m||[39mu
[33m>[39mi[33m.[39mlength[
33m-[39m([33mA[39m[33m+[39
m[35m1[39m)[33m&&[39mb[33m
<[39m[33mA[39m[33m||[39mu
[33m<[39m[33mA[39m[33m&&[3
9mb[33m>[39mi[33m.[39mlengt
h[33m-[39m([33mA[39m[33m+
[39m[35m1[39m))[33m&&[39m[
33m![39m(u[33m>[39m[33mNe[
39m[33m&&[39mu[33m<[39m[33
mZe[39m[33m&&[39mb[33m>[39
m[33mNe[39m[33m&&[39mb[33m
<[39m[33mZe[39m)){[36mconst
[39m [33mE[39m[33m=[39mu[
33m*[39ms[33m+[39ms[33m/[3
9m[35m2[39m[33m,[39m[33mM
[39m[33m=[39mb[33m*[39ms[3
3m+[39ms[33m/[39m[35m2[39m
[33m;[39m[33mSe[39m[33m.[
39mpush([[33mE[39m[33m,[39m
[33mM[39m])}})})[33m;[39m[
36mconst[39m [33mJ[39m[33m=
[39m{}[33m;[39m[36mreturn[
39m [33mSe[39m[33m.[39mforE
ach(([y[33m,[39mu])[33m=>[3
9m{[33mJ[39m[y][33m?[39m[3
3mJ[39m[y][33m.[39mpush(u)[
33m:[39m[33mJ[39m[y][33m=[
39m[u]})[33m,[39m[33mObject
[39m[33m.[39mentries([33mJ[
39m)[33m.[39mmap(([y[33m,[3
9mu])[33m=>[39m{[36mconst[3
9m [33mO[39m[33m=[39mu[33m
.[39mfilter(b[33m=>[39mu[33
m.[39mevery([33mE[39m[33m=>
[39m[33m![39m[33mCe[39m(b
[33m,[39m[33mE[39m[33m,[39
ms)))[33m;[39m[36mreturn[39
m[[33mNumber[39m(y)[33m,[39
m[33mO[39m]})[33m.[39mforEa
ch(([y[33m,[39mu])[33m=>[39
m{u[33m.[39mforEach([33mO[3
9m[33m=>[39m{l[33m.[39mpush
(pe[32m`<circle cx="${y}" 
cy="${O}" fill="${a}" r="${s/Ve
}">`[39m)})})[33m,[39m[33mO
bject[39m[33m.[39mentries([
33mJ[39m)[33m.[39mfilter(([y
[33m,[39mu])[33m=>[39mu[33
m.[39mlength[33m>[39m[35m1
[39m)[33m.[39mmap(([y[33m,[
39mu])[33m=>[39m{[36mconst[
39m [33mO[39m[33m=[39mu[33
m.[39mfilter(b[33m=>[39mu[3
3m.[39msome([33mE[39m[33m=>
[39m[33mCe[39m(b[33m,[39m
[33mE[39m[33m,[39ms)))[33m;
[39m[36mreturn[39m[[33mNumb
er[39m(y)[33m,[39m[33mO[39
m]})[33m.[39mmap(([y[33m,[3
9mu])[33m=>[39m{u[33m.[39ms
ort((b[33m,[39m[33mE[39m)[
33m=>[39mb[33m<[39m[33mE[3
9m[33m?[39m[33m-[39m[35m1
[39m[33m:[39m[35m1[39m)[33
m;[39m[36mconst[39m [33mO[
39m[33m=[39m[][33m;[39m[36
mfor[39m([36mconst[39m b 
[36mof[39m 
u){[36mconst[39m [33mE[39m
[33m=[39m[33mO[39m[33m.[39
mfind([33mM[39m[33m=>[39m[
33mM[39m[33m.[39msome([33mV
[39m[33m=>[39m[33mCe[39m(b
[33m,[39m[33mV[39m[33m,[3
9ms)))[33m;[39m[33mE[39m[3
3m?[39m[33mE[39m[33m.[39mp
ush(b)[33m:[39m[33mO[39m[3
3m.[39mpush([b])}[36mreturn[
39m[y[33m,[39m[33mO[39m[33
m.[39mmap(b[33m=>[39m[b[[35
m0[39m][33m,[39mb[b[33m.[3
9mlength[33m-[39m[35m1[39m]
])]})[33m.[39mforEach(([y[33
m,[39mu])[33m=>[39m{u[33m.
[39mforEach(([[33mO[39m[33m,
[39mb])[33m=>[39m{l[33m.[3
9mpush(pe[32m`<line x1="${y}" 
x2="${y}" y1="${O}" y2="${b}" 
stroke="${a}" 
stroke-width="${s/(Ve/2)}" stro
ke-linecap="round">`[39m)})})
[33m,[39ml}}[33m,[39m[33mNt
[39m[33m=[39mg[32m`@keyfram
es fadeIn{0%{opacity:0}100%{opa
city:1}}div{position:relative;u
ser-select:none;display:block;o
verflow:hidden;aspect-ratio:1/1
;animation:fadeIn ease .2s}.wcm
-dark{background-color:#fff;bor
der-radius:var(--wcm-container-
border-radius);padding:18px;box
-shadow:0 2px 5px #000}svg:firs
t-child,wcm-wallet-image{positi
on:absolute;top:50%;left:50%;tr
ansform:translateY(-50%) transl
ateX(-50%)}wcm-wallet-image{tra
nsform:translateY(-50%) transla
teX(-50%)}wcm-wallet-image{widt
h:25%;height:25%;border-radius:
var(--wcm-wallet-icon-border-ra
dius)}svg:first-child{transform
:translateY(-50%) 
translateX(-50%) 
scale(.9)}svg:first-child path:
first-child{fill:var(--wcm-acce
nt-color)}svg:first-child path:
last-child{stroke:var(--wcm-col
or-overlay)}`[39m[33m;[39m[
36mvar[39m [33mZt[39m[33m=
[39m[33mObject[39m[33m.[39m
defineProperty[33m,[39m[33mS
t[39m[33m=[39m[33mObject[3
9m[33m.[39mgetOwnPropertyDesc
riptor[33m,[39mq[33m=[39m(e
[33m,[39mo[33m,[39mr[33m,
[39ma)[33m=>[39m{[36mfor[39
m([36mvar[39m t[33m=[39ma[
33m>[39m[35m1[39m[33m?[39m
[36mvoid[39m [35m0[39m[33m
:[39ma[33m?[39m[33mSt[39m(
o[33m,[39mr)[33m:[39mo[33m
,[39ml[33m=[39me[33m.[39ml
ength[33m-[39m[35m1[39m[33
m,[39mi[33m;[39ml[33m>=[39
m[35m0[39m[33m;[39ml[33m--
[39m)(i[33m=[39me[l])[33m&&
[39m(t[33m=[39m(a[33m?[39m
i(o[33m,[39mr[33m,[39mt)[3
3m:[39mi(t))[33m||[39mt)[33
m;[39m[36mreturn[39m a[33m&
&[39mt[33m&&[39m[33mZt[39m
(o[33m,[39mr[33m,[39mt)[33
m,[39mt}[33m;[39m[36mlet[3
9m j[33m=[39m[36mclass[39m 
[36mextends[39m w{constructor
(){[36msuper[39m([33m...[39
marguments)[33m,[39m[36mthis
[39m[33m.[39muri[33m=[39m
[32m""[39m[33m,[39m[36mthis
[39m[33m.[39msize[33m=[39m
[35m0[39m[33m,[39m[36mthis
[39m[33m.[39mimageId[33m=[
39m[36mvoid[39m [35m0[39m[
33m,[39m[36mthis[39m[33m.[
39mwalletId[33m=[39m[36mvoid
[39m [35m0[39m[33m,[39m[3
6mthis[39m[33m.[39mimageUrl
[33m=[39m[36mvoid[39m [35m0
[39m}svgTemplate(){[36mconst
[39m e[33m=[39m[33mX[39m[3
3m.[39mstate[33m.[39mthemeMo
de[33m===[39m[32m"light"[39
m[33m?[39m[36mthis[39m[33m
.[39msize[33m:[39m[36mthis
[39m[33m.[39msize[33m-[39m
[35m36[39m[33m;[39m[36mretu
rn[39m pe[32m`<svg 
height="${e}" width="${e}">${Dt
.generate(this.uri,e,e/4)}</svg
>`[39m}render(){[36mconst[39
m e[33m=[39m{[32m"wcm-dark"
[39m[33m:[39m[33mX[39m[33m
.[39mstate[33m.[39mthemeMode
[33m===[39m[32m"dark"[39m}
[33m;[39m[36mreturn[39m 
n[32m`<div style="${`width: 
${this.size}px`}" class="${P(e)
}">${this.walletId||this.imageU
rl?n`<wcm-wallet-image 
walletId="${k(this.walletId)}" 
imageId="${k(this.imageId)}" im
ageUrl="${k(this.imageUrl)}"></
wcm-wallet-image>`:v.WALLET_CON
NECT_ICON_COLORED} ${this.svgTe
mplate()}</div>`[39m}}[33m;[
39mj[33m.[39mstyles[33m=[39
m[h[33m.[39mglobalCss[33m,[
39m[33mNt[39m][33m,[39mq([d
()][33m,[39mj[33m.[39mproto
type[33m,[39m[32m"uri"[39m
[33m,[39m[35m2[39m)[33m,[3
9mq([d({type[33m:[39m[33mNum
ber[39m})][33m,[39mj[33m.[
39mprototype[33m,[39m[32m"si
ze"[39m[33m,[39m[35m2[39m)
[33m,[39mq([d()][33m,[39mj
[33m.[39mprototype[33m,[39m
[32m"imageId"[39m[33m,[39m[
35m2[39m)[33m,[39mq([d()][3
3m,[39mj[33m.[39mprototype[
33m,[39m[32m"walletId"[39m[
33m,[39m[35m2[39m)[33m,[39
mq([d()][33m,[39mj[33m.[39m
prototype[33m,[39m[32m"image
Url"[39m[33m,[39m[35m2[39m
)[33m,[39mj[33m=[39mq([p([
32m"wcm-qrcode"[39m)][33m,[3
9mj)[33m;[39m[36mconst[39m 
[33mBt[39m[33m=[39mg[32m`:
host{position:relative;height:2
8px;width:80%}input{width:100%;
height:100%;line-height:28px!im
portant;border-radius:var(--wcm
-input-border-radius);font-styl
e:normal;font-family:-apple-sys
tem,system-ui,BlinkMacSystemFon
t,'Segoe 
UI',Roboto,Ubuntu,'Helvetica Ne
ue',sans-serif;font-feature-set
tings:'case' on;font-weight:500
;font-size:16px;letter-spacing:
-.03em;padding:0 10px 0 
34px;transition:.2s all ease;co
lor:var(--wcm-color-fg-1);backg
round-color:var(--wcm-color-bg-
3);box-shadow:inset 0 0 0 1px v
ar(--wcm-color-overlay);caret-c
olor:var(--wcm-accent-color)}in
put::placeholder{color:var(--wc
m-color-fg-2)}svg{left:10px;top
:4px;pointer-events:none;positi
on:absolute;width:20px;height:2
0px}input:focus-within{box-shad
ow:inset 0 0 0 1px var(--wcm-ac
cent-color)}path{fill:var(--wcm
-color-fg-2)}`[39m[33m;[39m
[36mvar[39m [33mUt[39m[33m=
[39m[33mObject[39m[33m.[39
mdefineProperty[33m,[39m[33m
Ht[39m[33m=[39m[33mObject[
39m[33m.[39mgetOwnPropertyDes
criptor[33m,[39m[33mFe[39m
[33m=[39m(e[33m,[39mo[33m,
[39mr[33m,[39ma)[33m=>[39m{
[36mfor[39m([36mvar[39m t[
33m=[39ma[33m>[39m[35m1[39
m[33m?[39m[36mvoid[39m [35
m0[39m[33m:[39ma[33m?[39m
[33mHt[39m(o[33m,[39mr)[33m
:[39mo[33m,[39ml[33m=[39me
[33m.[39mlength[33m-[39m[3
5m1[39m[33m,[39mi[33m;[39m
l[33m>=[39m[35m0[39m[33m;
[39ml[33m--[39m)(i[33m=[39m
e[l])[33m&&[39m(t[33m=[39m(
a[33m?[39mi(o[33m,[39mr[33
m,[39mt)[33m:[39mi(t))[33m|
|[39mt)[33m;[39m[36mreturn
[39m a[33m&&[39mt[33m&&[39m
[33mUt[39m(o[33m,[39mr[33m
,[39mt)[33m,[39mt}[33m;[39
m[36mlet[39m 
ce[33m=[39m[36mclass[39m 
[36mextends[39m w{constructor
(){[36msuper[39m([33m...[39
marguments)[33m,[39m[36mthis
[39m[33m.[39monChange[33m=
[39m()[33m=>[39m[36mnull[39
m}render(){[36mreturn[39m 
n[32m`<input type="text" 
@input="${this.onChange}" 
placeholder="Search wallets"> $
{v.SEARCH_ICON}`[39m}}[33m;[
39mce[33m.[39mstyles[33m=[3
9m[h[33m.[39mglobalCss[33m,
[39m[33mBt[39m][33m,[39m[3
3mFe[39m([d()][33m,[39mce[3
3m.[39mprototype[33m,[39m[3
2m"onChange"[39m[33m,[39m[3
5m2[39m)[33m,[39mce[33m=[3
9m[33mFe[39m([p([32m"wcm-sea
rch-input"[39m)][33m,[39mce)
[33m;[39m[36mconst[39m 
zt[33m=[39mg[32m`@keyframes 
rotate{100%{transform:rotate(36
0deg)}}@keyframes dash{0%{strok
e-dasharray:1,150;stroke-dashof
fset:0}50%{stroke-dasharray:90,
150;stroke-dashoffset:-35}100%{
stroke-dasharray:90,150;stroke-
dashoffset:-124}}svg{animation:
rotate 2s linear infinite;displ
ay:flex;justify-content:center;
align-items:center}svg circle{s
troke-linecap:round;animation:d
ash 1.5s ease infinite;stroke:v
ar(--wcm-accent-color)}`[39m[
33m;[39m[36mvar[39m [33mVt
[39m[33m=[39m[33mObject[39m
[33m.[39mdefineProperty[33m,
[39m[33mFt[39m[33m=[39m[3
3mObject[39m[33m.[39mgetOwnP
ropertyDescriptor[33m,[39mqt
[33m=[39m(e[33m,[39mo[33m,
[39mr[33m,[39ma)[33m=>[39m{
[36mfor[39m([36mvar[39m t[
33m=[39ma[33m>[39m[35m1[39
m[33m?[39m[36mvoid[39m [35
m0[39m[33m:[39ma[33m?[39m
[33mFt[39m(o[33m,[39mr)[33m
:[39mo[33m,[39ml[33m=[39me
[33m.[39mlength[33m-[39m[3
5m1[39m[33m,[39mi[33m;[39m
l[33m>=[39m[35m0[39m[33m;
[39ml[33m--[39m)(i[33m=[39m
e[l])[33m&&[39m(t[33m=[39m(
a[33m?[39mi(o[33m,[39mr[33
m,[39mt)[33m:[39mi(t))[33m|
|[39mt)[33m;[39m[36mreturn
[39m a[33m&&[39mt[33m&&[39m
[33mVt[39m(o[33m,[39mr[33m
,[39mt)[33m,[39mt}[33m;[39
m[36mlet[39m 
ke[33m=[39m[36mclass[39m 
[36mextends[39m 
w{render(){[36mreturn[39m 
n[32m`<svg viewBox="0 0 50 
50" width="24" 
height="24"><circle cx="25" 
cy="25" r="20" fill="none" 
stroke-width="4" stroke="#fff"/
></svg>`[39m}}[33m;[39mke[3
3m.[39mstyles[33m=[39m[h[33
m.[39mglobalCss[33m,[39mzt]
[33m,[39mke[33m=[39mqt([p([
32m"wcm-spinner"[39m)][33m,[
39mke)[33m;[39m[36mconst[39
m [33mQt[39m[33m=[39mg[32m
`span{font-style:normal;font-fa
mily:var(--wcm-font-family);fon
t-feature-settings:var(--wcm-fo
nt-feature-settings)}.wcm-xsmal
l-bold{font-family:var(--wcm-te
xt-xsmall-bold-font-family);fon
t-weight:var(--wcm-text-xsmall-
bold-weight);font-size:var(--wc
m-text-xsmall-bold-size);line-h
eight:var(--wcm-text-xsmall-bol
d-line-height);letter-spacing:v
ar(--wcm-text-xsmall-bold-lette
r-spacing);text-transform:var(-
-wcm-text-xsmall-bold-text-tran
sform)}.wcm-xsmall-regular{font
-family:var(--wcm-text-xsmall-r
egular-font-family);font-weight
:var(--wcm-text-xsmall-regular-
weight);font-size:var(--wcm-tex
t-xsmall-regular-size);line-hei
ght:var(--wcm-text-xsmall-regul
ar-line-height);letter-spacing:
var(--wcm-text-xsmall-regular-l
etter-spacing);text-transform:v
ar(--wcm-text-xsmall-regular-te
xt-transform)}.wcm-small-thin{f
ont-family:var(--wcm-text-small
-thin-font-family);font-weight:
var(--wcm-text-small-thin-weigh
t);font-size:var(--wcm-text-sma
ll-thin-size);line-height:var(-
-wcm-text-small-thin-line-heigh
t);letter-spacing:var(--wcm-tex
t-small-thin-letter-spacing);te
xt-transform:var(--wcm-text-sma
ll-thin-text-transform)}.wcm-sm
all-regular{font-family:var(--w
cm-text-small-regular-font-fami
ly);font-weight:var(--wcm-text-
small-regular-weight);font-size
:var(--wcm-text-small-regular-s
ize);line-height:var(--wcm-text
-small-regular-line-height);let
ter-spacing:var(--wcm-text-smal
l-regular-letter-spacing);text-
transform:var(--wcm-text-small-
regular-text-transform)}.wcm-me
dium-regular{font-family:var(--
wcm-text-medium-regular-font-fa
mily);font-weight:var(--wcm-tex
t-medium-regular-weight);font-s
ize:var(--wcm-text-medium-regul
ar-size);line-height:var(--wcm-
text-medium-regular-line-height
);letter-spacing:var(--wcm-text
-medium-regular-letter-spacing)
;text-transform:var(--wcm-text-
medium-regular-text-transform)}
.wcm-big-bold{font-family:var(-
-wcm-text-big-bold-font-family)
;font-weight:var(--wcm-text-big
-bold-weight);font-size:var(--w
cm-text-big-bold-size);line-hei
ght:var(--wcm-text-big-bold-lin
e-height);letter-spacing:var(--
wcm-text-big-bold-letter-spacin
g);text-transform:var(--wcm-tex
t-big-bold-text-transform)}:hos
t(*){color:var(--wcm-color-fg-1
)}.wcm-color-primary{color:var(
--wcm-color-fg-1)}.wcm-color-se
condary{color:var(--wcm-color-f
g-2)}.wcm-color-tertiary{color:
var(--wcm-color-fg-3)}.wcm-colo
r-inverse{color:var(--wcm-accen
t-fill-color)}.wcm-color-accnt{
color:var(--wcm-accent-color)}.
wcm-color-error{color:var(--wcm
-error-color)}`[39m[33m;[39m
[36mvar[39m [33mKt[39m[33m
=[39m[33mObject[39m[33m.[3
9mdefineProperty[33m,[39m[33
mYt[39m[33m=[39m[33mObject
[39m[33m.[39mgetOwnPropertyDe
scriptor[33m,[39m[33mOe[39m
[33m=[39m(e[33m,[39mo[33m,
[39mr[33m,[39ma)[33m=>[39m
{[36mfor[39m([36mvar[39m t
[33m=[39ma[33m>[39m[35m1[3
9m[33m?[39m[36mvoid[39m [3
5m0[39m[33m:[39ma[33m?[39m
[33mYt[39m(o[33m,[39mr)[33
m:[39mo[33m,[39ml[33m=[39m
e[33m.[39mlength[33m-[39m[
35m1[39m[33m,[39mi[33m;[39
ml[33m>=[39m[35m0[39m[33m;
[39ml[33m--[39m)(i[33m=[39
me[l])[33m&&[39m(t[33m=[39m
(a[33m?[39mi(o[33m,[39mr[3
3m,[39mt)[33m:[39mi(t))[33m
||[39mt)[33m;[39m[36mreturn
[39m a[33m&&[39mt[33m&&[39
m[33mKt[39m(o[33m,[39mr[33
m,[39mt)[33m,[39mt}[33m;[3
9m[36mlet[39m 
re[33m=[39m[36mclass[39m 
[36mextends[39m w{constructor
(){[36msuper[39m([33m...[39
marguments)[33m,[39m[36mthis
[39m[33m.[39mvariant[33m=[
39m[32m"medium-regular"[39m[
33m,[39m[36mthis[39m[33m.[
39mcolor[33m=[39m[32m"primar
y"[39m}render(){[36mconst[39
m e[33m=[39m{[32m"wcm-big-bo
ld"[39m[33m:[39m[36mthis[3
9m[33m.[39mvariant[33m===[3
9m[32m"big-bold"[39m[33m,[3
9m[32m"wcm-medium-regular"[39
m[33m:[39m[36mthis[39m[33m
.[39mvariant[33m===[39m[32m
"medium-regular"[39m[33m,[39
m[32m"wcm-small-regular"[39m
[33m:[39m[36mthis[39m[33m.
[39mvariant[33m===[39m[32m"s
mall-regular"[39m[33m,[39m[
32m"wcm-small-thin"[39m[33m:
[39m[36mthis[39m[33m.[39mva
riant[33m===[39m[32m"small-t
hin"[39m[33m,[39m[32m"wcm-x
small-regular"[39m[33m:[39m
[36mthis[39m[33m.[39mvariant
[33m===[39m[32m"xsmall-regul
ar"[39m[33m,[39m[32m"wcm-xs
mall-bold"[39m[33m:[39m[36m
this[39m[33m.[39mvariant[33
m===[39m[32m"xsmall-bold"[39
m[33m,[39m[32m"wcm-color-pri
mary"[39m[33m:[39m[36mthis
[39m[33m.[39mcolor[33m===[3
9m[32m"primary"[39m[33m,[39
m[32m"wcm-color-secondary"[39
m[33m:[39m[36mthis[39m[33m
.[39mcolor[33m===[39m[32m"s
econdary"[39m[33m,[39m[32m"
wcm-color-tertiary"[39m[33m:
[39m[36mthis[39m[33m.[39mco
lor[33m===[39m[32m"tertiary"
[39m[33m,[39m[32m"wcm-color
-inverse"[39m[33m:[39m[36mt
his[39m[33m.[39mcolor[33m==
=[39m[32m"inverse"[39m[33m,
[39m[32m"wcm-color-accnt"[39
m[33m:[39m[36mthis[39m[33m
.[39mcolor[33m===[39m[32m"a
ccent"[39m[33m,[39m[32m"wcm
-color-error"[39m[33m:[39m[
36mthis[39m[33m.[39mcolor[3
3m===[39m[32m"error"[39m}[3
3m;[39m[36mreturn[39m 
n[32m`<span><slot class="${P(e
)}"></slot></span>`[39m}}[33m
;[39mre[33m.[39mstyles[33m=
[39m[h[33m.[39mglobalCss[33
m,[39m[33mQt[39m][33m,[39m
[33mOe[39m([d()][33m,[39mre
[33m.[39mprototype[33m,[39m
[32m"variant"[39m[33m,[39m
[35m2[39m)[33m,[39m[33mOe[
39m([d()][33m,[39mre[33m.[3
9mprototype[33m,[39m[32m"col
or"[39m[33m,[39m[35m2[39m)
[33m,[39mre[33m=[39m[33mOe
[39m([p([32m"wcm-text"[39m)]
[33m,[39mre)[33m;[39m[36mc
onst[39m [33mGt[39m[33m=[3
9mg[32m`button{width:100%;heig
ht:100%;border-radius:var(--wcm
-button-hover-highlight-border-
radius);display:flex;align-item
s:flex-start}button:active{back
ground-color:var(--wcm-color-ov
erlay)}@media(hover:hover){butt
on:hover{background-color:var(-
-wcm-color-overlay)}}button>div
{width:80px;padding:5px 0;displ
ay:flex;flex-direction:column;a
lign-items:center}wcm-text{widt
h:100%;white-space:nowrap;overf
low:hidden;text-overflow:ellips
is;text-align:center}wcm-wallet
-image{height:60px;width:60px;t
ransition:all .2s ease;border-r
adius:var(--wcm-wallet-icon-bor
der-radius);margin-bottom:5px}.
wcm-sublabel{margin-top:2px}`[
39m[33m;[39m[36mvar[39m [3
3mXt[39m[33m=[39m[33mObject
[39m[33m.[39mdefineProperty
[33m,[39m[33mJt[39m[33m=[3
9m[33mObject[39m[33m.[39mge
tOwnPropertyDescriptor[33m,[3
9m_[33m=[39m(e[33m,[39mo[3
3m,[39mr[33m,[39ma)[33m=>[
39m{[36mfor[39m([36mvar[39m
 t[33m=[39ma[33m>[39m[35m1
[39m[33m?[39m[36mvoid[39m 
[35m0[39m[33m:[39ma[33m?[
39m[33mJt[39m(o[33m,[39mr)
[33m:[39mo[33m,[39ml[33m=[
39me[33m.[39mlength[33m-[39
m[35m1[39m[33m,[39mi[33m;
[39ml[33m>=[39m[35m0[39m[3
3m;[39ml[33m--[39m)(i[33m=
[39me[l])[33m&&[39m(t[33m=[
39m(a[33m?[39mi(o[33m,[39mr
[33m,[39mt)[33m:[39mi(t))[
33m||[39mt)[33m;[39m[36mret
urn[39m a[33m&&[39mt[33m&&
[39m[33mXt[39m(o[33m,[39mr
[33m,[39mt)[33m,[39mt}[33m;
[39m[36mlet[39m [33mL[39m
[33m=[39m[36mclass[39m 
[36mextends[39m w{constructor
(){[36msuper[39m([33m...[39
marguments)[33m,[39m[36mthis
[39m[33m.[39monClick[33m=[
39m()[33m=>[39m[36mnull[39m
[33m,[39m[36mthis[39m[33m.
[39mname[33m=[39m[32m""[39
m[33m,[39m[36mthis[39m[33m
.[39mwalletId[33m=[39m[32m"
"[39m[33m,[39m[36mthis[39m
[33m.[39mlabel[33m=[39m[36
mvoid[39m [35m0[39m[33m,[3
9m[36mthis[39m[33m.[39mimag
eId[33m=[39m[36mvoid[39m [
35m0[39m[33m,[39m[36mthis[
39m[33m.[39minstalled[33m=[
39m[33m![39m[35m1[39m[33m,
[39m[36mthis[39m[33m.[39mr
ecent[33m=[39m[33m![39m[35
m1[39m}sublabelTemplate(){[36
mreturn[39m [36mthis[39m[33
m.[39mrecent[33m?[39mn[32m`
<wcm-text class="wcm-sublabel" 
variant="xsmall-bold" color="te
rtiary">RECENT</wcm-text>`[39m
[33m:[39m[36mthis[39m[33m.
[39minstalled[33m?[39mn[32m
`<wcm-text 
class="wcm-sublabel" 
variant="xsmall-bold" color="te
rtiary">INSTALLED</wcm-text>`[
39m[33m:[39m[36mnull[39m}ha
ndleClick(){[33mXe[39m[33m.
[39mclick({name[33m:[39m[32m
"WALLET_BUTTON"[39m[33m,[39m
walletId[33m:[39m[36mthis[3
9m[33m.[39mwalletId})[33m,[
39m[36mthis[39m[33m.[39monC
lick()}render(){[36mvar[39m 
e[33m;[39m[36mreturn[39m 
n[32m`<button @click="${this.h
andleClick.bind(this)}"><div><w
cm-wallet-image 
walletId="${this.walletId}" ima
geId="${k(this.imageId)}"></wcm
-wallet-image><wcm-text variant
="xsmall-regular">${(e=this.lab
el)!=null?e:c.getWalletName(thi
s.name,!0)}</wcm-text>${this.su
blabelTemplate()}</div></button
>`[39m}}[33m;[39m[33mL[39m
[33m.[39mstyles[33m=[39m[h
[33m.[39mglobalCss[33m,[39m
[33mGt[39m][33m,[39m_([d()]
[33m,[39m[33mL[39m[33m.[39
mprototype[33m,[39m[32m"onCl
ick"[39m[33m,[39m[35m2[39m
)[33m,[39m_([d()][33m,[39m
[33mL[39m[33m.[39mprototype
[33m,[39m[32m"name"[39m[33m
,[39m[35m2[39m)[33m,[39m_(
[d()][33m,[39m[33mL[39m[33
m.[39mprototype[33m,[39m[32
m"walletId"[39m[33m,[39m[35
m2[39m)[33m,[39m_([d()][33m
,[39m[33mL[39m[33m.[39mpro
totype[33m,[39m[32m"label"[
39m[33m,[39m[35m2[39m)[33m
,[39m_([d()][33m,[39m[33mL
[39m[33m.[39mprototype[33m,
[39m[32m"imageId"[39m[33m,[
39m[35m2[39m)[33m,[39m_([d(
{type[33m:[39m[33mBoolean[3
9m})][33m,[39m[33mL[39m[33
m.[39mprototype[33m,[39m[32
m"installed"[39m[33m,[39m[3
5m2[39m)[33m,[39m_([d({type
[33m:[39m[33mBoolean[39m})]
[33m,[39m[33mL[39m[33m.[39
mprototype[33m,[39m[32m"rece
nt"[39m[33m,[39m[35m2[39m)
[33m,[39m[33mL[39m[33m=[3
9m_([p([32m"wcm-wallet-button"
[39m)][33m,[39m[33mL[39m)
[33m;[39m[36mconst[39m eo[3
3m=[39mg[32m`:host{display:bl
ock}div{overflow:hidden;positio
n:relative;border-radius:inheri
t;width:100%;height:100%;backgr
ound-color:var(--wcm-color-over
lay)}svg{position:relative;widt
h:100%;height:100%}div::after{c
ontent:'';position:absolute;top
:0;bottom:0;left:0;right:0;bord
er-radius:inherit;border:1px 
solid 
var(--wcm-color-overlay)}div im
g{width:100%;height:100%;object
-fit:cover;object-position:cent
er}#wallet-placeholder-fill{fil
l:var(--wcm-color-bg-3)}#wallet
-placeholder-dash{stroke:var(--
wcm-color-overlay)}`[39m[33m;
[39m[36mvar[39m to[33m=[39
m[33mObject[39m[33m.[39mdef
ineProperty[33m,[39moo[33m=
[39m[33mObject[39m[33m.[39m
getOwnPropertyDescriptor[33m,
[39mse[33m=[39m(e[33m,[39mo
[33m,[39mr[33m,[39ma)[33m=
>[39m{[36mfor[39m([36mvar[
39m t[33m=[39ma[33m>[39m[3
5m1[39m[33m?[39m[36mvoid[3
9m [35m0[39m[33m:[39ma[33m
?[39moo(o[33m,[39mr)[33m:[
39mo[33m,[39ml[33m=[39me[3
3m.[39mlength[33m-[39m[35m1
[39m[33m,[39mi[33m;[39ml[
33m>=[39m[35m0[39m[33m;[39
ml[33m--[39m)(i[33m=[39me[l
])[33m&&[39m(t[33m=[39m(a[
33m?[39mi(o[33m,[39mr[33m,
[39mt)[33m:[39mi(t))[33m||[
39mt)[33m;[39m[36mreturn[39
m a[33m&&[39mt[33m&&[39mto(
o[33m,[39mr[33m,[39mt)[33m
,[39mt}[33m;[39m[36mlet[39
m [33mQ[39m[33m=[39m[36mcl
ass[39m [36mextends[39m w{co
nstructor(){[36msuper[39m([3
3m...[39marguments)[33m,[39m
[36mthis[39m[33m.[39mwallet
Id[33m=[39m[32m""[39m[33m,
[39m[36mthis[39m[33m.[39mi
mageId[33m=[39m[36mvoid[39m
 [35m0[39m[33m,[39m[36mthi
s[39m[33m.[39mimageUrl[33m=
[39m[36mvoid[39m [35m0[39m
}render(){[36mvar[39m 
e[33m;[39m[36mconst[39m o[
33m=[39m(e[33m=[39m[36mthis
[39m[33m.[39mimageUrl)[33m!
=[39m[36mnull[39m[33m&&[39
me[33m.[39mlength[33m?[39m
[36mthis[39m[33m.[39mimageUr
l[33m:[39mc[33m.[39mgetWall
etIcon({id[33m:[39m[36mthis
[39m[33m.[39mwalletId[33m,[
39mimage_id[33m:[39m[36mthis
[39m[33m.[39mimageId})[33m;
[39m[36mreturn[39m 
n[32m`${o.length?n`<div><img 
crossorigin="anonymous" 
src="${o}" alt="${this.id}"></d
iv>`:v.WALLET_PLACEHOLDER}`[39
m}}[33m;[39m[33mQ[39m[33m.
[39mstyles[33m=[39m[h[33m.
[39mglobalCss[33m,[39meo][33
m,[39mse([d()][33m,[39m[33m
Q[39m[33m.[39mprototype[33m
,[39m[32m"walletId"[39m[33m
,[39m[35m2[39m)[33m,[39mse
([d()][33m,[39m[33mQ[39m[3
3m.[39mprototype[33m,[39m[3
2m"imageId"[39m[33m,[39m[35
m2[39m)[33m,[39mse([d()][33
m,[39m[33mQ[39m[33m.[39mpr
ototype[33m,[39m[32m"imageUr
l"[39m[33m,[39m[35m2[39m)
[33m,[39m[33mQ[39m[33m=[39
mse([p([32m"wcm-wallet-image"
[39m)][33m,[39m[33mQ[39m)[
33m;[39m[36mvar[39m ro[33m=
[39m[33mObject[39m[33m.[39
mdefineProperty[33m,[39mao[3
3m=[39m[33mObject[39m[33m.
[39mgetOwnPropertyDescriptor[3
3m,[39mqe[33m=[39m(e[33m,[
39mo[33m,[39mr[33m,[39ma)[
33m=>[39m{[36mfor[39m([36mv
ar[39m t[33m=[39ma[33m>[39
m[35m1[39m[33m?[39m[36mvoi
d[39m [35m0[39m[33m:[39ma
[33m?[39mao(o[33m,[39mr)[33
m:[39mo[33m,[39ml[33m=[39m
e[33m.[39mlength[33m-[39m[
35m1[39m[33m,[39mi[33m;[39
ml[33m>=[39m[35m0[39m[33m;
[39ml[33m--[39m)(i[33m=[39
me[l])[33m&&[39m(t[33m=[39m
(a[33m?[39mi(o[33m,[39mr[3
3m,[39mt)[33m:[39mi(t))[33m
||[39mt)[33m;[39m[36mreturn
[39m a[33m&&[39mt[33m&&[39
mro(o[33m,[39mr[33m,[39mt)
[33m,[39mt}[33m;[39m[36mlet
[39m [33mWe[39m[33m=[39m[
36mclass[39m 
[36mextends[39m w{constructor
(){[36msuper[39m()[33m,[39m
[36mthis[39m[33m.[39mpreloa
d[33m=[39m[33m![39m[35m0[
39m[33m,[39m[36mthis[39m[3
3m.[39mpreloadData()}[36masyn
c[39m loadImages(e){[36mtry[
39m{e[33m!=[39m[36mnull[39m
[33m&&[39me[33m.[39mlength
[33m&&[39m[36mawait[39m [33
mPromise[39m[33m.[39mall(e[
33m.[39mmap([36masync[39m o
[33m=>[39mc[33m.[39mpreloadI
mage(o)))}[36mcatch[39m{conso
le[33m.[39minfo([32m"Unsucce
ssful attempt at preloading 
some images"[39m[33m,[39me)}
}[36masync[39m preloadListing
s(){[36mif[39m(z[33m.[39mst
ate[33m.[39menableExplorer){
[36mawait[39m [33mW[39m[33m
.[39mgetRecomendedWallets()[3
3m,[39m[33mR[39m[33m.[39ms
etIsDataLoaded([33m![39m[35m
0[39m)[33m;[39m[36mconst[3
9m{recomendedWallets[33m:[39m
e}[33m=[39m[33mW[39m[33m.
[39mstate[33m,[39mo[33m=[39
me[33m.[39mmap(r[33m=>[39mc
[33m.[39mgetWalletIcon(r))[3
3m;[39m[36mawait[39m [36mth
is[39m[33m.[39mloadImages(o)
}[36melse[39m [33mR[39m[33
m.[39msetIsDataLoaded([33m![
39m[35m0[39m)}[36masync[39m
 preloadCustomImages(){[36mcon
st[39m e[33m=[39mc[33m.[39
mgetCustomImageUrls()[33m;[39
m[36mawait[39m [36mthis[39m
[33m.[39mloadImages(e)}[36ma
sync[39m preloadData(){[36mtr
y[39m{[36mthis[39m[33m.[39
mpreload[33m&&[39m([36mthis
[39m[33m.[39mpreload[33m=[3
9m[33m![39m[35m1[39m[33m,
[39m[36mawait[39m [33mPromis
e[39m[33m.[39mall([[36mthis
[39m[33m.[39mpreloadListings
()[33m,[39m[36mthis[39m[33
m.[39mpreloadCustomImages()]))
}[36mcatch[39m(e){console[33
m.[39merror(e)[33m,[39m[33m
N[39m[33m.[39mopenToast([32
m"Failed preloading"[39m[33m,
[39m[32m"error"[39m)}}}[33m
;[39mqe([[33mI[39m()][33m,
[39m[33mWe[39m[33m.[39mprot
otype[33m,[39m[32m"preload"
[39m[33m,[39m[35m2[39m)[33
m,[39m[33mWe[39m[33m=[39mq
e([p([32m"wcm-explorer-context
"[39m)][33m,[39m[33mWe[39m
)[33m;[39m[36mvar[39m lo[3
3m=[39m[33mObject[39m[33m.
[39mdefineProperty[33m,[39mio
[33m=[39m[33mObject[39m[33
m.[39mgetOwnPropertyDescriptor
[33m,[39mno[33m=[39m(e[33m
,[39mo[33m,[39mr[33m,[39ma
)[33m=>[39m{[36mfor[39m([3
6mvar[39m t[33m=[39ma[33m>
[39m[35m1[39m[33m?[39m[36m
void[39m [35m0[39m[33m:[39
ma[33m?[39mio(o[33m,[39mr)
[33m:[39mo[33m,[39ml[33m=[
39me[33m.[39mlength[33m-[39
m[35m1[39m[33m,[39mi[33m;
[39ml[33m>=[39m[35m0[39m[3
3m;[39ml[33m--[39m)(i[33m=
[39me[l])[33m&&[39m(t[33m=[
39m(a[33m?[39mi(o[33m,[39mr
[33m,[39mt)[33m:[39mi(t))[
33m||[39mt)[33m;[39m[36mret
urn[39m a[33m&&[39mt[33m&&
[39mlo(o[33m,[39mr[33m,[39m
t)[33m,[39mt}[33m;[39m[36m
let[39m [33mQe[39m[33m=[39
m[36mclass[39m 
[36mextends[39m w{constructor
(){[36msuper[39m()[33m,[39m
[36mthis[39m[33m.[39munsubs
cribeTheme[33m=[39m[36mvoid
[39m [35m0[39m[33m,[39mh[3
3m.[39msetTheme()[33m,[39m[
36mthis[39m[33m.[39munsubscr
ibeTheme[33m=[39m[33mX[39m
[33m.[39msubscribe(h[33m.[39
msetTheme)}disconnectedCallback
(){[36mvar[39m e[33m;[39m(e
[33m=[39m[36mthis[39m[33m.
[39munsubscribeTheme)[33m==[
39m[36mnull[39m[33m||[39me
[33m.[39mcall([36mthis[39m)}
}[33m;[39m[33mQe[39m[33m=
[39mno([p([32m"wcm-theme-conte
xt"[39m)][33m,[39m[33mQe[3
9m)[33m;[39m[36mconst[39m 
co[33m=[39mg[32m`@keyframes 
scroll{0%{transform:translate3d
(0,0,0)}100%{transform:translat
e3d(calc(-70px * 9),0,0)}}.wcm-
slider{position:relative;overfl
ow-x:hidden;padding:10px 
0;margin:0 
-20px;width:calc(100% + 40px)}.
wcm-track{display:flex;width:ca
lc(70px * 18);animation:scroll 
20s linear 
infinite;opacity:.7}.wcm-track 
svg{margin:0 5px}wcm-wallet-ima
ge{width:60px;height:60px;margi
n:0 5px;border-radius:var(--wcm
-wallet-icon-border-radius)}.wc
m-grid{display:grid;grid-templa
te-columns:repeat(4,80px);justi
fy-content:space-between}.wcm-t
itle{display:flex;align-items:c
enter;margin-bottom:10px}.wcm-t
itle svg{margin-right:6px}.wcm-
title path{fill:var(--wcm-accen
t-color)}wcm-modal-footer 
.wcm-title{padding:0 10px}wcm-b
utton-big{position:absolute;top
:50%;left:50%;transform:transla
teY(-50%) translateX(-50%);filt
er:drop-shadow(0 0 17px var(--w
cm-color-bg-1))}wcm-info-footer
{flex-direction:column;align-it
ems:center;display:flex;width:1
00%;padding:5px 
0}wcm-info-footer wcm-text{text
-align:center;margin-bottom:15p
x}#wallet-placeholder-fill{fill
:var(--wcm-color-bg-3)}#wallet-
placeholder-dash{stroke:var(--w
cm-color-overlay)}`[39m[33m;
[39m[36mvar[39m so[33m=[39m
[33mObject[39m[33m.[39mdefi
neProperty[33m,[39mmo[33m=[
39m[33mObject[39m[33m.[39mg
etOwnPropertyDescriptor[33m,[
39mho[33m=[39m(e[33m,[39mo
[33m,[39mr[33m,[39ma)[33m=>
[39m{[36mfor[39m([36mvar[3
9m t[33m=[39ma[33m>[39m[35
m1[39m[33m?[39m[36mvoid[39
m [35m0[39m[33m:[39ma[33m?
[39mmo(o[33m,[39mr)[33m:[3
9mo[33m,[39ml[33m=[39me[33
m.[39mlength[33m-[39m[35m1
[39m[33m,[39mi[33m;[39ml[3
3m>=[39m[35m0[39m[33m;[39m
l[33m--[39m)(i[33m=[39me[l]
)[33m&&[39m(t[33m=[39m(a[3
3m?[39mi(o[33m,[39mr[33m,[
39mt)[33m:[39mi(t))[33m||[3
9mt)[33m;[39m[36mreturn[39m
 a[33m&&[39mt[33m&&[39mso(o
[33m,[39mr[33m,[39mt)[33m,
[39mt}[33m;[39m[36mlet[39m
 [33mIe[39m[33m=[39m[36mcl
ass[39m [36mextends[39m w{on
GoToQrcode(){x[33m.[39mpush(
[32m"Qrcode"[39m)}render(){[3
6mconst[39m{recomendedWallets
[33m:[39me}[33m=[39m[33mW[
39m[33m.[39mstate[33m,[39mo
[33m=[39m[[33m...[39me[33m
,[39m[33m...[39me][33m,[39
mr[33m=[39mm[33m.[39m[33mR
ECOMMENDED_WALLET_AMOUNT[39m[
33m*[39m[35m2[39m[33m;[39m
[36mreturn[39m 
n[32m`<wcm-modal-header 
title="Connect your wallet" .on
Action="${this.onGoToQrcode}" .
actionIcon="${v.QRCODE_ICON}"><
/wcm-modal-header><wcm-modal-co
ntent><div class="wcm-title">${
v.MOBILE_ICON}<wcm-text 
variant="small-regular" color="
accent">WalletConnect</wcm-text
></div><div 
class="wcm-slider"><div class="
wcm-track">${[...Array(r)].map(
(a,t)=>{const 
l=o[t%o.length];return 
l?n`<wcm-wallet-image 
walletId="${l.id}" imageId="${l
.image_id}"></wcm-wallet-image>
`:v.WALLET_PLACEHOLDER})}</div>
<wcm-button-big @click="${c.han
dleAndroidLinking}"><wcm-text 
variant="medium-regular" 
color="inverse">Select Wallet</
wcm-text></wcm-button-big></div
></wcm-modal-content><wcm-info-
footer><wcm-text 
color="secondary" 
variant="small-thin">Choose 
WalletConnect to see supported 
apps on your device</wcm-text><
/wcm-info-footer>`[39m}}[33m;
[39m[33mIe[39m[33m.[39msty
les[33m=[39m[h[33m.[39mglob
alCss[33m,[39mco][33m,[39m
[33mIe[39m[33m=[39mho([p([3
2m"wcm-android-wallet-selection
"[39m)][33m,[39m[33mIe[39m
)[33m;[39m[36mconst[39m 
wo[33m=[39mg[32m`@keyframes 
loading{to{stroke-dashoffset:0}
}@keyframes shake{10%,90%{trans
form:translate3d(-1px,0,0)}20%,
80%{transform:translate3d(1px,0
,0)}30%,50%,70%{transform:trans
late3d(-2px,0,0)}40%,60%{transf
orm:translate3d(2px,0,0)}}:host
{display:flex;flex-direction:co
lumn;align-items:center}div{pos
ition:relative;width:110px;heig
ht:110px;display:flex;justify-c
ontent:center;align-items:cente
r;margin:40px 0 20px 0;transfor
m:translate3d(0,0,0)}svg{positi
on:absolute;width:110px;height:
110px;fill:none;stroke:transpar
ent;stroke-linecap:round;stroke
-width:2px;top:0;left:0}use{str
oke:var(--wcm-accent-color);ani
mation:loading 1s linear infini
te}wcm-wallet-image{border-radi
us:var(--wcm-wallet-icon-large-
border-radius);width:90px;heigh
t:90px}wcm-text{margin-bottom:4
0px}.wcm-error svg{stroke:var(-
-wcm-error-color)}.wcm-error us
e{display:none}.wcm-error{anima
tion:shake .4s 
cubic-bezier(.36,.07,.19,.97) 
both}.wcm-stale svg,.wcm-stale 
use{display:none}`[39m[33m;[
39m[36mvar[39m po[33m=[39m
[33mObject[39m[33m.[39mdefin
eProperty[33m,[39mgo[33m=[3
9m[33mObject[39m[33m.[39mge
tOwnPropertyDescriptor[33m,[3
9m[33mK[39m[33m=[39m(e[33m
,[39mo[33m,[39mr[33m,[39ma
)[33m=>[39m{[36mfor[39m([3
6mvar[39m t[33m=[39ma[33m>
[39m[35m1[39m[33m?[39m[36m
void[39m [35m0[39m[33m:[39
ma[33m?[39mgo(o[33m,[39mr)
[33m:[39mo[33m,[39ml[33m=[
39me[33m.[39mlength[33m-[39
m[35m1[39m[33m,[39mi[33m;
[39ml[33m>=[39m[35m0[39m[3
3m;[39ml[33m--[39m)(i[33m=
[39me[l])[33m&&[39m(t[33m=[
39m(a[33m?[39mi(o[33m,[39mr
[33m,[39mt)[33m:[39mi(t))[
33m||[39mt)[33m;[39m[36mret
urn[39m a[33m&&[39mt[33m&&
[39mpo(o[33m,[39mr[33m,[39m
t)[33m,[39mt}[33m;[39m[36m
let[39m [33mD[39m[33m=[39m
[36mclass[39m 
[36mextends[39m w{constructor
(){[36msuper[39m([33m...[39
marguments)[33m,[39m[36mthis
[39m[33m.[39mwalletId[33m=
[39m[36mvoid[39m [35m0[39m
[33m,[39m[36mthis[39m[33m.
[39mimageId[33m=[39m[36mvoid
[39m [35m0[39m[33m,[39m[3
6mthis[39m[33m.[39misError[
33m=[39m[33m![39m[35m1[39m
[33m,[39m[36mthis[39m[33m.
[39misStale[33m=[39m[33m![
39m[35m1[39m[33m,[39m[36mt
his[39m[33m.[39mlabel[33m=
[39m[32m""[39m}svgLoaderTempl
ate(){[36mvar[39m e[33m,[39
mo[33m;[39m[36mconst[39m r
[33m=[39m(o[33m=[39m(e[33m=
[39m[33mX[39m[33m.[39mstat
e[33m.[39mthemeVariables)[33
m==[39m[36mnull[39m[33m?[3
9m[36mvoid[39m [35m0[39m[3
3m:[39me[[32m"--wcm-wallet-ic
on-large-border-radius"[39m])
[33m!=[39m[36mnull[39m[33m?
[39mo[33m:[39mh[33m.[39mge
tPreset([32m"--wcm-wallet-icon
-large-border-radius"[39m)[33
m;[39m[36mlet[39m a[33m=[3
9m[35m0[39m[33m;[39mr[33m.
[39mincludes([32m"%"[39m)[3
3m?[39ma[33m=[39m[35m88[39
m[35m/100*parseInt(r,10):a=par
seInt(r,10),a*=1.17;const t=317
-a*1.57,l=425-a*1.8;return 
n`<svg viewBox="0 0 110 110" 
width="110" height="110"><rect 
id="wcm-loader" x="2" y="2" 
width="106" height="106" rx="${
a}"/[39m[33m>[39m[33m<[39m
[33muse[39m xlink[33m:[39mh
ref[33m=[39m[32m"#wcm-loader
"[39m stroke[33m-[39mdasharr
ay[33m=[39m[32m"106 
${t}"[39m stroke[33m-[39mdas
hoffset[33m=[39m[32m"${l}"[
39m[33m>[39m[33m<[39m[33m/
[39m[33muse[39m[33m>[39m[
33m<[39m[33m/[39m[33msvg[3
9m[33m>[39m[32m`}render(){co
nst e={"wcm-error":this.isError
,"wcm-stale":this.isStale};retu
rn n`[39m[33m<[39m[33mdiv[
39m [36mclass[39m[33m=[39m
[32m"${P(e)}"[39m[33m>[39m${
[36mthis[39m[33m.[39msvgLoa
derTemplate()}[33m<[39m[33mw
cm[39m[33m-[39mwallet[33m-
[39mimage walletId[33m=[39m[
32m"${k(this.walletId)}"[39m i
mageId[33m=[39m[32m"${k(this
.imageId)}"[39m[33m>[39m[33
m<[39m[33m/[39m[33mwcm[39m
[33m-[39mwallet[33m-[39mima
ge[33m>[39m[33m<[39m[33m/
[39m[33mdiv[39m[33m>[39m[3
3m<[39m[33mwcm[39m[33m-[39
mtext variant[33m=[39m[32m"m
edium-regular"[39m color[33m=
[39m[32m"${this.isError?"[39
merror[32m":"[39mprimary[32m
"}"[39m[33m>[39m${[36mthis
[39m[33m.[39misError[33m?[3
9m[32m"Connection declined"[3
9m[33m:[39m[36mthis[39m[33
m.[39mlabel}[33m<[39m[33m/
[39m[33mwcm[39m[33m-[39mtex
t[33m>[39m[32m`}};D.styles=[
h.globalCss,wo],K([d()],D.proto
type,"walletId",2),K([d()],D.pr
ototype,"imageId",2),K([d({type
:Boolean})],D.prototype,"isErro
r",2),K([d({type:Boolean})],D.p
rototype,"isStale",2),K([d()],D
.prototype,"label",2),D=K([p("w
cm-connector-waiting")],D);cons
t G={manualWallets(){var e,o;co
nst{mobileWallets:r,desktopWall
ets:a}=z.state,t=(e=G.recentWal
let())==null?void 0:e.id,l=m.is
Mobile()?r:a,i=l?.filter(s=>t!=
=s.id);return(o=m.isMobile()?i?
.map(({id:s,name:$,links:f})=>(
{id:s,name:$,mobile:f,links:f})
):i?.map(({id:s,name:$,links:f}
)=>({id:s,name:$,desktop:f,link
s:f})))!=null?o:[]},recentWalle
t(){return c.getRecentWallet()}
,recomendedWallets(e=!1){var 
o;const r=e||(o=G.recentWallet(
))==null?void 0:o.id,{recomende
dWallets:a}=W.state;return a.fi
lter(t=>r!==t.id)}},Z={onConnec
ting(e){c.goToConnectingView(e)
},manualWalletsTemplate(){retur
n G.manualWallets().map(e=>n`[
39m[33m<[39m[33mwcm[39m[33
m-[39mwallet[33m-[39mbutton 
walletId[33m=[39m[32m"${e.id
}"[39m name[33m=[39m[32m"${
e.name}"[39m [33m.[39monClic
k[33m=[39m[32m"${()=>this.on
Connecting(e)}"[39m[33m>[39m
[33m<[39m[33m/[39m[33mwcm
[39m[33m-[39mwallet[33m-[39
mbutton[33m>[39m[32m`)},reco
mendedWalletsTemplate(e=!1){ret
urn G.recomendedWallets(e).map(
o=>n`[39m[33m<[39m[33mwcm[
39m[33m-[39mwallet[33m-[39m
button name[33m=[39m[32m"${o
.name}"[39m walletId[33m=[39
m[32m"${o.id}"[39m imageId[3
3m=[39m[32m"${o.image_id}"[3
9m [33m.[39monClick[33m=[39
m[32m"${()=>this.onConnecting(
o)}"[39m[33m>[39m[33m<[39m
[33m/[39m[33mwcm[39m[33m-
[39mwallet[33m-[39mbutton[33
m>[39m[32m`)},recentWalletTem
plate(){const 
e=G.recentWallet();if(e)return 
n`[39m[33m<[39m[33mwcm[39m
[33m-[39mwallet[33m-[39mbut
ton name[33m=[39m[32m"${e.na
me}"[39m walletId[33m=[39m[
32m"${e.id}"[39m imageId[33m=
[39m[32m"${k(e.image_id)}"[3
9m [33m.[39mrecent[33m=[39m
[32m"${!0}"[39m [33m.[39mon
Click[33m=[39m[32m"${()=>thi
s.onConnecting(e)}"[39m[33m>
[39m[33m<[39m[33m/[39m[33m
wcm[39m[33m-[39mwallet[33m-
[39mbutton[33m>[39m[32m`}},
vo=g`[39m[33m.[39mwcm[33m-
[39mgrid{display[33m:[39mgrid
[33m;[39mgrid[33m-[39mtempl
ate[33m-[39mcolumns[33m:[39
mrepeat([35m4[39m[33m,[39m
[35m80[39mpx)[33m;[39mjustif
y[33m-[39mcontent[33m:[39ms
pace[33m-[39mbetween}[33m.[
39mwcm[33m-[39mdesktop[33m-
[39mtitle[33m,[39m[33m.[39m
wcm[33m-[39mmobile[33m-[39m
title{display[33m:[39mflex[3
3m;[39malign[33m-[39mitems[
33m:[39mcenter}[33m.[39mwcm
[33m-[39mmobile[33m-[39mtitl
e{justify[33m-[39mcontent[33
m:[39mspace[33m-[39mbetween
[33m;[39mmargin[33m-[39mbott
om[33m:[39m[35m20[39mpx[33
m;[39mmargin[33m-[39mtop[33
m:[39m[33m-[39m[35m10[39mp
x}[33m.[39mwcm[33m-[39mdesk
top[33m-[39mtitle{margin[33m
-[39mbottom[33m:[39m[35m10
[39mpx[33m;[39mpadding[33m:
[39m[35m0[39m [35m10[39mpx}
[33m.[39mwcm[33m-[39msubtit
le{display[33m:[39mflex[33m;
[39malign[33m-[39mitems[33m
:[39mcenter}[33m.[39mwcm[33
m-[39msubtitle[33m:[39mlast
[33m-[39mchild path{fill[33m:
[39m[36mvar[39m([33m--[39m
wcm[33m-[39mcolor[33m-[39mf
g[33m-[39m[35m3[39m)}[33m.
[39mwcm[33m-[39mdesktop[33m
-[39mtitle svg[33m,[39m[33m
.[39mwcm[33m-[39mmobile[33m
-[39mtitle svg{margin[33m-[3
9mright[33m:[39m[35m6[39mpx
}[33m.[39mwcm[33m-[39mdeskt
op[33m-[39mtitle path[33m,[
39m[33m.[39mwcm[33m-[39mmob
ile[33m-[39mtitle path{fill[
33m:[39m[36mvar[39m([33m--
[39mwcm[33m-[39maccent[33m-
[39mcolor)}[32m`;var uo=Object
.defineProperty,bo=Object.getOw
nPropertyDescriptor,fo=(e,o,r,a
)=>{for(var t=a>1?void 0:a?bo(o
,r):o,l=e.length-1,i;l>=0;l--)(
i=e[l])&&(t=(a?i(o,r,t):i(t))||
t);return 
a&&t&&uo(o,r,t),t};let 
Ee=class extends w{render(){con
st{explorerExcludedWalletIds:e,
enableExplorer:o}=z.state,r=e!=
="ALL"&&o,a=Z.manualWalletsTemp
late(),t=Z.recomendedWalletsTem
plate();let l=[Z.recentWalletTe
mplate(),...a,...t];l=l.filter(
Boolean);const 
i=l.length>4||r;let s=[];i?s=l.
slice(0,3):s=l;const 
$=Boolean(s.length);return n`[
39m[33m<[39m[33mwcm[39m[33
m-[39mmodal[33m-[39mheader 
[33m.[39mborder[33m=[39m[32
m"${!0}"[39m 
title[33m=[39m[32m"Connect 
your wallet"[39m [33m.[39mon
Action[33m=[39m[32m"${c.hand
leUriCopy}"[39m [33m.[39mact
ionIcon[33m=[39m[32m"${v.COP
Y_ICON}"[39m[33m>[39m[33m<
[39m[33m/[39m[33mwcm[39m[3
3m-[39mmodal[33m-[39mheader
[33m>[39m[33m<[39m[33mwcm[
39m[33m-[39mmodal[33m-[39mc
ontent[33m>[39m[33m<[39m[3
3mdiv[39m [36mclass[39m[33m
=[39m[32m"wcm-mobile-title"[
39m[33m>[39m[33m<[39m[33md
iv[39m [36mclass[39m[33m=[
39m[32m"wcm-subtitle"[39m[33
m>[39m${v[33m.[39m[33mMOBIL
E_ICON[39m}[33m<[39m[33mwcm
[39m[33m-[39mtext variant[3
3m=[39m[32m"small-regular"[3
9m color[33m=[39m[32m"accent
"[39m[33m>[39m[33mMobile[3
9m[33m<[39m[33m/[39m[33mwc
m[39m[33m-[39mtext[33m>[39
m[33m<[39m[33m/[39m[33mdiv
[39m[33m>[39m[33m<[39m[33
mdiv[39m [36mclass[39m[33m=
[39m[32m"wcm-subtitle"[39m[
33m>[39m${v[33m.[39m[33mSCA
N_ICON[39m}[33m<[39m[33mwcm
[39m[33m-[39mtext variant[3
3m=[39m[32m"small-regular"[3
9m color[33m=[39m[32m"second
ary"[39m[33m>[39m[33mScan[
39m [36mwith[39m your wallet
[33m<[39m[33m/[39m[33mwcm[
39m[33m-[39mtext[33m>[39m[
33m<[39m[33m/[39m[33mdiv[3
9m[33m>[39m[33m<[39m[33m/
[39m[33mdiv[39m[33m>[39m[3
3m<[39m[33mwcm[39m[33m-[39
mwalletconnect[33m-[39mqr[33
m>[39m[33m<[39m[33m/[39m[
33mwcm[39m[33m-[39mwalletcon
nect[33m-[39mqr[33m>[39m[3
3m<[39m[33m/[39m[33mwcm[39
m[33m-[39mmodal[33m-[39mcon
tent[33m>[39m${$[33m?[39mn
[32m`<wcm-modal-footer><div cla
ss="wcm-desktop-title">${v.DESK
TOP_ICON}<wcm-text 
variant="small-regular" color="
accent">Desktop</wcm-text></div
><div class="wcm-grid">${s} ${i
?n`<wcm-view-all-wallets-button
></wcm-view-all-wallets-button>
`:null}</div></wcm-modal-footer
>`[39m[33m:[39m[36mnull[39
m}[32m`}};Ee.styles=[h.globalC
ss,vo],Ee=fo([p("wcm-desktop-wa
llet-selection")],Ee);const xo=
g`[39mdiv{background[33m-[39
mcolor[33m:[39m[36mvar[39m(
[33m--[39mwcm[33m-[39mcolor
[33m-[39mbg[33m-[39m[35m2
[39m)[33m;[39mpadding[33m:[
39m[35m10[39mpx 
[35m20[39mpx [35m15[39mpx 
[35m20[39mpx[33m;[39mborder
[33m-[39mtop[33m:[39m[35m1
[39mpx solid [36mvar[39m([33
m--[39mwcm[33m-[39mcolor[33
m-[39mbg[33m-[39m[35m3[39m
)[33m;[39mtext[33m-[39malig
n[33m:[39mcenter}a{color[33m
:[39m[36mvar[39m([33m--[39
mwcm[33m-[39maccent[33m-[39
mcolor)[33m;[39mtext[33m-[3
9mdecoration[33m:[39mnone[33
m;[39mtransition[33m:[39mopa
city [35m.2[39ms ease[33m-[
39m[36min[39m[33m-[39mout[
33m;[39mdisplay[33m:[39minli
ne}a[33m:[39mactive{opacity[
33m:[39m[35m.8[39m}[33m@[3
9mmedia(hover[33m:[39mhover){
a[33m:[39mhover{opacity[33m:
[39m[35m.8[39m}}[32m`;var y
o=Object.defineProperty,$o=Obje
ct.getOwnPropertyDescriptor,Co=
(e,o,r,a)=>{for(var t=a>1?void 
0:a?$o(o,r):o,l=e.length-1,i;l>
=0;l--)(i=e[l])&&(t=(a?i(o,r,t)
:i(t))||t);return 
a&&t&&yo(o,r,t),t};let 
Me=class extends w{render(){con
st{termsOfServiceUrl:e,privacyP
olicyUrl:o}=z.state;return e??o
?n`[39m[33m<[39m[33mdiv[39
m[33m>[39m[33m<[39m[33mwcm
[39m[33m-[39mtext variant[3
3m=[39m[32m"small-regular"[3
9m color[33m=[39m[32m"second
ary"[39m[33m>[39m[33mBy[39
m connecting your wallet to 
[36mthis[39m app[33m,[39m 
you agree to the app[32m's 
${e?n`<a href="${e}" 
target="_blank" rel="noopener 
noreferrer">Terms of 
Service</a>`:null} 
${e&&o?"and":null} ${o?n`<a 
href="${o}" target="_blank" 
rel="noopener 
noreferrer">Privacy Policy</a>`
:null}</wcm-text></div>`:null}}
;Me.styles=[h.globalCss,xo],Me=
Co([p("wcm-legal-notice")],Me);
const ko=g`div{display:grid;gri
d-template-columns:repeat(4,80p
x);margin:0 -10px;justify-conte
nt:space-between;row-gap:10px}`
;var Oo=Object.defineProperty,W
o=Object.getOwnPropertyDescript
or,Io=(e,o,r,a)=>{for(var 
t=a>1?void 0:a?Wo(o,r):o,l=e.le
ngth-1,i;l>=0;l--)(i=e[l])&&(t=
(a?i(o,r,t):i(t))||t);return 
a&&t&&Oo(o,r,t),t};let 
Le=class extends w{onQrcode(){x
.push("Qrcode")}render(){const{
explorerExcludedWalletIds:e,ena
bleExplorer:o}=z.state,r=e!=="A
LL"&&o,a=Z.manualWalletsTemplat
e(),t=Z.recomendedWalletsTempla
te();let l=[Z.recentWalletTempl
ate(),...a,...t];l=l.filter(Boo
lean);const 
i=l.length>8||r;let s=[];i?s=l.
slice(0,7):s=l;const 
$=Boolean(s.length);return 
n`<wcm-modal-header 
title="Connect your wallet" 
.onAction="${this.onQrcode}" .a
ctionIcon="${v.QRCODE_ICON}"></
wcm-modal-header>${$?n`<wcm-mod
al-content><div>${s} ${i?n`<wcm
-view-all-wallets-button></wcm-
view-all-wallets-button>`:null}
</div></wcm-modal-content>`:nul
l}`}};Le.styles=[h.globalCss,ko
],Le=Io([p("wcm-mobile-wallet-s
election")],Le);const Eo=g`:hos
t{all:initial}.wcm-overlay{top:
0;bottom:0;left:0;right:0;posit
ion:fixed;z-index:var(--wcm-z-i
ndex);overflow:hidden;display:f
lex;justify-content:center;alig
n-items:center;opacity:0;pointe
r-events:none;background-color:
var(--wcm-overlay-background-co
lor);backdrop-filter:var(--wcm-
overlay-backdrop-filter)}@media
(max-height:720px) and (orienta
tion:landscape){.wcm-overlay{ov
erflow:scroll;align-items:flex-
start;padding:20px 0}}.wcm-acti
ve{pointer-events:auto}.wcm-con
tainer{position:relative;max-wi
dth:360px;width:100%;outline:0;
border-radius:var(--wcm-backgro
und-border-radius) var(--wcm-ba
ckground-border-radius) var(--w
cm-container-border-radius) var
(--wcm-container-border-radius)
;border:1px solid var(--wcm-col
or-overlay);overflow:hidden}.wc
m-card{width:100%;position:rela
tive;border-radius:var(--wcm-co
ntainer-border-radius);overflow
:hidden;box-shadow:0 6px 14px 
-6px rgba(10,16,31,.12),0 10px 
32px -4px rgba(10,16,31,.1),0 
0 0 1px var(--wcm-color-overlay
);background-color:var(--wcm-co
lor-bg-1);color:var(--wcm-color
-fg-1)}@media(max-width:600px){
.wcm-container{max-width:440px;
border-radius:var(--wcm-backgro
und-border-radius) var(--wcm-ba
ckground-border-radius) 0 0}.wc
m-card{border-radius:var(--wcm-
container-border-radius) var(--
wcm-container-border-radius) 0 
0}.wcm-overlay{align-items:flex
-end}}@media(max-width:440px){.
wcm-container{border:0}}`;var M
o=Object.defineProperty,Lo=Obje
ct.getOwnPropertyDescriptor,Re=
(e,o,r,a)=>{for(var t=a>1?void 
0:a?Lo(o,r):o,l=e.length-1,i;l>
=0;l--)(i=e[l])&&(t=(a?i(o,r,t)
:i(t))||t);return 
a&&t&&Mo(o,r,t),t};let 
ae=class extends w{constructor(
){super(),this.open=!1,this.act
ive=!1,this.unsubscribeModal=vo
id 0,this.abortController=void 
0,this.unsubscribeModal=ge.subs
cribe(e=>{e.open?this.onOpenMod
alEvent():this.onCloseModalEven
t()})}disconnectedCallback(){va
r e;(e=this.unsubscribeModal)==
null||e.call(this)}get 
overlayEl(){return c.getShadowR
ootElement(this,".wcm-overlay")
}get containerEl(){return c.get
ShadowRootElement(this,".wcm-co
ntainer")}toggleBodyScroll(e){i
f(document.querySelector("body"
))if(e){const o=document.getEle
mentById("wcm-styles");o?.remov
e()}else document.head.insertAd
jacentHTML("beforeend",'[39m[
33m<[39m[33mstyle[39m id[33
m=[39m[32m"wcm-styles"[39m[
33m>[39mhtml[33m,[39mbody{to
uch[33m-[39maction[33m:[39m
none[33m;[39moverflow[33m:[
39mhidden[33m;[39moverscroll
[33m-[39mbehavior[33m:[39mco
ntain[33m;[39m}[33m<[39m[3
3m/[39m[33mstyle[39m[33m>[
39m[32m')}onCloseModal(e){e.ta
rget===e.currentTarget&&ge.clos
e()}onOpenModalEvent(){this.tog
gleBodyScroll(!1),this.addKeybo
ardEvents(),this.open=!0,setTim
eout(async()=>{const e=c.isMobi
leAnimation()?{y:["50vh","0vh"]
}:{scale:[.98,1]},o=.1,r=.2;awa
it Promise.all([H(this.overlayE
l,{opacity:[0,1]},{delay:o,dura
tion:r}).finished,H(this.contai
nerEl,e,{delay:o,duration:r}).f
inished]),this.active=!0},0)}as
ync onCloseModalEvent(){this.to
ggleBodyScroll(!0),this.removeK
eyboardEvents();const e=c.isMob
ileAnimation()?{y:["0vh","50vh"
]}:{scale:[1,.98]},o=.2;await P
romise.all([H(this.overlayEl,{o
pacity:[1,0]},{duration:o}).fin
ished,H(this.containerEl,e,{dur
ation:o}).finished]),this.conta
inerEl.removeAttribute("style")
,this.active=!1,this.open=!1}ad
dKeyboardEvents(){this.abortCon
troller=new AbortController,win
dow.addEventListener("keydown",
e=>{var o;e.key==="Escape"?ge.c
lose():e.key==="Tab"&&((o=e.tar
get)!=null&&o.tagName.includes(
"wcm-")||this.containerEl.focus
())},this.abortController),this
.containerEl.focus()}removeKeyb
oardEvents(){var e;(e=this.abor
tController)==null||e.abort(),t
his.abortController=void 
0}render(){const e={"wcm-overla
y":!0,"wcm-active":this.active}
;return n`<wcm-explorer-context
></wcm-explorer-context><wcm-th
eme-context></wcm-theme-context
><div id="wcm-modal" 
class="${P(e)}" 
@click="${this.onCloseModal}" 
role="alertdialog" 
aria-modal="true"><div 
class="wcm-container" tabindex=
"0">${this.open?n`<wcm-modal-ba
ckcard></wcm-modal-backcard><di
v class="wcm-card"><wcm-modal-r
outer></wcm-modal-router><wcm-m
odal-toast></wcm-modal-toast></
div>`:null}</div></div>`}};ae.s
tyles=[h.globalCss,Eo],Re([I()]
,ae.prototype,"open",2),Re([I()
],ae.prototype,"active",2),ae=R
e([p("wcm-modal")],ae);const Ro
=g`div{display:flex;margin-top:
15px}slot{display:inline-block;
margin:0 
5px}wcm-button{margin:0 
5px}`;var Ao=Object.definePrope
rty,Po=Object.getOwnPropertyDes
criptor,le=(e,o,r,a)=>{for(var 
t=a>1?void 0:a?Po(o,r):o,l=e.le
ngth-1,i;l>=0;l--)(i=e[l])&&(t=
(a?i(o,r,t):i(t))||t);return 
a&&t&&Ao(o,r,t),t};let B=class 
extends w{constructor(){super(.
..arguments),this.isMobile=!1,t
his.isDesktop=!1,this.isWeb=!1,
this.isRetry=!1}onMobile(){m.is
Mobile()?x.replace("MobileConne
cting"):x.replace("MobileQrcode
Connecting")}onDesktop(){x.repl
ace("DesktopConnecting")}onWeb(
){x.replace("WebConnecting")}re
nder(){return n`<div>${this.isR
etry?n`<slot></slot>`:null} 
${this.isMobile?n`<wcm-button 
.onClick="${this.onMobile}" 
.iconLeft="${v.MOBILE_ICON}" va
riant="outline">Mobile</wcm-but
ton>`:null} 
${this.isDesktop?n`<wcm-button 
.onClick="${this.onDesktop}" 
.iconLeft="${v.DESKTOP_ICON}" v
ariant="outline">Desktop</wcm-b
utton>`:null} 
${this.isWeb?n`<wcm-button 
.onClick="${this.onWeb}" 
.iconLeft="${v.GLOBE_ICON}" var
iant="outline">Web</wcm-button>
`:null}</div>`}};B.styles=[h.gl
obalCss,Ro],le([d({type:Boolean
})],B.prototype,"isMobile",2),l
e([d({type:Boolean})],B.prototy
pe,"isDesktop",2),le([d({type:B
oolean})],B.prototype,"isWeb",2
),le([d({type:Boolean})],B.prot
otype,"isRetry",2),B=le([p("wcm
-platform-selection")],B);const
 To=g`button{display:flex;flex-
direction:column;padding:5px 10
px;border-radius:var(--wcm-butt
on-hover-highlight-border-radiu
s);height:100%;justify-content:
flex-start}.wcm-icons{width:60p
x;height:60px;display:flex;flex
-wrap:wrap;padding:7px;border-r
adius:var(--wcm-wallet-icon-bor
der-radius);justify-content:spa
ce-between;align-items:center;m
argin-bottom:5px;background-col
or:var(--wcm-color-bg-2);box-sh
adow:inset 0 0 0 1px var(--wcm-
color-overlay)}button:active{ba
ckground-color:var(--wcm-color-
overlay)}@media(hover:hover){bu
tton:hover{background-color:var
(--wcm-color-overlay)}}.wcm-ico
ns img{width:21px;height:21px;o
bject-fit:cover;object-position
:center;border-radius:calc(var(
--wcm-wallet-icon-border-radius
)/ 2);border:1px solid var(--wc
m-color-overlay)}.wcm-icons svg
{width:21px;height:21px}.wcm-ic
ons 
img:nth-child(1),.wcm-icons 
img:nth-child(2),.wcm-icons 
svg:nth-child(1),.wcm-icons svg
:nth-child(2){margin-bottom:4px
}wcm-text{width:100%;text-align
:center}#wallet-placeholder-fil
l{fill:var(--wcm-color-bg-3)}#w
allet-placeholder-dash{stroke:v
ar(--wcm-color-overlay)}`;var j
o=Object.defineProperty,_o=Obje
ct.getOwnPropertyDescriptor,Do=
(e,o,r,a)=>{for(var t=a>1?void 
0:a?_o(o,r):o,l=e.length-1,i;l>
=0;l--)(i=e[l])&&(t=(a?i(o,r,t)
:i(t))||t);return 
a&&t&&jo(o,r,t),t};let 
Ae=class extends w{onClick(){x.
push("WalletExplorer")}render()
{const{recomendedWallets:e}=W.s
tate,o=G.manualWallets(),r=[...
e,...o].reverse().slice(0,4);re
turn n`<button 
@click="${this.onClick}"><div c
lass="wcm-icons">${r.map(a=>{co
nst t=c.getWalletIcon(a);if(t)r
eturn n`<img 
crossorigin="anonymous" 
src="${t}">`;const l=c.getWalle
tIcon({id:a.id});return 
l?n`<img 
crossorigin="anonymous" src="${
l}">`:v.WALLET_PLACEHOLDER})} $
{[...Array(4-r.length)].map(()=
>v.WALLET_PLACEHOLDER)}</div><w
cm-text 
variant="xsmall-regular">View A
ll</wcm-text></button>`}};Ae.st
yles=[h.globalCss,To],Ae=Do([p(
"wcm-view-all-wallets-button")]
,Ae);const No=g`.wcm-qr-contain
er{width:100%;display:flex;just
ify-content:center;align-items:
center;aspect-ratio:1/1}`;var Z
o=Object.defineProperty,So=Obje
ct.getOwnPropertyDescriptor,de=
(e,o,r,a)=>{for(var t=a>1?void 
0:a?So(o,r):o,l=e.length-1,i;l>
=0;l--)(i=e[l])&&(t=(a?i(o,r,t)
:i(t))||t);return 
a&&t&&Zo(o,r,t),t};let Y=class 
extends w{constructor(){super()
,this.walletId="",this.imageId=
"",this.uri="",setTimeout(()=>{
const{walletConnectUri:e}=R.sta
te;this.uri=e},0)}get 
overlayEl(){return c.getShadowR
ootElement(this,".wcm-qr-contai
ner")}render(){return n`<div cl
ass="wcm-qr-container">${this.u
ri?n`<wcm-qrcode size="${this.o
verlayEl.offsetWidth}" 
uri="${this.uri}" 
walletId="${k(this.walletId)}" 
imageId="${k(this.imageId)}"></
wcm-qrcode>`:n`<wcm-spinner></w
cm-spinner>`}</div>`}};Y.styles
=[h.globalCss,No],de([d()],Y.pr
ototype,"walletId",2),de([d()],
Y.prototype,"imageId",2),de([I(
)],Y.prototype,"uri",2),Y=de([p
("wcm-walletconnect-qr")],Y);va
r Bo=Object.defineProperty,Uo=O
bject.getOwnPropertyDescriptor,
Ho=(e,o,r,a)=>{for(var 
t=a>1?void 0:a?Uo(o,r):o,l=e.le
ngth-1,i;l>=0;l--)(i=e[l])&&(t=
(a?i(o,r,t):i(t))||t);return 
a&&t&&Bo(o,r,t),t};let 
Pe=class extends 
w{viewTemplate(){return m.isAnd
roid()?n`<wcm-android-wallet-se
lection></wcm-android-wallet-se
lection>`:m.isMobile()?n`<wcm-m
obile-wallet-selection></wcm-mo
bile-wallet-selection>`:n`<wcm-
desktop-wallet-selection></wcm-
desktop-wallet-selection>`}rend
er(){return n`${this.viewTempla
te()}<wcm-legal-notice></wcm-le
gal-notice>`}};Pe.styles=[h.glo
balCss],Pe=Ho([p("wcm-connect-w
allet-view")],Pe);const zo=g`wc
m-info-footer{flex-direction:co
lumn;align-items:center;display
:flex;width:100%;padding:5px 0}
wcm-text{text-align:center}`;va
r Vo=Object.defineProperty,Fo=O
bject.getOwnPropertyDescriptor,
Ke=(e,o,r,a)=>{for(var 
t=a>1?void 0:a?Fo(o,r):o,l=e.le
ngth-1,i;l>=0;l--)(i=e[l])&&(t=
(a?i(o,r,t):i(t))||t);return 
a&&t&&Vo(o,r,t),t};let 
me=class extends w{constructor(
){super(),this.isError=!1,this.
openDesktopApp()}onFormatAndRed
irect(e){const{desktop:o,name:r
}=m.getWalletRouterData(),a=o?.
native;if(a){const t=m.formatNa
tiveUrl(a,e,r);m.openHref(t,"_s
elf")}}openDesktopApp(){const{w
alletConnectUri:e}=R.state,o=m.
getWalletRouterData();c.setRece
ntWallet(o),e&&this.onFormatAnd
Redirect(e)}render(){const{name
:e,id:o,image_id:r}=m.getWallet
RouterData(),{isMobile:a,isWeb:
t}=c.getCachedRouterWalletPlatf
orms();return 
n`<wcm-modal-header 
title="${e}" 
.onAction="${c.handleUriCopy}" 
.actionIcon="${v.COPY_ICON}"></
wcm-modal-header><wcm-modal-con
tent><wcm-connector-waiting 
walletId="${o}" 
imageId="${k(r)}" 
label="${`Continue in 
${e}...`}" .isError="${this.isE
rror}"></wcm-connector-waiting>
</wcm-modal-content><wcm-info-f
ooter><wcm-text 
color="secondary" variant="smal
l-thin">${`Connection can 
continue loading if ${e} is 
not installed on your device`}<
/wcm-text><wcm-platform-selecti
on .isMobile="${a}" 
.isWeb="${t}" 
.isRetry="${!0}"><wcm-button .o
nClick="${this.openDesktopApp.b
ind(this)}" .iconRight="${v.RET
RY_ICON}">Retry</wcm-button></w
cm-platform-selection></wcm-inf
o-footer>`}};me.styles=[h.globa
lCss,zo],Ke([I()],me.prototype,
"isError",2),me=Ke([p("wcm-desk
top-connecting-view")],me);cons
t qo=g`wcm-info-footer{flex-dir
ection:column;align-items:cente
r;display:flex;width:100%;paddi
ng:5px 0}wcm-text{text-align:ce
nter}wcm-button{margin-top:15px
}`;var Qo=Object.defineProperty
,Ko=Object.getOwnPropertyDescri
ptor,Yo=(e,o,r,a)=>{for(var 
t=a>1?void 0:a?Ko(o,r):o,l=e.le
ngth-1,i;l>=0;l--)(i=e[l])&&(t=
(a?i(o,r,t):i(t))||t);return 
a&&t&&Qo(o,r,t),t};let 
Te=class extends w{onInstall(e)
{e&&m.openHref(e,"_blank")}rend
er(){const{name:e,id:o,image_id
:r,homepage:a}=m.getWalletRoute
rData();return 
n`<wcm-modal-header title="${e}
"></wcm-modal-header><wcm-modal
-content><wcm-connector-waiting
 walletId="${o}" 
imageId="${k(r)}" label="Not 
Detected" .isStale="${!0}"></wc
m-connector-waiting></wcm-modal
-content><wcm-info-footer><wcm-
text color="secondary" variant=
"small-thin">${`Download ${e} 
to continue. If multiple 
browser extensions are 
installed, disable non ${e} 
ones and try 
again`}</wcm-text><wcm-button .
onClick="${()=>this.onInstall(a
)}" .iconLeft="${v.ARROW_DOWN_I
CON}">Download</wcm-button></wc
m-info-footer>`}};Te.styles=[h.
globalCss,qo],Te=Yo([p("wcm-ins
tall-wallet-view")],Te);const G
o=g`wcm-wallet-image{border-rad
ius:var(--wcm-wallet-icon-large
-border-radius);width:96px;heig
ht:96px;margin-bottom:20px}wcm-
info-footer{display:flex;width:
100%}.wcm-app-store{justify-con
tent:space-between}.wcm-app-sto
re wcm-wallet-image{margin-righ
t:10px;margin-bottom:0;width:28
px;height:28px;border-radius:va
r(--wcm-wallet-icon-small-borde
r-radius)}.wcm-app-store div{di
splay:flex;align-items:center}.
wcm-app-store wcm-button{margin
-right:-10px}.wcm-note{flex-dir
ection:column;align-items:cente
r;padding:5px 0}.wcm-note wcm-t
ext{text-align:center}wcm-platf
orm-selection{margin-top:-15px}
.wcm-note wcm-text{margin-top:1
5px}.wcm-note wcm-text span{col
or:var(--wcm-accent-color)}`;va
r Xo=Object.defineProperty,Jo=O
bject.getOwnPropertyDescriptor,
Ye=(e,o,r,a)=>{for(var 
t=a>1?void 0:a?Jo(o,r):o,l=e.le
ngth-1,i;l>=0;l--)(i=e[l])&&(t=
(a?i(o,r,t):i(t))||t);return 
a&&t&&Xo(o,r,t),t};let 
he=class extends w{constructor(
){super(),this.isError=!1,this.
openMobileApp()}onFormatAndRedi
rect(e,o=!1){const{mobile:r,nam
e:a}=m.getWalletRouterData(),t=
r?.native,l=r?.universal;if(t&&
!o){const i=m.formatNativeUrl(t
,e,a);m.openHref(i,"_self")}els
e if(l){const i=m.formatUnivers
alUrl(l,e,a);m.openHref(i,"_sel
f")}}openMobileApp(e=!1){const{
walletConnectUri:o}=R.state,r=m
.getWalletRouterData();c.setRec
entWallet(r),o&&this.onFormatAn
dRedirect(o,e)}onGoToAppStore(e
){e&&m.openHref(e,"_blank")}ren
der(){const{name:e,id:o,image_i
d:r,app:a,mobile:t}=m.getWallet
RouterData(),{isWeb:l}=c.getCac
hedRouterWalletPlatforms(),i=a?
.ios,s=t?.universal;return 
n`<wcm-modal-header title="${e}
"></wcm-modal-header><wcm-modal
-content><wcm-connector-waiting
 walletId="${o}" 
imageId="${k(r)}" label="Tap 
'[39m[33mOpen[39m[32m' to 
continueΓÇª" .isError="${this.i
sError}"></wcm-connector-waitin
g></wcm-modal-content><wcm-info
-footer class="wcm-note"><wcm-p
latform-selection 
.isWeb="${l}" 
.isRetry="${!0}"><wcm-button .o
nClick="${()=>this.openMobileAp
p(!1)}" .iconRight="${v.RETRY_I
CON}">Retry</wcm-button></wcm-p
latform-selection>${s?n`<wcm-te
xt color="secondary" 
variant="small-thin">Still 
doesn'[39mt work[33m?[39m 
[33m<[39m[33mspan[39m tabin
dex[33m=[39m[32m"0"[39m [3
3m@[39mclick[33m=[39m[32m"$
{()=>this.openMobileApp(!0)}"[
39m[33m>[39m[33mTry[39m 
[36mthis[39m alternate link[
33m<[39m[33m/[39m[33mspan[
39m[33m>[39m[33m<[39m[33m/
[39m[33mwcm[39m[33m-[39mte
xt[33m>[39m[32m`:null}</wcm-
info-footer><wcm-info-footer cl
ass="wcm-app-store"><div><wcm-w
allet-image walletId="${o}" ima
geId="${k(r)}"></wcm-wallet-ima
ge><wcm-text>${`Get ${e}`}</wcm
-text></div><wcm-button .iconRi
ght="${v.ARROW_RIGHT_ICON}" .on
Click="${()=>this.onGoToAppStor
e(i)}" variant="ghost">App Stor
e</wcm-button></wcm-info-footer
>`[39m}}[33m;[39mhe[33m.[3
9mstyles[33m=[39m[h[33m.[39
mglobalCss[33m,[39m[33mGo[3
9m][33m,[39m[33mYe[39m([[3
3mI[39m()][33m,[39mhe[33m.
[39mprototype[33m,[39m[32m"i
sError"[39m[33m,[39m[35m2[
39m)[33m,[39mhe[33m=[39m[3
3mYe[39m([p([32m"wcm-mobile-c
onnecting-view"[39m)][33m,[3
9mhe)[33m;[39m[36mconst[39m
 er[33m=[39mg[32m`wcm-info-f
ooter{flex-direction:column;ali
gn-items:center;display:flex;wi
dth:100%;padding:5px 0}wcm-text
{text-align:center}`[39m[33m;
[39m[36mvar[39m tr[33m=[39
m[33mObject[39m[33m.[39mdef
ineProperty[33m,[39mor[33m=
[39m[33mObject[39m[33m.[39m
getOwnPropertyDescriptor[33m,
[39mrr[33m=[39m(e[33m,[39mo
[33m,[39mr[33m,[39ma)[33m=
>[39m{[36mfor[39m([36mvar[
39m t[33m=[39ma[33m>[39m[3
5m1[39m[33m?[39m[36mvoid[3
9m [35m0[39m[33m:[39ma[33m
?[39mor(o[33m,[39mr)[33m:[
39mo[33m,[39ml[33m=[39me[3
3m.[39mlength[33m-[39m[35m1
[39m[33m,[39mi[33m;[39ml[
33m>=[39m[35m0[39m[33m;[39
ml[33m--[39m)(i[33m=[39me[l
])[33m&&[39m(t[33m=[39m(a[
33m?[39mi(o[33m,[39mr[33m,
[39mt)[33m:[39mi(t))[33m||[
39mt)[33m;[39m[36mreturn[39
m a[33m&&[39mt[33m&&[39mtr(
o[33m,[39mr[33m,[39mt)[33m
,[39mt}[33m;[39m[36mlet[39
m je[33m=[39m[36mclass[39m 
[36mextends[39m w{render(){[
36mconst[39m{name[33m:[39me
[33m,[39mid[33m:[39mo[33m,
[39mimage_id[33m:[39mr}[33m=
[39mm[33m.[39mgetWalletRoute
rData()[33m,[39m{isDesktop[3
3m:[39ma[33m,[39misWeb[33m:
[39mt}[33m=[39mc[33m.[39mg
etCachedRouterWalletPlatforms()
[33m;[39m[36mreturn[39m 
n[32m`<wcm-modal-header 
title="${e}" 
.onAction="${c.handleUriCopy}" 
.actionIcon="${v.COPY_ICON}"></
wcm-modal-header><wcm-modal-con
tent><wcm-walletconnect-qr 
walletId="${o}" imageId="${k(r)
}"></wcm-walletconnect-qr></wcm
-modal-content><wcm-info-footer
><wcm-text color="secondary" 
variant="small-thin">${`Scan 
this QR Code with your phone's 
camera or inside ${e} app`}</wc
m-text><wcm-platform-selection 
.isDesktop="${a}" .isWeb="${t}"
></wcm-platform-selection></wcm
-info-footer>`[39m}}[33m;[39
mje[33m.[39mstyles[33m=[39m
[h[33m.[39mglobalCss[33m,[3
9mer][33m,[39mje[33m=[39mrr
([p([32m"wcm-mobile-qr-connect
ing-view"[39m)][33m,[39mje)
[33m;[39m[36mvar[39m ar[33m
=[39m[33mObject[39m[33m.[3
9mdefineProperty[33m,[39mlr[
33m=[39m[33mObject[39m[33m.
[39mgetOwnPropertyDescriptor[
33m,[39mir[33m=[39m(e[33m,
[39mo[33m,[39mr[33m,[39ma)
[33m=>[39m{[36mfor[39m([36m
var[39m t[33m=[39ma[33m>[3
9m[35m1[39m[33m?[39m[36mvo
id[39m [35m0[39m[33m:[39ma
[33m?[39mlr(o[33m,[39mr)[3
3m:[39mo[33m,[39ml[33m=[39
me[33m.[39mlength[33m-[39m
[35m1[39m[33m,[39mi[33m;[3
9ml[33m>=[39m[35m0[39m[33m
;[39ml[33m--[39m)(i[33m=[3
9me[l])[33m&&[39m(t[33m=[39
m(a[33m?[39mi(o[33m,[39mr[
33m,[39mt)[33m:[39mi(t))[33
m||[39mt)[33m;[39m[36mretur
n[39m a[33m&&[39mt[33m&&[3
9mar(o[33m,[39mr[33m,[39mt)
[33m,[39mt}[33m;[39m[36mle
t[39m 
_e[33m=[39m[36mclass[39m 
[36mextends[39m 
w{render(){[36mreturn[39m 
n[32m`<wcm-modal-header 
title="Scan the code" 
.onAction="${c.handleUriCopy}" 
.actionIcon="${v.COPY_ICON}"></
wcm-modal-header><wcm-modal-con
tent><wcm-walletconnect-qr></wc
m-walletconnect-qr></wcm-modal-
content>`[39m}}[33m;[39m_e[
33m.[39mstyles[33m=[39m[h[3
3m.[39mglobalCss][33m,[39m_e
[33m=[39mir([p([32m"wcm-qrco
de-view"[39m)][33m,[39m_e)[
33m;[39m[36mconst[39m nr[33
m=[39mg[32m`wcm-modal-content
{height:clamp(200px,60vh,600px)
;display:block;overflow:scroll;
scrollbar-width:none;position:r
elative;margin-top:1px}.wcm-gri
d{display:grid;grid-template-co
lumns:repeat(4,80px);justify-co
ntent:space-between;margin:-15p
x -10px;padding-top:20px}wcm-mo
dal-content::after,wcm-modal-co
ntent::before{content:'';positi
on:fixed;pointer-events:none;z-
index:1;width:100%;height:20px;
opacity:1}wcm-modal-content::be
fore{box-shadow:0 -1px 0 0 var(
--wcm-color-bg-1);background:li
near-gradient(var(--wcm-color-b
g-1),rgba(255,255,255,0))}wcm-m
odal-content::after{box-shadow:
0 1px 0 0 var(--wcm-color-bg-1)
;background:linear-gradient(rgb
a(255,255,255,0),var(--wcm-colo
r-bg-1));top:calc(100% - 20px)}
wcm-modal-content::-webkit-scro
llbar{display:none}.wcm-placeho
lder-block{display:flex;justify
-content:center;align-items:cen
ter;height:100px;overflow:hidde
n}.wcm-empty,.wcm-loading{displ
ay:flex}.wcm-loading .wcm-place
holder-block{height:100%}.wcm-e
nd-reached .wcm-placeholder-blo
ck{height:0;opacity:0}.wcm-empt
y .wcm-placeholder-block{opacit
y:1;height:100%}wcm-wallet-butt
on{margin:calc((100% - 60px)/ 
3) 0}`[39m[33m;[39m[36mvar
[39m cr[33m=[39m[33mObject[
39m[33m.[39mdefineProperty[3
3m,[39msr[33m=[39m[33mObjec
t[39m[33m.[39mgetOwnProperty
Descriptor[33m,[39mie[33m=[
39m(e[33m,[39mo[33m,[39mr[
33m,[39ma)[33m=>[39m{[36mfo
r[39m([36mvar[39m t[33m=[3
9ma[33m>[39m[35m1[39m[33m?
[39m[36mvoid[39m [35m0[39m
[33m:[39ma[33m?[39msr(o[33
m,[39mr)[33m:[39mo[33m,[39
ml[33m=[39me[33m.[39mlength
[33m-[39m[35m1[39m[33m,[3
9mi[33m;[39ml[33m>=[39m[35
m0[39m[33m;[39ml[33m--[39m
)(i[33m=[39me[l])[33m&&[39m
(t[33m=[39m(a[33m?[39mi(o[
33m,[39mr[33m,[39mt)[33m:[
39mi(t))[33m||[39mt)[33m;[3
9m[36mreturn[39m a[33m&&[39
mt[33m&&[39mcr(o[33m,[39mr
[33m,[39mt)[33m,[39mt}[33m;
[39m[36mconst[39m [33mDe[3
9m[33m=[39m[35m40[39m[33m;
[39m[36mlet[39m [33mU[39m
[33m=[39m[36mclass[39m 
[36mextends[39m w{constructor
(){[36msuper[39m([33m...[39
marguments)[33m,[39m[36mthis
[39m[33m.[39mloading[33m=[
39m[33m![39m[33mW[39m[33m.
[39mstate[33m.[39mwallets[3
3m.[39mlistings[33m.[39mleng
th[33m,[39m[36mthis[39m[33
m.[39mfirstFetch[33m=[39m[3
3m![39m[33mW[39m[33m.[39ms
tate[33m.[39mwallets[33m.[3
9mlistings[33m.[39mlength[33
m,[39m[36mthis[39m[33m.[39
msearch[33m=[39m[32m""[39m
[33m,[39m[36mthis[39m[33m.
[39mendReached[33m=[39m[33m!
[39m[35m1[39m[33m,[39m[36
mthis[39m[33m.[39mintersecti
onObserver[33m=[39m[36mvoid
[39m [35m0[39m[33m,[39m[36
mthis[39m[33m.[39msearchDebo
unce[33m=[39mc[33m.[39mdebo
unce(e[33m=>[39m{e[33m.[39m
length[33m>=[39m[35m1[39m[
33m?[39m([36mthis[39m[33m.
[39mfirstFetch[33m=[39m[33m!
[39m[35m0[39m[33m,[39m[36
mthis[39m[33m.[39mendReached
[33m=[39m[33m![39m[35m1[3
9m[33m,[39m[36mthis[39m[33
m.[39msearch[33m=[39me[33m,
[39m[33mW[39m[33m.[39mrese
tSearch()[33m,[39m[36mthis[
39m[33m.[39mfetchWallets())[
33m:[39m[36mthis[39m[33m.[
39msearch[33m&&[39m([36mthis
[39m[33m.[39msearch[33m=[3
9m[32m""[39m[33m,[39m[36mt
his[39m[33m.[39mendReached[
33m=[39m[36mthis[39m[33m.[
39misLastPage()[33m,[39m[33m
W[39m[33m.[39mresetSearch())
})}firstUpdated(){[36mthis[39
m[33m.[39mcreatePaginationObs
erver()}disconnectedCallback(){
[36mvar[39m e[33m;[39m(e[3
3m=[39m[36mthis[39m[33m.[3
9mintersectionObserver)[33m==
[39m[36mnull[39m[33m||[39me
[33m.[39mdisconnect()}[36mge
t[39m placeholderEl(){[36mret
urn[39m c[33m.[39mgetShadowR
ootElement([36mthis[39m[33m,
[39m[32m".wcm-placeholder-blo
ck"[39m)}createPaginationObser
ver(){[36mthis[39m[33m.[39m
intersectionObserver[33m=[39m
[36mnew[39m [33mIntersection
Observer[39m(([e])[33m=>[39m
{e[33m.[39misIntersecting[33
m&&[39m[33m![39m([36mthis[
39m[33m.[39msearch[33m&&[39
m[36mthis[39m[33m.[39mfirst
Fetch)[33m&&[39m[36mthis[39
m[33m.[39mfetchWallets()})[3
3m,[39m[36mthis[39m[33m.[3
9mintersectionObserver[33m.[3
9mobserve([36mthis[39m[33m.
[39mplaceholderEl)}isLastPage()
{[36mconst[39m{wallets[33m:
[39me[33m,[39msearch[33m:[3
9mo}[33m=[39m[33mW[39m[33m
.[39mstate[33m,[39m{listings
[33m:[39mr[33m,[39mtotal[3
3m:[39ma}[33m=[39m[36mthis
[39m[33m.[39msearch[33m?[39
mo[33m:[39me[33m;[39m[36mr
eturn[39m a[33m<=[39m[33mDe
[39m[33m||[39mr[33m.[39mle
ngth[33m>=[39ma}[36masync[3
9m 
fetchWallets(){[36mvar[39m e
[33m;[39m[36mconst[39m{walle
ts[33m:[39mo[33m,[39msearch
[33m:[39mr}[33m=[39m[33mW
[39m[33m.[39mstate[33m,[39m
{listings[33m:[39ma[33m,[39
mtotal[33m:[39mt[33m,[39mpa
ge[33m:[39ml}[33m=[39m[36m
this[39m[33m.[39msearch[33m
?[39mr[33m:[39mo[33m;[39m
[36mif[39m([33m![39m[36mthi
s[39m[33m.[39mendReached[33
m&&[39m([36mthis[39m[33m.[
39mfirstFetch[33m||[39mt[33m
>[39m[33mDe[39m[33m&&[39ma
[33m.[39mlength[33m<[39m[3
3mt[39m))[36mtry[39m{[36mth
is[39m[33m.[39mloading[33m=
[39m[33m![39m[35m0[39m[33
m;[39m[36mconst[39m i[33m=
[39m(e[33m=[39m[33mR[39m[3
3m.[39mstate[33m.[39mchains)
[33m==[39m[36mnull[39m[33m
?[39m[36mvoid[39m [35m0[39
m[33m:[39me[33m.[39mjoin([
32m","[39m)[33m,[39m{listing
s[33m:[39ms}[33m=[39m[36ma
wait[39m [33mW[39m[33m.[39
mgetWallets({page[33m:[39m[3
6mthis[39m[33m.[39mfirstFetc
h[33m?[39m[35m1[39m[33m:[
39ml[33m+[39m[35m1[39m[33m
,[39mentries[33m:[39m[33mDe
[39m[33m,[39msearch[33m:[3
9m[36mthis[39m[33m.[39msear
ch[33m,[39mversion[33m:[39m
[35m2[39m[33m,[39mchains[3
3m:[39mi})[33m,[39m$[33m=[
39ms[33m.[39mmap(f[33m=>[39
mc[33m.[39mgetWalletIcon(f))
[33m;[39m[36mawait[39m [33m
Promise[39m[33m.[39mall([[3
3m...[39m$[33m.[39mmap([36m
async[39m f[33m=>[39mc[33m.
[39mpreloadImage(f))[33m,[39
mm[33m.[39mwait([35m300[39m
)])[33m,[39m[36mthis[39m[3
3m.[39mendReached[33m=[39m[
36mthis[39m[33m.[39misLastPa
ge()}[36mcatch[39m(i){console
[33m.[39merror(i)[33m,[39m
[33mN[39m[33m.[39mopenToast(
c[33m.[39mgetErrorMessage(i)
[33m,[39m[32m"error"[39m)}[
36mfinally[39m{[36mthis[39m
[33m.[39mloading[33m=[39m[3
3m![39m[35m1[39m[33m,[39m
[36mthis[39m[33m.[39mfirstFe
tch[33m=[39m[33m![39m[35m1
[39m}}onConnect(e){m[33m.[39
misAndroid()[33m?[39mc[33m.
[39mhandleMobileLinking(e)[33m
:[39mc[33m.[39mgoToConnectin
gView(e)}onSearchChange(e){[36
mconst[39m{value[33m:[39mo}
[33m=[39me[33m.[39mtarget[3
3m;[39m[36mthis[39m[33m.[3
9msearchDebounce(o)}render(){[
36mconst[39m{wallets[33m:[39
me[33m,[39msearch[33m:[39mo
}[33m=[39m[33mW[39m[33m.[
39mstate[33m,[39m{listings[3
3m:[39mr}[33m=[39m[36mthis
[39m[33m.[39msearch[33m?[39
mo[33m:[39me[33m,[39ma[33m
=[39m[36mthis[39m[33m.[39m
loading[33m&&[39m[33m![39mr
[33m.[39mlength[33m,[39mt[
33m=[39m[36mthis[39m[33m.[
39msearch[33m.[39mlength[33m
>=[39m[35m3[39m[33m;[39m[
36mlet[39m l[33m=[39m[33mZ
[39m[33m.[39mmanualWalletsTem
plate()[33m,[39mi[33m=[39m
[33mZ[39m[33m.[39mrecomended
WalletsTemplate([33m![39m[35
m0[39m)[33m;[39mt[33m&&[39
m(l[33m=[39ml[33m.[39mfilte
r(({values[33m:[39mf})[33m=>
[39mc[33m.[39mcaseSafeInclud
es(f[[35m0[39m][33m,[39m[3
6mthis[39m[33m.[39msearch))
[33m,[39mi[33m=[39mi[33m.[
39mfilter(({values[33m:[39mf}
)[33m=>[39mc[33m.[39mcaseSa
feIncludes(f[[35m0[39m][33m,
[39m[36mthis[39m[33m.[39ms
earch)))[33m;[39m[36mconst[
39m s[33m=[39m[33m![39m[36
mthis[39m[33m.[39mloading[3
3m&&[39m[33m![39mr[33m.[39
mlength[33m&&[39m[33m![39mi
[33m.[39mlength[33m,[39m$[
33m=[39m{[32m"wcm-loading"[3
9m[33m:[39ma[33m,[39m[32m"
wcm-end-reached"[39m[33m:[39
m[36mthis[39m[33m.[39mendRe
ached[33m||[39m[33m![39m[3
6mthis[39m[33m.[39mloading[
33m,[39m[32m"wcm-empty"[39m
[33m:[39ms}[33m;[39m[36mret
urn[39m n[32m`<wcm-modal-head
er><wcm-search-input .onChange=
"${this.onSearchChange.bind(thi
s)}"></wcm-search-input></wcm-m
odal-header><wcm-modal-content 
class="${P($)}"><div 
class="wcm-grid">${a?null:l} 
${a?null:i} ${a?null:r.map(f=>n
`${f?n`<wcm-wallet-button 
imageId="${f.image_id}" 
name="${f.name}" 
walletId="${f.id}" .onClick="${
()=>this.onConnect(f)}"></wcm-w
allet-button>`:null}`[39m)}[3
3m<[39m[33m/[39m[33mdiv[39
m[33m>[39m[33m<[39m[33mdiv
[39m [36mclass[39m[33m=[39
m[32m"wcm-placeholder-block"[
39m[33m>[39m${s[33m?[39mn[
32m`<wcm-text 
variant="big-bold" 
color="secondary">No results fo
und</wcm-text>`[39m[33m:[39m
[36mnull[39m} ${[33m![39ms
[33m&&[39m[36mthis[39m[33m.
[39mloading[33m?[39mn[32m`<
wcm-spinner></wcm-spinner>`[39
m[33m:[39m[36mnull[39m}[33
m<[39m[33m/[39m[33mdiv[39m
[33m>[39m[33m<[39m[33m/[3
9m[33mwcm[39m[33m-[39mmodal
[33m-[39mcontent[33m>[39m[
32m`}};U.styles=[h.globalCss,nr
],ie([I()],U.prototype,"loading
",2),ie([I()],U.prototype,"firs
tFetch",2),ie([I()],U.prototype
,"search",2),ie([I()],U.prototy
pe,"endReached",2),U=ie([p("wcm
-wallet-explorer-view")],U);con
st dr=g`[39mwcm[33m-[39minfo
[33m-[39mfooter{flex[33m-[3
9mdirection[33m:[39mcolumn[3
3m;[39malign[33m-[39mitems[
33m:[39mcenter[33m;[39mdispl
ay[33m:[39mflex[33m;[39mwid
th[33m:[39m[35m100[39m[33m
%[39m[33m;[39mpadding[33m:
[39m[35m5[39mpx [35m0[39m}w
cm[33m-[39mtext{text[33m-[3
9malign[33m:[39mcenter}[32m`
;var mr=Object.defineProperty,h
r=Object.getOwnPropertyDescript
or,Ge=(e,o,r,a)=>{for(var 
t=a>1?void 0:a?hr(o,r):o,l=e.le
ngth-1,i;l>=0;l--)(i=e[l])&&(t=
(a?i(o,r,t):i(t))||t);return 
a&&t&&mr(o,r,t),t};let 
we=class extends w{constructor(
){super(),this.isError=!1,this.
openWebWallet()}onFormatAndRedi
rect(e){const{desktop:o,name:r}
=m.getWalletRouterData(),a=o?.u
niversal;if(a){const t=m.format
UniversalUrl(a,e,r);m.openHref(
t,"_blank")}}openWebWallet(){co
nst{walletConnectUri:e}=R.state
,o=m.getWalletRouterData();c.se
tRecentWallet(o),e&&this.onForm
atAndRedirect(e)}render(){const
{name:e,id:o,image_id:r}=m.getW
alletRouterData(),{isMobile:a,i
sDesktop:t}=c.getCachedRouterWa
lletPlatforms(),l=m.isMobile();
return n`[39m[33m<[39m[33mw
cm[39m[33m-[39mmodal[33m-[
39mheader title[33m=[39m[32m
"${e}"[39m [33m.[39monAction
[33m=[39m[32m"${c.handleUriC
opy}"[39m [33m.[39mactionIco
n[33m=[39m[32m"${v.COPY_ICON
}"[39m[33m>[39m[33m<[39m[
33m/[39m[33mwcm[39m[33m-[3
9mmodal[33m-[39mheader[33m>
[39m[33m<[39m[33mwcm[39m[3
3m-[39mmodal[33m-[39mcontent
[33m>[39m[33m<[39m[33mwcm
[39m[33m-[39mconnector[33m-
[39mwaiting walletId[33m=[39m
[32m"${o}"[39m imageId[33m=
[39m[32m"${k(r)}"[39m label[
33m=[39m[32m"${`Continue in 
${e}...`}"[39m [33m.[39misEr
ror[33m=[39m[32m"${this.isEr
ror}"[39m[33m>[39m[33m<[39
m[33m/[39m[33mwcm[39m[33m-
[39mconnector[33m-[39mwaitin
g[33m>[39m[33m<[39m[33m/[
39m[33mwcm[39m[33m-[39mmoda
l[33m-[39mcontent[33m>[39m
[33m<[39m[33mwcm[39m[33m-[
39minfo[33m-[39mfooter[33m>
[39m[33m<[39m[33mwcm[39m[3
3m-[39mtext color[33m=[39m[
32m"secondary"[39m variant[33
m=[39m[32m"small-thin"[39m[
33m>[39m${[32m`${e} web app 
has opened in a new tab. Go 
there, accept the connection, 
and come back`[39m}[33m<[39m
[33m/[39m[33mwcm[39m[33m-
[39mtext[33m>[39m[33m<[39m
[33mwcm[39m[33m-[39mplatform
[33m-[39mselection [33m.[39
misMobile[33m=[39m[32m"${a}"
[39m [33m.[39misDesktop[33m
=[39m[32m"${l?!1:t}"[39m [3
3m.[39misRetry[33m=[39m[32m
"${!0}"[39m[33m>[39m[33m<[
39m[33mwcm[39m[33m-[39mbutt
on [33m.[39monClick[33m=[39
m[32m"${this.openWebWallet.bin
d(this)}"[39m [33m.[39miconR
ight[33m=[39m[32m"${v.RETRY_
ICON}"[39m[33m>[39m[33mRetr
y[39m[33m<[39m[33m/[39m[3
3mwcm[39m[33m-[39mbutton[33
m>[39m[33m<[39m[33m/[39m[
33mwcm[39m[33m-[39mplatform
[33m-[39mselection[33m>[39m
[33m<[39m[33m/[39m[33mwcm[
39m[33m-[39minfo[33m-[39mfo
oter[33m>[39m[32m`}};we.styl
es=[h.globalCss,dr],Ge([I()],we
.prototype,"isError",2),we=Ge([
p("wcm-web-connecting-view")],w
e);export{ae as WcmModal,j as 
WcmQrCode};[39m
 [90m   |[39m                
                               
                               
                               
                               
                               
                               
                               
                               
                               
                               
                               
                   [31m[1m^[
22m[39m[31m[1m^[22m[39m[3
1m[1m^[22m[39m[31m[1m^[22
m[39m[31m[1m^[22m[39m[31m
[1m^[22m[39m[31m[1m^[22m
[39m[31m[1m^[22m[39m[31m[
1m^[22m[39m[31m[1m^[22m[3
9m[31m[1m^[22m[39m[31m[1m
^[22m[39m[31m[1m^[22m[39m
[31m[1m^[22m[39m[31m[1m^
[22m[39m[31m[1m^[22m[39m[
31m[1m^[22m[39m[31m[1m^[2
2m[39m[31m[1m^[22m[39m[31
m[1m^[22m[39m[31m[1m^[22m
[39m[31m[1m^[22m[39m[31m
[1m^[22m[39m[31m[1m^[22m[
39m[31m[1m^[22m[39m[31m[1
m^[22m[39m[31m[1m^[22m[39
m[31m[1m^[22m[39m[31m[1m^
[22m[39m[31m[1m^[22m[39m
[31m[1m^[22m[39m
 [90m 2 |[39m [32m//# source
MappingURL=index.js.map[39m
 [90m 3 |[39m [32m[39m[0m



Import traces:
  Client Component Browser:
    ./node_modules/@walletconne
ct/modal-ui/dist/index.js 
[Client Component Browser]
    ./node_modules/@walletconne
ct/modal/dist/index.js [Client 
Component Browser]
    ./node_modules/@walletconne
ct/ethereum-provider/dist/index
.es.js [Client Component 
Browser]
    ./node_modules/@web3modal/e
thers/dist/esm/src/client.js 
[Client Component Browser]
    ./node_modules/@web3modal/e
thers/dist/esm/exports/react.js
 [Client Component Browser]
    ./hooks/useWeb3Manager.ts 
[Client Component Browser]
    ./components/EligibilityFlo
w.tsx [Client Component 
Browser]
    ./app/page.tsx [Client 
Component Browser]
    ./app/page.tsx [Server 
Component]

  Client Component SSR:
    ./node_modules/@walletconne
ct/modal-ui/dist/index.js 
[Client Component SSR]
    ./node_modules/@walletconne
ct/modal/dist/index.js [Client 
Component SSR]
    ./node_modules/@walletconne
ct/ethereum-provider/dist/index
.es.js [Client Component SSR]
    ./node_modules/@web3modal/e
thers/dist/esm/src/client.js 
[Client Component SSR]
    ./node_modules/@web3modal/e
thers/dist/esm/exports/react.js
 [Client Component SSR]
    ./hooks/useWeb3Manager.ts 
[Client Component SSR]
    ./components/EligibilityFlo
w.tsx [Client Component SSR]
    ./app/page.tsx [Client 
Component SSR]
    ./app/page.tsx [Server 
Component]

https://nextjs.org/docs/message
s/module-not-found


./node_modules/@walletconnect/m
odal-ui/dist/index.js:1:63
Module not found: Can't 
resolve 'lit/decorators.js'
[0m[31m[1m>[22m[39m[90m 
1 |[39m [36mimport[39m{css 
[36mas[39m g[33m,[39m[33mL
itElement[39m [36mas[39m 
w[33m,[39mhtml [36mas[39m 
n[33m,[39msvg [36mas[39m pe
}[36mfrom[39m[32m"lit"[39m
[33m;[39m[36mimport[39m{prop
erty [36mas[39m 
d[33m,[39mcustomElement 
[36mas[39m p[33m,[39mstate 
[36mas[39m [33mI[39m}[36mf
rom[39m[32m"lit/decorators.js
"[39m[33m;[39m[36mimport[3
9m{classMap [36mas[39m [33mP
[39m}[36mfrom[39m[32m"lit/d
irectives/class-map.js"[39m[3
3m;[39m[36mimport[39m{[33mT
hemeCtrl[39m [36mas[39m [33
mX[39m[33m,[39m[33mModalCtr
l[39m [36mas[39m ge[33m,[3
9m[33mRouterCtrl[39m 
[36mas[39m x[33m,[39m[33mC
onfigCtrl[39m [36mas[39m z[
33m,[39m[33mExplorerCtrl[39m
 [36mas[39m [33mW[39m[33m,
[39m[33mCoreUtil[39m 
[36mas[39m m[33m,[39m[33mO
ptionsCtrl[39m [36mas[39m [
33mR[39m[33m,[39m[33mToastC
trl[39m [36mas[39m [33mN[3
9m[33m,[39m[33mEventsCtrl[3
9m [36mas[39m [33mXe[39m}[
36mfrom[39m[32m"@walletconnec
t/modal-core"[39m[33m;[39m[
36mimport[39m{svg 
[36mas[39m [33mC[39m}[36mf
rom[39m[32m"lit-html"[39m[3
3m;[39m[36mimport[39m{animat
e [36mas[39m [33mH[39m}[36
mfrom[39m[32m"motion"[39m[3
3m;[39m[36mimport[39m{ifDefi
ned [36mas[39m k}[36mfrom[3
9m[32m"lit/directives/if-defin
ed.js"[39m[33m;[39m[36mimpo
rt[39m [33mJe[39m [36mfrom
[39m[32m"qrcode"[39m[33m;[3
9m[36mvar[39m et[33m=[39m[
33mObject[39m[33m.[39mdefine
Property[33m,[39m[33mBe[39m
[33m=[39m[33mObject[39m[33
m.[39mgetOwnPropertySymbols[3
3m,[39mtt[33m=[39m[33mObjec
t[39m[33m.[39mprototype[33m
.[39mhasOwnProperty[33m,[39m
ot[33m=[39m[33mObject[39m[
33m.[39mprototype[33m.[39mpr
opertyIsEnumerable[33m,[39m[
33mUe[39m[33m=[39m(e[33m,[
39mo[33m,[39mr)[33m=>[39mo 
[36min[39m e[33m?[39met(e[
33m,[39mo[33m,[39m{enumerabl
e[33m:[39m[33m![39m[35m0[
39m[33m,[39mconfigurable[33m
:[39m[33m![39m[35m0[39m[3
3m,[39mwritable[33m:[39m[33
m![39m[35m0[39m[33m,[39mva
lue[33m:[39mr})[33m:[39me[o
][33m=[39mr[33m,[39mve[33m
=[39m(e[33m,[39mo)[33m=>[3
9m{[36mfor[39m([36mvar[39m 
r [36min[39m o[33m||[39m(o
[33m=[39m{}))tt[33m.[39mcall
(o[33m,[39mr)[33m&&[39m[33
mUe[39m(e[33m,[39mr[33m,[3
9mo[r])[33m;[39m[36mif[39m(
[33mBe[39m)[36mfor[39m([36
mvar[39m r [36mof[39m [33mB
e[39m(o))ot[33m.[39mcall(o[
33m,[39mr)[33m&&[39m[33mUe
[39m(e[33m,[39mr[33m,[39mo[
r])[33m;[39m[36mreturn[39m 
e}[33m;[39m[36mfunction[39m
 rt(){[36mvar[39m 
e[33m;[39m[36mconst[39m o[
33m=[39m(e[33m=[39m[33mX[3
9m[33m.[39mstate[33m.[39mth
emeMode)[33m!=[39m[36mnull[
39m[33m?[39me[33m:[39m[32m
"dark"[39m[33m,[39mr[33m=[
39m{light[33m:[39m{foreground
[33m:[39m{[35m1[39m[33m:[
39m[32m"rgb(20,20,20)"[39m[3
3m,[39m[35m2[39m[33m:[39m
[32m"rgb(121,134,134)"[39m[33
m,[39m[35m3[39m[33m:[39m[
32m"rgb(158,169,169)"[39m}[33
m,[39mbackground[33m:[39m{[
35m1[39m[33m:[39m[32m"rgb(2
55,255,255)"[39m[33m,[39m[3
5m2[39m[33m:[39m[32m"rgb(24
1,243,243)"[39m[33m,[39m[35
m3[39m[33m:[39m[32m"rgb(228
,231,231)"[39m}[33m,[39mover
lay[33m:[39m[32m"rgba(0,0,0,
0.1)"[39m}[33m,[39mdark[33m
:[39m{foreground[33m:[39m{[
35m1[39m[33m:[39m[32m"rgb(2
28,231,231)"[39m[33m,[39m[3
5m2[39m[33m:[39m[32m"rgb(14
8,158,158)"[39m[33m,[39m[35
m3[39m[33m:[39m[32m"rgb(110
,119,119)"[39m}[33m,[39mback
ground[33m:[39m{[35m1[39m[
33m:[39m[32m"rgb(20,20,20)"[
39m[33m,[39m[35m2[39m[33m:
[39m[32m"rgb(39,42,42)"[39m
[33m,[39m[35m3[39m[33m:[39
m[32m"rgb(59,64,64)"[39m}[33
m,[39moverlay[33m:[39m[32m"
rgba(255,255,255,0.1)"[39m}}[o
][33m;[39m[36mreturn[39m{[
32m"--wcm-color-fg-1"[39m[33m
:[39mr[33m.[39mforeground[[
35m1[39m][33m,[39m[32m"--wc
m-color-fg-2"[39m[33m:[39mr
[33m.[39mforeground[[35m2[39
m][33m,[39m[32m"--wcm-color-
fg-3"[39m[33m:[39mr[33m.[3
9mforeground[[35m3[39m][33m,
[39m[32m"--wcm-color-bg-1"[3
9m[33m:[39mr[33m.[39mbackgr
ound[[35m1[39m][33m,[39m[3
2m"--wcm-color-bg-2"[39m[33m:
[39mr[33m.[39mbackground[[3
5m2[39m][33m,[39m[32m"--wcm
-color-bg-3"[39m[33m:[39mr[
33m.[39mbackground[[35m3[39m
][33m,[39m[32m"--wcm-color-o
verlay"[39m[33m:[39mr[33m.
[39moverlay}}[36mfunction[39m
 [33mHe[39m(){[36mreturn[39
m{[32m"--wcm-accent-color"[39
m[33m:[39m[32m"#3396FF"[39m
[33m,[39m[32m"--wcm-accent-f
ill-color"[39m[33m:[39m[32m
"#FFFFFF"[39m[33m,[39m[32m"
--wcm-z-index"[39m[33m:[39m
[32m"89"[39m[33m,[39m[32m"-
-wcm-background-color"[39m[33
m:[39m[32m"#3396FF"[39m[33m
,[39m[32m"--wcm-background-bo
rder-radius"[39m[33m:[39m[3
2m"8px"[39m[33m,[39m[32m"--
wcm-container-border-radius"[3
9m[33m:[39m[32m"30px"[39m[
33m,[39m[32m"--wcm-wallet-ico
n-border-radius"[39m[33m:[39
m[32m"15px"[39m[33m,[39m[3
2m"--wcm-wallet-icon-large-bord
er-radius"[39m[33m:[39m[32m
"30px"[39m[33m,[39m[32m"--w
cm-wallet-icon-small-border-rad
ius"[39m[33m:[39m[32m"7px"
[39m[33m,[39m[32m"--wcm-inpu
t-border-radius"[39m[33m:[39
m[32m"28px"[39m[33m,[39m[3
2m"--wcm-button-border-radius"
[39m[33m:[39m[32m"10px"[39m
[33m,[39m[32m"--wcm-notifica
tion-border-radius"[39m[33m:
[39m[32m"36px"[39m[33m,[39m
[32m"--wcm-secondary-button-bo
rder-radius"[39m[33m:[39m[3
2m"28px"[39m[33m,[39m[32m"-
-wcm-icon-button-border-radius"
[39m[33m:[39m[32m"50%"[39m
[33m,[39m[32m"--wcm-button-h
over-highlight-border-radius"[
39m[33m:[39m[32m"10px"[39m
[33m,[39m[32m"--wcm-text-big-
bold-size"[39m[33m:[39m[32m
"20px"[39m[33m,[39m[32m"--w
cm-text-big-bold-weight"[39m[
33m:[39m[32m"600"[39m[33m,
[39m[32m"--wcm-text-big-bold-l
ine-height"[39m[33m:[39m[32
m"24px"[39m[33m,[39m[32m"--
wcm-text-big-bold-letter-spacin
g"[39m[33m:[39m[32m"-0.03em
"[39m[33m,[39m[32m"--wcm-te
xt-big-bold-text-transform"[39
m[33m:[39m[32m"none"[39m[3
3m,[39m[32m"--wcm-text-xsmall
-bold-size"[39m[33m:[39m[32
m"10px"[39m[33m,[39m[32m"--
wcm-text-xsmall-bold-weight"[3
9m[33m:[39m[32m"700"[39m[3
3m,[39m[32m"--wcm-text-xsmall
-bold-line-height"[39m[33m:[
39m[32m"12px"[39m[33m,[39m
[32m"--wcm-text-xsmall-bold-let
ter-spacing"[39m[33m:[39m[3
2m"0.02em"[39m[33m,[39m[32m
"--wcm-text-xsmall-bold-text-tr
ansform"[39m[33m:[39m[32m"u
ppercase"[39m[33m,[39m[32m"
--wcm-text-xsmall-regular-size"
[39m[33m:[39m[32m"12px"[39
m[33m,[39m[32m"--wcm-text-xs
mall-regular-weight"[39m[33m:
[39m[32m"600"[39m[33m,[39m
[32m"--wcm-text-xsmall-regular
-line-height"[39m[33m:[39m[
32m"14px"[39m[33m,[39m[32m"
--wcm-text-xsmall-regular-lette
r-spacing"[39m[33m:[39m[32m
"-0.03em"[39m[33m,[39m[32m"
--wcm-text-xsmall-regular-text-
transform"[39m[33m:[39m[32m
"none"[39m[33m,[39m[32m"--w
cm-text-small-thin-size"[39m[
33m:[39m[32m"14px"[39m[33m,
[39m[32m"--wcm-text-small-thi
n-weight"[39m[33m:[39m[32m"
500"[39m[33m,[39m[32m"--wcm
-text-small-thin-line-height"[
39m[33m:[39m[32m"16px"[39m
[33m,[39m[32m"--wcm-text-smal
l-thin-letter-spacing"[39m[33
m:[39m[32m"-0.03em"[39m[33m
,[39m[32m"--wcm-text-small-th
in-text-transform"[39m[33m:[
39m[32m"none"[39m[33m,[39m
[32m"--wcm-text-small-regular-s
ize"[39m[33m:[39m[32m"14px"
[39m[33m,[39m[32m"--wcm-tex
t-small-regular-weight"[39m[3
3m:[39m[32m"600"[39m[33m,[
39m[32m"--wcm-text-small-regul
ar-line-height"[39m[33m:[39m
[32m"16px"[39m[33m,[39m[32
m"--wcm-text-small-regular-lett
er-spacing"[39m[33m:[39m[32
m"-0.03em"[39m[33m,[39m[32m
"--wcm-text-small-regular-text-
transform"[39m[33m:[39m[32m
"none"[39m[33m,[39m[32m"--w
cm-text-medium-regular-size"[3
9m[33m:[39m[32m"16px"[39m[
33m,[39m[32m"--wcm-text-mediu
m-regular-weight"[39m[33m:[3
9m[32m"600"[39m[33m,[39m[3
2m"--wcm-text-medium-regular-li
ne-height"[39m[33m:[39m[32m
"20px"[39m[33m,[39m[32m"--w
cm-text-medium-regular-letter-s
pacing"[39m[33m:[39m[32m"-0
.03em"[39m[33m,[39m[32m"--w
cm-text-medium-regular-text-tra
nsform"[39m[33m:[39m[32m"no
ne"[39m[33m,[39m[32m"--wcm-
font-family"[39m[33m:[39m[3
2m"-apple-system, system-ui, 
BlinkMacSystemFont, 'Segoe 
UI', Roboto, Ubuntu, 
'Helvetica Neue', sans-serif"[
39m[33m,[39m[32m"--wcm-font-
feature-settings"[39m[33m:[3
9m[32m"'tnum' on, 'lnum' on, 
'case' on"[39m[33m,[39m[32m
"--wcm-success-color"[39m[33m
:[39m[32m"rgb(38,181,98)"[39
m[33m,[39m[32m"--wcm-error-c
olor"[39m[33m:[39m[32m"rgb(
242, 90, 103)"[39m[33m,[39m
[32m"--wcm-overlay-background-c
olor"[39m[33m:[39m[32m"rgba
(0, 0, 0, 0.3)"[39m[33m,[39m
[32m"--wcm-overlay-backdrop-fi
lter"[39m[33m:[39m[32m"none
"[39m}}[36mconst[39m h[33m=
[39m{getPreset(e){[36mreturn
[39m [33mHe[39m()[e]}[33m,[
39msetTheme(){[36mconst[39m e
[33m=[39mdocument[33m.[39mq
uerySelector([32m":root"[39m)
[33m,[39m{themeVariables[33m
:[39mo}[33m=[39m[33mX[39m
[33m.[39mstate[33m;[39m[36m
if[39m(e){[36mconst[39m r[3
3m=[39mve(ve(ve({}[33m,[39mr
t())[33m,[39m[33mHe[39m())
[33m,[39mo)[33m;[39m[33mObj
ect[39m[33m.[39mentries(r)[
33m.[39mforEach(([a[33m,[39m
t])[33m=>[39me[33m.[39mstyl
e[33m.[39msetProperty(a[33m,
[39mt))}}[33m,[39mglobalCss
[33m:[39mg[32m`*,::after,::be
fore{margin:0;padding:0;box-siz
ing:border-box;font-style:norma
l;text-rendering:optimizeSpeed;
-webkit-font-smoothing:antialia
sed;-moz-osx-font-smoothing:gra
yscale;-webkit-tap-highlight-co
lor:transparent;backface-visibi
lity:hidden}button{cursor:point
er;display:flex;justify-content
:center;align-items:center;posi
tion:relative;border:none;backg
round-color:transparent;transit
ion:all .2s ease}@media 
(hover:hover) and (pointer:fine
){button:active{transition:all 
.1s ease;transform:scale(.93)}}
button::after{content:'';positi
on:absolute;top:0;bottom:0;left
:0;right:0;transition:backgroun
d-color,.2s ease}button:disable
d{cursor:not-allowed}button 
svg,button wcm-text{position:re
lative;z-index:1}input{border:n
one;outline:0;appearance:none}i
mg{display:block}::selection{co
lor:var(--wcm-accent-fill-color
);background:var(--wcm-accent-c
olor)}`[39m}[33m,[39mat[33m
=[39mg[32m`button{border-radi
us:var(--wcm-secondary-button-b
order-radius);height:28px;paddi
ng:0 10px;background-color:var(
--wcm-accent-color)}button path
{fill:var(--wcm-accent-fill-col
or)}button::after{border-radius
:inherit;border:1px solid var(-
-wcm-color-overlay)}button:disa
bled::after{background-color:tr
ansparent}.wcm-icon-left svg{ma
rgin-right:5px}.wcm-icon-right 
svg{margin-left:5px}button:acti
ve::after{background-color:var(
--wcm-color-overlay)}.wcm-ghost
,.wcm-ghost:active::after,.wcm-
outline{background-color:transp
arent}.wcm-ghost:active{opacity
:.5}@media(hover:hover){button:
hover::after{background-color:v
ar(--wcm-color-overlay)}.wcm-gh
ost:hover::after{background-col
or:transparent}.wcm-ghost:hover
{opacity:.5}}button:disabled{ba
ckground-color:var(--wcm-color-
bg-3);pointer-events:none}.wcm-
ghost::after{border-color:trans
parent}.wcm-ghost path{fill:var
(--wcm-color-fg-2)}.wcm-outline
 path{fill:var(--wcm-accent-col
or)}.wcm-outline:disabled{backg
round-color:transparent;opacity
:.5}`[39m[33m;[39m[36mvar[
39m lt[33m=[39m[33mObject[3
9m[33m.[39mdefineProperty[33
m,[39mit[33m=[39m[33mObject
[39m[33m.[39mgetOwnPropertyD
escriptor[33m,[39m[33mF[39m
[33m=[39m(e[33m,[39mo[33m,
[39mr[33m,[39ma)[33m=>[39m
{[36mfor[39m([36mvar[39m t
[33m=[39ma[33m>[39m[35m1[3
9m[33m?[39m[36mvoid[39m [3
5m0[39m[33m:[39ma[33m?[39m
it(o[33m,[39mr)[33m:[39mo[
33m,[39ml[33m=[39me[33m.[3
9mlength[33m-[39m[35m1[39m
[33m,[39mi[33m;[39ml[33m>=
[39m[35m0[39m[33m;[39ml[33
m--[39m)(i[33m=[39me[l])[33
m&&[39m(t[33m=[39m(a[33m?[
39mi(o[33m,[39mr[33m,[39mt)
[33m:[39mi(t))[33m||[39mt)
[33m;[39m[36mreturn[39m a[3
3m&&[39mt[33m&&[39mlt(o[33m
,[39mr[33m,[39mt)[33m,[39m
t}[33m;[39m[36mlet[39m [33
mT[39m[33m=[39m[36mclass[3
9m [36mextends[39m w{construc
tor(){[36msuper[39m([33m...
[39marguments)[33m,[39m[36mt
his[39m[33m.[39mdisabled[33
m=[39m[33m![39m[35m1[39m[
33m,[39m[36mthis[39m[33m.[
39miconLeft[33m=[39m[36mvoid
[39m [35m0[39m[33m,[39m[3
6mthis[39m[33m.[39miconRight
[33m=[39m[36mvoid[39m [35m
0[39m[33m,[39m[36mthis[39m
[33m.[39monClick[33m=[39m()
[33m=>[39m[36mnull[39m[33m
,[39m[36mthis[39m[33m.[39m
variant[33m=[39m[32m"default
"[39m}render(){[36mconst[39m
 e[33m=[39m{[32m"wcm-icon-le
ft"[39m[33m:[39m[36mthis[3
9m[33m.[39miconLeft[33m!==[
39m[36mvoid[39m [35m0[39m[
33m,[39m[32m"wcm-icon-right"
[39m[33m:[39m[36mthis[39m[
33m.[39miconRight[33m!==[39m
[36mvoid[39m [35m0[39m[33m
,[39m[32m"wcm-ghost"[39m[33
m:[39m[36mthis[39m[33m.[39
mvariant[33m===[39m[32m"ghos
t"[39m[33m,[39m[32m"wcm-out
line"[39m[33m:[39m[36mthis
[39m[33m.[39mvariant[33m===
[39m[32m"outline"[39m}[33m;
[39m[36mlet[39m o[33m=[39m
[32m"inverse"[39m[33m;[39m[
36mreturn[39m [36mthis[39m[
33m.[39mvariant[33m===[39m[
32m"ghost"[39m[33m&&[39m(o[
33m=[39m[32m"secondary"[39m)
[33m,[39m[36mthis[39m[33m.
[39mvariant[33m===[39m[32m"
outline"[39m[33m&&[39m(o[33
m=[39m[32m"accent"[39m)[33m
,[39mn[32m`<button 
class="${P(e)}" 
?disabled="${this.disabled}" @c
lick="${this.onClick}">${this.i
conLeft}<wcm-text 
variant="small-regular" color="
${o}"><slot></slot></wcm-text>$
{this.iconRight}</button>`[39m
}}[33m;[39m[33mT[39m[33m.
[39mstyles[33m=[39m[h[33m.[
39mglobalCss[33m,[39mat][33m
,[39m[33mF[39m([d({type[33m
:[39m[33mBoolean[39m})][33m
,[39m[33mT[39m[33m.[39mpro
totype[33m,[39m[32m"disabled
"[39m[33m,[39m[35m2[39m)[
33m,[39m[33mF[39m([d()][33m
,[39m[33mT[39m[33m.[39mpro
totype[33m,[39m[32m"iconLeft
"[39m[33m,[39m[35m2[39m)[
33m,[39m[33mF[39m([d()][33m
,[39m[33mT[39m[33m.[39mpro
totype[33m,[39m[32m"iconRigh
t"[39m[33m,[39m[35m2[39m)
[33m,[39m[33mF[39m([d()][33
m,[39m[33mT[39m[33m.[39mpr
ototype[33m,[39m[32m"onClick
"[39m[33m,[39m[35m2[39m)[
33m,[39m[33mF[39m([d()][33m
,[39m[33mT[39m[33m.[39mpro
totype[33m,[39m[32m"variant"
[39m[33m,[39m[35m2[39m)[3
3m,[39m[33mT[39m[33m=[39m
[33mF[39m([p([32m"wcm-button"
[39m)][33m,[39m[33mT[39m)
[33m;[39m[36mconst[39m nt[3
3m=[39mg[32m`:host{display:in
line-block}button{padding:0 
15px 1px;height:40px;border-rad
ius:var(--wcm-button-border-rad
ius);color:var(--wcm-accent-fil
l-color);background-color:var(-
-wcm-accent-color)}button::afte
r{content:'';top:0;bottom:0;lef
t:0;right:0;position:absolute;b
ackground-color:transparent;bor
der-radius:inherit;transition:b
ackground-color .2s 
ease;border:1px solid var(--wcm
-color-overlay)}button:active::
after{background-color:var(--wc
m-color-overlay)}button:disable
d{padding-bottom:0;background-c
olor:var(--wcm-color-bg-3);colo
r:var(--wcm-color-fg-3)}.wcm-se
condary{color:var(--wcm-accent-
color);background-color:transpa
rent}.wcm-secondary::after{disp
lay:none}@media(hover:hover){bu
tton:hover::after{background-co
lor:var(--wcm-color-overlay)}}`
[39m[33m;[39m[36mvar[39m c
t[33m=[39m[33mObject[39m[3
3m.[39mdefineProperty[33m,[3
9mst[33m=[39m[33mObject[39m
[33m.[39mgetOwnPropertyDescri
ptor[33m,[39mue[33m=[39m(e
[33m,[39mo[33m,[39mr[33m,[
39ma)[33m=>[39m{[36mfor[39m
([36mvar[39m t[33m=[39ma[3
3m>[39m[35m1[39m[33m?[39m
[36mvoid[39m [35m0[39m[33m:
[39ma[33m?[39mst(o[33m,[39
mr)[33m:[39mo[33m,[39ml[33
m=[39me[33m.[39mlength[33m-
[39m[35m1[39m[33m,[39mi[3
3m;[39ml[33m>=[39m[35m0[39
m[33m;[39ml[33m--[39m)(i[3
3m=[39me[l])[33m&&[39m(t[33
m=[39m(a[33m?[39mi(o[33m,[
39mr[33m,[39mt)[33m:[39mi(t
))[33m||[39mt)[33m;[39m[36
mreturn[39m a[33m&&[39mt[33
m&&[39mct(o[33m,[39mr[33m,
[39mt)[33m,[39mt}[33m;[39m
[36mlet[39m 
ee[33m=[39m[36mclass[39m 
[36mextends[39m w{constructor
(){[36msuper[39m([33m...[39
marguments)[33m,[39m[36mthis
[39m[33m.[39mdisabled[33m=
[39m[33m![39m[35m1[39m[33m
,[39m[36mthis[39m[33m.[39m
variant[33m=[39m[32m"primary
"[39m}render(){[36mconst[39m
 e[33m=[39m{[32m"wcm-seconda
ry"[39m[33m:[39m[36mthis[3
9m[33m.[39mvariant[33m===[3
9m[32m"secondary"[39m}[33m;
[39m[36mreturn[39m 
n[32m`<button 
?disabled="${this.disabled}" cl
ass="${P(e)}"><slot></slot></bu
tton>`[39m}}[33m;[39mee[33m
.[39mstyles[33m=[39m[h[33m.
[39mglobalCss[33m,[39mnt][3
3m,[39mue([d({type[33m:[39m
[33mBoolean[39m})][33m,[39me
e[33m.[39mprototype[33m,[39
m[32m"disabled"[39m[33m,[39
m[35m2[39m)[33m,[39mue([d()
][33m,[39mee[33m.[39mprotot
ype[33m,[39m[32m"variant"[3
9m[33m,[39m[35m2[39m)[33m,
[39mee[33m=[39mue([p([32m"w
cm-button-big"[39m)][33m,[39
mee)[33m;[39m[36mconst[39m 
dt[33m=[39mg[32m`:host{backg
round-color:var(--wcm-color-bg-
2);border-top:1px solid var(--w
cm-color-bg-3)}div{padding:10px
 20px;display:inherit;flex-dire
ction:inherit;align-items:inher
it;width:inherit;justify-conten
t:inherit}`[39m[33m;[39m[36
mvar[39m mt[33m=[39m[33mObj
ect[39m[33m.[39mdefineProper
ty[33m,[39mht[33m=[39m[33m
Object[39m[33m.[39mgetOwnPro
pertyDescriptor[33m,[39mwt[3
3m=[39m(e[33m,[39mo[33m,[3
9mr[33m,[39ma)[33m=>[39m{[
36mfor[39m([36mvar[39m t[33
m=[39ma[33m>[39m[35m1[39m
[33m?[39m[36mvoid[39m [35m0
[39m[33m:[39ma[33m?[39mht(
o[33m,[39mr)[33m:[39mo[33m
,[39ml[33m=[39me[33m.[39ml
ength[33m-[39m[35m1[39m[33
m,[39mi[33m;[39ml[33m>=[39
m[35m0[39m[33m;[39ml[33m--
[39m)(i[33m=[39me[l])[33m&&
[39m(t[33m=[39m(a[33m?[39m
i(o[33m,[39mr[33m,[39mt)[3
3m:[39mi(t))[33m||[39mt)[33
m;[39m[36mreturn[39m a[33m&
&[39mt[33m&&[39mmt(o[33m,[
39mr[33m,[39mt)[33m,[39mt}
[33m;[39m[36mlet[39m 
be[33m=[39m[36mclass[39m 
[36mextends[39m 
w{render(){[36mreturn[39m n[
32m`<div><slot></slot></div>`[
39m}}[33m;[39mbe[33m.[39mst
yles[33m=[39m[h[33m.[39mglo
balCss[33m,[39mdt][33m,[39m
be[33m=[39mwt([p([32m"wcm-in
fo-footer"[39m)][33m,[39mbe)
[33m;[39m[36mconst[39m v[3
3m=[39m{[33mCROSS_ICON[39m[
33m:[39m[33mC[39m[32m`<svg 
width="12" height="12" 
viewBox="0 0 12 12"><path 
d="M9.94 11A.75.75 0 1 0 11 
9.94L7.414 6.353a.5.5 0 0 1 
0-.708L11 2.061A.75.75 0 1 0 
9.94 1L6.353 4.586a.5.5 0 0 
1-.708 0L2.061 1A.75.75 0 0 0 
1 2.06l3.586 3.586a.5.5 0 0 1 
0 .708L1 9.939A.75.75 0 1 0 
2.06 11l3.586-3.586a.5.5 0 0 1 
.708 0L9.939 11Z" fill="#fff"/>
</svg>`[39m[33m,[39m[33mWAL
LET_CONNECT_LOGO[39m[33m:[39
m[33mC[39m[32m`<svg 
width="178" height="29" 
viewBox="0 0 178 29" 
id="wcm-wc-logo"><path 
d="M10.683 7.926c5.284-5.17 
13.85-5.17 19.134 
0l.636.623a.652.652 0 0 1 0 
.936l-2.176 2.129a.343.343 0 0 
1-.478 0l-.875-.857c-3.686-3.60
7-9.662-3.607-13.348 
0l-.937.918a.343.343 0 0 
1-.479 0l-2.175-2.13a.652.652 
0 0 1 0-.936l.698-.683Zm23.633 
4.403 1.935 1.895a.652.652 0 0 
1 0 .936l-8.73 8.543a.687.687 
0 0 1-.956 0L20.37 
17.64a.172.172 0 0 0-.239 
0l-6.195 6.063a.687.687 0 0 
1-.957 0l-8.73-8.543a.652.652 
0 0 1 
0-.936l1.936-1.895a.687.687 0 
0 1 .957 0l6.196 
6.064a.172.172 0 0 0 .239 
0l6.195-6.064a.687.687 0 0 1 
.957 0l6.196 6.064a.172.172 0 
0 0 .24 0l6.195-6.064a.687.687 
0 0 1 .956 0ZM48.093 20.948l2.3
38-9.355c.139-.515.258-1.07.416
-1.942.12.872.258 1.427.357 
1.942l2.022 9.355h4.181l3.528-1
3.874h-3.21l-1.943 
8.523a24.825 24.825 0 0 0-.456 
2.457c-.158-.931-.317-1.625-.49
5-2.438l-1.883-8.542h-4.201l-2.
042 8.542a41.204 41.204 0 0 
0-.475 2.438 41.208 41.208 0 0 
0-.476-2.438l-1.903-8.542h-3.34
9l3.508 13.874h4.083ZM63.33 
21.304c1.585 0 2.596-.654 3.11-
1.605-.059.297-.078.595-.078.89
2v.357h2.655V15.22c0-2.735-1.24
8-4.32-4.3-4.32-2.636 0-4.36 
1.466-4.52 
3.487h2.914c.1-.891.734-1.426 
1.705-1.426.911 0 1.407.515 
1.407 1.11 0 .435-.258.693-1.03
.792l-1.388.159c-2.061.257-3.82
5 1.01-3.825 3.19 0 1.982 
1.645 3.092 3.35 
3.092Zm.891-2.041c-.773 
0-1.348-.436-1.348-1.19 
0-.733.655-1.09 1.645-1.268l.67
4-.119c.575-.118.892-.218 
1.09-.396v.912c0 1.228-.892 
2.06-2.06 2.06ZM70.398 7.074v13
.874h2.874V7.074h-2.874ZM74.934
 7.074v13.874h2.874V7.074h-2.87
4ZM84.08 21.304c2.735 0 
4.5-1.546 4.697-3.567h-2.893c-.
139.892-.892 1.387-1.804 
1.387-1.228 0-2.12-.99-2.14-2.3
58h6.897v-.555c0-3.21-1.764-5.3
12-4.816-5.312-2.933 0-4.994 
2.062-4.994 5.173 0 3.37 2.12 
5.232 5.053 5.232Zm-2.16-6.421c
.119-1.11.932-1.922 
2.081-1.922 1.11 0 1.883.772 
1.903 1.922H81.92ZM94.92 
21.146c.633 0 1.248-.1 1.525-.1
79v-2.18c-.218.04-.475.06-.693.
06-1.05 0-1.427-.595-1.427-1.56
6v-3.805h2.338v-2.24h-2.338V7.7
88H91.47v3.448H89.37v2.24h2.1v4
.201c0 2.3 1.15 3.469 3.45 
3.469ZM104.62 21.304c3.924 0 
6.302-2.299 
6.599-5.608h-3.111c-.238 
1.803-1.506 3.032-3.369 
3.032-2.2 
0-3.746-1.784-3.746-4.796 
0-2.953 1.605-4.638 
3.805-4.638 1.883 0 2.953 1.15 
3.171 2.834h3.191c-.317-3.448-2
.854-5.41-6.342-5.41-3.984 
0-7.036 2.695-7.036 7.214 0 
4.677 2.676 7.372 6.838 
7.372ZM117.449 21.304c2.993 0 
5.114-1.882 5.114-5.172 0-3.23-
2.121-5.233-5.114-5.233-2.972 
0-5.093 2.002-5.093 5.233 0 
3.29 2.101 5.172 5.093 
5.172Zm0-2.22c-1.327 
0-2.18-1.09-2.18-2.952 
0-1.903.892-2.973 2.18-2.973 
1.308 0 2.2 1.07 2.2 2.973 0 
1.862-.872 2.953-2.2 
2.953ZM126.569 
20.948v-5.689c0-1.208.753-2.1 
1.823-2.1 1.011 0 1.606.773 
1.606 2.06v5.729h2.873v-6.144c0
-2.339-1.229-3.905-3.428-3.905-
1.526 0-2.458.734-2.953 
1.606a5.31 5.31 0 0 0 .079-.892
v-.377h-2.874v9.712h2.874ZM137.
464 
20.948v-5.689c0-1.208.753-2.1 
1.823-2.1 1.011 0 1.606.773 
1.606 2.06v5.729h2.873v-6.144c0
-2.339-1.228-3.905-3.428-3.905-
1.526 0-2.458.734-2.953 
1.606a5.31 5.31 0 0 0 .079-.892
v-.377h-2.874v9.712h2.874ZM149.
949 21.304c2.735 0 4.499-1.546 
4.697-3.567h-2.893c-.139.892-.8
92 1.387-1.804 1.387-1.228 0-2.
12-.99-2.14-2.358h6.897v-.555c0
-3.21-1.764-5.312-4.816-5.312-2
.933 0-4.994 2.062-4.994 5.173 
0 3.37 2.12 5.232 5.053 5.232Zm
-2.16-6.421c.119-1.11.932-1.922
 2.081-1.922 1.11 0 1.883.772 
1.903 1.922h-3.984ZM160.876 
21.304c3.013 0 4.658-1.645 
4.975-4.201h-2.874c-.099 
1.07-.713 1.982-2.001 
1.982-1.309 
0-2.2-1.21-2.2-2.993 0-1.942 
1.03-2.933 2.259-2.933 1.209 0 
1.803.872 1.883 1.882h2.873c-.2
18-2.358-1.823-4.142-4.776-4.14
2-2.874 0-5.153 1.903-5.153 
5.193 0 3.25 1.923 5.212 5.014 
5.212ZM172.067 21.146c.634 0 
1.248-.1 1.526-.179v-2.18c-.218
.04-.476.06-.694.06-1.05 0-1.42
7-.595-1.427-1.566v-3.805h2.339
v-2.24h-2.339V7.788h-2.854v3.44
8h-2.1v2.24h2.1v4.201c0 2.3 
1.15 3.469 3.449 3.469Z" fill="
#fff"/></svg>`[39m[33m,[39m
[33mWALLET_CONNECT_ICON[39m[3
3m:[39m[33mC[39m[32m`<svg 
width="28" height="20" 
viewBox="0 0 28 20"><g 
clip-path="url(#a)"><path 
d="M7.386 6.482c3.653-3.576 
9.575-3.576 13.228 
0l.44.43a.451.451 0 0 1 0 
.648L19.55 9.033a.237.237 0 0 
1-.33 0l-.606-.592c-2.548-2.496
-6.68-2.496-9.228 
0l-.648.634a.237.237 0 0 1-.33 
0L6.902 7.602a.451.451 0 0 1 
0-.647l.483-.473Zm16.338 3.046 
1.339 1.31a.451.451 0 0 1 0 
.648l-6.035 5.909a.475.475 0 0 
1-.662 0L14.083 13.2a.119.119 
0 0 0-.166 0l-4.283 
4.194a.475.475 0 0 1-.662 
0l-6.035-5.91a.451.451 0 0 1 
0-.647l1.338-1.31a.475.475 0 0 
1 .662 0l4.283 
4.194c.046.044.12.044.166 
0l4.283-4.194a.475.475 0 0 1 
.662 0l4.283 
4.194c.046.044.12.044.166 
0l4.283-4.194a.475.475 0 0 1 
.662 0Z" fill="#000000"/></g><d
efs><clipPath id="a"><path 
fill="#ffffff" d="M0 0h28v20H0z
"/></clipPath></defs></svg>`[3
9m[33m,[39m[33mWALLET_CONNEC
T_ICON_COLORED[39m[33m:[39m
[33mC[39m[32m`<svg 
width="96" height="96" 
fill="none"><path fill="#fff" 
d="M25.322 
33.597c12.525-12.263 
32.83-12.263 45.355 0l1.507 
1.476a1.547 1.547 0 0 1 0 
2.22l-5.156 5.048a.814.814 0 0 
1-1.134 0l-2.074-2.03c-8.737-8.
555-22.903-8.555-31.64 
0l-2.222 2.175a.814.814 0 0 
1-1.134 0l-5.156-5.049a1.547 
1.547 0 0 1 
0-2.22l1.654-1.62Zm56.019 
10.44 4.589 4.494a1.547 1.547 
0 0 1 0 2.22l-20.693 
20.26a1.628 1.628 0 0 1-2.267 
0L48.283 56.632a.407.407 0 0 
0-.567 0L33.03 71.012a1.628 
1.628 0 0 1-2.268 0L10.07 
50.75a1.547 1.547 0 0 1 
0-2.22l4.59-4.494a1.628 1.628 
0 0 1 2.267 0l14.687 
14.38c.156.153.41.153.567 
0l14.685-14.38a1.628 1.628 0 0 
1 2.268 0l14.687 
14.38c.156.153.41.153.567 
0l14.686-14.38a1.628 1.628 0 0 
1 2.268 0Z"/><path 
stroke="#000" d="M25.672 
33.954c12.33-12.072 
32.325-12.072 44.655 0l1.508 
1.476a1.047 1.047 0 0 1 0 
1.506l-5.157 5.048a.314.314 0 
0 1-.434 0l-2.074-2.03c-8.932-8
.746-23.409-8.746-32.34 
0l-2.222 2.174a.314.314 0 0 
1-.434 0l-5.157-5.048a1.047 
1.047 0 0 1 
0-1.506l1.655-1.62Zm55.319 
10.44 4.59 4.494a1.047 1.047 0 
0 1 0 1.506l-20.694 
20.26a1.128 1.128 0 0 1-1.568 
0l-14.686-14.38a.907.907 0 0 
0-1.267 0L32.68 70.655a1.128 
1.128 0 0 1-1.568 0L10.42 
50.394a1.047 1.047 0 0 1 
0-1.506l4.59-4.493a1.128 1.128 
0 0 1 1.567 0l14.687 
14.379a.907.907 0 0 0 1.266 
0l-.35-.357.35.357 
14.686-14.38a1.128 1.128 0 0 1 
1.568 0l14.687 14.38a.907.907 
0 0 0 1.267 
0l14.686-14.38a1.128 1.128 0 0 
1 1.568 0Z"/></svg>`[39m[33m,
[39m[33mBACK_ICON[39m[33m:
[39m[33mC[39m[32m`<svg 
width="10" height="18" 
viewBox="0 0 10 18"><path 
fill-rule="evenodd" 
clip-rule="evenodd" 
d="M8.735.179a.75.75 0 0 1 
.087 1.057L2.92 8.192a1.25 
1.25 0 0 0 0 1.617l5.902 
6.956a.75.75 0 1 
1-1.144.97L1.776 10.78a2.75 
2.75 0 0 1 
0-3.559L7.678.265A.75.75 0 0 1 
8.735.18Z" fill="#fff"/></svg>`
[39m[33m,[39m[33mCOPY_ICON
[39m[33m:[39m[33mC[39m[32m
`<svg width="24" height="24" 
fill="none"><path fill="#fff" 
fill-rule="evenodd" d="M7.01 7.
01c.03-1.545.138-2.5.535-3.28A5
 5 0 0 1 9.73 1.545C10.8 1 
12.2 1 15 1c2.8 0 4.2 0 
5.27.545a5 5 0 0 1 2.185 
2.185C23 4.8 23 6.2 23 9c0 2.8 
0 4.2-.545 5.27a5 5 0 0 
1-2.185 2.185c-.78.397-1.735.50
5-3.28.534l-.001.01c-.03 
1.54-.138 2.493-.534 3.27a5 5 
0 0 1-2.185 2.186C13.2 23 11.8 
23 9 23c-2.8 0-4.2 
0-5.27-.545a5 5 0 0 
1-2.185-2.185C1 19.2 1 17.8 1 
15c0-2.8 0-4.2.545-5.27A5 5 0 
0 1 3.73 7.545C4.508 7.149 
5.46 7.04 7 7.01h.01ZM15 
15.5c-1.425 0-2.403-.001-3.162-
.063-.74-.06-1.139-.172-1.427-.
319a3.5 3.5 0 0 1-1.53-1.529c-.
146-.288-.257-.686-.318-1.427C8
.501 11.403 8.5 10.425 8.5 9c0-
1.425.001-2.403.063-3.162.06-.7
4.172-1.139.318-1.427a3.5 3.5 
0 0 1 
1.53-1.53c.288-.146.686-.257 
1.427-.318.759-.062 1.737-.063 
3.162-.063 1.425 0 2.403.001 
3.162.063.74.06 1.139.172 
1.427.318a3.5 3.5 0 0 1 1.53 
1.53c.146.288.257.686.318 
1.427.062.759.063 1.737.063 
3.162 0 1.425-.001 2.403-.063 
3.162-.06.74-.172 1.139-.319 
1.427a3.5 3.5 0 0 1-1.529 1.53c
-.288.146-.686.257-1.427.318-.7
59.062-1.737.063-3.162.063ZM7 8
.511c-.444.009-.825.025-1.162.0
52-.74.06-1.139.172-1.427.318a3
.5 3.5 0 0 0-1.53 
1.53c-.146.288-.257.686-.318 
1.427-.062.759-.063 1.737-.063 
3.162 0 1.425.001 2.403.063 
3.162.06.74.172 1.139.318 
1.427a3.5 3.5 0 0 0 1.53 
1.53c.288.146.686.257 
1.427.318.759.062 1.737.063 
3.162.063 1.425 0 2.403-.001 
3.162-.063.74-.06 1.139-.172 
1.427-.319a3.5 3.5 0 0 0 1.53-1
.53c.146-.287.257-.685.318-1.42
6.027-.337.043-.718.052-1.162H1
5c-2.8 0-4.2 0-5.27-.545a5 5 0 
0 1-2.185-2.185C7 13.2 7 11.8 
7 9v-.489Z" clip-rule="evenodd"
/></svg>`[39m[33m,[39m[33mR
ETRY_ICON[39m[33m:[39m[33mC
[39m[32m`<svg width="15" 
height="16" viewBox="0 0 15 
16"><path d="M6.464 
2.03A.75.75 0 0 0 
5.403.97L2.08 4.293a1 1 0 0 0 
0 1.414L5.403 9.03a.75.75 0 0 
0 1.06-1.06L4.672 6.177a.25.25 
0 0 1 .177-.427h2.085a4 4 0 1 
1-3.93 4.746c-.077-.407-.405-.7
46-.82-.746-.414 
0-.755.338-.7.748a5.501 5.501 
0 1 0 5.45-6.248H4.848a.25.25 
0 0 1-.177-.427L6.464 2.03Z" fi
ll="#fff"/></svg>`[39m[33m,[
39m[33mDESKTOP_ICON[39m[33m:
[39m[33mC[39m[32m`<svg 
width="16" height="16" 
viewBox="0 0 16 16"><path 
fill-rule="evenodd" 
clip-rule="evenodd" d="M0 
5.98c0-1.85 
0-2.775.394-3.466a3 3 0 0 1 
1.12-1.12C2.204 1 3.13 1 4.98 
1h6.04c1.85 0 2.775 0 
3.466.394a3 3 0 0 1 1.12 
1.12C16 3.204 16 4.13 16 
5.98v1.04c0 1.85 0 2.775-.394 
3.466a3 3 0 0 1-1.12 
1.12C13.796 12 12.87 12 11.02 
12H4.98c-1.85 0-2.775 
0-3.466-.394a3 3 0 0 
1-1.12-1.12C0 9.796 0 8.87 0 
7.02V5.98ZM4.98 2.5h6.04c.953 
0 1.568.001 2.034.043.446.04.60
8.108.69.154a1.5 1.5 0 0 1 .559
.56c.046.08.114.243.154.69.042.
465.043 1.08.043 2.033v1.04c0 
.952-.001 1.568-.043 2.034-.04.
446-.108.608-.154.69a1.499 
1.499 0 0 1-.56.559c-.08.046-.2
43.114-.69.154-.466.042-1.08.04
3-2.033.043H4.98c-.952 0-1.568-
.001-2.034-.043-.446-.04-.608-.
108-.69-.154a1.5 1.5 0 0 1-.559
-.56c-.046-.08-.114-.243-.154-.
69-.042-.465-.043-1.08-.043-2.0
33V5.98c0-.952.001-1.568.043-2.
034.04-.446.108-.608.154-.69a1.
5 1.5 0 0 1 .56-.559c.08-.046.2
43-.114.69-.154.465-.042 
1.08-.043 2.033-.043Z" 
fill="#fff"/><path d="M4 
14.25a.75.75 0 0 1 
.75-.75h6.5a.75.75 0 0 1 0 
1.5h-6.5a.75.75 0 0 
1-.75-.75Z" fill="#fff"/></svg>
`[39m[33m,[39m[33mMOBILE_IC
ON[39m[33m:[39m[33mC[39m[
32m`<svg width="16" 
height="16" viewBox="0 0 16 
16"><path d="M6.75 5a1.25 1.25 
0 1 0 0-2.5 1.25 1.25 0 0 0 0 
2.5Z" fill="#fff"/><path 
fill-rule="evenodd" 
clip-rule="evenodd" d="M3 
4.98c0-1.85 
0-2.775.394-3.466a3 3 0 0 1 
1.12-1.12C5.204 0 6.136 0 8 
0s2.795 0 3.486.394a3 3 0 0 1 
1.12 1.12C13 2.204 13 3.13 13 
4.98v6.04c0 1.85 0 2.775-.394 
3.466a3 3 0 0 1-1.12 
1.12C10.796 16 9.864 16 8 
16s-2.795 0-3.486-.394a3 3 0 0 
1-1.12-1.12C3 13.796 3 12.87 3 
11.02V4.98Zm8.5 0v6.04c0 
.953-.001 1.568-.043 2.034-.04.
446-.108.608-.154.69a1.499 
1.499 0 0 1-.56.559c-.08.045-.2
42.113-.693.154-.47.042-1.091.0
43-2.05.043-.959 0-1.58-.001-2.
05-.043-.45-.04-.613-.109-.693-
.154a1.5 1.5 0 0 1-.56-.56c-.04
6-.08-.114-.243-.154-.69-.042-.
466-.043-1.08-.043-2.033V4.98c0
-.952.001-1.568.043-2.034.04-.4
46.108-.608.154-.69a1.5 1.5 0 
0 1 .56-.559c.08-.045.243-.113.
693-.154C6.42 1.501 7.041 1.5 
8 1.5c.959 0 1.58.001 2.05.043.
45.04.613.109.693.154a1.5 1.5 
0 0 1 .56.56c.046.08.114.243.15
4.69.042.465.043 1.08.043 
2.033Z" fill="#fff"/></svg>`[3
9m[33m,[39m[33mARROW_DOWN_IC
ON[39m[33m:[39m[33mC[39m[
32m`<svg width="14" 
height="14" viewBox="0 0 14 
14"><path d="M2.28 7.47a.75.75 
0 0 0-1.06 1.06l5.25 
5.25a.75.75 0 0 0 1.06 
0l5.25-5.25a.75.75 0 0 
0-1.06-1.06l-3.544 
3.543a.25.25 0 0 
1-.426-.177V.75a.75.75 0 0 
0-1.5 0v10.086a.25.25 0 0 
1-.427.176L2.28 7.47Z" fill="#f
ff"/></svg>`[39m[33m,[39m[3
3mARROW_UP_RIGHT_ICON[39m[33m
:[39m[33mC[39m[32m`<svg 
width="15" height="14" 
fill="none"><path d="M4.5 
1.75A.75.75 0 0 1 5.25 
1H12a1.5 1.5 0 0 1 1.5 
1.5v6.75a.75.75 0 0 1-1.5 
0V4.164a.25.25 0 0 
0-.427-.176L4.061 11.5A.75.75 
0 0 1 3 
10.44l7.513-7.513a.25.25 0 0 
0-.177-.427H5.25a.75.75 0 0 
1-.75-.75Z" fill="#fff"/></svg>
`[39m[33m,[39m[33mARROW_RIG
HT_ICON[39m[33m:[39m[33mC[
39m[32m`<svg width="6" 
height="14" viewBox="0 0 6 
14"><path fill-rule="evenodd" 
clip-rule="evenodd" d="M2.181 
1.099a.75.75 0 0 1 
1.024.279l2.433 4.258a2.75 
2.75 0 0 1 0 2.729l-2.433 
4.257a.75.75 0 1 
1-1.303-.744L4.335 7.62a1.25 
1.25 0 0 0 0-1.24L1.902 
2.122a.75.75 0 0 1 .28-1.023Z" 
fill="#fff"/></svg>`[39m[33m,
[39m[33mQRCODE_ICON[39m[33m
:[39m[33mC[39m[32m`<svg 
width="25" height="24" 
viewBox="0 0 25 24"><path 
d="M23.748 9a.748.748 0 0 0 .74
8-.752c-.018-2.596-.128-4.07-.7
84-5.22a6 6 0 0 0-2.24-2.24c-1.
15-.656-2.624-.766-5.22-.784a.7
48.748 0 0 0-.752.748c0 
.414.335.749.748.752 1.015.007 
1.82.028 2.494.088.995.09 
1.561.256 1.988.5.7.398 
1.28.978 1.679 
1.678.243.427.41.993.498 
1.988.061.675.082 1.479.09 
2.493a.753.753 0 0 0 
.75.749ZM3.527.788C4.677.132 
6.152.022 8.747.004A.748.748 0 
0 1 9.5.752a.753.753 0 0 1-.749
.752c-1.014.007-1.818.028-2.493
.088-.995.09-1.561.256-1.988.5-
.7.398-1.28.978-1.679 
1.678-.243.427-.41.993-.499 
1.988-.06.675-.081 1.479-.088 
2.493A.753.753 0 0 1 1.252 
9a.748.748 0 0 1-.748-.752c.018
-2.596.128-4.07.784-5.22a6 6 0 
0 1 2.24-2.24ZM1.252 
15a.748.748 0 0 
0-.748.752c.018 2.596.128 
4.07.784 5.22a6 6 0 0 0 2.24 
2.24c1.15.656 2.624.766 
5.22.784a.748.748 0 0 0 
.752-.748.753.753 0 0 0-.749-.7
52c-1.014-.007-1.818-.028-2.493
-.089-.995-.089-1.561-.255-1.98
8-.498a4.5 4.5 0 0 1-1.679-1.68
c-.243-.426-.41-.992-.499-1.987
-.06-.675-.081-1.479-.088-2.493
A.753.753 0 0 0 1.252 
15ZM22.996 15.749a.753.753 0 0 
1 .752-.749c.415 0 
.751.338.748.752-.018 
2.596-.128 4.07-.784 5.22a6 6 
0 0 1-2.24 2.24c-1.15.656-2.624
.766-5.22.784a.748.748 0 0 1-.7
52-.748c0-.414.335-.749.748-.75
2 1.015-.007 1.82-.028 
2.494-.089.995-.089 1.561-.255 
1.988-.498a4.5 4.5 0 0 0 1.679-
1.68c.243-.426.41-.992.498-1.98
7.061-.675.082-1.479.09-2.493Z"
 fill="#fff"/><path 
fill-rule="evenodd" 
clip-rule="evenodd" d="M7 
4a2.5 2.5 0 0 0-2.5 2.5v2A2.5 
2.5 0 0 0 7 11h2a2.5 2.5 0 0 0 
2.5-2.5v-2A2.5 2.5 0 0 0 9 
4H7Zm2 1.5H7a1 1 0 0 0-1 1v2a1 
1 0 0 0 1 1h2a1 1 0 0 0 
1-1v-2a1 1 0 0 0-1-1ZM13.5 
6.5A2.5 2.5 0 0 1 16 4h2a2.5 
2.5 0 0 1 2.5 2.5v2A2.5 2.5 0 
0 1 18 11h-2a2.5 2.5 0 0 
1-2.5-2.5v-2Zm2.5-1h2a1 1 0 0 
1 1 1v2a1 1 0 0 1-1 1h-2a1 1 0 
0 1-1-1v-2a1 1 0 0 1 1-1ZM7 
13a2.5 2.5 0 0 0-2.5 2.5v2A2.5 
2.5 0 0 0 7 20h2a2.5 2.5 0 0 0 
2.5-2.5v-2A2.5 2.5 0 0 0 9 
13H7Zm2 1.5H7a1 1 0 0 0-1 
1v2a1 1 0 0 0 1 1h2a1 1 0 0 0 
1-1v-2a1 1 0 0 0-1-1Z" 
fill="#fff"/><path d="M13.5 
15.5c0-.465 0-.697.038-.89a2 2 
0 0 1 1.572-1.572C15.303 13 
15.535 13 16 13v2.5h-2.5ZM18 
13c.465 0 .697 0 .89.038a2 2 0 
0 1 1.572 1.572c.038.193.038.42
5.038.89H18V13ZM18 17.5h2.5c0 
.465 0 .697-.038.89a2 2 0 0 
1-1.572 1.572C18.697 20 18.465 
20 18 20v-2.5ZM13.5 
17.5H16V20c-.465 0-.697 
0-.89-.038a2 2 0 0 1-1.572-1.57
2c-.038-.193-.038-.425-.038-.89
Z" fill="#fff"/></svg>`[39m[3
3m,[39m[33mSCAN_ICON[39m[33
m:[39m[33mC[39m[32m`<svg 
width="16" height="16" 
fill="none"><path fill="#fff" 
d="M10 15.216c0 
.422.347.763.768.74 1.202-.064 
2.025-.222 2.71-.613a5.001 
5.001 0 0 0 1.865-1.866c.39-.68
4.549-1.507.613-2.709a.735.735 
0 0 0-.74-.768.768.768 0 0 0-.7
6.732c-.009.157-.02.306-.032.44
7-.073.812-.206 1.244-.384 
1.555-.31.545-.761.996-1.306 1.
306-.311.178-.743.311-1.555.384
-.141.013-.29.023-.447.032a.768
.768 0 0 0-.732.76ZM10 .784c0 .
407.325.737.732.76.157.009.306.
02.447.032.812.073 1.244.206 
1.555.384a3.5 3.5 0 0 1 1.306 
1.306c.178.311.311.743.384 1.55
5.013.142.023.29.032.447a.768.7
68 0 0 0 .76.732.734.734 0 0 0 
.74-.768c-.064-1.202-.222-2.025
-.613-2.71A5 5 0 0 0 13.477.658
c-.684-.39-1.507-.549-2.709-.61
3a.735.735 0 0 
0-.768.74ZM5.232.044A.735.735 
0 0 1 6 .784a.768.768 0 0 1-.73
2.76c-.157.009-.305.02-.447.032
-.812.073-1.244.206-1.555.384A3
.5 3.5 0 0 0 1.96 
3.266c-.178.311-.311.743-.384 1
.555-.013.142-.023.29-.032.447A
.768.768 0 0 1 .784 6a.735.735 
0 0 1-.74-.768c.064-1.202.222-2
.025.613-2.71A5 5 0 0 1 
2.523.658C3.207.267 4.03.108 
5.233.044ZM5.268 
14.456a.768.768 0 0 1 
.732.76.734.734 0 0 1-.768.74c-
1.202-.064-2.025-.222-2.71-.613
a5 5 0 0 1-1.865-1.866c-.39-.68
4-.549-1.507-.613-2.709A.735.73
5 0 0 1 .784 10c.407 0 .737.325
.76.732.009.157.02.306.032.447.
073.812.206 1.244.384 
1.555a3.5 3.5 0 0 0 1.306 
1.306c.311.178.743.311 1.555.38
4.142.013.29.023.447.032Z"/></s
vg>`[39m[33m,[39m[33mCHECKM
ARK_ICON[39m[33m:[39m[33mC
[39m[32m`<svg width="13" 
height="12" viewBox="0 0 13 
12"><path fill-rule="evenodd" 
clip-rule="evenodd" 
d="M12.155.132a.75.75 0 0 1 
.232 1.035L5.821 11.535a1 1 0 
0 1-1.626.09L.665 7.21a.75.75 
0 1 1 1.17-.937L4.71 
9.867a.25.25 0 0 0 
.406-.023L11.12.364a.75.75 0 0 
1 1.035-.232Z" fill="#fff"/></s
vg>`[39m[33m,[39m[33mSEARCH
_ICON[39m[33m:[39m[33mC[39
m[32m`<svg width="20" 
height="21"><path 
fill-rule="evenodd" 
clip-rule="evenodd" d="M12.432 
13.992c-.354-.353-.91-.382-1.35
-.146a5.5 5.5 0 1 1 2.265-2.265
c-.237.441-.208.997.145 
1.35l3.296 3.296a.75.75 0 1 
1-1.06 
1.061l-3.296-3.296Zm.06-5a4 4 
0 1 1-8 0 4 4 0 0 1 8 0Z" fill=
"#949E9E"/></svg>`[39m[33m,[
39m[33mWALLET_PLACEHOLDER[39m
[33m:[39m[33mC[39m[32m`<sv
g width="60" height="60" 
fill="none" viewBox="0 0 60 
60"><g 
clip-path="url(#q)"><path 
id="wallet-placeholder-fill" 
fill="#fff" d="M0 24.9c0-9.251 
0-13.877 1.97-17.332a15 15 0 0 
1 5.598-5.597C11.023 0 15.648 
0 24.9 0h10.2c9.252 0 13.877 0 
17.332 1.97a15 15 0 0 1 5.597 
5.598C60 11.023 60 15.648 60 
24.9v10.2c0 9.252 0 
13.877-1.97 17.332a15.001 
15.001 0 0 1-5.598 
5.597C48.977 60 44.352 60 35.1 
60H24.9c-9.251 0-13.877 
0-17.332-1.97a15 15 0 0 
1-5.597-5.598C0 48.977 0 
44.352 0 35.1V24.9Z"/><path 
id="wallet-placeholder-dash" 
stroke="#000" 
stroke-dasharray="4 4" 
stroke-width="1.5" d="M.04 
41.708a231.598 231.598 0 0 
1-.039-4.403l.75-.001L.75 35.1v
-2.55H0v-5.1h.75V24.9l.001-2.20
4h-.75c.003-1.617.011-3.077.039
-4.404l.75.016c.034-1.65.099-3.
08.218-4.343l-.746-.07c.158-1.6
78.412-3.083.82-4.316l.713.236c
.224-.679.497-1.296.827-1.875a1
4.25 14.25 0 0 1 
1.05-1.585L3.076 5.9A15 15 0 0 
1 5.9 3.076l.455.596a14.25 
14.25 0 0 1 
1.585-1.05c.579-.33 1.196-.603 
1.875-.827l-.236-.712C10.812.67
4 12.217.42 
13.895.262l.07.746C15.23.89 
16.66.824 
18.308.79l-.016-.75C19.62.012 
21.08.004 22.695.001l.001.75L24
.9.75h2.55V0h5.1v.75h2.55l2.204
.001v-.75c1.617.003 3.077.011 
4.404.039l-.016.75c1.65.034 
3.08.099 
4.343.218l.07-.746c1.678.158 
3.083.412 
4.316.82l-.236.713c.679.224 
1.296.497 1.875.827a14.24 
14.24 0 0 1 1.585 
1.05l.455-.596A14.999 14.999 0 
0 1 56.924 
5.9l-.596.455c.384.502.735 
1.032 1.05 1.585.33.579.602 
1.196.827 1.875l.712-.236c.409 
1.233.663 2.638.822 
4.316l-.747.07c.119 1.264.184 
2.694.218 4.343l.75-.016c.028 
1.327.036 2.787.039 
4.403l-.75.001.001 2.204v2.55H6
0v5.1h-.75v2.55l-.001 
2.204h.75a231.431 231.431 0 0 
1-.039 4.404l-.75-.016c-.034 
1.65-.099 3.08-.218 
4.343l.747.07c-.159 1.678-.413 
3.083-.822 
4.316l-.712-.236a10.255 10.255 
0 0 1-.827 1.875 14.242 14.242 
0 0 1-1.05 
1.585l.596.455a14.997 14.997 0 
0 1-2.824 2.824l-.455-.596c-.50
2.384-1.032.735-1.585 1.05-.579
.33-1.196.602-1.875.827l.236.71
2c-1.233.409-2.638.663-4.316.82
2l-.07-.747c-1.264.119-2.694.18
4-4.343.218l.016.75c-1.327.028-
2.787.036-4.403.039l-.001-.75-2
.204.001h-2.55V60h-5.1v-.75H24.
9l-2.204-.001v.75a231.431 
231.431 0 0 1-4.404-.039l.016-.
75c-1.65-.034-3.08-.099-4.343-.
218l-.07.747c-1.678-.159-3.083-
.413-4.316-.822l.236-.712a10.25
8 10.258 0 0 1-1.875-.827 
14.252 14.252 0 0 
1-1.585-1.05l-.455.596A14.999 
14.999 0 0 1 3.076 
54.1l.596-.455a14.24 14.24 0 0 
1-1.05-1.585 10.259 10.259 0 0 
1-.827-1.875l-.712.236C.674 
49.188.42 47.783.262 
46.105l.746-.07C.89 44.77.824 
43.34.79 
41.692l-.75.016Z"/><path 
fill="#fff" 
fill-rule="evenodd" d="M35.643 
32.145c-.297-.743-.445-1.114-.4
01-1.275a.42.42 0 0 1 
.182-.27c.134-.1.463-.1 
1.123-.1.742 0 1.499.046 
2.236-.05a6 6 0 0 0 5.166-5.166
c.051-.39.051-.855.051-1.784 
0-.928 0-1.393-.051-1.783a6 6 
0 0 0-5.166-5.165c-.39-.052-.85
4-.052-1.783-.052h-7.72c-4.934 
0-7.401 0-9.244 1.051a8 8 0 0 
0-2.985 2.986C16.057 22.28 
16.003 24.58 16 29 15.998 
31.075 16 33.15 16 
35.224A7.778 7.778 0 0 0 
23.778 43H28.5c1.394 0 2.09 0 
2.67-.116a6 6 0 0 0 4.715-4.714
c.115-.58.115-1.301.115-2.744 
0-1.31 0-1.964-.114-2.49a4.998 
4.998 0 0 0-.243-.792Z" 
clip-rule="evenodd"/><path 
fill="#9EA9A9" 
fill-rule="evenodd" d="M37 
18h-7.72c-2.494 0-4.266.002-5.6
47.126-1.361.122-2.197.354-2.85
4.728a6.5 6.5 0 0 0-2.425 
2.426c-.375.657-.607 
1.492-.729 2.853-.11 
1.233-.123 2.777-.125 4.867 0 
.7 0 1.05.097 1.181.096.13.182.
181.343.2.163.02.518-.18 
1.229-.581a6.195 6.195 0 0 1 
3.053-.8H37c.977 0 1.32-.003 
1.587-.038a4.5 4.5 0 0 0 3.874-
3.874c.036-.268.039-.611.039-1.
588 0-.976-.003-1.319-.038-1.58
7a4.5 4.5 0 0 
0-3.875-3.874C38.32 18.004 
37.977 18 37 18Zm-7.364 
12.5h-7.414a4.722 4.722 0 0 
0-4.722 4.723 6.278 6.278 0 0 
0 6.278 6.278H28.5c1.466 0 
1.98-.008 2.378-.087a4.5 4.5 0 
0 0 3.535-3.536c.08-.397.087-.9
33.087-2.451 0-1.391-.009-1.843
-.08-2.17a3.5 3.5 0 0 0-2.676-2
.676c-.328-.072-.762-.08-2.108-
.08Z" clip-rule="evenodd"/></g>
<defs><clipPath id="q"><path 
fill="#fff" d="M0 0h60v60H0z"/>
</clipPath></defs></svg>`[39m
[33m,[39m[33mGLOBE_ICON[39m
[33m:[39m[33mC[39m[32m`<svg
 width="16" height="16" 
fill="none" viewBox="0 0 16 
16"><path fill="#fff" 
fill-rule="evenodd" d="M15.5 
8a7.5 7.5 0 1 1-15 0 7.5 7.5 0 
0 1 15 0Zm-2.113.75c.301 0 
.535.264.47.558a6.01 6.01 0 0 
1-2.867 3.896c-.203.116-.42-.10
3-.334-.32.409-1.018.691-2.274.
797-3.657a.512.512 0 0 1 .507-.
477h1.427Zm.47-2.058c.065.294-.
169.558-.47.558H11.96a.512.512 
0 0 1-.507-.477c-.106-1.383-.38
9-2.638-.797-3.656-.087-.217.13
-.437.333-.32a6.01 6.01 0 0 1 
2.868 3.895Zm-4.402.558c.286 0 
.515-.24.49-.525-.121-1.361-.42
9-2.534-.83-3.393-.279-.6-.549-
.93-.753-1.112a.535.535 0 0 
0-.724 
0c-.204.182-.474.513-.754 
1.112-.4.859-.708 2.032-.828 
3.393a.486.486 0 0 0 
.49.525h2.909Zm-5.415 0c.267 0 
.486-.21.507-.477.106-1.383.389
-2.638.797-3.656.087-.217-.13-.
437-.333-.32a6.01 6.01 0 0 
0-2.868 3.895c-.065.294.169.558
.47.558H4.04ZM2.143 9.308c-.065
-.294.169-.558.47-.558H4.04c.26
7 0 .486.21.507.477.106 
1.383.389 2.639.797 3.657.087.2
17-.13.436-.333.32a6.01 6.01 0 
0 1-2.868-3.896Zm3.913-.033a.48
6.486 0 0 1 
.49-.525h2.909c.286 0 
.515.24.49.525-.121 1.361-.428 
2.535-.83 
3.394-.279.6-.549.93-.753 
1.112a.535.535 0 0 1-.724 0c-.2
04-.182-.474-.513-.754-1.112-.4
-.859-.708-2.033-.828-3.394Z" c
lip-rule="evenodd"/></svg>`[39
m}[33m,[39mpt[33m=[39mg[32
m`.wcm-toolbar-placeholder{top:
0;bottom:0;left:0;right:0;width
:100%;position:absolute;display
:block;pointer-events:none;heig
ht:100px;border-radius:calc(var
(--wcm-background-border-radius
) * .9);background-color:var(--
wcm-background-color);backgroun
d-position:center;background-si
ze:cover}.wcm-toolbar{height:38
px;display:flex;position:relati
ve;margin:5px 15px 5px 5px;just
ify-content:space-between;align
-items:center}.wcm-toolbar 
img,.wcm-toolbar svg{height:28p
x;object-position:left center;o
bject-fit:contain}#wcm-wc-logo 
path{fill:var(--wcm-accent-fill
-color)}button{width:28px;heigh
t:28px;border-radius:var(--wcm-
icon-button-border-radius);bord
er:0;display:flex;justify-conte
nt:center;align-items:center;cu
rsor:pointer;background-color:v
ar(--wcm-color-bg-1);box-shadow
:0 0 0 1px var(--wcm-color-over
lay)}button:active{background-c
olor:var(--wcm-color-bg-2)}butt
on svg{display:block;object-pos
ition:center}button path{fill:v
ar(--wcm-color-fg-1)}.wcm-toolb
ar div{display:flex}@media(hove
r:hover){button:hover{backgroun
d-color:var(--wcm-color-bg-2)}}
`[39m[33m;[39m[36mvar[39m 
gt[33m=[39m[33mObject[39m[
33m.[39mdefineProperty[33m,[
39mvt[33m=[39m[33mObject[39
m[33m.[39mgetOwnPropertyDescr
iptor[33m,[39mut[33m=[39m(e
[33m,[39mo[33m,[39mr[33m,
[39ma)[33m=>[39m{[36mfor[39
m([36mvar[39m t[33m=[39ma[
33m>[39m[35m1[39m[33m?[39m
[36mvoid[39m [35m0[39m[33m
:[39ma[33m?[39mvt(o[33m,[3
9mr)[33m:[39mo[33m,[39ml[3
3m=[39me[33m.[39mlength[33m
-[39m[35m1[39m[33m,[39mi[
33m;[39ml[33m>=[39m[35m0[3
9m[33m;[39ml[33m--[39m)(i[
33m=[39me[l])[33m&&[39m(t[3
3m=[39m(a[33m?[39mi(o[33m,
[39mr[33m,[39mt)[33m:[39mi(
t))[33m||[39mt)[33m;[39m[3
6mreturn[39m a[33m&&[39mt[3
3m&&[39mgt(o[33m,[39mr[33m,
[39mt)[33m,[39mt}[33m;[39m
[36mlet[39m 
fe[33m=[39m[36mclass[39m 
[36mextends[39m 
w{render(){[36mreturn[39m 
n[32m`<div class="wcm-toolbar-
placeholder"></div><div class="
wcm-toolbar">${v.WALLET_CONNECT
_LOGO} <button @click="${ge.clo
se}">${v.CROSS_ICON}</button></
div>`[39m}}[33m;[39mfe[33m.
[39mstyles[33m=[39m[h[33m.
[39mglobalCss[33m,[39mpt][33
m,[39mfe[33m=[39mut([p([32m
"wcm-modal-backcard"[39m)][33
m,[39mfe)[33m;[39m[36mconst
[39m bt[33m=[39mg[32m`main{
padding:20px;padding-top:0;widt
h:100%}`[39m[33m;[39m[36mva
r[39m ft[33m=[39m[33mObject
[39m[33m.[39mdefineProperty
[33m,[39mxt[33m=[39m[33mObj
ect[39m[33m.[39mgetOwnProper
tyDescriptor[33m,[39myt[33m=
[39m(e[33m,[39mo[33m,[39mr
[33m,[39ma)[33m=>[39m{[36m
for[39m([36mvar[39m t[33m=
[39ma[33m>[39m[35m1[39m[33
m?[39m[36mvoid[39m [35m0[3
9m[33m:[39ma[33m?[39mxt(o[
33m,[39mr)[33m:[39mo[33m,[
39ml[33m=[39me[33m.[39mleng
th[33m-[39m[35m1[39m[33m,
[39mi[33m;[39ml[33m>=[39m[
35m0[39m[33m;[39ml[33m--[3
9m)(i[33m=[39me[l])[33m&&[3
9m(t[33m=[39m(a[33m?[39mi(o
[33m,[39mr[33m,[39mt)[33m:
[39mi(t))[33m||[39mt)[33m;
[39m[36mreturn[39m a[33m&&[
39mt[33m&&[39mft(o[33m,[39m
r[33m,[39mt)[33m,[39mt}[33
m;[39m[36mlet[39m 
xe[33m=[39m[36mclass[39m 
[36mextends[39m 
w{render(){[36mreturn[39m n[
32m`<main><slot></slot></main>`
[39m}}[33m;[39mxe[33m.[39m
styles[33m=[39m[h[33m.[39mg
lobalCss[33m,[39mbt][33m,[3
9mxe[33m=[39myt([p([32m"wcm-
modal-content"[39m)][33m,[39
mxe)[33m;[39m[36mconst[39m 
$t[33m=[39mg[32m`footer{padd
ing:10px;display:flex;flex-dire
ction:column;align-items:inheri
t;justify-content:inherit;borde
r-top:1px solid var(--wcm-color
-bg-2)}`[39m[33m;[39m[36mva
r[39m [33mCt[39m[33m=[39m
[33mObject[39m[33m.[39mdefin
eProperty[33m,[39mkt[33m=[3
9m[33mObject[39m[33m.[39mge
tOwnPropertyDescriptor[33m,[3
9m[33mOt[39m[33m=[39m(e[33
m,[39mo[33m,[39mr[33m,[39m
a)[33m=>[39m{[36mfor[39m([
36mvar[39m t[33m=[39ma[33m>
[39m[35m1[39m[33m?[39m[36
mvoid[39m [35m0[39m[33m:[3
9ma[33m?[39mkt(o[33m,[39mr)
[33m:[39mo[33m,[39ml[33m=
[39me[33m.[39mlength[33m-[3
9m[35m1[39m[33m,[39mi[33m;
[39ml[33m>=[39m[35m0[39m[
33m;[39ml[33m--[39m)(i[33m=
[39me[l])[33m&&[39m(t[33m=
[39m(a[33m?[39mi(o[33m,[39m
r[33m,[39mt)[33m:[39mi(t))
[33m||[39mt)[33m;[39m[36mre
turn[39m a[33m&&[39mt[33m&&
[39m[33mCt[39m(o[33m,[39mr
[33m,[39mt)[33m,[39mt}[33m
;[39m[36mlet[39m 
ye[33m=[39m[36mclass[39m 
[36mextends[39m 
w{render(){[36mreturn[39m n[
32m`<footer><slot></slot></foot
er>`[39m}}[33m;[39mye[33m.
[39mstyles[33m=[39m[h[33m.[
39mglobalCss[33m,[39m$t][33m
,[39mye[33m=[39m[33mOt[39m
([p([32m"wcm-modal-footer"[39
m)][33m,[39mye)[33m;[39m[3
6mconst[39m [33mWt[39m[33m=
[39mg[32m`header{display:flex
;justify-content:center;align-i
tems:center;padding:20px;positi
on:relative}.wcm-border{border-
bottom:1px solid var(--wcm-colo
r-bg-2);margin-bottom:20px}head
er button{padding:15px 
20px}header button:active{opaci
ty:.5}@media(hover:hover){heade
r button:hover{opacity:.5}}.wcm
-back-btn{position:absolute;lef
t:0}.wcm-action-btn{position:ab
solute;right:0}path{fill:var(--
wcm-accent-color)}`[39m[33m;
[39m[36mvar[39m [33mIt[39m
[33m=[39m[33mObject[39m[33m
.[39mdefineProperty[33m,[39m
[33mEt[39m[33m=[39m[33mObj
ect[39m[33m.[39mgetOwnProper
tyDescriptor[33m,[39mte[33m=
[39m(e[33m,[39mo[33m,[39mr
[33m,[39ma)[33m=>[39m{[36m
for[39m([36mvar[39m t[33m=
[39ma[33m>[39m[35m1[39m[33
m?[39m[36mvoid[39m [35m0[3
9m[33m:[39ma[33m?[39m[33mE
t[39m(o[33m,[39mr)[33m:[39
mo[33m,[39ml[33m=[39me[33m
.[39mlength[33m-[39m[35m1[
39m[33m,[39mi[33m;[39ml[33
m>=[39m[35m0[39m[33m;[39ml
[33m--[39m)(i[33m=[39me[l])
[33m&&[39m(t[33m=[39m(a[33
m?[39mi(o[33m,[39mr[33m,[3
9mt)[33m:[39mi(t))[33m||[39
mt)[33m;[39m[36mreturn[39m 
a[33m&&[39mt[33m&&[39m[33m
It[39m(o[33m,[39mr[33m,[39
mt)[33m,[39mt}[33m;[39m[36
mlet[39m [33mS[39m[33m=[39
m[36mclass[39m 
[36mextends[39m w{constructor
(){[36msuper[39m([33m...[39
marguments)[33m,[39m[36mthis
[39m[33m.[39mtitle[33m=[39
m[32m""[39m[33m,[39m[36mth
is[39m[33m.[39monAction[33m
=[39m[36mvoid[39m [35m0[39
m[33m,[39m[36mthis[39m[33m
.[39mactionIcon[33m=[39m[36
mvoid[39m [35m0[39m[33m,[3
9m[36mthis[39m[33m.[39mbord
er[33m=[39m[33m![39m[35m1
[39m}backBtnTemplate(){[36mret
urn[39m n[32m`<button 
class="wcm-back-btn" @click="${
x.goBack}">${v.BACK_ICON}</butt
on>`[39m}actionBtnTemplate(){
[36mreturn[39m n[32m`<button 
class="wcm-action-btn" @click="
${this.onAction}">${this.action
Icon}</button>`[39m}render(){
[36mconst[39m e[33m=[39m{[3
2m"wcm-border"[39m[33m:[39m
[36mthis[39m[33m.[39mborder}
[33m,[39mo[33m=[39mx[33m.
[39mstate[33m.[39mhistory[33
m.[39mlength[33m>[39m[35m1
[39m[33m,[39mr[33m=[39m[36
mthis[39m[33m.[39mtitle[33m
?[39mn[32m`<wcm-text variant=
"big-bold">${this.title}</wcm-t
ext>`[39m[33m:[39mn[32m`<sl
ot></slot>`[39m[33m;[39m[36
mreturn[39m n[32m`<header cla
ss="${P(e)}">${o?this.backBtnTe
mplate():null} ${r} ${this.onAc
tion?this.actionBtnTemplate():n
ull}</header>`[39m}}[33m;[39
m[33mS[39m[33m.[39mstyles[
33m=[39m[h[33m.[39mglobalCss
[33m,[39m[33mWt[39m][33m,
[39mte([d()][33m,[39m[33mS[
39m[33m.[39mprototype[33m,[
39m[32m"title"[39m[33m,[39m
[35m2[39m)[33m,[39mte([d()]
[33m,[39m[33mS[39m[33m.[3
9mprototype[33m,[39m[32m"onA
ction"[39m[33m,[39m[35m2[3
9m)[33m,[39mte([d()][33m,[3
9m[33mS[39m[33m.[39mprototy
pe[33m,[39m[32m"actionIcon"
[39m[33m,[39m[35m2[39m)[33
m,[39mte([d({type[33m:[39m[
33mBoolean[39m})][33m,[39m[
33mS[39m[33m.[39mprototype[
33m,[39m[32m"border"[39m[33
m,[39m[35m2[39m)[33m,[39m
[33mS[39m[33m=[39mte([p([32
m"wcm-modal-header"[39m)][33m
,[39m[33mS[39m)[33m;[39m[
36mconst[39m c[33m=[39m{[33
mMOBILE_BREAKPOINT[39m[33m:[
39m[35m600[39m[33m,[39m[33
mWCM_RECENT_WALLET_DATA[39m[3
3m:[39m[32m"WCM_RECENT_WALLET
_DATA"[39m[33m,[39m[33mEXPL
ORER_WALLET_URL[39m[33m:[39m
[32m"https://explorer.walletco
nnect.com/?type=wallet"[39m[3
3m,[39mgetShadowRootElement(e
[33m,[39mo){[36mconst[39m r
[33m=[39me[33m.[39mrenderRoo
t[33m.[39mquerySelector(o)[3
3m;[39m[36mif[39m([33m![39
mr)[36mthrow[39m 
[36mnew[39m 
[33mError[39m([32m`${o} not 
found`[39m)[33m;[39m[36mret
urn[39m r}[33m,[39mgetWallet
Icon({id[33m:[39me[33m,[39m
image_id[33m:[39mo}){[36mcon
st[39m{walletImages[33m:[39m
r}[33m=[39mz[33m.[39mstate
[33m;[39m[36mreturn[39m r[3
3m!=[39m[36mnull[39m[33m&&
[39mr[e][33m?[39mr[e][33m:[
39mo[33m?[39m[33mW[39m[33m
.[39mgetWalletImageUrl(o)[33m
:[39m[32m""[39m}[33m,[39mg
etWalletName(e[33m,[39mo[33m
=[39m[33m![39m[35m1[39m){
[36mreturn[39m o[33m&&[39me
[33m.[39mlength[33m>[39m[35
m8[39m[33m?[39m[32m`${e.sub
string(0,8)}..`[39m[33m:[39m
e}[33m,[39misMobileAnimation(
){[36mreturn[39m window[33m.
[39minnerWidth[33m<=[39mc[3
3m.[39m[33mMOBILE_BREAKPOINT
[39m}[33m,[39m[36masync[39m
 preloadImage(e){[36mconst[39
m o[33m=[39m[36mnew[39m [3
3mPromise[39m((r[33m,[39ma)
[33m=>[39m{[36mconst[39m 
t[33m=[39m[36mnew[39m [33m
Image[39m[33m;[39mt[33m.[3
9monload[33m=[39mr[33m,[39m
t[33m.[39monerror[33m=[39ma
[33m,[39mt[33m.[39mcrossOri
gin[33m=[39m[32m"anonymous"
[39m[33m,[39mt[33m.[39msrc
[33m=[39me})[33m;[39m[36mre
turn[39m [33mPromise[39m[33
m.[39mrace([o[33m,[39mm[33m
.[39mwait([35m3e3[39m)])}[3
3m,[39mgetErrorMessage(e){[36
mreturn[39m e 
[36minstanceof[39m [33mError
[39m[33m?[39me[33m.[39mmes
sage[33m:[39m[32m"Unknown Er
ror"[39m}[33m,[39mdebounce(e
[33m,[39mo[33m=[39m[35m500
[39m){[36mlet[39m r[33m;[3
9m[36mreturn[39m([33m...[39
ma)[33m=>[39m{[36mfunction[
39m t(){e([33m...[39ma)}r[33
m&&[39mclearTimeout(r)[33m,[
39mr[33m=[39msetTimeout(t[33
m,[39mo)}}[33m,[39mhandleMob
ileLinking(e){[36mconst[39m{w
alletConnectUri[33m:[39mo}[3
3m=[39m[33mR[39m[33m.[39ms
tate[33m,[39m{mobile[33m:[3
9mr[33m,[39mname[33m:[39ma}
[33m=[39me[33m,[39mt[33m=
[39mr[33m?[39m[33m.[39mnati
ve[33m,[39ml[33m=[39mr[33m
?[39m[33m.[39muniversal[33m
;[39mc[33m.[39msetRecentWall
et(e)[33m;[39m[36mfunction[
39m i(s){[36mlet[39m $[33m=
[39m[32m""[39m[33m;[39mt[3
3m?[39m$[33m=[39mm[33m.[39
mformatUniversalUrl(t[33m,[39
ms[33m,[39ma)[33m:[39ml[33
m&&[39m($[33m=[39mm[33m.[3
9mformatNativeUrl(l[33m,[39ms
[33m,[39ma))[33m,[39mm[33m
.[39mopenHref($[33m,[39m[32
m"_self"[39m)}o[33m&&[39mi(o
)}[33m,[39mhandleAndroidLinki
ng(){[36mconst[39m{walletConn
ectUri[33m:[39me}[33m=[39m
[33mR[39m[33m.[39mstate[33m
;[39me[33m&&[39m(m[33m.[39
msetWalletConnectAndroidDeepLin
k(e)[33m,[39mm[33m.[39mopen
Href(e[33m,[39m[32m"_self"[
39m))}[33m,[39m[36masync[39
m handleUriCopy(){[36mconst[3
9m{walletConnectUri[33m:[39me
}[33m=[39m[33mR[39m[33m.[
39mstate[33m;[39m[36mif[39m
(e)[36mtry[39m{[36mawait[39
m navigator[33m.[39mclipboard
[33m.[39mwriteText(e)[33m,[
39m[33mN[39m[33m.[39mopenTo
ast([32m"Link copied"[39m[33
m,[39m[32m"success"[39m)}[3
6mcatch[39m{[33mN[39m[33m.
[39mopenToast([32m"Failed to c
opy"[39m[33m,[39m[32m"error
"[39m)}}[33m,[39mgetCustomIm
ageUrls(){[36mconst[39m{walle
tImages[33m:[39me}[33m=[39m
z[33m.[39mstate[33m,[39mo[
33m=[39m[33mObject[39m[33m.
[39mvalues(e[33m?[39m[33m?
[39m{})[33m;[39m[36mreturn[
39m [33mObject[39m[33m.[39m
values(o)}[33m,[39mtruncate(e
[33m,[39mo[33m=[39m[35m8[
39m){[36mreturn[39m e[33m.[
39mlength[33m<=[39mo[33m?[3
9me[33m:[39m[32m`${e.substri
ng(0,4)}...${e.substring(e.leng
th-4)}`[39m}[33m,[39msetRece
ntWallet(e){[36mtry[39m{local
Storage[33m.[39msetItem(c[33
m.[39m[33mWCM_RECENT_WALLET_D
ATA[39m[33m,[39m[33mJSON[3
9m[33m.[39mstringify(e))}[36
mcatch[39m{console[33m.[39mi
nfo([32m"Unable to set recent 
wallet"[39m)}}[33m,[39mgetRe
centWallet(){[36mtry[39m{[36
mconst[39m e[33m=[39mlocalSt
orage[33m.[39mgetItem(c[33m.
[39m[33mWCM_RECENT_WALLET_DAT
A[39m)[33m;[39m[36mreturn[
39m e[33m?[39m[33mJSON[39m
[33m.[39mparse(e)[33m:[39m[
36mvoid[39m [35m0[39m}[36mc
atch[39m{console[33m.[39minf
o([32m"Unable to get recent wa
llet"[39m)}}[33m,[39mcaseSaf
eIncludes(e[33m,[39mo){[36mr
eturn[39m e[33m.[39mtoUpperC
ase()[33m.[39mincludes(o[33m
.[39mtoUpperCase())}[33m,[39
mopenWalletExplorerUrl(){m[33m
.[39mopenHref(c[33m.[39m[33
mEXPLORER_WALLET_URL[39m[33m,
[39m[32m"_blank"[39m)}[33m,
[39mgetCachedRouterWalletPlatf
orms(){[36mconst[39m{desktop
[33m:[39me[33m,[39mmobile[3
3m:[39mo}[33m=[39mm[33m.[3
9mgetWalletRouterData()[33m,[
39mr[33m=[39m[33mBoolean[39
m(e[33m?[39m[33m.[39mnative
)[33m,[39ma[33m=[39m[33mBo
olean[39m(e[33m?[39m[33m.[
39muniversal)[33m,[39mt[33m=
[39m[33mBoolean[39m(o[33m?
[39m[33m.[39mnative)[33m||[
39m[33mBoolean[39m(o[33m?[3
9m[33m.[39muniversal)[33m;[
39m[36mreturn[39m{isDesktop[
33m:[39mr[33m,[39misMobile[
33m:[39mt[33m,[39misWeb[33m
:[39ma}}[33m,[39mgoToConnect
ingView(e){x[33m.[39msetData(
{[33mWallet[39m[33m:[39me})
[33m;[39m[36mconst[39m o[3
3m=[39mm[33m.[39misMobile()
[33m,[39m{isDesktop[33m:[39m
r[33m,[39misWeb[33m:[39ma[
33m,[39misMobile[33m:[39mt}
[33m=[39mc[33m.[39mgetCached
RouterWalletPlatforms()[33m;[
39mo[33m?[39mt[33m?[39mx[3
3m.[39mpush([32m"MobileConnec
ting"[39m)[33m:[39ma[33m?[
39mx[33m.[39mpush([32m"WebCo
nnecting"[39m)[33m:[39mx[33
m.[39mpush([32m"InstallWallet
"[39m)[33m:[39mr[33m?[39mx
[33m.[39mpush([32m"DesktopCo
nnecting"[39m)[33m:[39ma[33
m?[39mx[33m.[39mpush([32m"W
ebConnecting"[39m)[33m:[39mt
[33m?[39mx[33m.[39mpush([3
2m"MobileQrcodeConnecting"[39m
)[33m:[39mx[33m.[39mpush([
32m"InstallWallet"[39m)}}[33m
,[39m[33mMt[39m[33m=[39mg
[32m`.wcm-router{overflow:hidde
n;will-change:transform}.wcm-co
ntent{display:flex;flex-directi
on:column}`[39m[33m;[39m[36
mvar[39m [33mLt[39m[33m=[3
9m[33mObject[39m[33m.[39mde
fineProperty[33m,[39m[33mRt
[39m[33m=[39m[33mObject[39m
[33m.[39mgetOwnPropertyDescri
ptor[33m,[39m$e[33m=[39m(e
[33m,[39mo[33m,[39mr[33m,[
39ma)[33m=>[39m{[36mfor[39m
([36mvar[39m t[33m=[39ma[3
3m>[39m[35m1[39m[33m?[39m
[36mvoid[39m [35m0[39m[33m:
[39ma[33m?[39m[33mRt[39m(o
[33m,[39mr)[33m:[39mo[33m,
[39ml[33m=[39me[33m.[39mle
ngth[33m-[39m[35m1[39m[33m
,[39mi[33m;[39ml[33m>=[39m
[35m0[39m[33m;[39ml[33m--
[39m)(i[33m=[39me[l])[33m&&
[39m(t[33m=[39m(a[33m?[39mi
(o[33m,[39mr[33m,[39mt)[33
m:[39mi(t))[33m||[39mt)[33m
;[39m[36mreturn[39m a[33m&&
[39mt[33m&&[39m[33mLt[39m(
o[33m,[39mr[33m,[39mt)[33m
,[39mt}[33m;[39m[36mlet[39
m oe[33m=[39m[36mclass[39m 
[36mextends[39m w{constructor
(){[36msuper[39m()[33m,[39m
[36mthis[39m[33m.[39mview[
33m=[39mx[33m.[39mstate[33m
.[39mview[33m,[39m[36mthis
[39m[33m.[39mprevView[33m=[
39mx[33m.[39mstate[33m.[39m
view[33m,[39m[36mthis[39m[
33m.[39munsubscribe[33m=[39m
[36mvoid[39m [35m0[39m[33m
,[39m[36mthis[39m[33m.[39m
oldHeight[33m=[39m[32m"0px"
[39m[33m,[39m[36mthis[39m[
33m.[39mresizeObserver[33m=[
39m[36mvoid[39m [35m0[39m[
33m,[39m[36mthis[39m[33m.[
39munsubscribe[33m=[39mx[33m
.[39msubscribe(e[33m=>[39m{
[36mthis[39m[33m.[39mview[3
3m!==[39me[33m.[39mview[33m
&&[39m[36mthis[39m[33m.[39
monChangeRoute()})}firstUpdated
(){[36mthis[39m[33m.[39mres
izeObserver[33m=[39m[36mnew
[39m [33mResizeObserver[39m((
[e])[33m=>[39m{[36mconst[39
m o[33m=[39m[32m`${e.content
Rect.height}px`[39m[33m;[39m
[36mthis[39m[33m.[39moldHei
ght[33m!==[39m[32m"0px"[39m
[33m&&[39m[33mH[39m([36mth
is[39m[33m.[39mrouterEl[33m
,[39m{height[33m:[39m[[36mt
his[39m[33m.[39moldHeight[3
3m,[39mo]}[33m,[39m{duration
[33m:[39m[35m.2[39m})[33m,
[39m[36mthis[39m[33m.[39mo
ldHeight[33m=[39mo})[33m,[3
9m[36mthis[39m[33m.[39mresi
zeObserver[33m.[39mobserve([
36mthis[39m[33m.[39mcontentE
l)}disconnectedCallback(){[36m
var[39m e[33m,[39mo[33m;[3
9m(e[33m=[39m[36mthis[39m[
33m.[39munsubscribe)[33m==[3
9m[36mnull[39m[33m||[39me[
33m.[39mcall([36mthis[39m)[
33m,[39m(o[33m=[39m[36mthis
[39m[33m.[39mresizeObserver)
[33m==[39m[36mnull[39m[33m
||[39mo[33m.[39mdisconnect()
}[36mget[39m 
routerEl(){[36mreturn[39m c[
33m.[39mgetShadowRootElement(
[36mthis[39m[33m,[39m[32m".
wcm-router"[39m)}[36mget[39m
 contentEl(){[36mreturn[39m c
[33m.[39mgetShadowRootElement
([36mthis[39m[33m,[39m[32m
".wcm-content"[39m)}viewTempla
te(){[36mswitch[39m([36mthis
[39m[33m.[39mview){[36mcase
[39m[32m"ConnectWallet"[39m
[33m:[39m[36mreturn[39m n[3
2m`<wcm-connect-wallet-view></w
cm-connect-wallet-view>`[39m[
33m;[39m[36mcase[39m[32m"De
sktopConnecting"[39m[33m:[39
m[36mreturn[39m n[32m`<wcm-d
esktop-connecting-view></wcm-de
sktop-connecting-view>`[39m[3
3m;[39m[36mcase[39m[32m"Mob
ileConnecting"[39m[33m:[39m
[36mreturn[39m n[32m`<wcm-mob
ile-connecting-view></wcm-mobil
e-connecting-view>`[39m[33m;
[39m[36mcase[39m[32m"WebConn
ecting"[39m[33m:[39m[36mret
urn[39m n[32m`<wcm-web-connec
ting-view></wcm-web-connecting-
view>`[39m[33m;[39m[36mcase
[39m[32m"MobileQrcodeConnecti
ng"[39m[33m:[39m[36mreturn
[39m n[32m`<wcm-mobile-qr-conn
ecting-view></wcm-mobile-qr-con
necting-view>`[39m[33m;[39m
[36mcase[39m[32m"WalletExplor
er"[39m[33m:[39m[36mreturn
[39m n[32m`<wcm-wallet-explore
r-view></wcm-wallet-explorer-vi
ew>`[39m[33m;[39m[36mcase[
39m[32m"Qrcode"[39m[33m:[39
m[36mreturn[39m n[32m`<wcm-q
rcode-view></wcm-qrcode-view>`
[39m[33m;[39m[36mcase[39m[
32m"InstallWallet"[39m[33m:[
39m[36mreturn[39m n[32m`<wcm
-install-wallet-view></wcm-inst
all-wallet-view>`[39m[33m;[3
9m[36mdefault[39m[33m:[39m
[36mreturn[39m 
n[32m`<div>Not Found</div>`[3
9m}}[36masync[39m onChangeRou
te(){[36mawait[39m [33mH[39
m([36mthis[39m[33m.[39mrout
erEl[33m,[39m{opacity[33m:[
39m[[35m1[39m[33m,[39m[35m
0[39m][33m,[39mscale[33m:[
39m[[35m1[39m[33m,[39m[35m
1.02[39m]}[33m,[39m{duration
[33m:[39m[35m.15[39m[33m,
[39mdelay[33m:[39m[35m.1[39
m})[33m.[39mfinished[33m,[3
9m[36mthis[39m[33m.[39mview
[33m=[39mx[33m.[39mstate[3
3m.[39mview[33m,[39m[33mH[
39m([36mthis[39m[33m.[39mro
uterEl[33m,[39m{opacity[33m:
[39m[[35m0[39m[33m,[39m[3
5m1[39m][33m,[39mscale[33m:
[39m[[35m.99[39m[33m,[39m
[35m1[39m]}[33m,[39m{duratio
n[33m:[39m[35m.37[39m[33m,
[39mdelay[33m:[39m[35m.05[
39m})}render(){[36mreturn[39m
 n[32m`<div 
class="wcm-router"><div class="
wcm-content">${this.viewTemplat
e()}</div></div>`[39m}}[33m;
[39moe[33m.[39mstyles[33m=[
39m[h[33m.[39mglobalCss[33m,
[39m[33mMt[39m][33m,[39m$e
([[33mI[39m()][33m,[39moe[
33m.[39mprototype[33m,[39m[
32m"view"[39m[33m,[39m[35m2
[39m)[33m,[39m$e([[33mI[39
m()][33m,[39moe[33m.[39mpro
totype[33m,[39m[32m"prevView
"[39m[33m,[39m[35m2[39m)[
33m,[39moe[33m=[39m$e([p([3
2m"wcm-modal-router"[39m)][33
m,[39moe)[33m;[39m[36mconst
[39m [33mAt[39m[33m=[39mg
[32m`div{height:36px;width:max-
content;display:flex;justify-co
ntent:center;align-items:center
;padding:9px 15px 11px;position
:absolute;top:12px;box-shadow:0
 6px 14px -6px 
rgba(10,16,31,.3),0 10px 32px 
-4px rgba(10,16,31,.15);z-index
:2;left:50%;transform:translate
X(-50%);pointer-events:none;bac
kdrop-filter:blur(20px) saturat
e(1.8);-webkit-backdrop-filter:
blur(20px) saturate(1.8);border
-radius:var(--wcm-notification-
border-radius);border:1px 
solid var(--wcm-color-overlay);
background-color:var(--wcm-colo
r-overlay)}svg{margin-right:5px
}@-moz-document url-prefix(){di
v{background-color:var(--wcm-co
lor-bg-3)}}.wcm-success path{fi
ll:var(--wcm-accent-color)}.wcm
-error path{fill:var(--wcm-erro
r-color)}`[39m[33m;[39m[36m
var[39m [33mPt[39m[33m=[39
m[33mObject[39m[33m.[39mdef
ineProperty[33m,[39m[33mTt[
39m[33m=[39m[33mObject[39m
[33m.[39mgetOwnPropertyDescrip
tor[33m,[39mze[33m=[39m(e[
33m,[39mo[33m,[39mr[33m,[3
9ma)[33m=>[39m{[36mfor[39m(
[36mvar[39m t[33m=[39ma[33
m>[39m[35m1[39m[33m?[39m[
36mvoid[39m [35m0[39m[33m:
[39ma[33m?[39m[33mTt[39m(o
[33m,[39mr)[33m:[39mo[33m,
[39ml[33m=[39me[33m.[39mlen
gth[33m-[39m[35m1[39m[33m,
[39mi[33m;[39ml[33m>=[39m
[35m0[39m[33m;[39ml[33m--[
39m)(i[33m=[39me[l])[33m&&[
39m(t[33m=[39m(a[33m?[39mi(
o[33m,[39mr[33m,[39mt)[33m
:[39mi(t))[33m||[39mt)[33m;
[39m[36mreturn[39m a[33m&&
[39mt[33m&&[39m[33mPt[39m(o
[33m,[39mr[33m,[39mt)[33m,
[39mt}[33m;[39m[36mlet[39m
 ne[33m=[39m[36mclass[39m 
[36mextends[39m w{constructor
(){[36msuper[39m()[33m,[39m
[36mthis[39m[33m.[39mopen[
33m=[39m[33m![39m[35m1[39m
[33m,[39m[36mthis[39m[33m.
[39munsubscribe[33m=[39m[36
mvoid[39m [35m0[39m[33m,[3
9m[36mthis[39m[33m.[39mtime
out[33m=[39m[36mvoid[39m [
35m0[39m[33m,[39m[36mthis[
39m[33m.[39munsubscribe[33m=
[39m[33mN[39m[33m.[39msubs
cribe(e[33m=>[39m{e[33m.[39
mopen[33m?[39m([36mthis[39m
[33m.[39mopen[33m=[39m[33m
![39m[35m0[39m[33m,[39m[3
6mthis[39m[33m.[39mtimeout[
33m=[39msetTimeout(()[33m=>[
39m[33mN[39m[33m.[39mcloseT
oast()[33m,[39m[35m2200[39m
))[33m:[39m([36mthis[39m[3
3m.[39mopen[33m=[39m[33m![
39m[35m1[39m[33m,[39mclearT
imeout([36mthis[39m[33m.[39
mtimeout))})}disconnectedCallba
ck(){[36mvar[39m e[33m;[39m
(e[33m=[39m[36mthis[39m[33
m.[39munsubscribe)[33m==[39m
[36mnull[39m[33m||[39me[33
m.[39mcall([36mthis[39m)[33
m,[39mclearTimeout([36mthis[
39m[33m.[39mtimeout)[33m,[3
9m[33mN[39m[33m.[39mcloseTo
ast()}render(){[36mconst[39m{
message[33m:[39me[33m,[39mv
ariant[33m:[39mo}[33m=[39m
[33mN[39m[33m.[39mstate[33m
,[39mr[33m=[39m{[32m"wcm-su
ccess"[39m[33m:[39mo[33m===
[39m[32m"success"[39m[33m,
[39m[32m"wcm-error"[39m[33m:
[39mo[33m===[39m[32m"error"
[39m}[33m;[39m[36mreturn[3
9m [36mthis[39m[33m.[39mope
n[33m?[39mn[32m`<div class="
${P(r)}">${o==="success"?v.CHEC
KMARK_ICON:null} ${o==="error"?
v.CROSS_ICON:null}<wcm-text var
iant="small-regular">${e}</wcm-
text></div>`[39m[33m:[39m[3
6mnull[39m}}[33m;[39mne[33m
.[39mstyles[33m=[39m[h[33m.
[39mglobalCss[33m,[39m[33mA
t[39m][33m,[39mze([[33mI[3
9m()][33m,[39mne[33m.[39mpr
ototype[33m,[39m[32m"open"[
39m[33m,[39m[35m2[39m)[33m
,[39mne[33m=[39mze([p([32m"
wcm-modal-toast"[39m)][33m,[
39mne)[33m;[39m[36mconst[39
m jt[33m=[39m[35m.1[39m[33
m,[39m[33mVe[39m[33m=[39m
[35m2.5[39m[33m,[39m[33mA[
39m[33m=[39m[35m7[39m[33m;
[39m[36mfunction[39m [33mCe
[39m(e[33m,[39mo[33m,[39mr
){[36mreturn[39m e[33m===[3
9mo[33m?[39m[33m![39m[35m1
[39m[33m:[39m(e[33m-[39mo
[33m<[39m[35m0[39m[33m?[39
mo[33m-[39me[33m:[39me[33m
-[39mo)[33m<=[39mr[33m+[39
mjt}[36mfunction[39m _t(e[33
m,[39mo){[36mconst[39m r[33
m=[39m[33mArray[39m[33m.[3
9mprototype[33m.[39mslice[33
m.[39mcall([33mJe[39m[33m.
[39mcreate(e[33m,[39m{errorCo
rrectionLevel[33m:[39mo})[33
m.[39mmodules[33m.[39mdata[
33m,[39m[35m0[39m)[33m,[39
ma[33m=[39m[33mMath[39m[33
m.[39msqrt(r[33m.[39mlength)
[33m;[39m[36mreturn[39m r[
33m.[39mreduce((t[33m,[39ml
[33m,[39mi)[33m=>[39m(i[33m
%[39ma[33m===[39m[35m0[39m
[33m?[39mt[33m.[39mpush([l]
)[33m:[39mt[t[33m.[39mlengt
h[33m-[39m[35m1[39m][33m.
[39mpush(l))[33m&&[39mt[33m,
[39m[])}[36mconst[39m [33mD
t[39m[33m=[39m{generate(e[3
3m,[39mo[33m,[39mr){[36mcon
st[39m a[33m=[39m[32m"#1414
14"[39m[33m,[39mt[33m=[39m
[32m"#ffffff"[39m[33m,[39ml
[33m=[39m[][33m,[39mi[33m=
[39m_t(e[33m,[39m[32m"Q"[3
9m)[33m,[39ms[33m=[39mo[35
m/i.length,$=[{x:0,y:0},{x:1,y:
0},{x:0,y:1}];$.forEach(({x:y,y
:u})=>{const O=(i.length-A)*s*y
,b=(i.length-A)*s*u,E=.45;for(l
et M=0;M<$.length;M+=1){const 
V=s*(A-M*2);l.push(pe`<rect 
fill="${M%2===0?a:t}" 
height="${V}" rx="${V*E}" 
ry="${V*E}" width="${V}" 
x="${O+s*M}" 
y="${b+s*M}">`)}});const f=Math
.floor((r+25)/s[39m)[33m,[39
m[33mNe[39m[33m=[39mi[33m.
[39mlength[33m/[39m[35m2[3
9m[33m-[39mf[33m/[39m[35m2
[39m[33m,[39m[33mZe[39m[3
3m=[39mi[33m.[39mlength[33m
/[39m[35m2[39m[33m+[39mf[
33m/[39m[35m2[39m[33m-[39m
[35m1[39m[33m,[39m[33mSe[
39m[33m=[39m[][33m;[39mi[3
3m.[39mforEach((y[33m,[39mu)
[33m=>[39m{y[33m.[39mforEac
h(([33mO[39m[33m,[39mb)[33
m=>[39m{[36mif[39m(i[u][b][
33m&&[39m[33m![39m(u[33m<[
39m[33mA[39m[33m&&[39mb[33
m<[39m[33mA[39m[33m||[39mu
[33m>[39mi[33m.[39mlength[
33m-[39m([33mA[39m[33m+[39
m[35m1[39m)[33m&&[39mb[33m
<[39m[33mA[39m[33m||[39mu
[33m<[39m[33mA[39m[33m&&[3
9mb[33m>[39mi[33m.[39mlengt
h[33m-[39m([33mA[39m[33m+
[39m[35m1[39m))[33m&&[39m[
33m![39m(u[33m>[39m[33mNe[
39m[33m&&[39mu[33m<[39m[33
mZe[39m[33m&&[39mb[33m>[39
m[33mNe[39m[33m&&[39mb[33m
<[39m[33mZe[39m)){[36mconst
[39m [33mE[39m[33m=[39mu[
33m*[39ms[33m+[39ms[33m/[3
9m[35m2[39m[33m,[39m[33mM
[39m[33m=[39mb[33m*[39ms[3
3m+[39ms[33m/[39m[35m2[39m
[33m;[39m[33mSe[39m[33m.[
39mpush([[33mE[39m[33m,[39m
[33mM[39m])}})})[33m;[39m[
36mconst[39m [33mJ[39m[33m=
[39m{}[33m;[39m[36mreturn[
39m [33mSe[39m[33m.[39mforE
ach(([y[33m,[39mu])[33m=>[3
9m{[33mJ[39m[y][33m?[39m[3
3mJ[39m[y][33m.[39mpush(u)[
33m:[39m[33mJ[39m[y][33m=[
39m[u]})[33m,[39m[33mObject
[39m[33m.[39mentries([33mJ[
39m)[33m.[39mmap(([y[33m,[3
9mu])[33m=>[39m{[36mconst[3
9m [33mO[39m[33m=[39mu[33m
.[39mfilter(b[33m=>[39mu[33
m.[39mevery([33mE[39m[33m=>
[39m[33m![39m[33mCe[39m(b
[33m,[39m[33mE[39m[33m,[39
ms)))[33m;[39m[36mreturn[39
m[[33mNumber[39m(y)[33m,[39
m[33mO[39m]})[33m.[39mforEa
ch(([y[33m,[39mu])[33m=>[39
m{u[33m.[39mforEach([33mO[3
9m[33m=>[39m{l[33m.[39mpush
(pe[32m`<circle cx="${y}" 
cy="${O}" fill="${a}" r="${s/Ve
}">`[39m)})})[33m,[39m[33mO
bject[39m[33m.[39mentries([
33mJ[39m)[33m.[39mfilter(([y
[33m,[39mu])[33m=>[39mu[33
m.[39mlength[33m>[39m[35m1
[39m)[33m.[39mmap(([y[33m,[
39mu])[33m=>[39m{[36mconst[
39m [33mO[39m[33m=[39mu[33
m.[39mfilter(b[33m=>[39mu[3
3m.[39msome([33mE[39m[33m=>
[39m[33mCe[39m(b[33m,[39m
[33mE[39m[33m,[39ms)))[33m;
[39m[36mreturn[39m[[33mNumb
er[39m(y)[33m,[39m[33mO[39
m]})[33m.[39mmap(([y[33m,[3
9mu])[33m=>[39m{u[33m.[39ms
ort((b[33m,[39m[33mE[39m)[
33m=>[39mb[33m<[39m[33mE[3
9m[33m?[39m[33m-[39m[35m1
[39m[33m:[39m[35m1[39m)[33
m;[39m[36mconst[39m [33mO[
39m[33m=[39m[][33m;[39m[36
mfor[39m([36mconst[39m b 
[36mof[39m 
u){[36mconst[39m [33mE[39m
[33m=[39m[33mO[39m[33m.[39
mfind([33mM[39m[33m=>[39m[
33mM[39m[33m.[39msome([33mV
[39m[33m=>[39m[33mCe[39m(b
[33m,[39m[33mV[39m[33m,[3
9ms)))[33m;[39m[33mE[39m[3
3m?[39m[33mE[39m[33m.[39mp
ush(b)[33m:[39m[33mO[39m[3
3m.[39mpush([b])}[36mreturn[
39m[y[33m,[39m[33mO[39m[33
m.[39mmap(b[33m=>[39m[b[[35
m0[39m][33m,[39mb[b[33m.[3
9mlength[33m-[39m[35m1[39m]
])]})[33m.[39mforEach(([y[33
m,[39mu])[33m=>[39m{u[33m.
[39mforEach(([[33mO[39m[33m,
[39mb])[33m=>[39m{l[33m.[3
9mpush(pe[32m`<line x1="${y}" 
x2="${y}" y1="${O}" y2="${b}" 
stroke="${a}" 
stroke-width="${s/(Ve/2)}" stro
ke-linecap="round">`[39m)})})
[33m,[39ml}}[33m,[39m[33mNt
[39m[33m=[39mg[32m`@keyfram
es fadeIn{0%{opacity:0}100%{opa
city:1}}div{position:relative;u
ser-select:none;display:block;o
verflow:hidden;aspect-ratio:1/1
;animation:fadeIn ease .2s}.wcm
-dark{background-color:#fff;bor
der-radius:var(--wcm-container-
border-radius);padding:18px;box
-shadow:0 2px 5px #000}svg:firs
t-child,wcm-wallet-image{positi
on:absolute;top:50%;left:50%;tr
ansform:translateY(-50%) transl
ateX(-50%)}wcm-wallet-image{tra
nsform:translateY(-50%) transla
teX(-50%)}wcm-wallet-image{widt
h:25%;height:25%;border-radius:
var(--wcm-wallet-icon-border-ra
dius)}svg:first-child{transform
:translateY(-50%) 
translateX(-50%) 
scale(.9)}svg:first-child path:
first-child{fill:var(--wcm-acce
nt-color)}svg:first-child path:
last-child{stroke:var(--wcm-col
or-overlay)}`[39m[33m;[39m[
36mvar[39m [33mZt[39m[33m=
[39m[33mObject[39m[33m.[39m
defineProperty[33m,[39m[33mS
t[39m[33m=[39m[33mObject[3
9m[33m.[39mgetOwnPropertyDesc
riptor[33m,[39mq[33m=[39m(e
[33m,[39mo[33m,[39mr[33m,
[39ma)[33m=>[39m{[36mfor[39
m([36mvar[39m t[33m=[39ma[
33m>[39m[35m1[39m[33m?[39m
[36mvoid[39m [35m0[39m[33m
:[39ma[33m?[39m[33mSt[39m(
o[33m,[39mr)[33m:[39mo[33m
,[39ml[33m=[39me[33m.[39ml
ength[33m-[39m[35m1[39m[33
m,[39mi[33m;[39ml[33m>=[39
m[35m0[39m[33m;[39ml[33m--
[39m)(i[33m=[39me[l])[33m&&
[39m(t[33m=[39m(a[33m?[39m
i(o[33m,[39mr[33m,[39mt)[3
3m:[39mi(t))[33m||[39mt)[33
m;[39m[36mreturn[39m a[33m&
&[39mt[33m&&[39m[33mZt[39m
(o[33m,[39mr[33m,[39mt)[33
m,[39mt}[33m;[39m[36mlet[3
9m j[33m=[39m[36mclass[39m 
[36mextends[39m w{constructor
(){[36msuper[39m([33m...[39
marguments)[33m,[39m[36mthis
[39m[33m.[39muri[33m=[39m
[32m""[39m[33m,[39m[36mthis
[39m[33m.[39msize[33m=[39m
[35m0[39m[33m,[39m[36mthis
[39m[33m.[39mimageId[33m=[
39m[36mvoid[39m [35m0[39m[
33m,[39m[36mthis[39m[33m.[
39mwalletId[33m=[39m[36mvoid
[39m [35m0[39m[33m,[39m[3
6mthis[39m[33m.[39mimageUrl
[33m=[39m[36mvoid[39m [35m0
[39m}svgTemplate(){[36mconst
[39m e[33m=[39m[33mX[39m[3
3m.[39mstate[33m.[39mthemeMo
de[33m===[39m[32m"light"[39
m[33m?[39m[36mthis[39m[33m
.[39msize[33m:[39m[36mthis
[39m[33m.[39msize[33m-[39m
[35m36[39m[33m;[39m[36mretu
rn[39m pe[32m`<svg 
height="${e}" width="${e}">${Dt
.generate(this.uri,e,e/4)}</svg
>`[39m}render(){[36mconst[39
m e[33m=[39m{[32m"wcm-dark"
[39m[33m:[39m[33mX[39m[33m
.[39mstate[33m.[39mthemeMode
[33m===[39m[32m"dark"[39m}
[33m;[39m[36mreturn[39m 
n[32m`<div style="${`width: 
${this.size}px`}" class="${P(e)
}">${this.walletId||this.imageU
rl?n`<wcm-wallet-image 
walletId="${k(this.walletId)}" 
imageId="${k(this.imageId)}" im
ageUrl="${k(this.imageUrl)}"></
wcm-wallet-image>`:v.WALLET_CON
NECT_ICON_COLORED} ${this.svgTe
mplate()}</div>`[39m}}[33m;[
39mj[33m.[39mstyles[33m=[39
m[h[33m.[39mglobalCss[33m,[
39m[33mNt[39m][33m,[39mq([d
()][33m,[39mj[33m.[39mproto
type[33m,[39m[32m"uri"[39m
[33m,[39m[35m2[39m)[33m,[3
9mq([d({type[33m:[39m[33mNum
ber[39m})][33m,[39mj[33m.[
39mprototype[33m,[39m[32m"si
ze"[39m[33m,[39m[35m2[39m)
[33m,[39mq([d()][33m,[39mj
[33m.[39mprototype[33m,[39m
[32m"imageId"[39m[33m,[39m[
35m2[39m)[33m,[39mq([d()][3
3m,[39mj[33m.[39mprototype[
33m,[39m[32m"walletId"[39m[
33m,[39m[35m2[39m)[33m,[39
mq([d()][33m,[39mj[33m.[39m
prototype[33m,[39m[32m"image
Url"[39m[33m,[39m[35m2[39m
)[33m,[39mj[33m=[39mq([p([
32m"wcm-qrcode"[39m)][33m,[3
9mj)[33m;[39m[36mconst[39m 
[33mBt[39m[33m=[39mg[32m`:
host{position:relative;height:2
8px;width:80%}input{width:100%;
height:100%;line-height:28px!im
portant;border-radius:var(--wcm
-input-border-radius);font-styl
e:normal;font-family:-apple-sys
tem,system-ui,BlinkMacSystemFon
t,'Segoe 
UI',Roboto,Ubuntu,'Helvetica Ne
ue',sans-serif;font-feature-set
tings:'case' on;font-weight:500
;font-size:16px;letter-spacing:
-.03em;padding:0 10px 0 
34px;transition:.2s all ease;co
lor:var(--wcm-color-fg-1);backg
round-color:var(--wcm-color-bg-
3);box-shadow:inset 0 0 0 1px v
ar(--wcm-color-overlay);caret-c
olor:var(--wcm-accent-color)}in
put::placeholder{color:var(--wc
m-color-fg-2)}svg{left:10px;top
:4px;pointer-events:none;positi
on:absolute;width:20px;height:2
0px}input:focus-within{box-shad
ow:inset 0 0 0 1px var(--wcm-ac
cent-color)}path{fill:var(--wcm
-color-fg-2)}`[39m[33m;[39m
[36mvar[39m [33mUt[39m[33m=
[39m[33mObject[39m[33m.[39
mdefineProperty[33m,[39m[33m
Ht[39m[33m=[39m[33mObject[
39m[33m.[39mgetOwnPropertyDes
criptor[33m,[39m[33mFe[39m
[33m=[39m(e[33m,[39mo[33m,
[39mr[33m,[39ma)[33m=>[39m{
[36mfor[39m([36mvar[39m t[
33m=[39ma[33m>[39m[35m1[39
m[33m?[39m[36mvoid[39m [35
m0[39m[33m:[39ma[33m?[39m
[33mHt[39m(o[33m,[39mr)[33m
:[39mo[33m,[39ml[33m=[39me
[33m.[39mlength[33m-[39m[3
5m1[39m[33m,[39mi[33m;[39m
l[33m>=[39m[35m0[39m[33m;
[39ml[33m--[39m)(i[33m=[39m
e[l])[33m&&[39m(t[33m=[39m(
a[33m?[39mi(o[33m,[39mr[33
m,[39mt)[33m:[39mi(t))[33m|
|[39mt)[33m;[39m[36mreturn
[39m a[33m&&[39mt[33m&&[39m
[33mUt[39m(o[33m,[39mr[33m
,[39mt)[33m,[39mt}[33m;[39
m[36mlet[39m 
ce[33m=[39m[36mclass[39m 
[36mextends[39m w{constructor
(){[36msuper[39m([33m...[39
marguments)[33m,[39m[36mthis
[39m[33m.[39monChange[33m=
[39m()[33m=>[39m[36mnull[39
m}render(){[36mreturn[39m 
n[32m`<input type="text" 
@input="${this.onChange}" 
placeholder="Search wallets"> $
{v.SEARCH_ICON}`[39m}}[33m;[
39mce[33m.[39mstyles[33m=[3
9m[h[33m.[39mglobalCss[33m,
[39m[33mBt[39m][33m,[39m[3
3mFe[39m([d()][33m,[39mce[3
3m.[39mprototype[33m,[39m[3
2m"onChange"[39m[33m,[39m[3
5m2[39m)[33m,[39mce[33m=[3
9m[33mFe[39m([p([32m"wcm-sea
rch-input"[39m)][33m,[39mce)
[33m;[39m[36mconst[39m 
zt[33m=[39mg[32m`@keyframes 
rotate{100%{transform:rotate(36
0deg)}}@keyframes dash{0%{strok
e-dasharray:1,150;stroke-dashof
fset:0}50%{stroke-dasharray:90,
150;stroke-dashoffset:-35}100%{
stroke-dasharray:90,150;stroke-
dashoffset:-124}}svg{animation:
rotate 2s linear infinite;displ
ay:flex;justify-content:center;
align-items:center}svg circle{s
troke-linecap:round;animation:d
ash 1.5s ease infinite;stroke:v
ar(--wcm-accent-color)}`[39m[
33m;[39m[36mvar[39m [33mVt
[39m[33m=[39m[33mObject[39m
[33m.[39mdefineProperty[33m,
[39m[33mFt[39m[33m=[39m[3
3mObject[39m[33m.[39mgetOwnP
ropertyDescriptor[33m,[39mqt
[33m=[39m(e[33m,[39mo[33m,
[39mr[33m,[39ma)[33m=>[39m{
[36mfor[39m([36mvar[39m t[
33m=[39ma[33m>[39m[35m1[39
m[33m?[39m[36mvoid[39m [35
m0[39m[33m:[39ma[33m?[39m
[33mFt[39m(o[33m,[39mr)[33m
:[39mo[33m,[39ml[33m=[39me
[33m.[39mlength[33m-[39m[3
5m1[39m[33m,[39mi[33m;[39m
l[33m>=[39m[35m0[39m[33m;
[39ml[33m--[39m)(i[33m=[39m
e[l])[33m&&[39m(t[33m=[39m(
a[33m?[39mi(o[33m,[39mr[33
m,[39mt)[33m:[39mi(t))[33m|
|[39mt)[33m;[39m[36mreturn
[39m a[33m&&[39mt[33m&&[39m
[33mVt[39m(o[33m,[39mr[33m
,[39mt)[33m,[39mt}[33m;[39
m[36mlet[39m 
ke[33m=[39m[36mclass[39m 
[36mextends[39m 
w{render(){[36mreturn[39m 
n[32m`<svg viewBox="0 0 50 
50" width="24" 
height="24"><circle cx="25" 
cy="25" r="20" fill="none" 
stroke-width="4" stroke="#fff"/
></svg>`[39m}}[33m;[39mke[3
3m.[39mstyles[33m=[39m[h[33
m.[39mglobalCss[33m,[39mzt]
[33m,[39mke[33m=[39mqt([p([
32m"wcm-spinner"[39m)][33m,[
39mke)[33m;[39m[36mconst[39
m [33mQt[39m[33m=[39mg[32m
`span{font-style:normal;font-fa
mily:var(--wcm-font-family);fon
t-feature-settings:var(--wcm-fo
nt-feature-settings)}.wcm-xsmal
l-bold{font-family:var(--wcm-te
xt-xsmall-bold-font-family);fon
t-weight:var(--wcm-text-xsmall-
bold-weight);font-size:var(--wc
m-text-xsmall-bold-size);line-h
eight:var(--wcm-text-xsmall-bol
d-line-height);letter-spacing:v
ar(--wcm-text-xsmall-bold-lette
r-spacing);text-transform:var(-
-wcm-text-xsmall-bold-text-tran
sform)}.wcm-xsmall-regular{font
-family:var(--wcm-text-xsmall-r
egular-font-family);font-weight
:var(--wcm-text-xsmall-regular-
weight);font-size:var(--wcm-tex
t-xsmall-regular-size);line-hei
ght:var(--wcm-text-xsmall-regul
ar-line-height);letter-spacing:
var(--wcm-text-xsmall-regular-l
etter-spacing);text-transform:v
ar(--wcm-text-xsmall-regular-te
xt-transform)}.wcm-small-thin{f
ont-family:var(--wcm-text-small
-thin-font-family);font-weight:
var(--wcm-text-small-thin-weigh
t);font-size:var(--wcm-text-sma
ll-thin-size);line-height:var(-
-wcm-text-small-thin-line-heigh
t);letter-spacing:var(--wcm-tex
t-small-thin-letter-spacing);te
xt-transform:var(--wcm-text-sma
ll-thin-text-transform)}.wcm-sm
all-regular{font-family:var(--w
cm-text-small-regular-font-fami
ly);font-weight:var(--wcm-text-
small-regular-weight);font-size
:var(--wcm-text-small-regular-s
ize);line-height:var(--wcm-text
-small-regular-line-height);let
ter-spacing:var(--wcm-text-smal
l-regular-letter-spacing);text-
transform:var(--wcm-text-small-
regular-text-transform)}.wcm-me
dium-regular{font-family:var(--
wcm-text-medium-regular-font-fa
mily);font-weight:var(--wcm-tex
t-medium-regular-weight);font-s
ize:var(--wcm-text-medium-regul
ar-size);line-height:var(--wcm-
text-medium-regular-line-height
);letter-spacing:var(--wcm-text
-medium-regular-letter-spacing)
;text-transform:var(--wcm-text-
medium-regular-text-transform)}
.wcm-big-bold{font-family:var(-
-wcm-text-big-bold-font-family)
;font-weight:var(--wcm-text-big
-bold-weight);font-size:var(--w
cm-text-big-bold-size);line-hei
ght:var(--wcm-text-big-bold-lin
e-height);letter-spacing:var(--
wcm-text-big-bold-letter-spacin
g);text-transform:var(--wcm-tex
t-big-bold-text-transform)}:hos
t(*){color:var(--wcm-color-fg-1
)}.wcm-color-primary{color:var(
--wcm-color-fg-1)}.wcm-color-se
condary{color:var(--wcm-color-f
g-2)}.wcm-color-tertiary{color:
var(--wcm-color-fg-3)}.wcm-colo
r-inverse{color:var(--wcm-accen
t-fill-color)}.wcm-color-accnt{
color:var(--wcm-accent-color)}.
wcm-color-error{color:var(--wcm
-error-color)}`[39m[33m;[39m
[36mvar[39m [33mKt[39m[33m
=[39m[33mObject[39m[33m.[3
9mdefineProperty[33m,[39m[33
mYt[39m[33m=[39m[33mObject
[39m[33m.[39mgetOwnPropertyDe
scriptor[33m,[39m[33mOe[39m
[33m=[39m(e[33m,[39mo[33m,
[39mr[33m,[39ma)[33m=>[39m
{[36mfor[39m([36mvar[39m t
[33m=[39ma[33m>[39m[35m1[3
9m[33m?[39m[36mvoid[39m [3
5m0[39m[33m:[39ma[33m?[39m
[33mYt[39m(o[33m,[39mr)[33
m:[39mo[33m,[39ml[33m=[39m
e[33m.[39mlength[33m-[39m[
35m1[39m[33m,[39mi[33m;[39
ml[33m>=[39m[35m0[39m[33m;
[39ml[33m--[39m)(i[33m=[39
me[l])[33m&&[39m(t[33m=[39m
(a[33m?[39mi(o[33m,[39mr[3
3m,[39mt)[33m:[39mi(t))[33m
||[39mt)[33m;[39m[36mreturn
[39m a[33m&&[39mt[33m&&[39
m[33mKt[39m(o[33m,[39mr[33
m,[39mt)[33m,[39mt}[33m;[3
9m[36mlet[39m 
re[33m=[39m[36mclass[39m 
[36mextends[39m w{constructor
(){[36msuper[39m([33m...[39
marguments)[33m,[39m[36mthis
[39m[33m.[39mvariant[33m=[
39m[32m"medium-regular"[39m[
33m,[39m[36mthis[39m[33m.[
39mcolor[33m=[39m[32m"primar
y"[39m}render(){[36mconst[39
m e[33m=[39m{[32m"wcm-big-bo
ld"[39m[33m:[39m[36mthis[3
9m[33m.[39mvariant[33m===[3
9m[32m"big-bold"[39m[33m,[3
9m[32m"wcm-medium-regular"[39
m[33m:[39m[36mthis[39m[33m
.[39mvariant[33m===[39m[32m
"medium-regular"[39m[33m,[39
m[32m"wcm-small-regular"[39m
[33m:[39m[36mthis[39m[33m.
[39mvariant[33m===[39m[32m"s
mall-regular"[39m[33m,[39m[
32m"wcm-small-thin"[39m[33m:
[39m[36mthis[39m[33m.[39mva
riant[33m===[39m[32m"small-t
hin"[39m[33m,[39m[32m"wcm-x
small-regular"[39m[33m:[39m
[36mthis[39m[33m.[39mvariant
[33m===[39m[32m"xsmall-regul
ar"[39m[33m,[39m[32m"wcm-xs
mall-bold"[39m[33m:[39m[36m
this[39m[33m.[39mvariant[33
m===[39m[32m"xsmall-bold"[39
m[33m,[39m[32m"wcm-color-pri
mary"[39m[33m:[39m[36mthis
[39m[33m.[39mcolor[33m===[3
9m[32m"primary"[39m[33m,[39
m[32m"wcm-color-secondary"[39
m[33m:[39m[36mthis[39m[33m
.[39mcolor[33m===[39m[32m"s
econdary"[39m[33m,[39m[32m"
wcm-color-tertiary"[39m[33m:
[39m[36mthis[39m[33m.[39mco
lor[33m===[39m[32m"tertiary"
[39m[33m,[39m[32m"wcm-color
-inverse"[39m[33m:[39m[36mt
his[39m[33m.[39mcolor[33m==
=[39m[32m"inverse"[39m[33m,
[39m[32m"wcm-color-accnt"[39
m[33m:[39m[36mthis[39m[33m
.[39mcolor[33m===[39m[32m"a
ccent"[39m[33m,[39m[32m"wcm
-color-error"[39m[33m:[39m[
36mthis[39m[33m.[39mcolor[3
3m===[39m[32m"error"[39m}[3
3m;[39m[36mreturn[39m 
n[32m`<span><slot class="${P(e
)}"></slot></span>`[39m}}[33m
;[39mre[33m.[39mstyles[33m=
[39m[h[33m.[39mglobalCss[33
m,[39m[33mQt[39m][33m,[39m
[33mOe[39m([d()][33m,[39mre
[33m.[39mprototype[33m,[39m
[32m"variant"[39m[33m,[39m
[35m2[39m)[33m,[39m[33mOe[
39m([d()][33m,[39mre[33m.[3
9mprototype[33m,[39m[32m"col
or"[39m[33m,[39m[35m2[39m)
[33m,[39mre[33m=[39m[33mOe
[39m([p([32m"wcm-text"[39m)]
[33m,[39mre)[33m;[39m[36mc
onst[39m [33mGt[39m[33m=[3
9mg[32m`button{width:100%;heig
ht:100%;border-radius:var(--wcm
-button-hover-highlight-border-
radius);display:flex;align-item
s:flex-start}button:active{back
ground-color:var(--wcm-color-ov
erlay)}@media(hover:hover){butt
on:hover{background-color:var(-
-wcm-color-overlay)}}button>div
{width:80px;padding:5px 0;displ
ay:flex;flex-direction:column;a
lign-items:center}wcm-text{widt
h:100%;white-space:nowrap;overf
low:hidden;text-overflow:ellips
is;text-align:center}wcm-wallet
-image{height:60px;width:60px;t
ransition:all .2s ease;border-r
adius:var(--wcm-wallet-icon-bor
der-radius);margin-bottom:5px}.
wcm-sublabel{margin-top:2px}`[
39m[33m;[39m[36mvar[39m [3
3mXt[39m[33m=[39m[33mObject
[39m[33m.[39mdefineProperty
[33m,[39m[33mJt[39m[33m=[3
9m[33mObject[39m[33m.[39mge
tOwnPropertyDescriptor[33m,[3
9m_[33m=[39m(e[33m,[39mo[3
3m,[39mr[33m,[39ma)[33m=>[
39m{[36mfor[39m([36mvar[39m
 t[33m=[39ma[33m>[39m[35m1
[39m[33m?[39m[36mvoid[39m 
[35m0[39m[33m:[39ma[33m?[
39m[33mJt[39m(o[33m,[39mr)
[33m:[39mo[33m,[39ml[33m=[
39me[33m.[39mlength[33m-[39
m[35m1[39m[33m,[39mi[33m;
[39ml[33m>=[39m[35m0[39m[3
3m;[39ml[33m--[39m)(i[33m=
[39me[l])[33m&&[39m(t[33m=[
39m(a[33m?[39mi(o[33m,[39mr
[33m,[39mt)[33m:[39mi(t))[
33m||[39mt)[33m;[39m[36mret
urn[39m a[33m&&[39mt[33m&&
[39m[33mXt[39m(o[33m,[39mr
[33m,[39mt)[33m,[39mt}[33m;
[39m[36mlet[39m [33mL[39m
[33m=[39m[36mclass[39m 
[36mextends[39m w{constructor
(){[36msuper[39m([33m...[39
marguments)[33m,[39m[36mthis
[39m[33m.[39monClick[33m=[
39m()[33m=>[39m[36mnull[39m
[33m,[39m[36mthis[39m[33m.
[39mname[33m=[39m[32m""[39
m[33m,[39m[36mthis[39m[33m
.[39mwalletId[33m=[39m[32m"
"[39m[33m,[39m[36mthis[39m
[33m.[39mlabel[33m=[39m[36
mvoid[39m [35m0[39m[33m,[3
9m[36mthis[39m[33m.[39mimag
eId[33m=[39m[36mvoid[39m [
35m0[39m[33m,[39m[36mthis[
39m[33m.[39minstalled[33m=[
39m[33m![39m[35m1[39m[33m,
[39m[36mthis[39m[33m.[39mr
ecent[33m=[39m[33m![39m[35
m1[39m}sublabelTemplate(){[36
mreturn[39m [36mthis[39m[33
m.[39mrecent[33m?[39mn[32m`
<wcm-text class="wcm-sublabel" 
variant="xsmall-bold" color="te
rtiary">RECENT</wcm-text>`[39m
[33m:[39m[36mthis[39m[33m.
[39minstalled[33m?[39mn[32m
`<wcm-text 
class="wcm-sublabel" 
variant="xsmall-bold" color="te
rtiary">INSTALLED</wcm-text>`[
39m[33m:[39m[36mnull[39m}ha
ndleClick(){[33mXe[39m[33m.
[39mclick({name[33m:[39m[32m
"WALLET_BUTTON"[39m[33m,[39m
walletId[33m:[39m[36mthis[3
9m[33m.[39mwalletId})[33m,[
39m[36mthis[39m[33m.[39monC
lick()}render(){[36mvar[39m 
e[33m;[39m[36mreturn[39m 
n[32m`<button @click="${this.h
andleClick.bind(this)}"><div><w
cm-wallet-image 
walletId="${this.walletId}" ima
geId="${k(this.imageId)}"></wcm
-wallet-image><wcm-text variant
="xsmall-regular">${(e=this.lab
el)!=null?e:c.getWalletName(thi
s.name,!0)}</wcm-text>${this.su
blabelTemplate()}</div></button
>`[39m}}[33m;[39m[33mL[39m
[33m.[39mstyles[33m=[39m[h
[33m.[39mglobalCss[33m,[39m
[33mGt[39m][33m,[39m_([d()]
[33m,[39m[33mL[39m[33m.[39
mprototype[33m,[39m[32m"onCl
ick"[39m[33m,[39m[35m2[39m
)[33m,[39m_([d()][33m,[39m
[33mL[39m[33m.[39mprototype
[33m,[39m[32m"name"[39m[33m
,[39m[35m2[39m)[33m,[39m_(
[d()][33m,[39m[33mL[39m[33
m.[39mprototype[33m,[39m[32
m"walletId"[39m[33m,[39m[35
m2[39m)[33m,[39m_([d()][33m
,[39m[33mL[39m[33m.[39mpro
totype[33m,[39m[32m"label"[
39m[33m,[39m[35m2[39m)[33m
,[39m_([d()][33m,[39m[33mL
[39m[33m.[39mprototype[33m,
[39m[32m"imageId"[39m[33m,[
39m[35m2[39m)[33m,[39m_([d(
{type[33m:[39m[33mBoolean[3
9m})][33m,[39m[33mL[39m[33
m.[39mprototype[33m,[39m[32
m"installed"[39m[33m,[39m[3
5m2[39m)[33m,[39m_([d({type
[33m:[39m[33mBoolean[39m})]
[33m,[39m[33mL[39m[33m.[39
mprototype[33m,[39m[32m"rece
nt"[39m[33m,[39m[35m2[39m)
[33m,[39m[33mL[39m[33m=[3
9m_([p([32m"wcm-wallet-button"
[39m)][33m,[39m[33mL[39m)
[33m;[39m[36mconst[39m eo[3
3m=[39mg[32m`:host{display:bl
ock}div{overflow:hidden;positio
n:relative;border-radius:inheri
t;width:100%;height:100%;backgr
ound-color:var(--wcm-color-over
lay)}svg{position:relative;widt
h:100%;height:100%}div::after{c
ontent:'';position:absolute;top
:0;bottom:0;left:0;right:0;bord
er-radius:inherit;border:1px 
solid 
var(--wcm-color-overlay)}div im
g{width:100%;height:100%;object
-fit:cover;object-position:cent
er}#wallet-placeholder-fill{fil
l:var(--wcm-color-bg-3)}#wallet
-placeholder-dash{stroke:var(--
wcm-color-overlay)}`[39m[33m;
[39m[36mvar[39m to[33m=[39
m[33mObject[39m[33m.[39mdef
ineProperty[33m,[39moo[33m=
[39m[33mObject[39m[33m.[39m
getOwnPropertyDescriptor[33m,
[39mse[33m=[39m(e[33m,[39mo
[33m,[39mr[33m,[39ma)[33m=
>[39m{[36mfor[39m([36mvar[
39m t[33m=[39ma[33m>[39m[3
5m1[39m[33m?[39m[36mvoid[3
9m [35m0[39m[33m:[39ma[33m
?[39moo(o[33m,[39mr)[33m:[
39mo[33m,[39ml[33m=[39me[3
3m.[39mlength[33m-[39m[35m1
[39m[33m,[39mi[33m;[39ml[
33m>=[39m[35m0[39m[33m;[39
ml[33m--[39m)(i[33m=[39me[l
])[33m&&[39m(t[33m=[39m(a[
33m?[39mi(o[33m,[39mr[33m,
[39mt)[33m:[39mi(t))[33m||[
39mt)[33m;[39m[36mreturn[39
m a[33m&&[39mt[33m&&[39mto(
o[33m,[39mr[33m,[39mt)[33m
,[39mt}[33m;[39m[36mlet[39
m [33mQ[39m[33m=[39m[36mcl
ass[39m [36mextends[39m w{co
nstructor(){[36msuper[39m([3
3m...[39marguments)[33m,[39m
[36mthis[39m[33m.[39mwallet
Id[33m=[39m[32m""[39m[33m,
[39m[36mthis[39m[33m.[39mi
mageId[33m=[39m[36mvoid[39m
 [35m0[39m[33m,[39m[36mthi
s[39m[33m.[39mimageUrl[33m=
[39m[36mvoid[39m [35m0[39m
}render(){[36mvar[39m 
e[33m;[39m[36mconst[39m o[
33m=[39m(e[33m=[39m[36mthis
[39m[33m.[39mimageUrl)[33m!
=[39m[36mnull[39m[33m&&[39
me[33m.[39mlength[33m?[39m
[36mthis[39m[33m.[39mimageUr
l[33m:[39mc[33m.[39mgetWall
etIcon({id[33m:[39m[36mthis
[39m[33m.[39mwalletId[33m,[
39mimage_id[33m:[39m[36mthis
[39m[33m.[39mimageId})[33m;
[39m[36mreturn[39m 
n[32m`${o.length?n`<div><img 
crossorigin="anonymous" 
src="${o}" alt="${this.id}"></d
iv>`:v.WALLET_PLACEHOLDER}`[39
m}}[33m;[39m[33mQ[39m[33m.
[39mstyles[33m=[39m[h[33m.
[39mglobalCss[33m,[39meo][33
m,[39mse([d()][33m,[39m[33m
Q[39m[33m.[39mprototype[33m
,[39m[32m"walletId"[39m[33m
,[39m[35m2[39m)[33m,[39mse
([d()][33m,[39m[33mQ[39m[3
3m.[39mprototype[33m,[39m[3
2m"imageId"[39m[33m,[39m[35
m2[39m)[33m,[39mse([d()][33
m,[39m[33mQ[39m[33m.[39mpr
ototype[33m,[39m[32m"imageUr
l"[39m[33m,[39m[35m2[39m)
[33m,[39m[33mQ[39m[33m=[39
mse([p([32m"wcm-wallet-image"
[39m)][33m,[39m[33mQ[39m)[
33m;[39m[36mvar[39m ro[33m=
[39m[33mObject[39m[33m.[39
mdefineProperty[33m,[39mao[3
3m=[39m[33mObject[39m[33m.
[39mgetOwnPropertyDescriptor[3
3m,[39mqe[33m=[39m(e[33m,[
39mo[33m,[39mr[33m,[39ma)[
33m=>[39m{[36mfor[39m([36mv
ar[39m t[33m=[39ma[33m>[39
m[35m1[39m[33m?[39m[36mvoi
d[39m [35m0[39m[33m:[39ma
[33m?[39mao(o[33m,[39mr)[33
m:[39mo[33m,[39ml[33m=[39m
e[33m.[39mlength[33m-[39m[
35m1[39m[33m,[39mi[33m;[39
ml[33m>=[39m[35m0[39m[33m;
[39ml[33m--[39m)(i[33m=[39
me[l])[33m&&[39m(t[33m=[39m
(a[33m?[39mi(o[33m,[39mr[3
3m,[39mt)[33m:[39mi(t))[33m
||[39mt)[33m;[39m[36mreturn
[39m a[33m&&[39mt[33m&&[39
mro(o[33m,[39mr[33m,[39mt)
[33m,[39mt}[33m;[39m[36mlet
[39m [33mWe[39m[33m=[39m[
36mclass[39m 
[36mextends[39m w{constructor
(){[36msuper[39m()[33m,[39m
[36mthis[39m[33m.[39mpreloa
d[33m=[39m[33m![39m[35m0[
39m[33m,[39m[36mthis[39m[3
3m.[39mpreloadData()}[36masyn
c[39m loadImages(e){[36mtry[
39m{e[33m!=[39m[36mnull[39m
[33m&&[39me[33m.[39mlength
[33m&&[39m[36mawait[39m [33
mPromise[39m[33m.[39mall(e[
33m.[39mmap([36masync[39m o
[33m=>[39mc[33m.[39mpreloadI
mage(o)))}[36mcatch[39m{conso
le[33m.[39minfo([32m"Unsucce
ssful attempt at preloading 
some images"[39m[33m,[39me)}
}[36masync[39m preloadListing
s(){[36mif[39m(z[33m.[39mst
ate[33m.[39menableExplorer){
[36mawait[39m [33mW[39m[33m
.[39mgetRecomendedWallets()[3
3m,[39m[33mR[39m[33m.[39ms
etIsDataLoaded([33m![39m[35m
0[39m)[33m;[39m[36mconst[3
9m{recomendedWallets[33m:[39m
e}[33m=[39m[33mW[39m[33m.
[39mstate[33m,[39mo[33m=[39
me[33m.[39mmap(r[33m=>[39mc
[33m.[39mgetWalletIcon(r))[3
3m;[39m[36mawait[39m [36mth
is[39m[33m.[39mloadImages(o)
}[36melse[39m [33mR[39m[33
m.[39msetIsDataLoaded([33m![
39m[35m0[39m)}[36masync[39m
 preloadCustomImages(){[36mcon
st[39m e[33m=[39mc[33m.[39
mgetCustomImageUrls()[33m;[39
m[36mawait[39m [36mthis[39m
[33m.[39mloadImages(e)}[36ma
sync[39m preloadData(){[36mtr
y[39m{[36mthis[39m[33m.[39
mpreload[33m&&[39m([36mthis
[39m[33m.[39mpreload[33m=[3
9m[33m![39m[35m1[39m[33m,
[39m[36mawait[39m [33mPromis
e[39m[33m.[39mall([[36mthis
[39m[33m.[39mpreloadListings
()[33m,[39m[36mthis[39m[33
m.[39mpreloadCustomImages()]))
}[36mcatch[39m(e){console[33
m.[39merror(e)[33m,[39m[33m
N[39m[33m.[39mopenToast([32
m"Failed preloading"[39m[33m,
[39m[32m"error"[39m)}}}[33m
;[39mqe([[33mI[39m()][33m,
[39m[33mWe[39m[33m.[39mprot
otype[33m,[39m[32m"preload"
[39m[33m,[39m[35m2[39m)[33
m,[39m[33mWe[39m[33m=[39mq
e([p([32m"wcm-explorer-context
"[39m)][33m,[39m[33mWe[39m
)[33m;[39m[36mvar[39m lo[3
3m=[39m[33mObject[39m[33m.
[39mdefineProperty[33m,[39mio
[33m=[39m[33mObject[39m[33
m.[39mgetOwnPropertyDescriptor
[33m,[39mno[33m=[39m(e[33m
,[39mo[33m,[39mr[33m,[39ma
)[33m=>[39m{[36mfor[39m([3
6mvar[39m t[33m=[39ma[33m>
[39m[35m1[39m[33m?[39m[36m
void[39m [35m0[39m[33m:[39
ma[33m?[39mio(o[33m,[39mr)
[33m:[39mo[33m,[39ml[33m=[
39me[33m.[39mlength[33m-[39
m[35m1[39m[33m,[39mi[33m;
[39ml[33m>=[39m[35m0[39m[3
3m;[39ml[33m--[39m)(i[33m=
[39me[l])[33m&&[39m(t[33m=[
39m(a[33m?[39mi(o[33m,[39mr
[33m,[39mt)[33m:[39mi(t))[
33m||[39mt)[33m;[39m[36mret
urn[39m a[33m&&[39mt[33m&&
[39mlo(o[33m,[39mr[33m,[39m
t)[33m,[39mt}[33m;[39m[36m
let[39m [33mQe[39m[33m=[39
m[36mclass[39m 
[36mextends[39m w{constructor
(){[36msuper[39m()[33m,[39m
[36mthis[39m[33m.[39munsubs
cribeTheme[33m=[39m[36mvoid
[39m [35m0[39m[33m,[39mh[3
3m.[39msetTheme()[33m,[39m[
36mthis[39m[33m.[39munsubscr
ibeTheme[33m=[39m[33mX[39m
[33m.[39msubscribe(h[33m.[39
msetTheme)}disconnectedCallback
(){[36mvar[39m e[33m;[39m(e
[33m=[39m[36mthis[39m[33m.
[39munsubscribeTheme)[33m==[
39m[36mnull[39m[33m||[39me
[33m.[39mcall([36mthis[39m)}
}[33m;[39m[33mQe[39m[33m=
[39mno([p([32m"wcm-theme-conte
xt"[39m)][33m,[39m[33mQe[3
9m)[33m;[39m[36mconst[39m 
co[33m=[39mg[32m`@keyframes 
scroll{0%{transform:translate3d
(0,0,0)}100%{transform:translat
e3d(calc(-70px * 9),0,0)}}.wcm-
slider{position:relative;overfl
ow-x:hidden;padding:10px 
0;margin:0 
-20px;width:calc(100% + 40px)}.
wcm-track{display:flex;width:ca
lc(70px * 18);animation:scroll 
20s linear 
infinite;opacity:.7}.wcm-track 
svg{margin:0 5px}wcm-wallet-ima
ge{width:60px;height:60px;margi
n:0 5px;border-radius:var(--wcm
-wallet-icon-border-radius)}.wc
m-grid{display:grid;grid-templa
te-columns:repeat(4,80px);justi
fy-content:space-between}.wcm-t
itle{display:flex;align-items:c
enter;margin-bottom:10px}.wcm-t
itle svg{margin-right:6px}.wcm-
title path{fill:var(--wcm-accen
t-color)}wcm-modal-footer 
.wcm-title{padding:0 10px}wcm-b
utton-big{position:absolute;top
:50%;left:50%;transform:transla
teY(-50%) translateX(-50%);filt
er:drop-shadow(0 0 17px var(--w
cm-color-bg-1))}wcm-info-footer
{flex-direction:column;align-it
ems:center;display:flex;width:1
00%;padding:5px 
0}wcm-info-footer wcm-text{text
-align:center;margin-bottom:15p
x}#wallet-placeholder-fill{fill
:var(--wcm-color-bg-3)}#wallet-
placeholder-dash{stroke:var(--w
cm-color-overlay)}`[39m[33m;
[39m[36mvar[39m so[33m=[39m
[33mObject[39m[33m.[39mdefi
neProperty[33m,[39mmo[33m=[
39m[33mObject[39m[33m.[39mg
etOwnPropertyDescriptor[33m,[
39mho[33m=[39m(e[33m,[39mo
[33m,[39mr[33m,[39ma)[33m=>
[39m{[36mfor[39m([36mvar[3
9m t[33m=[39ma[33m>[39m[35
m1[39m[33m?[39m[36mvoid[39
m [35m0[39m[33m:[39ma[33m?
[39mmo(o[33m,[39mr)[33m:[3
9mo[33m,[39ml[33m=[39me[33
m.[39mlength[33m-[39m[35m1
[39m[33m,[39mi[33m;[39ml[3
3m>=[39m[35m0[39m[33m;[39m
l[33m--[39m)(i[33m=[39me[l]
)[33m&&[39m(t[33m=[39m(a[3
3m?[39mi(o[33m,[39mr[33m,[
39mt)[33m:[39mi(t))[33m||[3
9mt)[33m;[39m[36mreturn[39m
 a[33m&&[39mt[33m&&[39mso(o
[33m,[39mr[33m,[39mt)[33m,
[39mt}[33m;[39m[36mlet[39m
 [33mIe[39m[33m=[39m[36mcl
ass[39m [36mextends[39m w{on
GoToQrcode(){x[33m.[39mpush(
[32m"Qrcode"[39m)}render(){[3
6mconst[39m{recomendedWallets
[33m:[39me}[33m=[39m[33mW[
39m[33m.[39mstate[33m,[39mo
[33m=[39m[[33m...[39me[33m
,[39m[33m...[39me][33m,[39
mr[33m=[39mm[33m.[39m[33mR
ECOMMENDED_WALLET_AMOUNT[39m[
33m*[39m[35m2[39m[33m;[39m
[36mreturn[39m 
n[32m`<wcm-modal-header 
title="Connect your wallet" .on
Action="${this.onGoToQrcode}" .
actionIcon="${v.QRCODE_ICON}"><
/wcm-modal-header><wcm-modal-co
ntent><div class="wcm-title">${
v.MOBILE_ICON}<wcm-text 
variant="small-regular" color="
accent">WalletConnect</wcm-text
></div><div 
class="wcm-slider"><div class="
wcm-track">${[...Array(r)].map(
(a,t)=>{const 
l=o[t%o.length];return 
l?n`<wcm-wallet-image 
walletId="${l.id}" imageId="${l
.image_id}"></wcm-wallet-image>
`:v.WALLET_PLACEHOLDER})}</div>
<wcm-button-big @click="${c.han
dleAndroidLinking}"><wcm-text 
variant="medium-regular" 
color="inverse">Select Wallet</
wcm-text></wcm-button-big></div
></wcm-modal-content><wcm-info-
footer><wcm-text 
color="secondary" 
variant="small-thin">Choose 
WalletConnect to see supported 
apps on your device</wcm-text><
/wcm-info-footer>`[39m}}[33m;
[39m[33mIe[39m[33m.[39msty
les[33m=[39m[h[33m.[39mglob
alCss[33m,[39mco][33m,[39m
[33mIe[39m[33m=[39mho([p([3
2m"wcm-android-wallet-selection
"[39m)][33m,[39m[33mIe[39m
)[33m;[39m[36mconst[39m 
wo[33m=[39mg[32m`@keyframes 
loading{to{stroke-dashoffset:0}
}@keyframes shake{10%,90%{trans
form:translate3d(-1px,0,0)}20%,
80%{transform:translate3d(1px,0
,0)}30%,50%,70%{transform:trans
late3d(-2px,0,0)}40%,60%{transf
orm:translate3d(2px,0,0)}}:host
{display:flex;flex-direction:co
lumn;align-items:center}div{pos
ition:relative;width:110px;heig
ht:110px;display:flex;justify-c
ontent:center;align-items:cente
r;margin:40px 0 20px 0;transfor
m:translate3d(0,0,0)}svg{positi
on:absolute;width:110px;height:
110px;fill:none;stroke:transpar
ent;stroke-linecap:round;stroke
-width:2px;top:0;left:0}use{str
oke:var(--wcm-accent-color);ani
mation:loading 1s linear infini
te}wcm-wallet-image{border-radi
us:var(--wcm-wallet-icon-large-
border-radius);width:90px;heigh
t:90px}wcm-text{margin-bottom:4
0px}.wcm-error svg{stroke:var(-
-wcm-error-color)}.wcm-error us
e{display:none}.wcm-error{anima
tion:shake .4s 
cubic-bezier(.36,.07,.19,.97) 
both}.wcm-stale svg,.wcm-stale 
use{display:none}`[39m[33m;[
39m[36mvar[39m po[33m=[39m
[33mObject[39m[33m.[39mdefin
eProperty[33m,[39mgo[33m=[3
9m[33mObject[39m[33m.[39mge
tOwnPropertyDescriptor[33m,[3
9m[33mK[39m[33m=[39m(e[33m
,[39mo[33m,[39mr[33m,[39ma
)[33m=>[39m{[36mfor[39m([3
6mvar[39m t[33m=[39ma[33m>
[39m[35m1[39m[33m?[39m[36m
void[39m [35m0[39m[33m:[39
ma[33m?[39mgo(o[33m,[39mr)
[33m:[39mo[33m,[39ml[33m=[
39me[33m.[39mlength[33m-[39
m[35m1[39m[33m,[39mi[33m;
[39ml[33m>=[39m[35m0[39m[3
3m;[39ml[33m--[39m)(i[33m=
[39me[l])[33m&&[39m(t[33m=[
39m(a[33m?[39mi(o[33m,[39mr
[33m,[39mt)[33m:[39mi(t))[
33m||[39mt)[33m;[39m[36mret
urn[39m a[33m&&[39mt[33m&&
[39mpo(o[33m,[39mr[33m,[39m
t)[33m,[39mt}[33m;[39m[36m
let[39m [33mD[39m[33m=[39m
[36mclass[39m 
[36mextends[39m w{constructor
(){[36msuper[39m([33m...[39
marguments)[33m,[39m[36mthis
[39m[33m.[39mwalletId[33m=
[39m[36mvoid[39m [35m0[39m
[33m,[39m[36mthis[39m[33m.
[39mimageId[33m=[39m[36mvoid
[39m [35m0[39m[33m,[39m[3
6mthis[39m[33m.[39misError[
33m=[39m[33m![39m[35m1[39m
[33m,[39m[36mthis[39m[33m.
[39misStale[33m=[39m[33m![
39m[35m1[39m[33m,[39m[36mt
his[39m[33m.[39mlabel[33m=
[39m[32m""[39m}svgLoaderTempl
ate(){[36mvar[39m e[33m,[39
mo[33m;[39m[36mconst[39m r
[33m=[39m(o[33m=[39m(e[33m=
[39m[33mX[39m[33m.[39mstat
e[33m.[39mthemeVariables)[33
m==[39m[36mnull[39m[33m?[3
9m[36mvoid[39m [35m0[39m[3
3m:[39me[[32m"--wcm-wallet-ic
on-large-border-radius"[39m])
[33m!=[39m[36mnull[39m[33m?
[39mo[33m:[39mh[33m.[39mge
tPreset([32m"--wcm-wallet-icon
-large-border-radius"[39m)[33
m;[39m[36mlet[39m a[33m=[3
9m[35m0[39m[33m;[39mr[33m.
[39mincludes([32m"%"[39m)[3
3m?[39ma[33m=[39m[35m88[39
m[35m/100*parseInt(r,10):a=par
seInt(r,10),a*=1.17;const t=317
-a*1.57,l=425-a*1.8;return 
n`<svg viewBox="0 0 110 110" 
width="110" height="110"><rect 
id="wcm-loader" x="2" y="2" 
width="106" height="106" rx="${
a}"/[39m[33m>[39m[33m<[39m
[33muse[39m xlink[33m:[39mh
ref[33m=[39m[32m"#wcm-loader
"[39m stroke[33m-[39mdasharr
ay[33m=[39m[32m"106 
${t}"[39m stroke[33m-[39mdas
hoffset[33m=[39m[32m"${l}"[
39m[33m>[39m[33m<[39m[33m/
[39m[33muse[39m[33m>[39m[
33m<[39m[33m/[39m[33msvg[3
9m[33m>[39m[32m`}render(){co
nst e={"wcm-error":this.isError
,"wcm-stale":this.isStale};retu
rn n`[39m[33m<[39m[33mdiv[
39m [36mclass[39m[33m=[39m
[32m"${P(e)}"[39m[33m>[39m${
[36mthis[39m[33m.[39msvgLoa
derTemplate()}[33m<[39m[33mw
cm[39m[33m-[39mwallet[33m-
[39mimage walletId[33m=[39m[
32m"${k(this.walletId)}"[39m i
mageId[33m=[39m[32m"${k(this
.imageId)}"[39m[33m>[39m[33
m<[39m[33m/[39m[33mwcm[39m
[33m-[39mwallet[33m-[39mima
ge[33m>[39m[33m<[39m[33m/
[39m[33mdiv[39m[33m>[39m[3
3m<[39m[33mwcm[39m[33m-[39
mtext variant[33m=[39m[32m"m
edium-regular"[39m color[33m=
[39m[32m"${this.isError?"[39
merror[32m":"[39mprimary[32m
"}"[39m[33m>[39m${[36mthis
[39m[33m.[39misError[33m?[3
9m[32m"Connection declined"[3
9m[33m:[39m[36mthis[39m[33
m.[39mlabel}[33m<[39m[33m/
[39m[33mwcm[39m[33m-[39mtex
t[33m>[39m[32m`}};D.styles=[
h.globalCss,wo],K([d()],D.proto
type,"walletId",2),K([d()],D.pr
ototype,"imageId",2),K([d({type
:Boolean})],D.prototype,"isErro
r",2),K([d({type:Boolean})],D.p
rototype,"isStale",2),K([d()],D
.prototype,"label",2),D=K([p("w
cm-connector-waiting")],D);cons
t G={manualWallets(){var e,o;co
nst{mobileWallets:r,desktopWall
ets:a}=z.state,t=(e=G.recentWal
let())==null?void 0:e.id,l=m.is
Mobile()?r:a,i=l?.filter(s=>t!=
=s.id);return(o=m.isMobile()?i?
.map(({id:s,name:$,links:f})=>(
{id:s,name:$,mobile:f,links:f})
):i?.map(({id:s,name:$,links:f}
)=>({id:s,name:$,desktop:f,link
s:f})))!=null?o:[]},recentWalle
t(){return c.getRecentWallet()}
,recomendedWallets(e=!1){var 
o;const r=e||(o=G.recentWallet(
))==null?void 0:o.id,{recomende
dWallets:a}=W.state;return a.fi
lter(t=>r!==t.id)}},Z={onConnec
ting(e){c.goToConnectingView(e)
},manualWalletsTemplate(){retur
n G.manualWallets().map(e=>n`[
39m[33m<[39m[33mwcm[39m[33
m-[39mwallet[33m-[39mbutton 
walletId[33m=[39m[32m"${e.id
}"[39m name[33m=[39m[32m"${
e.name}"[39m [33m.[39monClic
k[33m=[39m[32m"${()=>this.on
Connecting(e)}"[39m[33m>[39m
[33m<[39m[33m/[39m[33mwcm
[39m[33m-[39mwallet[33m-[39
mbutton[33m>[39m[32m`)},reco
mendedWalletsTemplate(e=!1){ret
urn G.recomendedWallets(e).map(
o=>n`[39m[33m<[39m[33mwcm[
39m[33m-[39mwallet[33m-[39m
button name[33m=[39m[32m"${o
.name}"[39m walletId[33m=[39
m[32m"${o.id}"[39m imageId[3
3m=[39m[32m"${o.image_id}"[3
9m [33m.[39monClick[33m=[39
m[32m"${()=>this.onConnecting(
o)}"[39m[33m>[39m[33m<[39m
[33m/[39m[33mwcm[39m[33m-
[39mwallet[33m-[39mbutton[33
m>[39m[32m`)},recentWalletTem
plate(){const 
e=G.recentWallet();if(e)return 
n`[39m[33m<[39m[33mwcm[39m
[33m-[39mwallet[33m-[39mbut
ton name[33m=[39m[32m"${e.na
me}"[39m walletId[33m=[39m[
32m"${e.id}"[39m imageId[33m=
[39m[32m"${k(e.image_id)}"[3
9m [33m.[39mrecent[33m=[39m
[32m"${!0}"[39m [33m.[39mon
Click[33m=[39m[32m"${()=>thi
s.onConnecting(e)}"[39m[33m>
[39m[33m<[39m[33m/[39m[33m
wcm[39m[33m-[39mwallet[33m-
[39mbutton[33m>[39m[32m`}},
vo=g`[39m[33m.[39mwcm[33m-
[39mgrid{display[33m:[39mgrid
[33m;[39mgrid[33m-[39mtempl
ate[33m-[39mcolumns[33m:[39
mrepeat([35m4[39m[33m,[39m
[35m80[39mpx)[33m;[39mjustif
y[33m-[39mcontent[33m:[39ms
pace[33m-[39mbetween}[33m.[
39mwcm[33m-[39mdesktop[33m-
[39mtitle[33m,[39m[33m.[39m
wcm[33m-[39mmobile[33m-[39m
title{display[33m:[39mflex[3
3m;[39malign[33m-[39mitems[
33m:[39mcenter}[33m.[39mwcm
[33m-[39mmobile[33m-[39mtitl
e{justify[33m-[39mcontent[33
m:[39mspace[33m-[39mbetween
[33m;[39mmargin[33m-[39mbott
om[33m:[39m[35m20[39mpx[33
m;[39mmargin[33m-[39mtop[33
m:[39m[33m-[39m[35m10[39mp
x}[33m.[39mwcm[33m-[39mdesk
top[33m-[39mtitle{margin[33m
-[39mbottom[33m:[39m[35m10
[39mpx[33m;[39mpadding[33m:
[39m[35m0[39m [35m10[39mpx}
[33m.[39mwcm[33m-[39msubtit
le{display[33m:[39mflex[33m;
[39malign[33m-[39mitems[33m
:[39mcenter}[33m.[39mwcm[33
m-[39msubtitle[33m:[39mlast
[33m-[39mchild path{fill[33m:
[39m[36mvar[39m([33m--[39m
wcm[33m-[39mcolor[33m-[39mf
g[33m-[39m[35m3[39m)}[33m.
[39mwcm[33m-[39mdesktop[33m
-[39mtitle svg[33m,[39m[33m
.[39mwcm[33m-[39mmobile[33m
-[39mtitle svg{margin[33m-[3
9mright[33m:[39m[35m6[39mpx
}[33m.[39mwcm[33m-[39mdeskt
op[33m-[39mtitle path[33m,[
39m[33m.[39mwcm[33m-[39mmob
ile[33m-[39mtitle path{fill[
33m:[39m[36mvar[39m([33m--
[39mwcm[33m-[39maccent[33m-
[39mcolor)}[32m`;var uo=Object
.defineProperty,bo=Object.getOw
nPropertyDescriptor,fo=(e,o,r,a
)=>{for(var t=a>1?void 0:a?bo(o
,r):o,l=e.length-1,i;l>=0;l--)(
i=e[l])&&(t=(a?i(o,r,t):i(t))||
t);return 
a&&t&&uo(o,r,t),t};let 
Ee=class extends w{render(){con
st{explorerExcludedWalletIds:e,
enableExplorer:o}=z.state,r=e!=
="ALL"&&o,a=Z.manualWalletsTemp
late(),t=Z.recomendedWalletsTem
plate();let l=[Z.recentWalletTe
mplate(),...a,...t];l=l.filter(
Boolean);const 
i=l.length>4||r;let s=[];i?s=l.
slice(0,3):s=l;const 
$=Boolean(s.length);return n`[
39m[33m<[39m[33mwcm[39m[33
m-[39mmodal[33m-[39mheader 
[33m.[39mborder[33m=[39m[32
m"${!0}"[39m 
title[33m=[39m[32m"Connect 
your wallet"[39m [33m.[39mon
Action[33m=[39m[32m"${c.hand
leUriCopy}"[39m [33m.[39mact
ionIcon[33m=[39m[32m"${v.COP
Y_ICON}"[39m[33m>[39m[33m<
[39m[33m/[39m[33mwcm[39m[3
3m-[39mmodal[33m-[39mheader
[33m>[39m[33m<[39m[33mwcm[
39m[33m-[39mmodal[33m-[39mc
ontent[33m>[39m[33m<[39m[3
3mdiv[39m [36mclass[39m[33m
=[39m[32m"wcm-mobile-title"[
39m[33m>[39m[33m<[39m[33md
iv[39m [36mclass[39m[33m=[
39m[32m"wcm-subtitle"[39m[33
m>[39m${v[33m.[39m[33mMOBIL
E_ICON[39m}[33m<[39m[33mwcm
[39m[33m-[39mtext variant[3
3m=[39m[32m"small-regular"[3
9m color[33m=[39m[32m"accent
"[39m[33m>[39m[33mMobile[3
9m[33m<[39m[33m/[39m[33mwc
m[39m[33m-[39mtext[33m>[39
m[33m<[39m[33m/[39m[33mdiv
[39m[33m>[39m[33m<[39m[33
mdiv[39m [36mclass[39m[33m=
[39m[32m"wcm-subtitle"[39m[
33m>[39m${v[33m.[39m[33mSCA
N_ICON[39m}[33m<[39m[33mwcm
[39m[33m-[39mtext variant[3
3m=[39m[32m"small-regular"[3
9m color[33m=[39m[32m"second
ary"[39m[33m>[39m[33mScan[
39m [36mwith[39m your wallet
[33m<[39m[33m/[39m[33mwcm[
39m[33m-[39mtext[33m>[39m[
33m<[39m[33m/[39m[33mdiv[3
9m[33m>[39m[33m<[39m[33m/
[39m[33mdiv[39m[33m>[39m[3
3m<[39m[33mwcm[39m[33m-[39
mwalletconnect[33m-[39mqr[33
m>[39m[33m<[39m[33m/[39m[
33mwcm[39m[33m-[39mwalletcon
nect[33m-[39mqr[33m>[39m[3
3m<[39m[33m/[39m[33mwcm[39
m[33m-[39mmodal[33m-[39mcon
tent[33m>[39m${$[33m?[39mn
[32m`<wcm-modal-footer><div cla
ss="wcm-desktop-title">${v.DESK
TOP_ICON}<wcm-text 
variant="small-regular" color="
accent">Desktop</wcm-text></div
><div class="wcm-grid">${s} ${i
?n`<wcm-view-all-wallets-button
></wcm-view-all-wallets-button>
`:null}</div></wcm-modal-footer
>`[39m[33m:[39m[36mnull[39
m}[32m`}};Ee.styles=[h.globalC
ss,vo],Ee=fo([p("wcm-desktop-wa
llet-selection")],Ee);const xo=
g`[39mdiv{background[33m-[39
mcolor[33m:[39m[36mvar[39m(
[33m--[39mwcm[33m-[39mcolor
[33m-[39mbg[33m-[39m[35m2
[39m)[33m;[39mpadding[33m:[
39m[35m10[39mpx 
[35m20[39mpx [35m15[39mpx 
[35m20[39mpx[33m;[39mborder
[33m-[39mtop[33m:[39m[35m1
[39mpx solid [36mvar[39m([33
m--[39mwcm[33m-[39mcolor[33
m-[39mbg[33m-[39m[35m3[39m
)[33m;[39mtext[33m-[39malig
n[33m:[39mcenter}a{color[33m
:[39m[36mvar[39m([33m--[39
mwcm[33m-[39maccent[33m-[39
mcolor)[33m;[39mtext[33m-[3
9mdecoration[33m:[39mnone[33
m;[39mtransition[33m:[39mopa
city [35m.2[39ms ease[33m-[
39m[36min[39m[33m-[39mout[
33m;[39mdisplay[33m:[39minli
ne}a[33m:[39mactive{opacity[
33m:[39m[35m.8[39m}[33m@[3
9mmedia(hover[33m:[39mhover){
a[33m:[39mhover{opacity[33m:
[39m[35m.8[39m}}[32m`;var y
o=Object.defineProperty,$o=Obje
ct.getOwnPropertyDescriptor,Co=
(e,o,r,a)=>{for(var t=a>1?void 
0:a?$o(o,r):o,l=e.length-1,i;l>
=0;l--)(i=e[l])&&(t=(a?i(o,r,t)
:i(t))||t);return 
a&&t&&yo(o,r,t),t};let 
Me=class extends w{render(){con
st{termsOfServiceUrl:e,privacyP
olicyUrl:o}=z.state;return e??o
?n`[39m[33m<[39m[33mdiv[39
m[33m>[39m[33m<[39m[33mwcm
[39m[33m-[39mtext variant[3
3m=[39m[32m"small-regular"[3
9m color[33m=[39m[32m"second
ary"[39m[33m>[39m[33mBy[39
m connecting your wallet to 
[36mthis[39m app[33m,[39m 
you agree to the app[32m's 
${e?n`<a href="${e}" 
target="_blank" rel="noopener 
noreferrer">Terms of 
Service</a>`:null} 
${e&&o?"and":null} ${o?n`<a 
href="${o}" target="_blank" 
rel="noopener 
noreferrer">Privacy Policy</a>`
:null}</wcm-text></div>`:null}}
;Me.styles=[h.globalCss,xo],Me=
Co([p("wcm-legal-notice")],Me);
const ko=g`div{display:grid;gri
d-template-columns:repeat(4,80p
x);margin:0 -10px;justify-conte
nt:space-between;row-gap:10px}`
;var Oo=Object.defineProperty,W
o=Object.getOwnPropertyDescript
or,Io=(e,o,r,a)=>{for(var 
t=a>1?void 0:a?Wo(o,r):o,l=e.le
ngth-1,i;l>=0;l--)(i=e[l])&&(t=
(a?i(o,r,t):i(t))||t);return 
a&&t&&Oo(o,r,t),t};let 
Le=class extends w{onQrcode(){x
.push("Qrcode")}render(){const{
explorerExcludedWalletIds:e,ena
bleExplorer:o}=z.state,r=e!=="A
LL"&&o,a=Z.manualWalletsTemplat
e(),t=Z.recomendedWalletsTempla
te();let l=[Z.recentWalletTempl
ate(),...a,...t];l=l.filter(Boo
lean);const 
i=l.length>8||r;let s=[];i?s=l.
slice(0,7):s=l;const 
$=Boolean(s.length);return 
n`<wcm-modal-header 
title="Connect your wallet" 
.onAction="${this.onQrcode}" .a
ctionIcon="${v.QRCODE_ICON}"></
wcm-modal-header>${$?n`<wcm-mod
al-content><div>${s} ${i?n`<wcm
-view-all-wallets-button></wcm-
view-all-wallets-button>`:null}
</div></wcm-modal-content>`:nul
l}`}};Le.styles=[h.globalCss,ko
],Le=Io([p("wcm-mobile-wallet-s
election")],Le);const Eo=g`:hos
t{all:initial}.wcm-overlay{top:
0;bottom:0;left:0;right:0;posit
ion:fixed;z-index:var(--wcm-z-i
ndex);overflow:hidden;display:f
lex;justify-content:center;alig
n-items:center;opacity:0;pointe
r-events:none;background-color:
var(--wcm-overlay-background-co
lor);backdrop-filter:var(--wcm-
overlay-backdrop-filter)}@media
(max-height:720px) and (orienta
tion:landscape){.wcm-overlay{ov
erflow:scroll;align-items:flex-
start;padding:20px 0}}.wcm-acti
ve{pointer-events:auto}.wcm-con
tainer{position:relative;max-wi
dth:360px;width:100%;outline:0;
border-radius:var(--wcm-backgro
und-border-radius) var(--wcm-ba
ckground-border-radius) var(--w
cm-container-border-radius) var
(--wcm-container-border-radius)
;border:1px solid var(--wcm-col
or-overlay);overflow:hidden}.wc
m-card{width:100%;position:rela
tive;border-radius:var(--wcm-co
ntainer-border-radius);overflow
:hidden;box-shadow:0 6px 14px 
-6px rgba(10,16,31,.12),0 10px 
32px -4px rgba(10,16,31,.1),0 
0 0 1px var(--wcm-color-overlay
);background-color:var(--wcm-co
lor-bg-1);color:var(--wcm-color
-fg-1)}@media(max-width:600px){
.wcm-container{max-width:440px;
border-radius:var(--wcm-backgro
und-border-radius) var(--wcm-ba
ckground-border-radius) 0 0}.wc
m-card{border-radius:var(--wcm-
container-border-radius) var(--
wcm-container-border-radius) 0 
0}.wcm-overlay{align-items:flex
-end}}@media(max-width:440px){.
wcm-container{border:0}}`;var M
o=Object.defineProperty,Lo=Obje
ct.getOwnPropertyDescriptor,Re=
(e,o,r,a)=>{for(var t=a>1?void 
0:a?Lo(o,r):o,l=e.length-1,i;l>
=0;l--)(i=e[l])&&(t=(a?i(o,r,t)
:i(t))||t);return 
a&&t&&Mo(o,r,t),t};let 
ae=class extends w{constructor(
){super(),this.open=!1,this.act
ive=!1,this.unsubscribeModal=vo
id 0,this.abortController=void 
0,this.unsubscribeModal=ge.subs
cribe(e=>{e.open?this.onOpenMod
alEvent():this.onCloseModalEven
t()})}disconnectedCallback(){va
r e;(e=this.unsubscribeModal)==
null||e.call(this)}get 
overlayEl(){return c.getShadowR
ootElement(this,".wcm-overlay")
}get containerEl(){return c.get
ShadowRootElement(this,".wcm-co
ntainer")}toggleBodyScroll(e){i
f(document.querySelector("body"
))if(e){const o=document.getEle
mentById("wcm-styles");o?.remov
e()}else document.head.insertAd
jacentHTML("beforeend",'[39m[
33m<[39m[33mstyle[39m id[33
m=[39m[32m"wcm-styles"[39m[
33m>[39mhtml[33m,[39mbody{to
uch[33m-[39maction[33m:[39m
none[33m;[39moverflow[33m:[
39mhidden[33m;[39moverscroll
[33m-[39mbehavior[33m:[39mco
ntain[33m;[39m}[33m<[39m[3
3m/[39m[33mstyle[39m[33m>[
39m[32m')}onCloseModal(e){e.ta
rget===e.currentTarget&&ge.clos
e()}onOpenModalEvent(){this.tog
gleBodyScroll(!1),this.addKeybo
ardEvents(),this.open=!0,setTim
eout(async()=>{const e=c.isMobi
leAnimation()?{y:["50vh","0vh"]
}:{scale:[.98,1]},o=.1,r=.2;awa
it Promise.all([H(this.overlayE
l,{opacity:[0,1]},{delay:o,dura
tion:r}).finished,H(this.contai
nerEl,e,{delay:o,duration:r}).f
inished]),this.active=!0},0)}as
ync onCloseModalEvent(){this.to
ggleBodyScroll(!0),this.removeK
eyboardEvents();const e=c.isMob
ileAnimation()?{y:["0vh","50vh"
]}:{scale:[1,.98]},o=.2;await P
romise.all([H(this.overlayEl,{o
pacity:[1,0]},{duration:o}).fin
ished,H(this.containerEl,e,{dur
ation:o}).finished]),this.conta
inerEl.removeAttribute("style")
,this.active=!1,this.open=!1}ad
dKeyboardEvents(){this.abortCon
troller=new AbortController,win
dow.addEventListener("keydown",
e=>{var o;e.key==="Escape"?ge.c
lose():e.key==="Tab"&&((o=e.tar
get)!=null&&o.tagName.includes(
"wcm-")||this.containerEl.focus
())},this.abortController),this
.containerEl.focus()}removeKeyb
oardEvents(){var e;(e=this.abor
tController)==null||e.abort(),t
his.abortController=void 
0}render(){const e={"wcm-overla
y":!0,"wcm-active":this.active}
;return n`<wcm-explorer-context
></wcm-explorer-context><wcm-th
eme-context></wcm-theme-context
><div id="wcm-modal" 
class="${P(e)}" 
@click="${this.onCloseModal}" 
role="alertdialog" 
aria-modal="true"><div 
class="wcm-container" tabindex=
"0">${this.open?n`<wcm-modal-ba
ckcard></wcm-modal-backcard><di
v class="wcm-card"><wcm-modal-r
outer></wcm-modal-router><wcm-m
odal-toast></wcm-modal-toast></
div>`:null}</div></div>`}};ae.s
tyles=[h.globalCss,Eo],Re([I()]
,ae.prototype,"open",2),Re([I()
],ae.prototype,"active",2),ae=R
e([p("wcm-modal")],ae);const Ro
=g`div{display:flex;margin-top:
15px}slot{display:inline-block;
margin:0 
5px}wcm-button{margin:0 
5px}`;var Ao=Object.definePrope
rty,Po=Object.getOwnPropertyDes
criptor,le=(e,o,r,a)=>{for(var 
t=a>1?void 0:a?Po(o,r):o,l=e.le
ngth-1,i;l>=0;l--)(i=e[l])&&(t=
(a?i(o,r,t):i(t))||t);return 
a&&t&&Ao(o,r,t),t};let B=class 
extends w{constructor(){super(.
..arguments),this.isMobile=!1,t
his.isDesktop=!1,this.isWeb=!1,
this.isRetry=!1}onMobile(){m.is
Mobile()?x.replace("MobileConne
cting"):x.replace("MobileQrcode
Connecting")}onDesktop(){x.repl
ace("DesktopConnecting")}onWeb(
){x.replace("WebConnecting")}re
nder(){return n`<div>${this.isR
etry?n`<slot></slot>`:null} 
${this.isMobile?n`<wcm-button 
.onClick="${this.onMobile}" 
.iconLeft="${v.MOBILE_ICON}" va
riant="outline">Mobile</wcm-but
ton>`:null} 
${this.isDesktop?n`<wcm-button 
.onClick="${this.onDesktop}" 
.iconLeft="${v.DESKTOP_ICON}" v
ariant="outline">Desktop</wcm-b
utton>`:null} 
${this.isWeb?n`<wcm-button 
.onClick="${this.onWeb}" 
.iconLeft="${v.GLOBE_ICON}" var
iant="outline">Web</wcm-button>
`:null}</div>`}};B.styles=[h.gl
obalCss,Ro],le([d({type:Boolean
})],B.prototype,"isMobile",2),l
e([d({type:Boolean})],B.prototy
pe,"isDesktop",2),le([d({type:B
oolean})],B.prototype,"isWeb",2
),le([d({type:Boolean})],B.prot
otype,"isRetry",2),B=le([p("wcm
-platform-selection")],B);const
 To=g`button{display:flex;flex-
direction:column;padding:5px 10
px;border-radius:var(--wcm-butt
on-hover-highlight-border-radiu
s);height:100%;justify-content:
flex-start}.wcm-icons{width:60p
x;height:60px;display:flex;flex
-wrap:wrap;padding:7px;border-r
adius:var(--wcm-wallet-icon-bor
der-radius);justify-content:spa
ce-between;align-items:center;m
argin-bottom:5px;background-col
or:var(--wcm-color-bg-2);box-sh
adow:inset 0 0 0 1px var(--wcm-
color-overlay)}button:active{ba
ckground-color:var(--wcm-color-
overlay)}@media(hover:hover){bu
tton:hover{background-color:var
(--wcm-color-overlay)}}.wcm-ico
ns img{width:21px;height:21px;o
bject-fit:cover;object-position
:center;border-radius:calc(var(
--wcm-wallet-icon-border-radius
)/ 2);border:1px solid var(--wc
m-color-overlay)}.wcm-icons svg
{width:21px;height:21px}.wcm-ic
ons 
img:nth-child(1),.wcm-icons 
img:nth-child(2),.wcm-icons 
svg:nth-child(1),.wcm-icons svg
:nth-child(2){margin-bottom:4px
}wcm-text{width:100%;text-align
:center}#wallet-placeholder-fil
l{fill:var(--wcm-color-bg-3)}#w
allet-placeholder-dash{stroke:v
ar(--wcm-color-overlay)}`;var j
o=Object.defineProperty,_o=Obje
ct.getOwnPropertyDescriptor,Do=
(e,o,r,a)=>{for(var t=a>1?void 
0:a?_o(o,r):o,l=e.length-1,i;l>
=0;l--)(i=e[l])&&(t=(a?i(o,r,t)
:i(t))||t);return 
a&&t&&jo(o,r,t),t};let 
Ae=class extends w{onClick(){x.
push("WalletExplorer")}render()
{const{recomendedWallets:e}=W.s
tate,o=G.manualWallets(),r=[...
e,...o].reverse().slice(0,4);re
turn n`<button 
@click="${this.onClick}"><div c
lass="wcm-icons">${r.map(a=>{co
nst t=c.getWalletIcon(a);if(t)r
eturn n`<img 
crossorigin="anonymous" 
src="${t}">`;const l=c.getWalle
tIcon({id:a.id});return 
l?n`<img 
crossorigin="anonymous" src="${
l}">`:v.WALLET_PLACEHOLDER})} $
{[...Array(4-r.length)].map(()=
>v.WALLET_PLACEHOLDER)}</div><w
cm-text 
variant="xsmall-regular">View A
ll</wcm-text></button>`}};Ae.st
yles=[h.globalCss,To],Ae=Do([p(
"wcm-view-all-wallets-button")]
,Ae);const No=g`.wcm-qr-contain
er{width:100%;display:flex;just
ify-content:center;align-items:
center;aspect-ratio:1/1}`;var Z
o=Object.defineProperty,So=Obje
ct.getOwnPropertyDescriptor,de=
(e,o,r,a)=>{for(var t=a>1?void 
0:a?So(o,r):o,l=e.length-1,i;l>
=0;l--)(i=e[l])&&(t=(a?i(o,r,t)
:i(t))||t);return 
a&&t&&Zo(o,r,t),t};let Y=class 
extends w{constructor(){super()
,this.walletId="",this.imageId=
"",this.uri="",setTimeout(()=>{
const{walletConnectUri:e}=R.sta
te;this.uri=e},0)}get 
overlayEl(){return c.getShadowR
ootElement(this,".wcm-qr-contai
ner")}render(){return n`<div cl
ass="wcm-qr-container">${this.u
ri?n`<wcm-qrcode size="${this.o
verlayEl.offsetWidth}" 
uri="${this.uri}" 
walletId="${k(this.walletId)}" 
imageId="${k(this.imageId)}"></
wcm-qrcode>`:n`<wcm-spinner></w
cm-spinner>`}</div>`}};Y.styles
=[h.globalCss,No],de([d()],Y.pr
ototype,"walletId",2),de([d()],
Y.prototype,"imageId",2),de([I(
)],Y.prototype,"uri",2),Y=de([p
("wcm-walletconnect-qr")],Y);va
r Bo=Object.defineProperty,Uo=O
bject.getOwnPropertyDescriptor,
Ho=(e,o,r,a)=>{for(var 
t=a>1?void 0:a?Uo(o,r):o,l=e.le
ngth-1,i;l>=0;l--)(i=e[l])&&(t=
(a?i(o,r,t):i(t))||t);return 
a&&t&&Bo(o,r,t),t};let 
Pe=class extends 
w{viewTemplate(){return m.isAnd
roid()?n`<wcm-android-wallet-se
lection></wcm-android-wallet-se
lection>`:m.isMobile()?n`<wcm-m
obile-wallet-selection></wcm-mo
bile-wallet-selection>`:n`<wcm-
desktop-wallet-selection></wcm-
desktop-wallet-selection>`}rend
er(){return n`${this.viewTempla
te()}<wcm-legal-notice></wcm-le
gal-notice>`}};Pe.styles=[h.glo
balCss],Pe=Ho([p("wcm-connect-w
allet-view")],Pe);const zo=g`wc
m-info-footer{flex-direction:co
lumn;align-items:center;display
:flex;width:100%;padding:5px 0}
wcm-text{text-align:center}`;va
r Vo=Object.defineProperty,Fo=O
bject.getOwnPropertyDescriptor,
Ke=(e,o,r,a)=>{for(var 
t=a>1?void 0:a?Fo(o,r):o,l=e.le
ngth-1,i;l>=0;l--)(i=e[l])&&(t=
(a?i(o,r,t):i(t))||t);return 
a&&t&&Vo(o,r,t),t};let 
me=class extends w{constructor(
){super(),this.isError=!1,this.
openDesktopApp()}onFormatAndRed
irect(e){const{desktop:o,name:r
}=m.getWalletRouterData(),a=o?.
native;if(a){const t=m.formatNa
tiveUrl(a,e,r);m.openHref(t,"_s
elf")}}openDesktopApp(){const{w
alletConnectUri:e}=R.state,o=m.
getWalletRouterData();c.setRece
ntWallet(o),e&&this.onFormatAnd
Redirect(e)}render(){const{name
:e,id:o,image_id:r}=m.getWallet
RouterData(),{isMobile:a,isWeb:
t}=c.getCachedRouterWalletPlatf
orms();return 
n`<wcm-modal-header 
title="${e}" 
.onAction="${c.handleUriCopy}" 
.actionIcon="${v.COPY_ICON}"></
wcm-modal-header><wcm-modal-con
tent><wcm-connector-waiting 
walletId="${o}" 
imageId="${k(r)}" 
label="${`Continue in 
${e}...`}" .isError="${this.isE
rror}"></wcm-connector-waiting>
</wcm-modal-content><wcm-info-f
ooter><wcm-text 
color="secondary" variant="smal
l-thin">${`Connection can 
continue loading if ${e} is 
not installed on your device`}<
/wcm-text><wcm-platform-selecti
on .isMobile="${a}" 
.isWeb="${t}" 
.isRetry="${!0}"><wcm-button .o
nClick="${this.openDesktopApp.b
ind(this)}" .iconRight="${v.RET
RY_ICON}">Retry</wcm-button></w
cm-platform-selection></wcm-inf
o-footer>`}};me.styles=[h.globa
lCss,zo],Ke([I()],me.prototype,
"isError",2),me=Ke([p("wcm-desk
top-connecting-view")],me);cons
t qo=g`wcm-info-footer{flex-dir
ection:column;align-items:cente
r;display:flex;width:100%;paddi
ng:5px 0}wcm-text{text-align:ce
nter}wcm-button{margin-top:15px
}`;var Qo=Object.defineProperty
,Ko=Object.getOwnPropertyDescri
ptor,Yo=(e,o,r,a)=>{for(var 
t=a>1?void 0:a?Ko(o,r):o,l=e.le
ngth-1,i;l>=0;l--)(i=e[l])&&(t=
(a?i(o,r,t):i(t))||t);return 
a&&t&&Qo(o,r,t),t};let 
Te=class extends w{onInstall(e)
{e&&m.openHref(e,"_blank")}rend
er(){const{name:e,id:o,image_id
:r,homepage:a}=m.getWalletRoute
rData();return 
n`<wcm-modal-header title="${e}
"></wcm-modal-header><wcm-modal
-content><wcm-connector-waiting
 walletId="${o}" 
imageId="${k(r)}" label="Not 
Detected" .isStale="${!0}"></wc
m-connector-waiting></wcm-modal
-content><wcm-info-footer><wcm-
text color="secondary" variant=
"small-thin">${`Download ${e} 
to continue. If multiple 
browser extensions are 
installed, disable non ${e} 
ones and try 
again`}</wcm-text><wcm-button .
onClick="${()=>this.onInstall(a
)}" .iconLeft="${v.ARROW_DOWN_I
CON}">Download</wcm-button></wc
m-info-footer>`}};Te.styles=[h.
globalCss,qo],Te=Yo([p("wcm-ins
tall-wallet-view")],Te);const G
o=g`wcm-wallet-image{border-rad
ius:var(--wcm-wallet-icon-large
-border-radius);width:96px;heig
ht:96px;margin-bottom:20px}wcm-
info-footer{display:flex;width:
100%}.wcm-app-store{justify-con
tent:space-between}.wcm-app-sto
re wcm-wallet-image{margin-righ
t:10px;margin-bottom:0;width:28
px;height:28px;border-radius:va
r(--wcm-wallet-icon-small-borde
r-radius)}.wcm-app-store div{di
splay:flex;align-items:center}.
wcm-app-store wcm-button{margin
-right:-10px}.wcm-note{flex-dir
ection:column;align-items:cente
r;padding:5px 0}.wcm-note wcm-t
ext{text-align:center}wcm-platf
orm-selection{margin-top:-15px}
.wcm-note wcm-text{margin-top:1
5px}.wcm-note wcm-text span{col
or:var(--wcm-accent-color)}`;va
r Xo=Object.defineProperty,Jo=O
bject.getOwnPropertyDescriptor,
Ye=(e,o,r,a)=>{for(var 
t=a>1?void 0:a?Jo(o,r):o,l=e.le
ngth-1,i;l>=0;l--)(i=e[l])&&(t=
(a?i(o,r,t):i(t))||t);return 
a&&t&&Xo(o,r,t),t};let 
he=class extends w{constructor(
){super(),this.isError=!1,this.
openMobileApp()}onFormatAndRedi
rect(e,o=!1){const{mobile:r,nam
e:a}=m.getWalletRouterData(),t=
r?.native,l=r?.universal;if(t&&
!o){const i=m.formatNativeUrl(t
,e,a);m.openHref(i,"_self")}els
e if(l){const i=m.formatUnivers
alUrl(l,e,a);m.openHref(i,"_sel
f")}}openMobileApp(e=!1){const{
walletConnectUri:o}=R.state,r=m
.getWalletRouterData();c.setRec
entWallet(r),o&&this.onFormatAn
dRedirect(o,e)}onGoToAppStore(e
){e&&m.openHref(e,"_blank")}ren
der(){const{name:e,id:o,image_i
d:r,app:a,mobile:t}=m.getWallet
RouterData(),{isWeb:l}=c.getCac
hedRouterWalletPlatforms(),i=a?
.ios,s=t?.universal;return 
n`<wcm-modal-header title="${e}
"></wcm-modal-header><wcm-modal
-content><wcm-connector-waiting
 walletId="${o}" 
imageId="${k(r)}" label="Tap 
'[39m[33mOpen[39m[32m' to 
continueΓÇª" .isError="${this.i
sError}"></wcm-connector-waitin
g></wcm-modal-content><wcm-info
-footer class="wcm-note"><wcm-p
latform-selection 
.isWeb="${l}" 
.isRetry="${!0}"><wcm-button .o
nClick="${()=>this.openMobileAp
p(!1)}" .iconRight="${v.RETRY_I
CON}">Retry</wcm-button></wcm-p
latform-selection>${s?n`<wcm-te
xt color="secondary" 
variant="small-thin">Still 
doesn'[39mt work[33m?[39m 
[33m<[39m[33mspan[39m tabin
dex[33m=[39m[32m"0"[39m [3
3m@[39mclick[33m=[39m[32m"$
{()=>this.openMobileApp(!0)}"[
39m[33m>[39m[33mTry[39m 
[36mthis[39m alternate link[
33m<[39m[33m/[39m[33mspan[
39m[33m>[39m[33m<[39m[33m/
[39m[33mwcm[39m[33m-[39mte
xt[33m>[39m[32m`:null}</wcm-
info-footer><wcm-info-footer cl
ass="wcm-app-store"><div><wcm-w
allet-image walletId="${o}" ima
geId="${k(r)}"></wcm-wallet-ima
ge><wcm-text>${`Get ${e}`}</wcm
-text></div><wcm-button .iconRi
ght="${v.ARROW_RIGHT_ICON}" .on
Click="${()=>this.onGoToAppStor
e(i)}" variant="ghost">App Stor
e</wcm-button></wcm-info-footer
>`[39m}}[33m;[39mhe[33m.[3
9mstyles[33m=[39m[h[33m.[39
mglobalCss[33m,[39m[33mGo[3
9m][33m,[39m[33mYe[39m([[3
3mI[39m()][33m,[39mhe[33m.
[39mprototype[33m,[39m[32m"i
sError"[39m[33m,[39m[35m2[
39m)[33m,[39mhe[33m=[39m[3
3mYe[39m([p([32m"wcm-mobile-c
onnecting-view"[39m)][33m,[3
9mhe)[33m;[39m[36mconst[39m
 er[33m=[39mg[32m`wcm-info-f
ooter{flex-direction:column;ali
gn-items:center;display:flex;wi
dth:100%;padding:5px 0}wcm-text
{text-align:center}`[39m[33m;
[39m[36mvar[39m tr[33m=[39
m[33mObject[39m[33m.[39mdef
ineProperty[33m,[39mor[33m=
[39m[33mObject[39m[33m.[39m
getOwnPropertyDescriptor[33m,
[39mrr[33m=[39m(e[33m,[39mo
[33m,[39mr[33m,[39ma)[33m=
>[39m{[36mfor[39m([36mvar[
39m t[33m=[39ma[33m>[39m[3
5m1[39m[33m?[39m[36mvoid[3
9m [35m0[39m[33m:[39ma[33m
?[39mor(o[33m,[39mr)[33m:[
39mo[33m,[39ml[33m=[39me[3
3m.[39mlength[33m-[39m[35m1
[39m[33m,[39mi[33m;[39ml[
33m>=[39m[35m0[39m[33m;[39
ml[33m--[39m)(i[33m=[39me[l
])[33m&&[39m(t[33m=[39m(a[
33m?[39mi(o[33m,[39mr[33m,
[39mt)[33m:[39mi(t))[33m||[
39mt)[33m;[39m[36mreturn[39
m a[33m&&[39mt[33m&&[39mtr(
o[33m,[39mr[33m,[39mt)[33m
,[39mt}[33m;[39m[36mlet[39
m je[33m=[39m[36mclass[39m 
[36mextends[39m w{render(){[
36mconst[39m{name[33m:[39me
[33m,[39mid[33m:[39mo[33m,
[39mimage_id[33m:[39mr}[33m=
[39mm[33m.[39mgetWalletRoute
rData()[33m,[39m{isDesktop[3
3m:[39ma[33m,[39misWeb[33m:
[39mt}[33m=[39mc[33m.[39mg
etCachedRouterWalletPlatforms()
[33m;[39m[36mreturn[39m 
n[32m`<wcm-modal-header 
title="${e}" 
.onAction="${c.handleUriCopy}" 
.actionIcon="${v.COPY_ICON}"></
wcm-modal-header><wcm-modal-con
tent><wcm-walletconnect-qr 
walletId="${o}" imageId="${k(r)
}"></wcm-walletconnect-qr></wcm
-modal-content><wcm-info-footer
><wcm-text color="secondary" 
variant="small-thin">${`Scan 
this QR Code with your phone's 
camera or inside ${e} app`}</wc
m-text><wcm-platform-selection 
.isDesktop="${a}" .isWeb="${t}"
></wcm-platform-selection></wcm
-info-footer>`[39m}}[33m;[39
mje[33m.[39mstyles[33m=[39m
[h[33m.[39mglobalCss[33m,[3
9mer][33m,[39mje[33m=[39mrr
([p([32m"wcm-mobile-qr-connect
ing-view"[39m)][33m,[39mje)
[33m;[39m[36mvar[39m ar[33m
=[39m[33mObject[39m[33m.[3
9mdefineProperty[33m,[39mlr[
33m=[39m[33mObject[39m[33m.
[39mgetOwnPropertyDescriptor[
33m,[39mir[33m=[39m(e[33m,
[39mo[33m,[39mr[33m,[39ma)
[33m=>[39m{[36mfor[39m([36m
var[39m t[33m=[39ma[33m>[3
9m[35m1[39m[33m?[39m[36mvo
id[39m [35m0[39m[33m:[39ma
[33m?[39mlr(o[33m,[39mr)[3
3m:[39mo[33m,[39ml[33m=[39
me[33m.[39mlength[33m-[39m
[35m1[39m[33m,[39mi[33m;[3
9ml[33m>=[39m[35m0[39m[33m
;[39ml[33m--[39m)(i[33m=[3
9me[l])[33m&&[39m(t[33m=[39
m(a[33m?[39mi(o[33m,[39mr[
33m,[39mt)[33m:[39mi(t))[33
m||[39mt)[33m;[39m[36mretur
n[39m a[33m&&[39mt[33m&&[3
9mar(o[33m,[39mr[33m,[39mt)
[33m,[39mt}[33m;[39m[36mle
t[39m 
_e[33m=[39m[36mclass[39m 
[36mextends[39m 
w{render(){[36mreturn[39m 
n[32m`<wcm-modal-header 
title="Scan the code" 
.onAction="${c.handleUriCopy}" 
.actionIcon="${v.COPY_ICON}"></
wcm-modal-header><wcm-modal-con
tent><wcm-walletconnect-qr></wc
m-walletconnect-qr></wcm-modal-
content>`[39m}}[33m;[39m_e[
33m.[39mstyles[33m=[39m[h[3
3m.[39mglobalCss][33m,[39m_e
[33m=[39mir([p([32m"wcm-qrco
de-view"[39m)][33m,[39m_e)[
33m;[39m[36mconst[39m nr[33
m=[39mg[32m`wcm-modal-content
{height:clamp(200px,60vh,600px)
;display:block;overflow:scroll;
scrollbar-width:none;position:r
elative;margin-top:1px}.wcm-gri
d{display:grid;grid-template-co
lumns:repeat(4,80px);justify-co
ntent:space-between;margin:-15p
x -10px;padding-top:20px}wcm-mo
dal-content::after,wcm-modal-co
ntent::before{content:'';positi
on:fixed;pointer-events:none;z-
index:1;width:100%;height:20px;
opacity:1}wcm-modal-content::be
fore{box-shadow:0 -1px 0 0 var(
--wcm-color-bg-1);background:li
near-gradient(var(--wcm-color-b
g-1),rgba(255,255,255,0))}wcm-m
odal-content::after{box-shadow:
0 1px 0 0 var(--wcm-color-bg-1)
;background:linear-gradient(rgb
a(255,255,255,0),var(--wcm-colo
r-bg-1));top:calc(100% - 20px)}
wcm-modal-content::-webkit-scro
llbar{display:none}.wcm-placeho
lder-block{display:flex;justify
-content:center;align-items:cen
ter;height:100px;overflow:hidde
n}.wcm-empty,.wcm-loading{displ
ay:flex}.wcm-loading .wcm-place
holder-block{height:100%}.wcm-e
nd-reached .wcm-placeholder-blo
ck{height:0;opacity:0}.wcm-empt
y .wcm-placeholder-block{opacit
y:1;height:100%}wcm-wallet-butt
on{margin:calc((100% - 60px)/ 
3) 0}`[39m[33m;[39m[36mvar
[39m cr[33m=[39m[33mObject[
39m[33m.[39mdefineProperty[3
3m,[39msr[33m=[39m[33mObjec
t[39m[33m.[39mgetOwnProperty
Descriptor[33m,[39mie[33m=[
39m(e[33m,[39mo[33m,[39mr[
33m,[39ma)[33m=>[39m{[36mfo
r[39m([36mvar[39m t[33m=[3
9ma[33m>[39m[35m1[39m[33m?
[39m[36mvoid[39m [35m0[39m
[33m:[39ma[33m?[39msr(o[33
m,[39mr)[33m:[39mo[33m,[39
ml[33m=[39me[33m.[39mlength
[33m-[39m[35m1[39m[33m,[3
9mi[33m;[39ml[33m>=[39m[35
m0[39m[33m;[39ml[33m--[39m
)(i[33m=[39me[l])[33m&&[39m
(t[33m=[39m(a[33m?[39mi(o[
33m,[39mr[33m,[39mt)[33m:[
39mi(t))[33m||[39mt)[33m;[3
9m[36mreturn[39m a[33m&&[39
mt[33m&&[39mcr(o[33m,[39mr
[33m,[39mt)[33m,[39mt}[33m;
[39m[36mconst[39m [33mDe[3
9m[33m=[39m[35m40[39m[33m;
[39m[36mlet[39m [33mU[39m
[33m=[39m[36mclass[39m 
[36mextends[39m w{constructor
(){[36msuper[39m([33m...[39
marguments)[33m,[39m[36mthis
[39m[33m.[39mloading[33m=[
39m[33m![39m[33mW[39m[33m.
[39mstate[33m.[39mwallets[3
3m.[39mlistings[33m.[39mleng
th[33m,[39m[36mthis[39m[33
m.[39mfirstFetch[33m=[39m[3
3m![39m[33mW[39m[33m.[39ms
tate[33m.[39mwallets[33m.[3
9mlistings[33m.[39mlength[33
m,[39m[36mthis[39m[33m.[39
msearch[33m=[39m[32m""[39m
[33m,[39m[36mthis[39m[33m.
[39mendReached[33m=[39m[33m!
[39m[35m1[39m[33m,[39m[36
mthis[39m[33m.[39mintersecti
onObserver[33m=[39m[36mvoid
[39m [35m0[39m[33m,[39m[36
mthis[39m[33m.[39msearchDebo
unce[33m=[39mc[33m.[39mdebo
unce(e[33m=>[39m{e[33m.[39m
length[33m>=[39m[35m1[39m[
33m?[39m([36mthis[39m[33m.
[39mfirstFetch[33m=[39m[33m!
[39m[35m0[39m[33m,[39m[36
mthis[39m[33m.[39mendReached
[33m=[39m[33m![39m[35m1[3
9m[33m,[39m[36mthis[39m[33
m.[39msearch[33m=[39me[33m,
[39m[33mW[39m[33m.[39mrese
tSearch()[33m,[39m[36mthis[
39m[33m.[39mfetchWallets())[
33m:[39m[36mthis[39m[33m.[
39msearch[33m&&[39m([36mthis
[39m[33m.[39msearch[33m=[3
9m[32m""[39m[33m,[39m[36mt
his[39m[33m.[39mendReached[
33m=[39m[36mthis[39m[33m.[
39misLastPage()[33m,[39m[33m
W[39m[33m.[39mresetSearch())
})}firstUpdated(){[36mthis[39
m[33m.[39mcreatePaginationObs
erver()}disconnectedCallback(){
[36mvar[39m e[33m;[39m(e[3
3m=[39m[36mthis[39m[33m.[3
9mintersectionObserver)[33m==
[39m[36mnull[39m[33m||[39me
[33m.[39mdisconnect()}[36mge
t[39m placeholderEl(){[36mret
urn[39m c[33m.[39mgetShadowR
ootElement([36mthis[39m[33m,
[39m[32m".wcm-placeholder-blo
ck"[39m)}createPaginationObser
ver(){[36mthis[39m[33m.[39m
intersectionObserver[33m=[39m
[36mnew[39m [33mIntersection
Observer[39m(([e])[33m=>[39m
{e[33m.[39misIntersecting[33
m&&[39m[33m![39m([36mthis[
39m[33m.[39msearch[33m&&[39
m[36mthis[39m[33m.[39mfirst
Fetch)[33m&&[39m[36mthis[39
m[33m.[39mfetchWallets()})[3
3m,[39m[36mthis[39m[33m.[3
9mintersectionObserver[33m.[3
9mobserve([36mthis[39m[33m.
[39mplaceholderEl)}isLastPage()
{[36mconst[39m{wallets[33m:
[39me[33m,[39msearch[33m:[3
9mo}[33m=[39m[33mW[39m[33m
.[39mstate[33m,[39m{listings
[33m:[39mr[33m,[39mtotal[3
3m:[39ma}[33m=[39m[36mthis
[39m[33m.[39msearch[33m?[39
mo[33m:[39me[33m;[39m[36mr
eturn[39m a[33m<=[39m[33mDe
[39m[33m||[39mr[33m.[39mle
ngth[33m>=[39ma}[36masync[3
9m 
fetchWallets(){[36mvar[39m e
[33m;[39m[36mconst[39m{walle
ts[33m:[39mo[33m,[39msearch
[33m:[39mr}[33m=[39m[33mW
[39m[33m.[39mstate[33m,[39m
{listings[33m:[39ma[33m,[39
mtotal[33m:[39mt[33m,[39mpa
ge[33m:[39ml}[33m=[39m[36m
this[39m[33m.[39msearch[33m
?[39mr[33m:[39mo[33m;[39m
[36mif[39m([33m![39m[36mthi
s[39m[33m.[39mendReached[33
m&&[39m([36mthis[39m[33m.[
39mfirstFetch[33m||[39mt[33m
>[39m[33mDe[39m[33m&&[39ma
[33m.[39mlength[33m<[39m[3
3mt[39m))[36mtry[39m{[36mth
is[39m[33m.[39mloading[33m=
[39m[33m![39m[35m0[39m[33
m;[39m[36mconst[39m i[33m=
[39m(e[33m=[39m[33mR[39m[3
3m.[39mstate[33m.[39mchains)
[33m==[39m[36mnull[39m[33m
?[39m[36mvoid[39m [35m0[39
m[33m:[39me[33m.[39mjoin([
32m","[39m)[33m,[39m{listing
s[33m:[39ms}[33m=[39m[36ma
wait[39m [33mW[39m[33m.[39
mgetWallets({page[33m:[39m[3
6mthis[39m[33m.[39mfirstFetc
h[33m?[39m[35m1[39m[33m:[
39ml[33m+[39m[35m1[39m[33m
,[39mentries[33m:[39m[33mDe
[39m[33m,[39msearch[33m:[3
9m[36mthis[39m[33m.[39msear
ch[33m,[39mversion[33m:[39m
[35m2[39m[33m,[39mchains[3
3m:[39mi})[33m,[39m$[33m=[
39ms[33m.[39mmap(f[33m=>[39
mc[33m.[39mgetWalletIcon(f))
[33m;[39m[36mawait[39m [33m
Promise[39m[33m.[39mall([[3
3m...[39m$[33m.[39mmap([36m
async[39m f[33m=>[39mc[33m.
[39mpreloadImage(f))[33m,[39
mm[33m.[39mwait([35m300[39m
)])[33m,[39m[36mthis[39m[3
3m.[39mendReached[33m=[39m[
36mthis[39m[33m.[39misLastPa
ge()}[36mcatch[39m(i){console
[33m.[39merror(i)[33m,[39m
[33mN[39m[33m.[39mopenToast(
c[33m.[39mgetErrorMessage(i)
[33m,[39m[32m"error"[39m)}[
36mfinally[39m{[36mthis[39m
[33m.[39mloading[33m=[39m[3
3m![39m[35m1[39m[33m,[39m
[36mthis[39m[33m.[39mfirstFe
tch[33m=[39m[33m![39m[35m1
[39m}}onConnect(e){m[33m.[39
misAndroid()[33m?[39mc[33m.
[39mhandleMobileLinking(e)[33m
:[39mc[33m.[39mgoToConnectin
gView(e)}onSearchChange(e){[36
mconst[39m{value[33m:[39mo}
[33m=[39me[33m.[39mtarget[3
3m;[39m[36mthis[39m[33m.[3
9msearchDebounce(o)}render(){[
36mconst[39m{wallets[33m:[39
me[33m,[39msearch[33m:[39mo
}[33m=[39m[33mW[39m[33m.[
39mstate[33m,[39m{listings[3
3m:[39mr}[33m=[39m[36mthis
[39m[33m.[39msearch[33m?[39
mo[33m:[39me[33m,[39ma[33m
=[39m[36mthis[39m[33m.[39m
loading[33m&&[39m[33m![39mr
[33m.[39mlength[33m,[39mt[
33m=[39m[36mthis[39m[33m.[
39msearch[33m.[39mlength[33m
>=[39m[35m3[39m[33m;[39m[
36mlet[39m l[33m=[39m[33mZ
[39m[33m.[39mmanualWalletsTem
plate()[33m,[39mi[33m=[39m
[33mZ[39m[33m.[39mrecomended
WalletsTemplate([33m![39m[35
m0[39m)[33m;[39mt[33m&&[39
m(l[33m=[39ml[33m.[39mfilte
r(({values[33m:[39mf})[33m=>
[39mc[33m.[39mcaseSafeInclud
es(f[[35m0[39m][33m,[39m[3
6mthis[39m[33m.[39msearch))
[33m,[39mi[33m=[39mi[33m.[
39mfilter(({values[33m:[39mf}
)[33m=>[39mc[33m.[39mcaseSa
feIncludes(f[[35m0[39m][33m,
[39m[36mthis[39m[33m.[39ms
earch)))[33m;[39m[36mconst[
39m s[33m=[39m[33m![39m[36
mthis[39m[33m.[39mloading[3
3m&&[39m[33m![39mr[33m.[39
mlength[33m&&[39m[33m![39mi
[33m.[39mlength[33m,[39m$[
33m=[39m{[32m"wcm-loading"[3
9m[33m:[39ma[33m,[39m[32m"
wcm-end-reached"[39m[33m:[39
m[36mthis[39m[33m.[39mendRe
ached[33m||[39m[33m![39m[3
6mthis[39m[33m.[39mloading[
33m,[39m[32m"wcm-empty"[39m
[33m:[39ms}[33m;[39m[36mret
urn[39m n[32m`<wcm-modal-head
er><wcm-search-input .onChange=
"${this.onSearchChange.bind(thi
s)}"></wcm-search-input></wcm-m
odal-header><wcm-modal-content 
class="${P($)}"><div 
class="wcm-grid">${a?null:l} 
${a?null:i} ${a?null:r.map(f=>n
`${f?n`<wcm-wallet-button 
imageId="${f.image_id}" 
name="${f.name}" 
walletId="${f.id}" .onClick="${
()=>this.onConnect(f)}"></wcm-w
allet-button>`:null}`[39m)}[3
3m<[39m[33m/[39m[33mdiv[39
m[33m>[39m[33m<[39m[33mdiv
[39m [36mclass[39m[33m=[39
m[32m"wcm-placeholder-block"[
39m[33m>[39m${s[33m?[39mn[
32m`<wcm-text 
variant="big-bold" 
color="secondary">No results fo
und</wcm-text>`[39m[33m:[39m
[36mnull[39m} ${[33m![39ms
[33m&&[39m[36mthis[39m[33m.
[39mloading[33m?[39mn[32m`<
wcm-spinner></wcm-spinner>`[39
m[33m:[39m[36mnull[39m}[33
m<[39m[33m/[39m[33mdiv[39m
[33m>[39m[33m<[39m[33m/[3
9m[33mwcm[39m[33m-[39mmodal
[33m-[39mcontent[33m>[39m[
32m`}};U.styles=[h.globalCss,nr
],ie([I()],U.prototype,"loading
",2),ie([I()],U.prototype,"firs
tFetch",2),ie([I()],U.prototype
,"search",2),ie([I()],U.prototy
pe,"endReached",2),U=ie([p("wcm
-wallet-explorer-view")],U);con
st dr=g`[39mwcm[33m-[39minfo
[33m-[39mfooter{flex[33m-[3
9mdirection[33m:[39mcolumn[3
3m;[39malign[33m-[39mitems[
33m:[39mcenter[33m;[39mdispl
ay[33m:[39mflex[33m;[39mwid
th[33m:[39m[35m100[39m[33m
%[39m[33m;[39mpadding[33m:
[39m[35m5[39mpx [35m0[39m}w
cm[33m-[39mtext{text[33m-[3
9malign[33m:[39mcenter}[32m`
;var mr=Object.defineProperty,h
r=Object.getOwnPropertyDescript
or,Ge=(e,o,r,a)=>{for(var 
t=a>1?void 0:a?hr(o,r):o,l=e.le
ngth-1,i;l>=0;l--)(i=e[l])&&(t=
(a?i(o,r,t):i(t))||t);return 
a&&t&&mr(o,r,t),t};let 
we=class extends w{constructor(
){super(),this.isError=!1,this.
openWebWallet()}onFormatAndRedi
rect(e){const{desktop:o,name:r}
=m.getWalletRouterData(),a=o?.u
niversal;if(a){const t=m.format
UniversalUrl(a,e,r);m.openHref(
t,"_blank")}}openWebWallet(){co
nst{walletConnectUri:e}=R.state
,o=m.getWalletRouterData();c.se
tRecentWallet(o),e&&this.onForm
atAndRedirect(e)}render(){const
{name:e,id:o,image_id:r}=m.getW
alletRouterData(),{isMobile:a,i
sDesktop:t}=c.getCachedRouterWa
lletPlatforms(),l=m.isMobile();
return n`[39m[33m<[39m[33mw
cm[39m[33m-[39mmodal[33m-[
39mheader title[33m=[39m[32m
"${e}"[39m [33m.[39monAction
[33m=[39m[32m"${c.handleUriC
opy}"[39m [33m.[39mactionIco
n[33m=[39m[32m"${v.COPY_ICON
}"[39m[33m>[39m[33m<[39m[
33m/[39m[33mwcm[39m[33m-[3
9mmodal[33m-[39mheader[33m>
[39m[33m<[39m[33mwcm[39m[3
3m-[39mmodal[33m-[39mcontent
[33m>[39m[33m<[39m[33mwcm
[39m[33m-[39mconnector[33m-
[39mwaiting walletId[33m=[39m
[32m"${o}"[39m imageId[33m=
[39m[32m"${k(r)}"[39m label[
33m=[39m[32m"${`Continue in 
${e}...`}"[39m [33m.[39misEr
ror[33m=[39m[32m"${this.isEr
ror}"[39m[33m>[39m[33m<[39
m[33m/[39m[33mwcm[39m[33m-
[39mconnector[33m-[39mwaitin
g[33m>[39m[33m<[39m[33m/[
39m[33mwcm[39m[33m-[39mmoda
l[33m-[39mcontent[33m>[39m
[33m<[39m[33mwcm[39m[33m-[
39minfo[33m-[39mfooter[33m>
[39m[33m<[39m[33mwcm[39m[3
3m-[39mtext color[33m=[39m[
32m"secondary"[39m variant[33
m=[39m[32m"small-thin"[39m[
33m>[39m${[32m`${e} web app 
has opened in a new tab. Go 
there, accept the connection, 
and come back`[39m}[33m<[39m
[33m/[39m[33mwcm[39m[33m-
[39mtext[33m>[39m[33m<[39m
[33mwcm[39m[33m-[39mplatform
[33m-[39mselection [33m.[39
misMobile[33m=[39m[32m"${a}"
[39m [33m.[39misDesktop[33m
=[39m[32m"${l?!1:t}"[39m [3
3m.[39misRetry[33m=[39m[32m
"${!0}"[39m[33m>[39m[33m<[
39m[33mwcm[39m[33m-[39mbutt
on [33m.[39monClick[33m=[39
m[32m"${this.openWebWallet.bin
d(this)}"[39m [33m.[39miconR
ight[33m=[39m[32m"${v.RETRY_
ICON}"[39m[33m>[39m[33mRetr
y[39m[33m<[39m[33m/[39m[3
3mwcm[39m[33m-[39mbutton[33
m>[39m[33m<[39m[33m/[39m[
33mwcm[39m[33m-[39mplatform
[33m-[39mselection[33m>[39m
[33m<[39m[33m/[39m[33mwcm[
39m[33m-[39minfo[33m-[39mfo
oter[33m>[39m[32m`}};we.styl
es=[h.globalCss,dr],Ge([I()],we
.prototype,"isError",2),we=Ge([
p("wcm-web-connecting-view")],w
e);export{ae as WcmModal,j as 
WcmQrCode};[39m
 [90m   |[39m                
                               
                [31m[1m^[22m
[39m[31m[1m^[22m[39m[31m
[1m^[22m[39m[31m[1m^[22m[
39m[31m[1m^[22m[39m[31m[1
m^[22m[39m[31m[1m^[22m[39
m[31m[1m^[22m[39m[31m[1m^
[22m[39m[31m[1m^[22m[39m
[31m[1m^[22m[39m[31m[1m^[
22m[39m[31m[1m^[22m[39m[3
1m[1m^[22m[39m[31m[1m^[22
m[39m[31m[1m^[22m[39m[31m
[1m^[22m[39m[31m[1m^[22m
[39m[31m[1m^[22m[39m[31m[
1m^[22m[39m[31m[1m^[22m[3
9m[31m[1m^[22m[39m[31m[1m
^[22m[39m[31m[1m^[22m[39m
[31m[1m^[22m[39m[31m[1m^
[22m[39m[31m[1m^[22m[39m[
31m[1m^[22m[39m[31m[1m^[2
2m[39m[31m[1m^[22m[39m[31
m[1m^[22m[39m[31m[1m^[22m
[39m[31m[1m^[22m[39m[31m
[1m^[22m[39m[31m[1m^[22m[
39m[31m[1m^[22m[39m[31m[1
m^[22m[39m[31m[1m^[22m[39
m[31m[1m^[22m[39m[31m[1m^
[22m[39m[31m[1m^[22m[39m
[31m[1m^[22m[39m[31m[1m^[
22m[39m[31m[1m^[22m[39m[3
1m[1m^[22m[39m[31m[1m^[22
m[39m[31m[1m^[22m[39m[31m
[1m^[22m[39m[31m[1m^[22m
[39m[31m[1m^[22m[39m[31m[
1m^[22m[39m[31m[1m^[22m[3
9m[31m[1m^[22m[39m[31m[1m
^[22m[39m[31m[1m^[22m[39m
[31m[1m^[22m[39m[31m[1m^
[22m[39m[31m[1m^[22m[39m[
31m[1m^[22m[39m[31m[1m^[2
2m[39m[31m[1m^[22m[39m[31
m[1m^[22m[39m[31m[1m^[22m
[39m[31m[1m^[22m[39m[31m
[1m^[22m[39m[31m[1m^[22m[
39m[31m[1m^[22m[39m[31m[1
m^[22m[39m[31m[1m^[22m[39
m[31m[1m^[22m[39m[31m[1m^
[22m[39m[31m[1m^[22m[39m
[31m[1m^[22m[39m[31m[1m^[
22m[39m[31m[1m^[22m[39m
 [90m 2 |[39m [32m//# source
MappingURL=index.js.map[39m
 [90m 3 |[39m [32m[39m[0m



Import traces:
  Client Component Browser:
    ./node_modules/@walletconne
ct/modal-ui/dist/index.js 
[Client Component Browser]
    ./node_modules/@walletconne
ct/modal/dist/index.js [Client 
Component Browser]
    ./node_modules/@walletconne
ct/ethereum-provider/dist/index
.es.js [Client Component 
Browser]
    ./node_modules/@web3modal/e
thers/dist/esm/src/client.js 
[Client Component Browser]
    ./node_modules/@web3modal/e
thers/dist/esm/exports/react.js
 [Client Component Browser]
    ./hooks/useWeb3Manager.ts 
[Client Component Browser]
    ./components/EligibilityFlo
w.tsx [Client Component 
Browser]
    ./app/page.tsx [Client 
Component Browser]
    ./app/page.tsx [Server 
Component]

  Client Component SSR:
    ./node_modules/@walletconne
ct/modal-ui/dist/index.js 
[Client Component SSR]
    ./node_modules/@walletconne
ct/modal/dist/index.js [Client 
Component SSR]
    ./node_modules/@walletconne
ct/ethereum-provider/dist/index
.es.js [Client Component SSR]
    ./node_modules/@web3modal/e
thers/dist/esm/src/client.js 
[Client Component SSR]
    ./node_modules/@web3modal/e
thers/dist/esm/exports/react.js
 [Client Component SSR]
    ./hooks/useWeb3Manager.ts 
[Client Component SSR]
    ./components/EligibilityFlo
w.tsx [Client Component SSR]
    ./app/page.tsx [Client 
Component SSR]
    ./app/page.tsx [Server 
Component]

https://nextjs.org/docs/message
s/module-not-found


./node_modules/@walletconnect/m
odal-ui/dist/index.js:1:138
Module not found: Can't 
resolve 
'lit/directives/class-map.js'
[0m[31m[1m>[22m[39m[90m 
1 |[39m [36mimport[39m{css 
[36mas[39m g[33m,[39m[33mL
itElement[39m [36mas[39m 
w[33m,[39mhtml [36mas[39m 
n[33m,[39msvg [36mas[39m pe
}[36mfrom[39m[32m"lit"[39m
[33m;[39m[36mimport[39m{prop
erty [36mas[39m 
d[33m,[39mcustomElement 
[36mas[39m p[33m,[39mstate 
[36mas[39m [33mI[39m}[36mf
rom[39m[32m"lit/decorators.js
"[39m[33m;[39m[36mimport[3
9m{classMap [36mas[39m [33mP
[39m}[36mfrom[39m[32m"lit/d
irectives/class-map.js"[39m[3
3m;[39m[36mimport[39m{[33mT
hemeCtrl[39m [36mas[39m [33
mX[39m[33m,[39m[33mModalCtr
l[39m [36mas[39m ge[33m,[3
9m[33mRouterCtrl[39m 
[36mas[39m x[33m,[39m[33mC
onfigCtrl[39m [36mas[39m z[
33m,[39m[33mExplorerCtrl[39m
 [36mas[39m [33mW[39m[33m,
[39m[33mCoreUtil[39m 
[36mas[39m m[33m,[39m[33mO
ptionsCtrl[39m [36mas[39m [
33mR[39m[33m,[39m[33mToastC
trl[39m [36mas[39m [33mN[3
9m[33m,[39m[33mEventsCtrl[3
9m [36mas[39m [33mXe[39m}[
36mfrom[39m[32m"@walletconnec
t/modal-core"[39m[33m;[39m[
36mimport[39m{svg 
[36mas[39m [33mC[39m}[36mf
rom[39m[32m"lit-html"[39m[3
3m;[39m[36mimport[39m{animat
e [36mas[39m [33mH[39m}[36
mfrom[39m[32m"motion"[39m[3
3m;[39m[36mimport[39m{ifDefi
ned [36mas[39m k}[36mfrom[3
9m[32m"lit/directives/if-defin
ed.js"[39m[33m;[39m[36mimpo
rt[39m [33mJe[39m [36mfrom
[39m[32m"qrcode"[39m[33m;[3
9m[36mvar[39m et[33m=[39m[
33mObject[39m[33m.[39mdefine
Property[33m,[39m[33mBe[39m
[33m=[39m[33mObject[39m[33
m.[39mgetOwnPropertySymbols[3
3m,[39mtt[33m=[39m[33mObjec
t[39m[33m.[39mprototype[33m
.[39mhasOwnProperty[33m,[39m
ot[33m=[39m[33mObject[39m[
33m.[39mprototype[33m.[39mpr
opertyIsEnumerable[33m,[39m[
33mUe[39m[33m=[39m(e[33m,[
39mo[33m,[39mr)[33m=>[39mo 
[36min[39m e[33m?[39met(e[
33m,[39mo[33m,[39m{enumerabl
e[33m:[39m[33m![39m[35m0[
39m[33m,[39mconfigurable[33m
:[39m[33m![39m[35m0[39m[3
3m,[39mwritable[33m:[39m[33
m![39m[35m0[39m[33m,[39mva
lue[33m:[39mr})[33m:[39me[o
][33m=[39mr[33m,[39mve[33m
=[39m(e[33m,[39mo)[33m=>[3
9m{[36mfor[39m([36mvar[39m 
r [36min[39m o[33m||[39m(o
[33m=[39m{}))tt[33m.[39mcall
(o[33m,[39mr)[33m&&[39m[33
mUe[39m(e[33m,[39mr[33m,[3
9mo[r])[33m;[39m[36mif[39m(
[33mBe[39m)[36mfor[39m([36
mvar[39m r [36mof[39m [33mB
e[39m(o))ot[33m.[39mcall(o[
33m,[39mr)[33m&&[39m[33mUe
[39m(e[33m,[39mr[33m,[39mo[
r])[33m;[39m[36mreturn[39m 
e}[33m;[39m[36mfunction[39m
 rt(){[36mvar[39m 
e[33m;[39m[36mconst[39m o[
33m=[39m(e[33m=[39m[33mX[3
9m[33m.[39mstate[33m.[39mth
emeMode)[33m!=[39m[36mnull[
39m[33m?[39me[33m:[39m[32m
"dark"[39m[33m,[39mr[33m=[
39m{light[33m:[39m{foreground
[33m:[39m{[35m1[39m[33m:[
39m[32m"rgb(20,20,20)"[39m[3
3m,[39m[35m2[39m[33m:[39m
[32m"rgb(121,134,134)"[39m[33
m,[39m[35m3[39m[33m:[39m[
32m"rgb(158,169,169)"[39m}[33
m,[39mbackground[33m:[39m{[
35m1[39m[33m:[39m[32m"rgb(2
55,255,255)"[39m[33m,[39m[3
5m2[39m[33m:[39m[32m"rgb(24
1,243,243)"[39m[33m,[39m[35
m3[39m[33m:[39m[32m"rgb(228
,231,231)"[39m}[33m,[39mover
lay[33m:[39m[32m"rgba(0,0,0,
0.1)"[39m}[33m,[39mdark[33m
:[39m{foreground[33m:[39m{[
35m1[39m[33m:[39m[32m"rgb(2
28,231,231)"[39m[33m,[39m[3
5m2[39m[33m:[39m[32m"rgb(14
8,158,158)"[39m[33m,[39m[35
m3[39m[33m:[39m[32m"rgb(110
,119,119)"[39m}[33m,[39mback
ground[33m:[39m{[35m1[39m[
33m:[39m[32m"rgb(20,20,20)"[
39m[33m,[39m[35m2[39m[33m:
[39m[32m"rgb(39,42,42)"[39m
[33m,[39m[35m3[39m[33m:[39
m[32m"rgb(59,64,64)"[39m}[33
m,[39moverlay[33m:[39m[32m"
rgba(255,255,255,0.1)"[39m}}[o
][33m;[39m[36mreturn[39m{[
32m"--wcm-color-fg-1"[39m[33m
:[39mr[33m.[39mforeground[[
35m1[39m][33m,[39m[32m"--wc
m-color-fg-2"[39m[33m:[39mr
[33m.[39mforeground[[35m2[39
m][33m,[39m[32m"--wcm-color-
fg-3"[39m[33m:[39mr[33m.[3
9mforeground[[35m3[39m][33m,
[39m[32m"--wcm-color-bg-1"[3
9m[33m:[39mr[33m.[39mbackgr
ound[[35m1[39m][33m,[39m[3
2m"--wcm-color-bg-2"[39m[33m:
[39mr[33m.[39mbackground[[3
5m2[39m][33m,[39m[32m"--wcm
-color-bg-3"[39m[33m:[39mr[
33m.[39mbackground[[35m3[39m
][33m,[39m[32m"--wcm-color-o
verlay"[39m[33m:[39mr[33m.
[39moverlay}}[36mfunction[39m
 [33mHe[39m(){[36mreturn[39
m{[32m"--wcm-accent-color"[39
m[33m:[39m[32m"#3396FF"[39m
[33m,[39m[32m"--wcm-accent-f
ill-color"[39m[33m:[39m[32m
"#FFFFFF"[39m[33m,[39m[32m"
--wcm-z-index"[39m[33m:[39m
[32m"89"[39m[33m,[39m[32m"-
-wcm-background-color"[39m[33
m:[39m[32m"#3396FF"[39m[33m
,[39m[32m"--wcm-background-bo
rder-radius"[39m[33m:[39m[3
2m"8px"[39m[33m,[39m[32m"--
wcm-container-border-radius"[3
9m[33m:[39m[32m"30px"[39m[
33m,[39m[32m"--wcm-wallet-ico
n-border-radius"[39m[33m:[39
m[32m"15px"[39m[33m,[39m[3
2m"--wcm-wallet-icon-large-bord
er-radius"[39m[33m:[39m[32m
"30px"[39m[33m,[39m[32m"--w
cm-wallet-icon-small-border-rad
ius"[39m[33m:[39m[32m"7px"
[39m[33m,[39m[32m"--wcm-inpu
t-border-radius"[39m[33m:[39
m[32m"28px"[39m[33m,[39m[3
2m"--wcm-button-border-radius"
[39m[33m:[39m[32m"10px"[39m
[33m,[39m[32m"--wcm-notifica
tion-border-radius"[39m[33m:
[39m[32m"36px"[39m[33m,[39m
[32m"--wcm-secondary-button-bo
rder-radius"[39m[33m:[39m[3
2m"28px"[39m[33m,[39m[32m"-
-wcm-icon-button-border-radius"
[39m[33m:[39m[32m"50%"[39m
[33m,[39m[32m"--wcm-button-h
over-highlight-border-radius"[
39m[33m:[39m[32m"10px"[39m
[33m,[39m[32m"--wcm-text-big-
bold-size"[39m[33m:[39m[32m
"20px"[39m[33m,[39m[32m"--w
cm-text-big-bold-weight"[39m[
33m:[39m[32m"600"[39m[33m,
[39m[32m"--wcm-text-big-bold-l
ine-height"[39m[33m:[39m[32
m"24px"[39m[33m,[39m[32m"--
wcm-text-big-bold-letter-spacin
g"[39m[33m:[39m[32m"-0.03em
"[39m[33m,[39m[32m"--wcm-te
xt-big-bold-text-transform"[39
m[33m:[39m[32m"none"[39m[3
3m,[39m[32m"--wcm-text-xsmall
-bold-size"[39m[33m:[39m[32
m"10px"[39m[33m,[39m[32m"--
wcm-text-xsmall-bold-weight"[3
9m[33m:[39m[32m"700"[39m[3
3m,[39m[32m"--wcm-text-xsmall
-bold-line-height"[39m[33m:[
39m[32m"12px"[39m[33m,[39m
[32m"--wcm-text-xsmall-bold-let
ter-spacing"[39m[33m:[39m[3
2m"0.02em"[39m[33m,[39m[32m
"--wcm-text-xsmall-bold-text-tr
ansform"[39m[33m:[39m[32m"u
ppercase"[39m[33m,[39m[32m"
--wcm-text-xsmall-regular-size"
[39m[33m:[39m[32m"12px"[39
m[33m,[39m[32m"--wcm-text-xs
mall-regular-weight"[39m[33m:
[39m[32m"600"[39m[33m,[39m
[32m"--wcm-text-xsmall-regular
-line-height"[39m[33m:[39m[
32m"14px"[39m[33m,[39m[32m"
--wcm-text-xsmall-regular-lette
r-spacing"[39m[33m:[39m[32m
"-0.03em"[39m[33m,[39m[32m"
--wcm-text-xsmall-regular-text-
transform"[39m[33m:[39m[32m
"none"[39m[33m,[39m[32m"--w
cm-text-small-thin-size"[39m[
33m:[39m[32m"14px"[39m[33m,
[39m[32m"--wcm-text-small-thi
n-weight"[39m[33m:[39m[32m"
500"[39m[33m,[39m[32m"--wcm
-text-small-thin-line-height"[
39m[33m:[39m[32m"16px"[39m
[33m,[39m[32m"--wcm-text-smal
l-thin-letter-spacing"[39m[33
m:[39m[32m"-0.03em"[39m[33m
,[39m[32m"--wcm-text-small-th
in-text-transform"[39m[33m:[
39m[32m"none"[39m[33m,[39m
[32m"--wcm-text-small-regular-s
ize"[39m[33m:[39m[32m"14px"
[39m[33m,[39m[32m"--wcm-tex
t-small-regular-weight"[39m[3
3m:[39m[32m"600"[39m[33m,[
39m[32m"--wcm-text-small-regul
ar-line-height"[39m[33m:[39m
[32m"16px"[39m[33m,[39m[32
m"--wcm-text-small-regular-lett
er-spacing"[39m[33m:[39m[32
m"-0.03em"[39m[33m,[39m[32m
"--wcm-text-small-regular-text-
transform"[39m[33m:[39m[32m
"none"[39m[33m,[39m[32m"--w
cm-text-medium-regular-size"[3
9m[33m:[39m[32m"16px"[39m[
33m,[39m[32m"--wcm-text-mediu
m-regular-weight"[39m[33m:[3
9m[32m"600"[39m[33m,[39m[3
2m"--wcm-text-medium-regular-li
ne-height"[39m[33m:[39m[32m
"20px"[39m[33m,[39m[32m"--w
cm-text-medium-regular-letter-s
pacing"[39m[33m:[39m[32m"-0
.03em"[39m[33m,[39m[32m"--w
cm-text-medium-regular-text-tra
nsform"[39m[33m:[39m[32m"no
ne"[39m[33m,[39m[32m"--wcm-
font-family"[39m[33m:[39m[3
2m"-apple-system, system-ui, 
BlinkMacSystemFont, 'Segoe 
UI', Roboto, Ubuntu, 
'Helvetica Neue', sans-serif"[
39m[33m,[39m[32m"--wcm-font-
feature-settings"[39m[33m:[3
9m[32m"'tnum' on, 'lnum' on, 
'case' on"[39m[33m,[39m[32m
"--wcm-success-color"[39m[33m
:[39m[32m"rgb(38,181,98)"[39
m[33m,[39m[32m"--wcm-error-c
olor"[39m[33m:[39m[32m"rgb(
242, 90, 103)"[39m[33m,[39m
[32m"--wcm-overlay-background-c
olor"[39m[33m:[39m[32m"rgba
(0, 0, 0, 0.3)"[39m[33m,[39m
[32m"--wcm-overlay-backdrop-fi
lter"[39m[33m:[39m[32m"none
"[39m}}[36mconst[39m h[33m=
[39m{getPreset(e){[36mreturn
[39m [33mHe[39m()[e]}[33m,[
39msetTheme(){[36mconst[39m e
[33m=[39mdocument[33m.[39mq
uerySelector([32m":root"[39m)
[33m,[39m{themeVariables[33m
:[39mo}[33m=[39m[33mX[39m
[33m.[39mstate[33m;[39m[36m
if[39m(e){[36mconst[39m r[3
3m=[39mve(ve(ve({}[33m,[39mr
t())[33m,[39m[33mHe[39m())
[33m,[39mo)[33m;[39m[33mObj
ect[39m[33m.[39mentries(r)[
33m.[39mforEach(([a[33m,[39m
t])[33m=>[39me[33m.[39mstyl
e[33m.[39msetProperty(a[33m,
[39mt))}}[33m,[39mglobalCss
[33m:[39mg[32m`*,::after,::be
fore{margin:0;padding:0;box-siz
ing:border-box;font-style:norma
l;text-rendering:optimizeSpeed;
-webkit-font-smoothing:antialia
sed;-moz-osx-font-smoothing:gra
yscale;-webkit-tap-highlight-co
lor:transparent;backface-visibi
lity:hidden}button{cursor:point
er;display:flex;justify-content
:center;align-items:center;posi
tion:relative;border:none;backg
round-color:transparent;transit
ion:all .2s ease}@media 
(hover:hover) and (pointer:fine
){button:active{transition:all 
.1s ease;transform:scale(.93)}}
button::after{content:'';positi
on:absolute;top:0;bottom:0;left
:0;right:0;transition:backgroun
d-color,.2s ease}button:disable
d{cursor:not-allowed}button 
svg,button wcm-text{position:re
lative;z-index:1}input{border:n
one;outline:0;appearance:none}i
mg{display:block}::selection{co
lor:var(--wcm-accent-fill-color
);background:var(--wcm-accent-c
olor)}`[39m}[33m,[39mat[33m
=[39mg[32m`button{border-radi
us:var(--wcm-secondary-button-b
order-radius);height:28px;paddi
ng:0 10px;background-color:var(
--wcm-accent-color)}button path
{fill:var(--wcm-accent-fill-col
or)}button::after{border-radius
:inherit;border:1px solid var(-
-wcm-color-overlay)}button:disa
bled::after{background-color:tr
ansparent}.wcm-icon-left svg{ma
rgin-right:5px}.wcm-icon-right 
svg{margin-left:5px}button:acti
ve::after{background-color:var(
--wcm-color-overlay)}.wcm-ghost
,.wcm-ghost:active::after,.wcm-
outline{background-color:transp
arent}.wcm-ghost:active{opacity
:.5}@media(hover:hover){button:
hover::after{background-color:v
ar(--wcm-color-overlay)}.wcm-gh
ost:hover::after{background-col
or:transparent}.wcm-ghost:hover
{opacity:.5}}button:disabled{ba
ckground-color:var(--wcm-color-
bg-3);pointer-events:none}.wcm-
ghost::after{border-color:trans
parent}.wcm-ghost path{fill:var
(--wcm-color-fg-2)}.wcm-outline
 path{fill:var(--wcm-accent-col
or)}.wcm-outline:disabled{backg
round-color:transparent;opacity
:.5}`[39m[33m;[39m[36mvar[
39m lt[33m=[39m[33mObject[3
9m[33m.[39mdefineProperty[33
m,[39mit[33m=[39m[33mObject
[39m[33m.[39mgetOwnPropertyD
escriptor[33m,[39m[33mF[39m
[33m=[39m(e[33m,[39mo[33m,
[39mr[33m,[39ma)[33m=>[39m
{[36mfor[39m([36mvar[39m t
[33m=[39ma[33m>[39m[35m1[3
9m[33m?[39m[36mvoid[39m [3
5m0[39m[33m:[39ma[33m?[39m
it(o[33m,[39mr)[33m:[39mo[
33m,[39ml[33m=[39me[33m.[3
9mlength[33m-[39m[35m1[39m
[33m,[39mi[33m;[39ml[33m>=
[39m[35m0[39m[33m;[39ml[33
m--[39m)(i[33m=[39me[l])[33
m&&[39m(t[33m=[39m(a[33m?[
39mi(o[33m,[39mr[33m,[39mt)
[33m:[39mi(t))[33m||[39mt)
[33m;[39m[36mreturn[39m a[3
3m&&[39mt[33m&&[39mlt(o[33m
,[39mr[33m,[39mt)[33m,[39m
t}[33m;[39m[36mlet[39m [33
mT[39m[33m=[39m[36mclass[3
9m [36mextends[39m w{construc
tor(){[36msuper[39m([33m...
[39marguments)[33m,[39m[36mt
his[39m[33m.[39mdisabled[33
m=[39m[33m![39m[35m1[39m[
33m,[39m[36mthis[39m[33m.[
39miconLeft[33m=[39m[36mvoid
[39m [35m0[39m[33m,[39m[3
6mthis[39m[33m.[39miconRight
[33m=[39m[36mvoid[39m [35m
0[39m[33m,[39m[36mthis[39m
[33m.[39monClick[33m=[39m()
[33m=>[39m[36mnull[39m[33m
,[39m[36mthis[39m[33m.[39m
variant[33m=[39m[32m"default
"[39m}render(){[36mconst[39m
 e[33m=[39m{[32m"wcm-icon-le
ft"[39m[33m:[39m[36mthis[3
9m[33m.[39miconLeft[33m!==[
39m[36mvoid[39m [35m0[39m[
33m,[39m[32m"wcm-icon-right"
[39m[33m:[39m[36mthis[39m[
33m.[39miconRight[33m!==[39m
[36mvoid[39m [35m0[39m[33m
,[39m[32m"wcm-ghost"[39m[33
m:[39m[36mthis[39m[33m.[39
mvariant[33m===[39m[32m"ghos
t"[39m[33m,[39m[32m"wcm-out
line"[39m[33m:[39m[36mthis
[39m[33m.[39mvariant[33m===
[39m[32m"outline"[39m}[33m;
[39m[36mlet[39m o[33m=[39m
[32m"inverse"[39m[33m;[39m[
36mreturn[39m [36mthis[39m[
33m.[39mvariant[33m===[39m[
32m"ghost"[39m[33m&&[39m(o[
33m=[39m[32m"secondary"[39m)
[33m,[39m[36mthis[39m[33m.
[39mvariant[33m===[39m[32m"
outline"[39m[33m&&[39m(o[33
m=[39m[32m"accent"[39m)[33m
,[39mn[32m`<button 
class="${P(e)}" 
?disabled="${this.disabled}" @c
lick="${this.onClick}">${this.i
conLeft}<wcm-text 
variant="small-regular" color="
${o}"><slot></slot></wcm-text>$
{this.iconRight}</button>`[39m
}}[33m;[39m[33mT[39m[33m.
[39mstyles[33m=[39m[h[33m.[
39mglobalCss[33m,[39mat][33m
,[39m[33mF[39m([d({type[33m
:[39m[33mBoolean[39m})][33m
,[39m[33mT[39m[33m.[39mpro
totype[33m,[39m[32m"disabled
"[39m[33m,[39m[35m2[39m)[
33m,[39m[33mF[39m([d()][33m
,[39m[33mT[39m[33m.[39mpro
totype[33m,[39m[32m"iconLeft
"[39m[33m,[39m[35m2[39m)[
33m,[39m[33mF[39m([d()][33m
,[39m[33mT[39m[33m.[39mpro
totype[33m,[39m[32m"iconRigh
t"[39m[33m,[39m[35m2[39m)
[33m,[39m[33mF[39m([d()][33
m,[39m[33mT[39m[33m.[39mpr
ototype[33m,[39m[32m"onClick
"[39m[33m,[39m[35m2[39m)[
33m,[39m[33mF[39m([d()][33m
,[39m[33mT[39m[33m.[39mpro
totype[33m,[39m[32m"variant"
[39m[33m,[39m[35m2[39m)[3
3m,[39m[33mT[39m[33m=[39m
[33mF[39m([p([32m"wcm-button"
[39m)][33m,[39m[33mT[39m)
[33m;[39m[36mconst[39m nt[3
3m=[39mg[32m`:host{display:in
line-block}button{padding:0 
15px 1px;height:40px;border-rad
ius:var(--wcm-button-border-rad
ius);color:var(--wcm-accent-fil
l-color);background-color:var(-
-wcm-accent-color)}button::afte
r{content:'';top:0;bottom:0;lef
t:0;right:0;position:absolute;b
ackground-color:transparent;bor
der-radius:inherit;transition:b
ackground-color .2s 
ease;border:1px solid var(--wcm
-color-overlay)}button:active::
after{background-color:var(--wc
m-color-overlay)}button:disable
d{padding-bottom:0;background-c
olor:var(--wcm-color-bg-3);colo
r:var(--wcm-color-fg-3)}.wcm-se
condary{color:var(--wcm-accent-
color);background-color:transpa
rent}.wcm-secondary::after{disp
lay:none}@media(hover:hover){bu
tton:hover::after{background-co
lor:var(--wcm-color-overlay)}}`
[39m[33m;[39m[36mvar[39m c
t[33m=[39m[33mObject[39m[3
3m.[39mdefineProperty[33m,[3
9mst[33m=[39m[33mObject[39m
[33m.[39mgetOwnPropertyDescri
ptor[33m,[39mue[33m=[39m(e
[33m,[39mo[33m,[39mr[33m,[
39ma)[33m=>[39m{[36mfor[39m
([36mvar[39m t[33m=[39ma[3
3m>[39m[35m1[39m[33m?[39m
[36mvoid[39m [35m0[39m[33m:
[39ma[33m?[39mst(o[33m,[39
mr)[33m:[39mo[33m,[39ml[33
m=[39me[33m.[39mlength[33m-
[39m[35m1[39m[33m,[39mi[3
3m;[39ml[33m>=[39m[35m0[39
m[33m;[39ml[33m--[39m)(i[3
3m=[39me[l])[33m&&[39m(t[33
m=[39m(a[33m?[39mi(o[33m,[
39mr[33m,[39mt)[33m:[39mi(t
))[33m||[39mt)[33m;[39m[36
mreturn[39m a[33m&&[39mt[33
m&&[39mct(o[33m,[39mr[33m,
[39mt)[33m,[39mt}[33m;[39m
[36mlet[39m 
ee[33m=[39m[36mclass[39m 
[36mextends[39m w{constructor
(){[36msuper[39m([33m...[39
marguments)[33m,[39m[36mthis
[39m[33m.[39mdisabled[33m=
[39m[33m![39m[35m1[39m[33m
,[39m[36mthis[39m[33m.[39m
variant[33m=[39m[32m"primary
"[39m}render(){[36mconst[39m
 e[33m=[39m{[32m"wcm-seconda
ry"[39m[33m:[39m[36mthis[3
9m[33m.[39mvariant[33m===[3
9m[32m"secondary"[39m}[33m;
[39m[36mreturn[39m 
n[32m`<button 
?disabled="${this.disabled}" cl
ass="${P(e)}"><slot></slot></bu
tton>`[39m}}[33m;[39mee[33m
.[39mstyles[33m=[39m[h[33m.
[39mglobalCss[33m,[39mnt][3
3m,[39mue([d({type[33m:[39m
[33mBoolean[39m})][33m,[39me
e[33m.[39mprototype[33m,[39
m[32m"disabled"[39m[33m,[39
m[35m2[39m)[33m,[39mue([d()
][33m,[39mee[33m.[39mprotot
ype[33m,[39m[32m"variant"[3
9m[33m,[39m[35m2[39m)[33m,
[39mee[33m=[39mue([p([32m"w
cm-button-big"[39m)][33m,[39
mee)[33m;[39m[36mconst[39m 
dt[33m=[39mg[32m`:host{backg
round-color:var(--wcm-color-bg-
2);border-top:1px solid var(--w
cm-color-bg-3)}div{padding:10px
 20px;display:inherit;flex-dire
ction:inherit;align-items:inher
it;width:inherit;justify-conten
t:inherit}`[39m[33m;[39m[36
mvar[39m mt[33m=[39m[33mObj
ect[39m[33m.[39mdefineProper
ty[33m,[39mht[33m=[39m[33m
Object[39m[33m.[39mgetOwnPro
pertyDescriptor[33m,[39mwt[3
3m=[39m(e[33m,[39mo[33m,[3
9mr[33m,[39ma)[33m=>[39m{[
36mfor[39m([36mvar[39m t[33
m=[39ma[33m>[39m[35m1[39m
[33m?[39m[36mvoid[39m [35m0
[39m[33m:[39ma[33m?[39mht(
o[33m,[39mr)[33m:[39mo[33m
,[39ml[33m=[39me[33m.[39ml
ength[33m-[39m[35m1[39m[33
m,[39mi[33m;[39ml[33m>=[39
m[35m0[39m[33m;[39ml[33m--
[39m)(i[33m=[39me[l])[33m&&
[39m(t[33m=[39m(a[33m?[39m
i(o[33m,[39mr[33m,[39mt)[3
3m:[39mi(t))[33m||[39mt)[33
m;[39m[36mreturn[39m a[33m&
&[39mt[33m&&[39mmt(o[33m,[
39mr[33m,[39mt)[33m,[39mt}
[33m;[39m[36mlet[39m 
be[33m=[39m[36mclass[39m 
[36mextends[39m 
w{render(){[36mreturn[39m n[
32m`<div><slot></slot></div>`[
39m}}[33m;[39mbe[33m.[39mst
yles[33m=[39m[h[33m.[39mglo
balCss[33m,[39mdt][33m,[39m
be[33m=[39mwt([p([32m"wcm-in
fo-footer"[39m)][33m,[39mbe)
[33m;[39m[36mconst[39m v[3
3m=[39m{[33mCROSS_ICON[39m[
33m:[39m[33mC[39m[32m`<svg 
width="12" height="12" 
viewBox="0 0 12 12"><path 
d="M9.94 11A.75.75 0 1 0 11 
9.94L7.414 6.353a.5.5 0 0 1 
0-.708L11 2.061A.75.75 0 1 0 
9.94 1L6.353 4.586a.5.5 0 0 
1-.708 0L2.061 1A.75.75 0 0 0 
1 2.06l3.586 3.586a.5.5 0 0 1 
0 .708L1 9.939A.75.75 0 1 0 
2.06 11l3.586-3.586a.5.5 0 0 1 
.708 0L9.939 11Z" fill="#fff"/>
</svg>`[39m[33m,[39m[33mWAL
LET_CONNECT_LOGO[39m[33m:[39
m[33mC[39m[32m`<svg 
width="178" height="29" 
viewBox="0 0 178 29" 
id="wcm-wc-logo"><path 
d="M10.683 7.926c5.284-5.17 
13.85-5.17 19.134 
0l.636.623a.652.652 0 0 1 0 
.936l-2.176 2.129a.343.343 0 0 
1-.478 0l-.875-.857c-3.686-3.60
7-9.662-3.607-13.348 
0l-.937.918a.343.343 0 0 
1-.479 0l-2.175-2.13a.652.652 
0 0 1 0-.936l.698-.683Zm23.633 
4.403 1.935 1.895a.652.652 0 0 
1 0 .936l-8.73 8.543a.687.687 
0 0 1-.956 0L20.37 
17.64a.172.172 0 0 0-.239 
0l-6.195 6.063a.687.687 0 0 
1-.957 0l-8.73-8.543a.652.652 
0 0 1 
0-.936l1.936-1.895a.687.687 0 
0 1 .957 0l6.196 
6.064a.172.172 0 0 0 .239 
0l6.195-6.064a.687.687 0 0 1 
.957 0l6.196 6.064a.172.172 0 
0 0 .24 0l6.195-6.064a.687.687 
0 0 1 .956 0ZM48.093 20.948l2.3
38-9.355c.139-.515.258-1.07.416
-1.942.12.872.258 1.427.357 
1.942l2.022 9.355h4.181l3.528-1
3.874h-3.21l-1.943 
8.523a24.825 24.825 0 0 0-.456 
2.457c-.158-.931-.317-1.625-.49
5-2.438l-1.883-8.542h-4.201l-2.
042 8.542a41.204 41.204 0 0 
0-.475 2.438 41.208 41.208 0 0 
0-.476-2.438l-1.903-8.542h-3.34
9l3.508 13.874h4.083ZM63.33 
21.304c1.585 0 2.596-.654 3.11-
1.605-.059.297-.078.595-.078.89
2v.357h2.655V15.22c0-2.735-1.24
8-4.32-4.3-4.32-2.636 0-4.36 
1.466-4.52 
3.487h2.914c.1-.891.734-1.426 
1.705-1.426.911 0 1.407.515 
1.407 1.11 0 .435-.258.693-1.03
.792l-1.388.159c-2.061.257-3.82
5 1.01-3.825 3.19 0 1.982 
1.645 3.092 3.35 
3.092Zm.891-2.041c-.773 
0-1.348-.436-1.348-1.19 
0-.733.655-1.09 1.645-1.268l.67
4-.119c.575-.118.892-.218 
1.09-.396v.912c0 1.228-.892 
2.06-2.06 2.06ZM70.398 7.074v13
.874h2.874V7.074h-2.874ZM74.934
 7.074v13.874h2.874V7.074h-2.87
4ZM84.08 21.304c2.735 0 
4.5-1.546 4.697-3.567h-2.893c-.
139.892-.892 1.387-1.804 
1.387-1.228 0-2.12-.99-2.14-2.3
58h6.897v-.555c0-3.21-1.764-5.3
12-4.816-5.312-2.933 0-4.994 
2.062-4.994 5.173 0 3.37 2.12 
5.232 5.053 5.232Zm-2.16-6.421c
.119-1.11.932-1.922 
2.081-1.922 1.11 0 1.883.772 
1.903 1.922H81.92ZM94.92 
21.146c.633 0 1.248-.1 1.525-.1
79v-2.18c-.218.04-.475.06-.693.
06-1.05 0-1.427-.595-1.427-1.56
6v-3.805h2.338v-2.24h-2.338V7.7
88H91.47v3.448H89.37v2.24h2.1v4
.201c0 2.3 1.15 3.469 3.45 
3.469ZM104.62 21.304c3.924 0 
6.302-2.299 
6.599-5.608h-3.111c-.238 
1.803-1.506 3.032-3.369 
3.032-2.2 
0-3.746-1.784-3.746-4.796 
0-2.953 1.605-4.638 
3.805-4.638 1.883 0 2.953 1.15 
3.171 2.834h3.191c-.317-3.448-2
.854-5.41-6.342-5.41-3.984 
0-7.036 2.695-7.036 7.214 0 
4.677 2.676 7.372 6.838 
7.372ZM117.449 21.304c2.993 0 
5.114-1.882 5.114-5.172 0-3.23-
2.121-5.233-5.114-5.233-2.972 
0-5.093 2.002-5.093 5.233 0 
3.29 2.101 5.172 5.093 
5.172Zm0-2.22c-1.327 
0-2.18-1.09-2.18-2.952 
0-1.903.892-2.973 2.18-2.973 
1.308 0 2.2 1.07 2.2 2.973 0 
1.862-.872 2.953-2.2 
2.953ZM126.569 
20.948v-5.689c0-1.208.753-2.1 
1.823-2.1 1.011 0 1.606.773 
1.606 2.06v5.729h2.873v-6.144c0
-2.339-1.229-3.905-3.428-3.905-
1.526 0-2.458.734-2.953 
1.606a5.31 5.31 0 0 0 .079-.892
v-.377h-2.874v9.712h2.874ZM137.
464 
20.948v-5.689c0-1.208.753-2.1 
1.823-2.1 1.011 0 1.606.773 
1.606 2.06v5.729h2.873v-6.144c0
-2.339-1.228-3.905-3.428-3.905-
1.526 0-2.458.734-2.953 
1.606a5.31 5.31 0 0 0 .079-.892
v-.377h-2.874v9.712h2.874ZM149.
949 21.304c2.735 0 4.499-1.546 
4.697-3.567h-2.893c-.139.892-.8
92 1.387-1.804 1.387-1.228 0-2.
12-.99-2.14-2.358h6.897v-.555c0
-3.21-1.764-5.312-4.816-5.312-2
.933 0-4.994 2.062-4.994 5.173 
0 3.37 2.12 5.232 5.053 5.232Zm
-2.16-6.421c.119-1.11.932-1.922
 2.081-1.922 1.11 0 1.883.772 
1.903 1.922h-3.984ZM160.876 
21.304c3.013 0 4.658-1.645 
4.975-4.201h-2.874c-.099 
1.07-.713 1.982-2.001 
1.982-1.309 
0-2.2-1.21-2.2-2.993 0-1.942 
1.03-2.933 2.259-2.933 1.209 0 
1.803.872 1.883 1.882h2.873c-.2
18-2.358-1.823-4.142-4.776-4.14
2-2.874 0-5.153 1.903-5.153 
5.193 0 3.25 1.923 5.212 5.014 
5.212ZM172.067 21.146c.634 0 
1.248-.1 1.526-.179v-2.18c-.218
.04-.476.06-.694.06-1.05 0-1.42
7-.595-1.427-1.566v-3.805h2.339
v-2.24h-2.339V7.788h-2.854v3.44
8h-2.1v2.24h2.1v4.201c0 2.3 
1.15 3.469 3.449 3.469Z" fill="
#fff"/></svg>`[39m[33m,[39m
[33mWALLET_CONNECT_ICON[39m[3
3m:[39m[33mC[39m[32m`<svg 
width="28" height="20" 
viewBox="0 0 28 20"><g 
clip-path="url(#a)"><path 
d="M7.386 6.482c3.653-3.576 
9.575-3.576 13.228 
0l.44.43a.451.451 0 0 1 0 
.648L19.55 9.033a.237.237 0 0 
1-.33 0l-.606-.592c-2.548-2.496
-6.68-2.496-9.228 
0l-.648.634a.237.237 0 0 1-.33 
0L6.902 7.602a.451.451 0 0 1 
0-.647l.483-.473Zm16.338 3.046 
1.339 1.31a.451.451 0 0 1 0 
.648l-6.035 5.909a.475.475 0 0 
1-.662 0L14.083 13.2a.119.119 
0 0 0-.166 0l-4.283 
4.194a.475.475 0 0 1-.662 
0l-6.035-5.91a.451.451 0 0 1 
0-.647l1.338-1.31a.475.475 0 0 
1 .662 0l4.283 
4.194c.046.044.12.044.166 
0l4.283-4.194a.475.475 0 0 1 
.662 0l4.283 
4.194c.046.044.12.044.166 
0l4.283-4.194a.475.475 0 0 1 
.662 0Z" fill="#000000"/></g><d
efs><clipPath id="a"><path 
fill="#ffffff" d="M0 0h28v20H0z
"/></clipPath></defs></svg>`[3
9m[33m,[39m[33mWALLET_CONNEC
T_ICON_COLORED[39m[33m:[39m
[33mC[39m[32m`<svg 
width="96" height="96" 
fill="none"><path fill="#fff" 
d="M25.322 
33.597c12.525-12.263 
32.83-12.263 45.355 0l1.507 
1.476a1.547 1.547 0 0 1 0 
2.22l-5.156 5.048a.814.814 0 0 
1-1.134 0l-2.074-2.03c-8.737-8.
555-22.903-8.555-31.64 
0l-2.222 2.175a.814.814 0 0 
1-1.134 0l-5.156-5.049a1.547 
1.547 0 0 1 
0-2.22l1.654-1.62Zm56.019 
10.44 4.589 4.494a1.547 1.547 
0 0 1 0 2.22l-20.693 
20.26a1.628 1.628 0 0 1-2.267 
0L48.283 56.632a.407.407 0 0 
0-.567 0L33.03 71.012a1.628 
1.628 0 0 1-2.268 0L10.07 
50.75a1.547 1.547 0 0 1 
0-2.22l4.59-4.494a1.628 1.628 
0 0 1 2.267 0l14.687 
14.38c.156.153.41.153.567 
0l14.685-14.38a1.628 1.628 0 0 
1 2.268 0l14.687 
14.38c.156.153.41.153.567 
0l14.686-14.38a1.628 1.628 0 0 
1 2.268 0Z"/><path 
stroke="#000" d="M25.672 
33.954c12.33-12.072 
32.325-12.072 44.655 0l1.508 
1.476a1.047 1.047 0 0 1 0 
1.506l-5.157 5.048a.314.314 0 
0 1-.434 0l-2.074-2.03c-8.932-8
.746-23.409-8.746-32.34 
0l-2.222 2.174a.314.314 0 0 
1-.434 0l-5.157-5.048a1.047 
1.047 0 0 1 
0-1.506l1.655-1.62Zm55.319 
10.44 4.59 4.494a1.047 1.047 0 
0 1 0 1.506l-20.694 
20.26a1.128 1.128 0 0 1-1.568 
0l-14.686-14.38a.907.907 0 0 
0-1.267 0L32.68 70.655a1.128 
1.128 0 0 1-1.568 0L10.42 
50.394a1.047 1.047 0 0 1 
0-1.506l4.59-4.493a1.128 1.128 
0 0 1 1.567 0l14.687 
14.379a.907.907 0 0 0 1.266 
0l-.35-.357.35.357 
14.686-14.38a1.128 1.128 0 0 1 
1.568 0l14.687 14.38a.907.907 
0 0 0 1.267 
0l14.686-14.38a1.128 1.128 0 0 
1 1.568 0Z"/></svg>`[39m[33m,
[39m[33mBACK_ICON[39m[33m:
[39m[33mC[39m[32m`<svg 
width="10" height="18" 
viewBox="0 0 10 18"><path 
fill-rule="evenodd" 
clip-rule="evenodd" 
d="M8.735.179a.75.75 0 0 1 
.087 1.057L2.92 8.192a1.25 
1.25 0 0 0 0 1.617l5.902 
6.956a.75.75 0 1 
1-1.144.97L1.776 10.78a2.75 
2.75 0 0 1 
0-3.559L7.678.265A.75.75 0 0 1 
8.735.18Z" fill="#fff"/></svg>`
[39m[33m,[39m[33mCOPY_ICON
[39m[33m:[39m[33mC[39m[32m
`<svg width="24" height="24" 
fill="none"><path fill="#fff" 
fill-rule="evenodd" d="M7.01 7.
01c.03-1.545.138-2.5.535-3.28A5
 5 0 0 1 9.73 1.545C10.8 1 
12.2 1 15 1c2.8 0 4.2 0 
5.27.545a5 5 0 0 1 2.185 
2.185C23 4.8 23 6.2 23 9c0 2.8 
0 4.2-.545 5.27a5 5 0 0 
1-2.185 2.185c-.78.397-1.735.50
5-3.28.534l-.001.01c-.03 
1.54-.138 2.493-.534 3.27a5 5 
0 0 1-2.185 2.186C13.2 23 11.8 
23 9 23c-2.8 0-4.2 
0-5.27-.545a5 5 0 0 
1-2.185-2.185C1 19.2 1 17.8 1 
15c0-2.8 0-4.2.545-5.27A5 5 0 
0 1 3.73 7.545C4.508 7.149 
5.46 7.04 7 7.01h.01ZM15 
15.5c-1.425 0-2.403-.001-3.162-
.063-.74-.06-1.139-.172-1.427-.
319a3.5 3.5 0 0 1-1.53-1.529c-.
146-.288-.257-.686-.318-1.427C8
.501 11.403 8.5 10.425 8.5 9c0-
1.425.001-2.403.063-3.162.06-.7
4.172-1.139.318-1.427a3.5 3.5 
0 0 1 
1.53-1.53c.288-.146.686-.257 
1.427-.318.759-.062 1.737-.063 
3.162-.063 1.425 0 2.403.001 
3.162.063.74.06 1.139.172 
1.427.318a3.5 3.5 0 0 1 1.53 
1.53c.146.288.257.686.318 
1.427.062.759.063 1.737.063 
3.162 0 1.425-.001 2.403-.063 
3.162-.06.74-.172 1.139-.319 
1.427a3.5 3.5 0 0 1-1.529 1.53c
-.288.146-.686.257-1.427.318-.7
59.062-1.737.063-3.162.063ZM7 8
.511c-.444.009-.825.025-1.162.0
52-.74.06-1.139.172-1.427.318a3
.5 3.5 0 0 0-1.53 
1.53c-.146.288-.257.686-.318 
1.427-.062.759-.063 1.737-.063 
3.162 0 1.425.001 2.403.063 
3.162.06.74.172 1.139.318 
1.427a3.5 3.5 0 0 0 1.53 
1.53c.288.146.686.257 
1.427.318.759.062 1.737.063 
3.162.063 1.425 0 2.403-.001 
3.162-.063.74-.06 1.139-.172 
1.427-.319a3.5 3.5 0 0 0 1.53-1
.53c.146-.287.257-.685.318-1.42
6.027-.337.043-.718.052-1.162H1
5c-2.8 0-4.2 0-5.27-.545a5 5 0 
0 1-2.185-2.185C7 13.2 7 11.8 
7 9v-.489Z" clip-rule="evenodd"
/></svg>`[39m[33m,[39m[33mR
ETRY_ICON[39m[33m:[39m[33mC
[39m[32m`<svg width="15" 
height="16" viewBox="0 0 15 
16"><path d="M6.464 
2.03A.75.75 0 0 0 
5.403.97L2.08 4.293a1 1 0 0 0 
0 1.414L5.403 9.03a.75.75 0 0 
0 1.06-1.06L4.672 6.177a.25.25 
0 0 1 .177-.427h2.085a4 4 0 1 
1-3.93 4.746c-.077-.407-.405-.7
46-.82-.746-.414 
0-.755.338-.7.748a5.501 5.501 
0 1 0 5.45-6.248H4.848a.25.25 
0 0 1-.177-.427L6.464 2.03Z" fi
ll="#fff"/></svg>`[39m[33m,[
39m[33mDESKTOP_ICON[39m[33m:
[39m[33mC[39m[32m`<svg 
width="16" height="16" 
viewBox="0 0 16 16"><path 
fill-rule="evenodd" 
clip-rule="evenodd" d="M0 
5.98c0-1.85 
0-2.775.394-3.466a3 3 0 0 1 
1.12-1.12C2.204 1 3.13 1 4.98 
1h6.04c1.85 0 2.775 0 
3.466.394a3 3 0 0 1 1.12 
1.12C16 3.204 16 4.13 16 
5.98v1.04c0 1.85 0 2.775-.394 
3.466a3 3 0 0 1-1.12 
1.12C13.796 12 12.87 12 11.02 
12H4.98c-1.85 0-2.775 
0-3.466-.394a3 3 0 0 
1-1.12-1.12C0 9.796 0 8.87 0 
7.02V5.98ZM4.98 2.5h6.04c.953 
0 1.568.001 2.034.043.446.04.60
8.108.69.154a1.5 1.5 0 0 1 .559
.56c.046.08.114.243.154.69.042.
465.043 1.08.043 2.033v1.04c0 
.952-.001 1.568-.043 2.034-.04.
446-.108.608-.154.69a1.499 
1.499 0 0 1-.56.559c-.08.046-.2
43.114-.69.154-.466.042-1.08.04
3-2.033.043H4.98c-.952 0-1.568-
.001-2.034-.043-.446-.04-.608-.
108-.69-.154a1.5 1.5 0 0 1-.559
-.56c-.046-.08-.114-.243-.154-.
69-.042-.465-.043-1.08-.043-2.0
33V5.98c0-.952.001-1.568.043-2.
034.04-.446.108-.608.154-.69a1.
5 1.5 0 0 1 .56-.559c.08-.046.2
43-.114.69-.154.465-.042 
1.08-.043 2.033-.043Z" 
fill="#fff"/><path d="M4 
14.25a.75.75 0 0 1 
.75-.75h6.5a.75.75 0 0 1 0 
1.5h-6.5a.75.75 0 0 
1-.75-.75Z" fill="#fff"/></svg>
`[39m[33m,[39m[33mMOBILE_IC
ON[39m[33m:[39m[33mC[39m[
32m`<svg width="16" 
height="16" viewBox="0 0 16 
16"><path d="M6.75 5a1.25 1.25 
0 1 0 0-2.5 1.25 1.25 0 0 0 0 
2.5Z" fill="#fff"/><path 
fill-rule="evenodd" 
clip-rule="evenodd" d="M3 
4.98c0-1.85 
0-2.775.394-3.466a3 3 0 0 1 
1.12-1.12C5.204 0 6.136 0 8 
0s2.795 0 3.486.394a3 3 0 0 1 
1.12 1.12C13 2.204 13 3.13 13 
4.98v6.04c0 1.85 0 2.775-.394 
3.466a3 3 0 0 1-1.12 
1.12C10.796 16 9.864 16 8 
16s-2.795 0-3.486-.394a3 3 0 0 
1-1.12-1.12C3 13.796 3 12.87 3 
11.02V4.98Zm8.5 0v6.04c0 
.953-.001 1.568-.043 2.034-.04.
446-.108.608-.154.69a1.499 
1.499 0 0 1-.56.559c-.08.045-.2
42.113-.693.154-.47.042-1.091.0
43-2.05.043-.959 0-1.58-.001-2.
05-.043-.45-.04-.613-.109-.693-
.154a1.5 1.5 0 0 1-.56-.56c-.04
6-.08-.114-.243-.154-.69-.042-.
466-.043-1.08-.043-2.033V4.98c0
-.952.001-1.568.043-2.034.04-.4
46.108-.608.154-.69a1.5 1.5 0 
0 1 .56-.559c.08-.045.243-.113.
693-.154C6.42 1.501 7.041 1.5 
8 1.5c.959 0 1.58.001 2.05.043.
45.04.613.109.693.154a1.5 1.5 
0 0 1 .56.56c.046.08.114.243.15
4.69.042.465.043 1.08.043 
2.033Z" fill="#fff"/></svg>`[3
9m[33m,[39m[33mARROW_DOWN_IC
ON[39m[33m:[39m[33mC[39m[
32m`<svg width="14" 
height="14" viewBox="0 0 14 
14"><path d="M2.28 7.47a.75.75 
0 0 0-1.06 1.06l5.25 
5.25a.75.75 0 0 0 1.06 
0l5.25-5.25a.75.75 0 0 
0-1.06-1.06l-3.544 
3.543a.25.25 0 0 
1-.426-.177V.75a.75.75 0 0 
0-1.5 0v10.086a.25.25 0 0 
1-.427.176L2.28 7.47Z" fill="#f
ff"/></svg>`[39m[33m,[39m[3
3mARROW_UP_RIGHT_ICON[39m[33m
:[39m[33mC[39m[32m`<svg 
width="15" height="14" 
fill="none"><path d="M4.5 
1.75A.75.75 0 0 1 5.25 
1H12a1.5 1.5 0 0 1 1.5 
1.5v6.75a.75.75 0 0 1-1.5 
0V4.164a.25.25 0 0 
0-.427-.176L4.061 11.5A.75.75 
0 0 1 3 
10.44l7.513-7.513a.25.25 0 0 
0-.177-.427H5.25a.75.75 0 0 
1-.75-.75Z" fill="#fff"/></svg>
`[39m[33m,[39m[33mARROW_RIG
HT_ICON[39m[33m:[39m[33mC[
39m[32m`<svg width="6" 
height="14" viewBox="0 0 6 
14"><path fill-rule="evenodd" 
clip-rule="evenodd" d="M2.181 
1.099a.75.75 0 0 1 
1.024.279l2.433 4.258a2.75 
2.75 0 0 1 0 2.729l-2.433 
4.257a.75.75 0 1 
1-1.303-.744L4.335 7.62a1.25 
1.25 0 0 0 0-1.24L1.902 
2.122a.75.75 0 0 1 .28-1.023Z" 
fill="#fff"/></svg>`[39m[33m,
[39m[33mQRCODE_ICON[39m[33m
:[39m[33mC[39m[32m`<svg 
width="25" height="24" 
viewBox="0 0 25 24"><path 
d="M23.748 9a.748.748 0 0 0 .74
8-.752c-.018-2.596-.128-4.07-.7
84-5.22a6 6 0 0 0-2.24-2.24c-1.
15-.656-2.624-.766-5.22-.784a.7
48.748 0 0 0-.752.748c0 
.414.335.749.748.752 1.015.007 
1.82.028 2.494.088.995.09 
1.561.256 1.988.5.7.398 
1.28.978 1.679 
1.678.243.427.41.993.498 
1.988.061.675.082 1.479.09 
2.493a.753.753 0 0 0 
.75.749ZM3.527.788C4.677.132 
6.152.022 8.747.004A.748.748 0 
0 1 9.5.752a.753.753 0 0 1-.749
.752c-1.014.007-1.818.028-2.493
.088-.995.09-1.561.256-1.988.5-
.7.398-1.28.978-1.679 
1.678-.243.427-.41.993-.499 
1.988-.06.675-.081 1.479-.088 
2.493A.753.753 0 0 1 1.252 
9a.748.748 0 0 1-.748-.752c.018
-2.596.128-4.07.784-5.22a6 6 0 
0 1 2.24-2.24ZM1.252 
15a.748.748 0 0 
0-.748.752c.018 2.596.128 
4.07.784 5.22a6 6 0 0 0 2.24 
2.24c1.15.656 2.624.766 
5.22.784a.748.748 0 0 0 
.752-.748.753.753 0 0 0-.749-.7
52c-1.014-.007-1.818-.028-2.493
-.089-.995-.089-1.561-.255-1.98
8-.498a4.5 4.5 0 0 1-1.679-1.68
c-.243-.426-.41-.992-.499-1.987
-.06-.675-.081-1.479-.088-2.493
A.753.753 0 0 0 1.252 
15ZM22.996 15.749a.753.753 0 0 
1 .752-.749c.415 0 
.751.338.748.752-.018 
2.596-.128 4.07-.784 5.22a6 6 
0 0 1-2.24 2.24c-1.15.656-2.624
.766-5.22.784a.748.748 0 0 1-.7
52-.748c0-.414.335-.749.748-.75
2 1.015-.007 1.82-.028 
2.494-.089.995-.089 1.561-.255 
1.988-.498a4.5 4.5 0 0 0 1.679-
1.68c.243-.426.41-.992.498-1.98
7.061-.675.082-1.479.09-2.493Z"
 fill="#fff"/><path 
fill-rule="evenodd" 
clip-rule="evenodd" d="M7 
4a2.5 2.5 0 0 0-2.5 2.5v2A2.5 
2.5 0 0 0 7 11h2a2.5 2.5 0 0 0 
2.5-2.5v-2A2.5 2.5 0 0 0 9 
4H7Zm2 1.5H7a1 1 0 0 0-1 1v2a1 
1 0 0 0 1 1h2a1 1 0 0 0 
1-1v-2a1 1 0 0 0-1-1ZM13.5 
6.5A2.5 2.5 0 0 1 16 4h2a2.5 
2.5 0 0 1 2.5 2.5v2A2.5 2.5 0 
0 1 18 11h-2a2.5 2.5 0 0 
1-2.5-2.5v-2Zm2.5-1h2a1 1 0 0 
1 1 1v2a1 1 0 0 1-1 1h-2a1 1 0 
0 1-1-1v-2a1 1 0 0 1 1-1ZM7 
13a2.5 2.5 0 0 0-2.5 2.5v2A2.5 
2.5 0 0 0 7 20h2a2.5 2.5 0 0 0 
2.5-2.5v-2A2.5 2.5 0 0 0 9 
13H7Zm2 1.5H7a1 1 0 0 0-1 
1v2a1 1 0 0 0 1 1h2a1 1 0 0 0 
1-1v-2a1 1 0 0 0-1-1Z" 
fill="#fff"/><path d="M13.5 
15.5c0-.465 0-.697.038-.89a2 2 
0 0 1 1.572-1.572C15.303 13 
15.535 13 16 13v2.5h-2.5ZM18 
13c.465 0 .697 0 .89.038a2 2 0 
0 1 1.572 1.572c.038.193.038.42
5.038.89H18V13ZM18 17.5h2.5c0 
.465 0 .697-.038.89a2 2 0 0 
1-1.572 1.572C18.697 20 18.465 
20 18 20v-2.5ZM13.5 
17.5H16V20c-.465 0-.697 
0-.89-.038a2 2 0 0 1-1.572-1.57
2c-.038-.193-.038-.425-.038-.89
Z" fill="#fff"/></svg>`[39m[3
3m,[39m[33mSCAN_ICON[39m[33
m:[39m[33mC[39m[32m`<svg 
width="16" height="16" 
fill="none"><path fill="#fff" 
d="M10 15.216c0 
.422.347.763.768.74 1.202-.064 
2.025-.222 2.71-.613a5.001 
5.001 0 0 0 1.865-1.866c.39-.68
4.549-1.507.613-2.709a.735.735 
0 0 0-.74-.768.768.768 0 0 0-.7
6.732c-.009.157-.02.306-.032.44
7-.073.812-.206 1.244-.384 
1.555-.31.545-.761.996-1.306 1.
306-.311.178-.743.311-1.555.384
-.141.013-.29.023-.447.032a.768
.768 0 0 0-.732.76ZM10 .784c0 .
407.325.737.732.76.157.009.306.
02.447.032.812.073 1.244.206 
1.555.384a3.5 3.5 0 0 1 1.306 
1.306c.178.311.311.743.384 1.55
5.013.142.023.29.032.447a.768.7
68 0 0 0 .76.732.734.734 0 0 0 
.74-.768c-.064-1.202-.222-2.025
-.613-2.71A5 5 0 0 0 13.477.658
c-.684-.39-1.507-.549-2.709-.61
3a.735.735 0 0 
0-.768.74ZM5.232.044A.735.735 
0 0 1 6 .784a.768.768 0 0 1-.73
2.76c-.157.009-.305.02-.447.032
-.812.073-1.244.206-1.555.384A3
.5 3.5 0 0 0 1.96 
3.266c-.178.311-.311.743-.384 1
.555-.013.142-.023.29-.032.447A
.768.768 0 0 1 .784 6a.735.735 
0 0 1-.74-.768c.064-1.202.222-2
.025.613-2.71A5 5 0 0 1 
2.523.658C3.207.267 4.03.108 
5.233.044ZM5.268 
14.456a.768.768 0 0 1 
.732.76.734.734 0 0 1-.768.74c-
1.202-.064-2.025-.222-2.71-.613
a5 5 0 0 1-1.865-1.866c-.39-.68
4-.549-1.507-.613-2.709A.735.73
5 0 0 1 .784 10c.407 0 .737.325
.76.732.009.157.02.306.032.447.
073.812.206 1.244.384 
1.555a3.5 3.5 0 0 0 1.306 
1.306c.311.178.743.311 1.555.38
4.142.013.29.023.447.032Z"/></s
vg>`[39m[33m,[39m[33mCHECKM
ARK_ICON[39m[33m:[39m[33mC
[39m[32m`<svg width="13" 
height="12" viewBox="0 0 13 
12"><path fill-rule="evenodd" 
clip-rule="evenodd" 
d="M12.155.132a.75.75 0 0 1 
.232 1.035L5.821 11.535a1 1 0 
0 1-1.626.09L.665 7.21a.75.75 
0 1 1 1.17-.937L4.71 
9.867a.25.25 0 0 0 
.406-.023L11.12.364a.75.75 0 0 
1 1.035-.232Z" fill="#fff"/></s
vg>`[39m[33m,[39m[33mSEARCH
_ICON[39m[33m:[39m[33mC[39
m[32m`<svg width="20" 
height="21"><path 
fill-rule="evenodd" 
clip-rule="evenodd" d="M12.432 
13.992c-.354-.353-.91-.382-1.35
-.146a5.5 5.5 0 1 1 2.265-2.265
c-.237.441-.208.997.145 
1.35l3.296 3.296a.75.75 0 1 
1-1.06 
1.061l-3.296-3.296Zm.06-5a4 4 
0 1 1-8 0 4 4 0 0 1 8 0Z" fill=
"#949E9E"/></svg>`[39m[33m,[
39m[33mWALLET_PLACEHOLDER[39m
[33m:[39m[33mC[39m[32m`<sv
g width="60" height="60" 
fill="none" viewBox="0 0 60 
60"><g 
clip-path="url(#q)"><path 
id="wallet-placeholder-fill" 
fill="#fff" d="M0 24.9c0-9.251 
0-13.877 1.97-17.332a15 15 0 0 
1 5.598-5.597C11.023 0 15.648 
0 24.9 0h10.2c9.252 0 13.877 0 
17.332 1.97a15 15 0 0 1 5.597 
5.598C60 11.023 60 15.648 60 
24.9v10.2c0 9.252 0 
13.877-1.97 17.332a15.001 
15.001 0 0 1-5.598 
5.597C48.977 60 44.352 60 35.1 
60H24.9c-9.251 0-13.877 
0-17.332-1.97a15 15 0 0 
1-5.597-5.598C0 48.977 0 
44.352 0 35.1V24.9Z"/><path 
id="wallet-placeholder-dash" 
stroke="#000" 
stroke-dasharray="4 4" 
stroke-width="1.5" d="M.04 
41.708a231.598 231.598 0 0 
1-.039-4.403l.75-.001L.75 35.1v
-2.55H0v-5.1h.75V24.9l.001-2.20
4h-.75c.003-1.617.011-3.077.039
-4.404l.75.016c.034-1.65.099-3.
08.218-4.343l-.746-.07c.158-1.6
78.412-3.083.82-4.316l.713.236c
.224-.679.497-1.296.827-1.875a1
4.25 14.25 0 0 1 
1.05-1.585L3.076 5.9A15 15 0 0 
1 5.9 3.076l.455.596a14.25 
14.25 0 0 1 
1.585-1.05c.579-.33 1.196-.603 
1.875-.827l-.236-.712C10.812.67
4 12.217.42 
13.895.262l.07.746C15.23.89 
16.66.824 
18.308.79l-.016-.75C19.62.012 
21.08.004 22.695.001l.001.75L24
.9.75h2.55V0h5.1v.75h2.55l2.204
.001v-.75c1.617.003 3.077.011 
4.404.039l-.016.75c1.65.034 
3.08.099 
4.343.218l.07-.746c1.678.158 
3.083.412 
4.316.82l-.236.713c.679.224 
1.296.497 1.875.827a14.24 
14.24 0 0 1 1.585 
1.05l.455-.596A14.999 14.999 0 
0 1 56.924 
5.9l-.596.455c.384.502.735 
1.032 1.05 1.585.33.579.602 
1.196.827 1.875l.712-.236c.409 
1.233.663 2.638.822 
4.316l-.747.07c.119 1.264.184 
2.694.218 4.343l.75-.016c.028 
1.327.036 2.787.039 
4.403l-.75.001.001 2.204v2.55H6
0v5.1h-.75v2.55l-.001 
2.204h.75a231.431 231.431 0 0 
1-.039 4.404l-.75-.016c-.034 
1.65-.099 3.08-.218 
4.343l.747.07c-.159 1.678-.413 
3.083-.822 
4.316l-.712-.236a10.255 10.255 
0 0 1-.827 1.875 14.242 14.242 
0 0 1-1.05 
1.585l.596.455a14.997 14.997 0 
0 1-2.824 2.824l-.455-.596c-.50
2.384-1.032.735-1.585 1.05-.579
.33-1.196.602-1.875.827l.236.71
2c-1.233.409-2.638.663-4.316.82
2l-.07-.747c-1.264.119-2.694.18
4-4.343.218l.016.75c-1.327.028-
2.787.036-4.403.039l-.001-.75-2
.204.001h-2.55V60h-5.1v-.75H24.
9l-2.204-.001v.75a231.431 
231.431 0 0 1-4.404-.039l.016-.
75c-1.65-.034-3.08-.099-4.343-.
218l-.07.747c-1.678-.159-3.083-
.413-4.316-.822l.236-.712a10.25
8 10.258 0 0 1-1.875-.827 
14.252 14.252 0 0 
1-1.585-1.05l-.455.596A14.999 
14.999 0 0 1 3.076 
54.1l.596-.455a14.24 14.24 0 0 
1-1.05-1.585 10.259 10.259 0 0 
1-.827-1.875l-.712.236C.674 
49.188.42 47.783.262 
46.105l.746-.07C.89 44.77.824 
43.34.79 
41.692l-.75.016Z"/><path 
fill="#fff" 
fill-rule="evenodd" d="M35.643 
32.145c-.297-.743-.445-1.114-.4
01-1.275a.42.42 0 0 1 
.182-.27c.134-.1.463-.1 
1.123-.1.742 0 1.499.046 
2.236-.05a6 6 0 0 0 5.166-5.166
c.051-.39.051-.855.051-1.784 
0-.928 0-1.393-.051-1.783a6 6 
0 0 0-5.166-5.165c-.39-.052-.85
4-.052-1.783-.052h-7.72c-4.934 
0-7.401 0-9.244 1.051a8 8 0 0 
0-2.985 2.986C16.057 22.28 
16.003 24.58 16 29 15.998 
31.075 16 33.15 16 
35.224A7.778 7.778 0 0 0 
23.778 43H28.5c1.394 0 2.09 0 
2.67-.116a6 6 0 0 0 4.715-4.714
c.115-.58.115-1.301.115-2.744 
0-1.31 0-1.964-.114-2.49a4.998 
4.998 0 0 0-.243-.792Z" 
clip-rule="evenodd"/><path 
fill="#9EA9A9" 
fill-rule="evenodd" d="M37 
18h-7.72c-2.494 0-4.266.002-5.6
47.126-1.361.122-2.197.354-2.85
4.728a6.5 6.5 0 0 0-2.425 
2.426c-.375.657-.607 
1.492-.729 2.853-.11 
1.233-.123 2.777-.125 4.867 0 
.7 0 1.05.097 1.181.096.13.182.
181.343.2.163.02.518-.18 
1.229-.581a6.195 6.195 0 0 1 
3.053-.8H37c.977 0 1.32-.003 
1.587-.038a4.5 4.5 0 0 0 3.874-
3.874c.036-.268.039-.611.039-1.
588 0-.976-.003-1.319-.038-1.58
7a4.5 4.5 0 0 
0-3.875-3.874C38.32 18.004 
37.977 18 37 18Zm-7.364 
12.5h-7.414a4.722 4.722 0 0 
0-4.722 4.723 6.278 6.278 0 0 
0 6.278 6.278H28.5c1.466 0 
1.98-.008 2.378-.087a4.5 4.5 0 
0 0 3.535-3.536c.08-.397.087-.9
33.087-2.451 0-1.391-.009-1.843
-.08-2.17a3.5 3.5 0 0 0-2.676-2
.676c-.328-.072-.762-.08-2.108-
.08Z" clip-rule="evenodd"/></g>
<defs><clipPath id="q"><path 
fill="#fff" d="M0 0h60v60H0z"/>
</clipPath></defs></svg>`[39m
[33m,[39m[33mGLOBE_ICON[39m
[33m:[39m[33mC[39m[32m`<svg
 width="16" height="16" 
fill="none" viewBox="0 0 16 
16"><path fill="#fff" 
fill-rule="evenodd" d="M15.5 
8a7.5 7.5 0 1 1-15 0 7.5 7.5 0 
0 1 15 0Zm-2.113.75c.301 0 
.535.264.47.558a6.01 6.01 0 0 
1-2.867 3.896c-.203.116-.42-.10
3-.334-.32.409-1.018.691-2.274.
797-3.657a.512.512 0 0 1 .507-.
477h1.427Zm.47-2.058c.065.294-.
169.558-.47.558H11.96a.512.512 
0 0 1-.507-.477c-.106-1.383-.38
9-2.638-.797-3.656-.087-.217.13
-.437.333-.32a6.01 6.01 0 0 1 
2.868 3.895Zm-4.402.558c.286 0 
.515-.24.49-.525-.121-1.361-.42
9-2.534-.83-3.393-.279-.6-.549-
.93-.753-1.112a.535.535 0 0 
0-.724 
0c-.204.182-.474.513-.754 
1.112-.4.859-.708 2.032-.828 
3.393a.486.486 0 0 0 
.49.525h2.909Zm-5.415 0c.267 0 
.486-.21.507-.477.106-1.383.389
-2.638.797-3.656.087-.217-.13-.
437-.333-.32a6.01 6.01 0 0 
0-2.868 3.895c-.065.294.169.558
.47.558H4.04ZM2.143 9.308c-.065
-.294.169-.558.47-.558H4.04c.26
7 0 .486.21.507.477.106 
1.383.389 2.639.797 3.657.087.2
17-.13.436-.333.32a6.01 6.01 0 
0 1-2.868-3.896Zm3.913-.033a.48
6.486 0 0 1 
.49-.525h2.909c.286 0 
.515.24.49.525-.121 1.361-.428 
2.535-.83 
3.394-.279.6-.549.93-.753 
1.112a.535.535 0 0 1-.724 0c-.2
04-.182-.474-.513-.754-1.112-.4
-.859-.708-2.033-.828-3.394Z" c
lip-rule="evenodd"/></svg>`[39
m}[33m,[39mpt[33m=[39mg[32
m`.wcm-toolbar-placeholder{top:
0;bottom:0;left:0;right:0;width
:100%;position:absolute;display
:block;pointer-events:none;heig
ht:100px;border-radius:calc(var
(--wcm-background-border-radius
) * .9);background-color:var(--
wcm-background-color);backgroun
d-position:center;background-si
ze:cover}.wcm-toolbar{height:38
px;display:flex;position:relati
ve;margin:5px 15px 5px 5px;just
ify-content:space-between;align
-items:center}.wcm-toolbar 
img,.wcm-toolbar svg{height:28p
x;object-position:left center;o
bject-fit:contain}#wcm-wc-logo 
path{fill:var(--wcm-accent-fill
-color)}button{width:28px;heigh
t:28px;border-radius:var(--wcm-
icon-button-border-radius);bord
er:0;display:flex;justify-conte
nt:center;align-items:center;cu
rsor:pointer;background-color:v
ar(--wcm-color-bg-1);box-shadow
:0 0 0 1px var(--wcm-color-over
lay)}button:active{background-c
olor:var(--wcm-color-bg-2)}butt
on svg{display:block;object-pos
ition:center}button path{fill:v
ar(--wcm-color-fg-1)}.wcm-toolb
ar div{display:flex}@media(hove
r:hover){button:hover{backgroun
d-color:var(--wcm-color-bg-2)}}
`[39m[33m;[39m[36mvar[39m 
gt[33m=[39m[33mObject[39m[
33m.[39mdefineProperty[33m,[
39mvt[33m=[39m[33mObject[39
m[33m.[39mgetOwnPropertyDescr
iptor[33m,[39mut[33m=[39m(e
[33m,[39mo[33m,[39mr[33m,
[39ma)[33m=>[39m{[36mfor[39
m([36mvar[39m t[33m=[39ma[
33m>[39m[35m1[39m[33m?[39m
[36mvoid[39m [35m0[39m[33m
:[39ma[33m?[39mvt(o[33m,[3
9mr)[33m:[39mo[33m,[39ml[3
3m=[39me[33m.[39mlength[33m
-[39m[35m1[39m[33m,[39mi[
33m;[39ml[33m>=[39m[35m0[3
9m[33m;[39ml[33m--[39m)(i[
33m=[39me[l])[33m&&[39m(t[3
3m=[39m(a[33m?[39mi(o[33m,
[39mr[33m,[39mt)[33m:[39mi(
t))[33m||[39mt)[33m;[39m[3
6mreturn[39m a[33m&&[39mt[3
3m&&[39mgt(o[33m,[39mr[33m,
[39mt)[33m,[39mt}[33m;[39m
[36mlet[39m 
fe[33m=[39m[36mclass[39m 
[36mextends[39m 
w{render(){[36mreturn[39m 
n[32m`<div class="wcm-toolbar-
placeholder"></div><div class="
wcm-toolbar">${v.WALLET_CONNECT
_LOGO} <button @click="${ge.clo
se}">${v.CROSS_ICON}</button></
div>`[39m}}[33m;[39mfe[33m.
[39mstyles[33m=[39m[h[33m.
[39mglobalCss[33m,[39mpt][33
m,[39mfe[33m=[39mut([p([32m
"wcm-modal-backcard"[39m)][33
m,[39mfe)[33m;[39m[36mconst
[39m bt[33m=[39mg[32m`main{
padding:20px;padding-top:0;widt
h:100%}`[39m[33m;[39m[36mva
r[39m ft[33m=[39m[33mObject
[39m[33m.[39mdefineProperty
[33m,[39mxt[33m=[39m[33mObj
ect[39m[33m.[39mgetOwnProper
tyDescriptor[33m,[39myt[33m=
[39m(e[33m,[39mo[33m,[39mr
[33m,[39ma)[33m=>[39m{[36m
for[39m([36mvar[39m t[33m=
[39ma[33m>[39m[35m1[39m[33
m?[39m[36mvoid[39m [35m0[3
9m[33m:[39ma[33m?[39mxt(o[
33m,[39mr)[33m:[39mo[33m,[
39ml[33m=[39me[33m.[39mleng
th[33m-[39m[35m1[39m[33m,
[39mi[33m;[39ml[33m>=[39m[
35m0[39m[33m;[39ml[33m--[3
9m)(i[33m=[39me[l])[33m&&[3
9m(t[33m=[39m(a[33m?[39mi(o
[33m,[39mr[33m,[39mt)[33m:
[39mi(t))[33m||[39mt)[33m;
[39m[36mreturn[39m a[33m&&[
39mt[33m&&[39mft(o[33m,[39m
r[33m,[39mt)[33m,[39mt}[33
m;[39m[36mlet[39m 
xe[33m=[39m[36mclass[39m 
[36mextends[39m 
w{render(){[36mreturn[39m n[
32m`<main><slot></slot></main>`
[39m}}[33m;[39mxe[33m.[39m
styles[33m=[39m[h[33m.[39mg
lobalCss[33m,[39mbt][33m,[3
9mxe[33m=[39myt([p([32m"wcm-
modal-content"[39m)][33m,[39
mxe)[33m;[39m[36mconst[39m 
$t[33m=[39mg[32m`footer{padd
ing:10px;display:flex;flex-dire
ction:column;align-items:inheri
t;justify-content:inherit;borde
r-top:1px solid var(--wcm-color
-bg-2)}`[39m[33m;[39m[36mva
r[39m [33mCt[39m[33m=[39m
[33mObject[39m[33m.[39mdefin
eProperty[33m,[39mkt[33m=[3
9m[33mObject[39m[33m.[39mge
tOwnPropertyDescriptor[33m,[3
9m[33mOt[39m[33m=[39m(e[33
m,[39mo[33m,[39mr[33m,[39m
a)[33m=>[39m{[36mfor[39m([
36mvar[39m t[33m=[39ma[33m>
[39m[35m1[39m[33m?[39m[36
mvoid[39m [35m0[39m[33m:[3
9ma[33m?[39mkt(o[33m,[39mr)
[33m:[39mo[33m,[39ml[33m=
[39me[33m.[39mlength[33m-[3
9m[35m1[39m[33m,[39mi[33m;
[39ml[33m>=[39m[35m0[39m[
33m;[39ml[33m--[39m)(i[33m=
[39me[l])[33m&&[39m(t[33m=
[39m(a[33m?[39mi(o[33m,[39m
r[33m,[39mt)[33m:[39mi(t))
[33m||[39mt)[33m;[39m[36mre
turn[39m a[33m&&[39mt[33m&&
[39m[33mCt[39m(o[33m,[39mr
[33m,[39mt)[33m,[39mt}[33m
;[39m[36mlet[39m 
ye[33m=[39m[36mclass[39m 
[36mextends[39m 
w{render(){[36mreturn[39m n[
32m`<footer><slot></slot></foot
er>`[39m}}[33m;[39mye[33m.
[39mstyles[33m=[39m[h[33m.[
39mglobalCss[33m,[39m$t][33m
,[39mye[33m=[39m[33mOt[39m
([p([32m"wcm-modal-footer"[39
m)][33m,[39mye)[33m;[39m[3
6mconst[39m [33mWt[39m[33m=
[39mg[32m`header{display:flex
;justify-content:center;align-i
tems:center;padding:20px;positi
on:relative}.wcm-border{border-
bottom:1px solid var(--wcm-colo
r-bg-2);margin-bottom:20px}head
er button{padding:15px 
20px}header button:active{opaci
ty:.5}@media(hover:hover){heade
r button:hover{opacity:.5}}.wcm
-back-btn{position:absolute;lef
t:0}.wcm-action-btn{position:ab
solute;right:0}path{fill:var(--
wcm-accent-color)}`[39m[33m;
[39m[36mvar[39m [33mIt[39m
[33m=[39m[33mObject[39m[33m
.[39mdefineProperty[33m,[39m
[33mEt[39m[33m=[39m[33mObj
ect[39m[33m.[39mgetOwnProper
tyDescriptor[33m,[39mte[33m=
[39m(e[33m,[39mo[33m,[39mr
[33m,[39ma)[33m=>[39m{[36m
for[39m([36mvar[39m t[33m=
[39ma[33m>[39m[35m1[39m[33
m?[39m[36mvoid[39m [35m0[3
9m[33m:[39ma[33m?[39m[33mE
t[39m(o[33m,[39mr)[33m:[39
mo[33m,[39ml[33m=[39me[33m
.[39mlength[33m-[39m[35m1[
39m[33m,[39mi[33m;[39ml[33
m>=[39m[35m0[39m[33m;[39ml
[33m--[39m)(i[33m=[39me[l])
[33m&&[39m(t[33m=[39m(a[33
m?[39mi(o[33m,[39mr[33m,[3
9mt)[33m:[39mi(t))[33m||[39
mt)[33m;[39m[36mreturn[39m 
a[33m&&[39mt[33m&&[39m[33m
It[39m(o[33m,[39mr[33m,[39
mt)[33m,[39mt}[33m;[39m[36
mlet[39m [33mS[39m[33m=[39
m[36mclass[39m 
[36mextends[39m w{constructor
(){[36msuper[39m([33m...[39
marguments)[33m,[39m[36mthis
[39m[33m.[39mtitle[33m=[39
m[32m""[39m[33m,[39m[36mth
is[39m[33m.[39monAction[33m
=[39m[36mvoid[39m [35m0[39
m[33m,[39m[36mthis[39m[33m
.[39mactionIcon[33m=[39m[36
mvoid[39m [35m0[39m[33m,[3
9m[36mthis[39m[33m.[39mbord
er[33m=[39m[33m![39m[35m1
[39m}backBtnTemplate(){[36mret
urn[39m n[32m`<button 
class="wcm-back-btn" @click="${
x.goBack}">${v.BACK_ICON}</butt
on>`[39m}actionBtnTemplate(){
[36mreturn[39m n[32m`<button 
class="wcm-action-btn" @click="
${this.onAction}">${this.action
Icon}</button>`[39m}render(){
[36mconst[39m e[33m=[39m{[3
2m"wcm-border"[39m[33m:[39m
[36mthis[39m[33m.[39mborder}
[33m,[39mo[33m=[39mx[33m.
[39mstate[33m.[39mhistory[33
m.[39mlength[33m>[39m[35m1
[39m[33m,[39mr[33m=[39m[36
mthis[39m[33m.[39mtitle[33m
?[39mn[32m`<wcm-text variant=
"big-bold">${this.title}</wcm-t
ext>`[39m[33m:[39mn[32m`<sl
ot></slot>`[39m[33m;[39m[36
mreturn[39m n[32m`<header cla
ss="${P(e)}">${o?this.backBtnTe
mplate():null} ${r} ${this.onAc
tion?this.actionBtnTemplate():n
ull}</header>`[39m}}[33m;[39
m[33mS[39m[33m.[39mstyles[
33m=[39m[h[33m.[39mglobalCss
[33m,[39m[33mWt[39m][33m,
[39mte([d()][33m,[39m[33mS[
39m[33m.[39mprototype[33m,[
39m[32m"title"[39m[33m,[39m
[35m2[39m)[33m,[39mte([d()]
[33m,[39m[33mS[39m[33m.[3
9mprototype[33m,[39m[32m"onA
ction"[39m[33m,[39m[35m2[3
9m)[33m,[39mte([d()][33m,[3
9m[33mS[39m[33m.[39mprototy
pe[33m,[39m[32m"actionIcon"
[39m[33m,[39m[35m2[39m)[33
m,[39mte([d({type[33m:[39m[
33mBoolean[39m})][33m,[39m[
33mS[39m[33m.[39mprototype[
33m,[39m[32m"border"[39m[33
m,[39m[35m2[39m)[33m,[39m
[33mS[39m[33m=[39mte([p([32
m"wcm-modal-header"[39m)][33m
,[39m[33mS[39m)[33m;[39m[
36mconst[39m c[33m=[39m{[33
mMOBILE_BREAKPOINT[39m[33m:[
39m[35m600[39m[33m,[39m[33
mWCM_RECENT_WALLET_DATA[39m[3
3m:[39m[32m"WCM_RECENT_WALLET
_DATA"[39m[33m,[39m[33mEXPL
ORER_WALLET_URL[39m[33m:[39m
[32m"https://explorer.walletco
nnect.com/?type=wallet"[39m[3
3m,[39mgetShadowRootElement(e
[33m,[39mo){[36mconst[39m r
[33m=[39me[33m.[39mrenderRoo
t[33m.[39mquerySelector(o)[3
3m;[39m[36mif[39m([33m![39
mr)[36mthrow[39m 
[36mnew[39m 
[33mError[39m([32m`${o} not 
found`[39m)[33m;[39m[36mret
urn[39m r}[33m,[39mgetWallet
Icon({id[33m:[39me[33m,[39m
image_id[33m:[39mo}){[36mcon
st[39m{walletImages[33m:[39m
r}[33m=[39mz[33m.[39mstate
[33m;[39m[36mreturn[39m r[3
3m!=[39m[36mnull[39m[33m&&
[39mr[e][33m?[39mr[e][33m:[
39mo[33m?[39m[33mW[39m[33m
.[39mgetWalletImageUrl(o)[33m
:[39m[32m""[39m}[33m,[39mg
etWalletName(e[33m,[39mo[33m
=[39m[33m![39m[35m1[39m){
[36mreturn[39m o[33m&&[39me
[33m.[39mlength[33m>[39m[35
m8[39m[33m?[39m[32m`${e.sub
string(0,8)}..`[39m[33m:[39m
e}[33m,[39misMobileAnimation(
){[36mreturn[39m window[33m.
[39minnerWidth[33m<=[39mc[3
3m.[39m[33mMOBILE_BREAKPOINT
[39m}[33m,[39m[36masync[39m
 preloadImage(e){[36mconst[39
m o[33m=[39m[36mnew[39m [3
3mPromise[39m((r[33m,[39ma)
[33m=>[39m{[36mconst[39m 
t[33m=[39m[36mnew[39m [33m
Image[39m[33m;[39mt[33m.[3
9monload[33m=[39mr[33m,[39m
t[33m.[39monerror[33m=[39ma
[33m,[39mt[33m.[39mcrossOri
gin[33m=[39m[32m"anonymous"
[39m[33m,[39mt[33m.[39msrc
[33m=[39me})[33m;[39m[36mre
turn[39m [33mPromise[39m[33
m.[39mrace([o[33m,[39mm[33m
.[39mwait([35m3e3[39m)])}[3
3m,[39mgetErrorMessage(e){[36
mreturn[39m e 
[36minstanceof[39m [33mError
[39m[33m?[39me[33m.[39mmes
sage[33m:[39m[32m"Unknown Er
ror"[39m}[33m,[39mdebounce(e
[33m,[39mo[33m=[39m[35m500
[39m){[36mlet[39m r[33m;[3
9m[36mreturn[39m([33m...[39
ma)[33m=>[39m{[36mfunction[
39m t(){e([33m...[39ma)}r[33
m&&[39mclearTimeout(r)[33m,[
39mr[33m=[39msetTimeout(t[33
m,[39mo)}}[33m,[39mhandleMob
ileLinking(e){[36mconst[39m{w
alletConnectUri[33m:[39mo}[3
3m=[39m[33mR[39m[33m.[39ms
tate[33m,[39m{mobile[33m:[3
9mr[33m,[39mname[33m:[39ma}
[33m=[39me[33m,[39mt[33m=
[39mr[33m?[39m[33m.[39mnati
ve[33m,[39ml[33m=[39mr[33m
?[39m[33m.[39muniversal[33m
;[39mc[33m.[39msetRecentWall
et(e)[33m;[39m[36mfunction[
39m i(s){[36mlet[39m $[33m=
[39m[32m""[39m[33m;[39mt[3
3m?[39m$[33m=[39mm[33m.[39
mformatUniversalUrl(t[33m,[39
ms[33m,[39ma)[33m:[39ml[33
m&&[39m($[33m=[39mm[33m.[3
9mformatNativeUrl(l[33m,[39ms
[33m,[39ma))[33m,[39mm[33m
.[39mopenHref($[33m,[39m[32
m"_self"[39m)}o[33m&&[39mi(o
)}[33m,[39mhandleAndroidLinki
ng(){[36mconst[39m{walletConn
ectUri[33m:[39me}[33m=[39m
[33mR[39m[33m.[39mstate[33m
;[39me[33m&&[39m(m[33m.[39
msetWalletConnectAndroidDeepLin
k(e)[33m,[39mm[33m.[39mopen
Href(e[33m,[39m[32m"_self"[
39m))}[33m,[39m[36masync[39
m handleUriCopy(){[36mconst[3
9m{walletConnectUri[33m:[39me
}[33m=[39m[33mR[39m[33m.[
39mstate[33m;[39m[36mif[39m
(e)[36mtry[39m{[36mawait[39
m navigator[33m.[39mclipboard
[33m.[39mwriteText(e)[33m,[
39m[33mN[39m[33m.[39mopenTo
ast([32m"Link copied"[39m[33
m,[39m[32m"success"[39m)}[3
6mcatch[39m{[33mN[39m[33m.
[39mopenToast([32m"Failed to c
opy"[39m[33m,[39m[32m"error
"[39m)}}[33m,[39mgetCustomIm
ageUrls(){[36mconst[39m{walle
tImages[33m:[39me}[33m=[39m
z[33m.[39mstate[33m,[39mo[
33m=[39m[33mObject[39m[33m.
[39mvalues(e[33m?[39m[33m?
[39m{})[33m;[39m[36mreturn[
39m [33mObject[39m[33m.[39m
values(o)}[33m,[39mtruncate(e
[33m,[39mo[33m=[39m[35m8[
39m){[36mreturn[39m e[33m.[
39mlength[33m<=[39mo[33m?[3
9me[33m:[39m[32m`${e.substri
ng(0,4)}...${e.substring(e.leng
th-4)}`[39m}[33m,[39msetRece
ntWallet(e){[36mtry[39m{local
Storage[33m.[39msetItem(c[33
m.[39m[33mWCM_RECENT_WALLET_D
ATA[39m[33m,[39m[33mJSON[3
9m[33m.[39mstringify(e))}[36
mcatch[39m{console[33m.[39mi
nfo([32m"Unable to set recent 
wallet"[39m)}}[33m,[39mgetRe
centWallet(){[36mtry[39m{[36
mconst[39m e[33m=[39mlocalSt
orage[33m.[39mgetItem(c[33m.
[39m[33mWCM_RECENT_WALLET_DAT
A[39m)[33m;[39m[36mreturn[
39m e[33m?[39m[33mJSON[39m
[33m.[39mparse(e)[33m:[39m[
36mvoid[39m [35m0[39m}[36mc
atch[39m{console[33m.[39minf
o([32m"Unable to get recent wa
llet"[39m)}}[33m,[39mcaseSaf
eIncludes(e[33m,[39mo){[36mr
eturn[39m e[33m.[39mtoUpperC
ase()[33m.[39mincludes(o[33m
.[39mtoUpperCase())}[33m,[39
mopenWalletExplorerUrl(){m[33m
.[39mopenHref(c[33m.[39m[33
mEXPLORER_WALLET_URL[39m[33m,
[39m[32m"_blank"[39m)}[33m,
[39mgetCachedRouterWalletPlatf
orms(){[36mconst[39m{desktop
[33m:[39me[33m,[39mmobile[3
3m:[39mo}[33m=[39mm[33m.[3
9mgetWalletRouterData()[33m,[
39mr[33m=[39m[33mBoolean[39
m(e[33m?[39m[33m.[39mnative
)[33m,[39ma[33m=[39m[33mBo
olean[39m(e[33m?[39m[33m.[
39muniversal)[33m,[39mt[33m=
[39m[33mBoolean[39m(o[33m?
[39m[33m.[39mnative)[33m||[
39m[33mBoolean[39m(o[33m?[3
9m[33m.[39muniversal)[33m;[
39m[36mreturn[39m{isDesktop[
33m:[39mr[33m,[39misMobile[
33m:[39mt[33m,[39misWeb[33m
:[39ma}}[33m,[39mgoToConnect
ingView(e){x[33m.[39msetData(
{[33mWallet[39m[33m:[39me})
[33m;[39m[36mconst[39m o[3
3m=[39mm[33m.[39misMobile()
[33m,[39m{isDesktop[33m:[39m
r[33m,[39misWeb[33m:[39ma[
33m,[39misMobile[33m:[39mt}
[33m=[39mc[33m.[39mgetCached
RouterWalletPlatforms()[33m;[
39mo[33m?[39mt[33m?[39mx[3
3m.[39mpush([32m"MobileConnec
ting"[39m)[33m:[39ma[33m?[
39mx[33m.[39mpush([32m"WebCo
nnecting"[39m)[33m:[39mx[33
m.[39mpush([32m"InstallWallet
"[39m)[33m:[39mr[33m?[39mx
[33m.[39mpush([32m"DesktopCo
nnecting"[39m)[33m:[39ma[33
m?[39mx[33m.[39mpush([32m"W
ebConnecting"[39m)[33m:[39mt
[33m?[39mx[33m.[39mpush([3
2m"MobileQrcodeConnecting"[39m
)[33m:[39mx[33m.[39mpush([
32m"InstallWallet"[39m)}}[33m
,[39m[33mMt[39m[33m=[39mg
[32m`.wcm-router{overflow:hidde
n;will-change:transform}.wcm-co
ntent{display:flex;flex-directi
on:column}`[39m[33m;[39m[36
mvar[39m [33mLt[39m[33m=[3
9m[33mObject[39m[33m.[39mde
fineProperty[33m,[39m[33mRt
[39m[33m=[39m[33mObject[39m
[33m.[39mgetOwnPropertyDescri
ptor[33m,[39m$e[33m=[39m(e
[33m,[39mo[33m,[39mr[33m,[
39ma)[33m=>[39m{[36mfor[39m
([36mvar[39m t[33m=[39ma[3
3m>[39m[35m1[39m[33m?[39m
[36mvoid[39m [35m0[39m[33m:
[39ma[33m?[39m[33mRt[39m(o
[33m,[39mr)[33m:[39mo[33m,
[39ml[33m=[39me[33m.[39mle
ngth[33m-[39m[35m1[39m[33m
,[39mi[33m;[39ml[33m>=[39m
[35m0[39m[33m;[39ml[33m--
[39m)(i[33m=[39me[l])[33m&&
[39m(t[33m=[39m(a[33m?[39mi
(o[33m,[39mr[33m,[39mt)[33
m:[39mi(t))[33m||[39mt)[33m
;[39m[36mreturn[39m a[33m&&
[39mt[33m&&[39m[33mLt[39m(
o[33m,[39mr[33m,[39mt)[33m
,[39mt}[33m;[39m[36mlet[39
m oe[33m=[39m[36mclass[39m 
[36mextends[39m w{constructor
(){[36msuper[39m()[33m,[39m
[36mthis[39m[33m.[39mview[
33m=[39mx[33m.[39mstate[33m
.[39mview[33m,[39m[36mthis
[39m[33m.[39mprevView[33m=[
39mx[33m.[39mstate[33m.[39m
view[33m,[39m[36mthis[39m[
33m.[39munsubscribe[33m=[39m
[36mvoid[39m [35m0[39m[33m
,[39m[36mthis[39m[33m.[39m
oldHeight[33m=[39m[32m"0px"
[39m[33m,[39m[36mthis[39m[
33m.[39mresizeObserver[33m=[
39m[36mvoid[39m [35m0[39m[
33m,[39m[36mthis[39m[33m.[
39munsubscribe[33m=[39mx[33m
.[39msubscribe(e[33m=>[39m{
[36mthis[39m[33m.[39mview[3
3m!==[39me[33m.[39mview[33m
&&[39m[36mthis[39m[33m.[39
monChangeRoute()})}firstUpdated
(){[36mthis[39m[33m.[39mres
izeObserver[33m=[39m[36mnew
[39m [33mResizeObserver[39m((
[e])[33m=>[39m{[36mconst[39
m o[33m=[39m[32m`${e.content
Rect.height}px`[39m[33m;[39m
[36mthis[39m[33m.[39moldHei
ght[33m!==[39m[32m"0px"[39m
[33m&&[39m[33mH[39m([36mth
is[39m[33m.[39mrouterEl[33m
,[39m{height[33m:[39m[[36mt
his[39m[33m.[39moldHeight[3
3m,[39mo]}[33m,[39m{duration
[33m:[39m[35m.2[39m})[33m,
[39m[36mthis[39m[33m.[39mo
ldHeight[33m=[39mo})[33m,[3
9m[36mthis[39m[33m.[39mresi
zeObserver[33m.[39mobserve([
36mthis[39m[33m.[39mcontentE
l)}disconnectedCallback(){[36m
var[39m e[33m,[39mo[33m;[3
9m(e[33m=[39m[36mthis[39m[
33m.[39munsubscribe)[33m==[3
9m[36mnull[39m[33m||[39me[
33m.[39mcall([36mthis[39m)[
33m,[39m(o[33m=[39m[36mthis
[39m[33m.[39mresizeObserver)
[33m==[39m[36mnull[39m[33m
||[39mo[33m.[39mdisconnect()
}[36mget[39m 
routerEl(){[36mreturn[39m c[
33m.[39mgetShadowRootElement(
[36mthis[39m[33m,[39m[32m".
wcm-router"[39m)}[36mget[39m
 contentEl(){[36mreturn[39m c
[33m.[39mgetShadowRootElement
([36mthis[39m[33m,[39m[32m
".wcm-content"[39m)}viewTempla
te(){[36mswitch[39m([36mthis
[39m[33m.[39mview){[36mcase
[39m[32m"ConnectWallet"[39m
[33m:[39m[36mreturn[39m n[3
2m`<wcm-connect-wallet-view></w
cm-connect-wallet-view>`[39m[
33m;[39m[36mcase[39m[32m"De
sktopConnecting"[39m[33m:[39
m[36mreturn[39m n[32m`<wcm-d
esktop-connecting-view></wcm-de
sktop-connecting-view>`[39m[3
3m;[39m[36mcase[39m[32m"Mob
ileConnecting"[39m[33m:[39m
[36mreturn[39m n[32m`<wcm-mob
ile-connecting-view></wcm-mobil
e-connecting-view>`[39m[33m;
[39m[36mcase[39m[32m"WebConn
ecting"[39m[33m:[39m[36mret
urn[39m n[32m`<wcm-web-connec
ting-view></wcm-web-connecting-
view>`[39m[33m;[39m[36mcase
[39m[32m"MobileQrcodeConnecti
ng"[39m[33m:[39m[36mreturn
[39m n[32m`<wcm-mobile-qr-conn
ecting-view></wcm-mobile-qr-con
necting-view>`[39m[33m;[39m
[36mcase[39m[32m"WalletExplor
er"[39m[33m:[39m[36mreturn
[39m n[32m`<wcm-wallet-explore
r-view></wcm-wallet-explorer-vi
ew>`[39m[33m;[39m[36mcase[
39m[32m"Qrcode"[39m[33m:[39
m[36mreturn[39m n[32m`<wcm-q
rcode-view></wcm-qrcode-view>`
[39m[33m;[39m[36mcase[39m[
32m"InstallWallet"[39m[33m:[
39m[36mreturn[39m n[32m`<wcm
-install-wallet-view></wcm-inst
all-wallet-view>`[39m[33m;[3
9m[36mdefault[39m[33m:[39m
[36mreturn[39m 
n[32m`<div>Not Found</div>`[3
9m}}[36masync[39m onChangeRou
te(){[36mawait[39m [33mH[39
m([36mthis[39m[33m.[39mrout
erEl[33m,[39m{opacity[33m:[
39m[[35m1[39m[33m,[39m[35m
0[39m][33m,[39mscale[33m:[
39m[[35m1[39m[33m,[39m[35m
1.02[39m]}[33m,[39m{duration
[33m:[39m[35m.15[39m[33m,
[39mdelay[33m:[39m[35m.1[39
m})[33m.[39mfinished[33m,[3
9m[36mthis[39m[33m.[39mview
[33m=[39mx[33m.[39mstate[3
3m.[39mview[33m,[39m[33mH[
39m([36mthis[39m[33m.[39mro
uterEl[33m,[39m{opacity[33m:
[39m[[35m0[39m[33m,[39m[3
5m1[39m][33m,[39mscale[33m:
[39m[[35m.99[39m[33m,[39m
[35m1[39m]}[33m,[39m{duratio
n[33m:[39m[35m.37[39m[33m,
[39mdelay[33m:[39m[35m.05[
39m})}render(){[36mreturn[39m
 n[32m`<div 
class="wcm-router"><div class="
wcm-content">${this.viewTemplat
e()}</div></div>`[39m}}[33m;
[39moe[33m.[39mstyles[33m=[
39m[h[33m.[39mglobalCss[33m,
[39m[33mMt[39m][33m,[39m$e
([[33mI[39m()][33m,[39moe[
33m.[39mprototype[33m,[39m[
32m"view"[39m[33m,[39m[35m2
[39m)[33m,[39m$e([[33mI[39
m()][33m,[39moe[33m.[39mpro
totype[33m,[39m[32m"prevView
"[39m[33m,[39m[35m2[39m)[
33m,[39moe[33m=[39m$e([p([3
2m"wcm-modal-router"[39m)][33
m,[39moe)[33m;[39m[36mconst
[39m [33mAt[39m[33m=[39mg
[32m`div{height:36px;width:max-
content;display:flex;justify-co
ntent:center;align-items:center
;padding:9px 15px 11px;position
:absolute;top:12px;box-shadow:0
 6px 14px -6px 
rgba(10,16,31,.3),0 10px 32px 
-4px rgba(10,16,31,.15);z-index
:2;left:50%;transform:translate
X(-50%);pointer-events:none;bac
kdrop-filter:blur(20px) saturat
e(1.8);-webkit-backdrop-filter:
blur(20px) saturate(1.8);border
-radius:var(--wcm-notification-
border-radius);border:1px 
solid var(--wcm-color-overlay);
background-color:var(--wcm-colo
r-overlay)}svg{margin-right:5px
}@-moz-document url-prefix(){di
v{background-color:var(--wcm-co
lor-bg-3)}}.wcm-success path{fi
ll:var(--wcm-accent-color)}.wcm
-error path{fill:var(--wcm-erro
r-color)}`[39m[33m;[39m[36m
var[39m [33mPt[39m[33m=[39
m[33mObject[39m[33m.[39mdef
ineProperty[33m,[39m[33mTt[
39m[33m=[39m[33mObject[39m
[33m.[39mgetOwnPropertyDescrip
tor[33m,[39mze[33m=[39m(e[
33m,[39mo[33m,[39mr[33m,[3
9ma)[33m=>[39m{[36mfor[39m(
[36mvar[39m t[33m=[39ma[33
m>[39m[35m1[39m[33m?[39m[
36mvoid[39m [35m0[39m[33m:
[39ma[33m?[39m[33mTt[39m(o
[33m,[39mr)[33m:[39mo[33m,
[39ml[33m=[39me[33m.[39mlen
gth[33m-[39m[35m1[39m[33m,
[39mi[33m;[39ml[33m>=[39m
[35m0[39m[33m;[39ml[33m--[
39m)(i[33m=[39me[l])[33m&&[
39m(t[33m=[39m(a[33m?[39mi(
o[33m,[39mr[33m,[39mt)[33m
:[39mi(t))[33m||[39mt)[33m;
[39m[36mreturn[39m a[33m&&
[39mt[33m&&[39m[33mPt[39m(o
[33m,[39mr[33m,[39mt)[33m,
[39mt}[33m;[39m[36mlet[39m
 ne[33m=[39m[36mclass[39m 
[36mextends[39m w{constructor
(){[36msuper[39m()[33m,[39m
[36mthis[39m[33m.[39mopen[
33m=[39m[33m![39m[35m1[39m
[33m,[39m[36mthis[39m[33m.
[39munsubscribe[33m=[39m[36
mvoid[39m [35m0[39m[33m,[3
9m[36mthis[39m[33m.[39mtime
out[33m=[39m[36mvoid[39m [
35m0[39m[33m,[39m[36mthis[
39m[33m.[39munsubscribe[33m=
[39m[33mN[39m[33m.[39msubs
cribe(e[33m=>[39m{e[33m.[39
mopen[33m?[39m([36mthis[39m
[33m.[39mopen[33m=[39m[33m
![39m[35m0[39m[33m,[39m[3
6mthis[39m[33m.[39mtimeout[
33m=[39msetTimeout(()[33m=>[
39m[33mN[39m[33m.[39mcloseT
oast()[33m,[39m[35m2200[39m
))[33m:[39m([36mthis[39m[3
3m.[39mopen[33m=[39m[33m![
39m[35m1[39m[33m,[39mclearT
imeout([36mthis[39m[33m.[39
mtimeout))})}disconnectedCallba
ck(){[36mvar[39m e[33m;[39m
(e[33m=[39m[36mthis[39m[33
m.[39munsubscribe)[33m==[39m
[36mnull[39m[33m||[39me[33
m.[39mcall([36mthis[39m)[33
m,[39mclearTimeout([36mthis[
39m[33m.[39mtimeout)[33m,[3
9m[33mN[39m[33m.[39mcloseTo
ast()}render(){[36mconst[39m{
message[33m:[39me[33m,[39mv
ariant[33m:[39mo}[33m=[39m
[33mN[39m[33m.[39mstate[33m
,[39mr[33m=[39m{[32m"wcm-su
ccess"[39m[33m:[39mo[33m===
[39m[32m"success"[39m[33m,
[39m[32m"wcm-error"[39m[33m:
[39mo[33m===[39m[32m"error"
[39m}[33m;[39m[36mreturn[3
9m [36mthis[39m[33m.[39mope
n[33m?[39mn[32m`<div class="
${P(r)}">${o==="success"?v.CHEC
KMARK_ICON:null} ${o==="error"?
v.CROSS_ICON:null}<wcm-text var
iant="small-regular">${e}</wcm-
text></div>`[39m[33m:[39m[3
6mnull[39m}}[33m;[39mne[33m
.[39mstyles[33m=[39m[h[33m.
[39mglobalCss[33m,[39m[33mA
t[39m][33m,[39mze([[33mI[3
9m()][33m,[39mne[33m.[39mpr
ototype[33m,[39m[32m"open"[
39m[33m,[39m[35m2[39m)[33m
,[39mne[33m=[39mze([p([32m"
wcm-modal-toast"[39m)][33m,[
39mne)[33m;[39m[36mconst[39
m jt[33m=[39m[35m.1[39m[33
m,[39m[33mVe[39m[33m=[39m
[35m2.5[39m[33m,[39m[33mA[
39m[33m=[39m[35m7[39m[33m;
[39m[36mfunction[39m [33mCe
[39m(e[33m,[39mo[33m,[39mr
){[36mreturn[39m e[33m===[3
9mo[33m?[39m[33m![39m[35m1
[39m[33m:[39m(e[33m-[39mo
[33m<[39m[35m0[39m[33m?[39
mo[33m-[39me[33m:[39me[33m
-[39mo)[33m<=[39mr[33m+[39
mjt}[36mfunction[39m _t(e[33
m,[39mo){[36mconst[39m r[33
m=[39m[33mArray[39m[33m.[3
9mprototype[33m.[39mslice[33
m.[39mcall([33mJe[39m[33m.
[39mcreate(e[33m,[39m{errorCo
rrectionLevel[33m:[39mo})[33
m.[39mmodules[33m.[39mdata[
33m,[39m[35m0[39m)[33m,[39
ma[33m=[39m[33mMath[39m[33
m.[39msqrt(r[33m.[39mlength)
[33m;[39m[36mreturn[39m r[
33m.[39mreduce((t[33m,[39ml
[33m,[39mi)[33m=>[39m(i[33m
%[39ma[33m===[39m[35m0[39m
[33m?[39mt[33m.[39mpush([l]
)[33m:[39mt[t[33m.[39mlengt
h[33m-[39m[35m1[39m][33m.
[39mpush(l))[33m&&[39mt[33m,
[39m[])}[36mconst[39m [33mD
t[39m[33m=[39m{generate(e[3
3m,[39mo[33m,[39mr){[36mcon
st[39m a[33m=[39m[32m"#1414
14"[39m[33m,[39mt[33m=[39m
[32m"#ffffff"[39m[33m,[39ml
[33m=[39m[][33m,[39mi[33m=
[39m_t(e[33m,[39m[32m"Q"[3
9m)[33m,[39ms[33m=[39mo[35
m/i.length,$=[{x:0,y:0},{x:1,y:
0},{x:0,y:1}];$.forEach(({x:y,y
:u})=>{const O=(i.length-A)*s*y
,b=(i.length-A)*s*u,E=.45;for(l
et M=0;M<$.length;M+=1){const 
V=s*(A-M*2);l.push(pe`<rect 
fill="${M%2===0?a:t}" 
height="${V}" rx="${V*E}" 
ry="${V*E}" width="${V}" 
x="${O+s*M}" 
y="${b+s*M}">`)}});const f=Math
.floor((r+25)/s[39m)[33m,[39
m[33mNe[39m[33m=[39mi[33m.
[39mlength[33m/[39m[35m2[3
9m[33m-[39mf[33m/[39m[35m2
[39m[33m,[39m[33mZe[39m[3
3m=[39mi[33m.[39mlength[33m
/[39m[35m2[39m[33m+[39mf[
33m/[39m[35m2[39m[33m-[39m
[35m1[39m[33m,[39m[33mSe[
39m[33m=[39m[][33m;[39mi[3
3m.[39mforEach((y[33m,[39mu)
[33m=>[39m{y[33m.[39mforEac
h(([33mO[39m[33m,[39mb)[33
m=>[39m{[36mif[39m(i[u][b][
33m&&[39m[33m![39m(u[33m<[
39m[33mA[39m[33m&&[39mb[33
m<[39m[33mA[39m[33m||[39mu
[33m>[39mi[33m.[39mlength[
33m-[39m([33mA[39m[33m+[39
m[35m1[39m)[33m&&[39mb[33m
<[39m[33mA[39m[33m||[39mu
[33m<[39m[33mA[39m[33m&&[3
9mb[33m>[39mi[33m.[39mlengt
h[33m-[39m([33mA[39m[33m+
[39m[35m1[39m))[33m&&[39m[
33m![39m(u[33m>[39m[33mNe[
39m[33m&&[39mu[33m<[39m[33
mZe[39m[33m&&[39mb[33m>[39
m[33mNe[39m[33m&&[39mb[33m
<[39m[33mZe[39m)){[36mconst
[39m [33mE[39m[33m=[39mu[
33m*[39ms[33m+[39ms[33m/[3
9m[35m2[39m[33m,[39m[33mM
[39m[33m=[39mb[33m*[39ms[3
3m+[39ms[33m/[39m[35m2[39m
[33m;[39m[33mSe[39m[33m.[
39mpush([[33mE[39m[33m,[39m
[33mM[39m])}})})[33m;[39m[
36mconst[39m [33mJ[39m[33m=
[39m{}[33m;[39m[36mreturn[
39m [33mSe[39m[33m.[39mforE
ach(([y[33m,[39mu])[33m=>[3
9m{[33mJ[39m[y][33m?[39m[3
3mJ[39m[y][33m.[39mpush(u)[
33m:[39m[33mJ[39m[y][33m=[
39m[u]})[33m,[39m[33mObject
[39m[33m.[39mentries([33mJ[
39m)[33m.[39mmap(([y[33m,[3
9mu])[33m=>[39m{[36mconst[3
9m [33mO[39m[33m=[39mu[33m
.[39mfilter(b[33m=>[39mu[33
m.[39mevery([33mE[39m[33m=>
[39m[33m![39m[33mCe[39m(b
[33m,[39m[33mE[39m[33m,[39
ms)))[33m;[39m[36mreturn[39
m[[33mNumber[39m(y)[33m,[39
m[33mO[39m]})[33m.[39mforEa
ch(([y[33m,[39mu])[33m=>[39
m{u[33m.[39mforEach([33mO[3
9m[33m=>[39m{l[33m.[39mpush
(pe[32m`<circle cx="${y}" 
cy="${O}" fill="${a}" r="${s/Ve
}">`[39m)})})[33m,[39m[33mO
bject[39m[33m.[39mentries([
33mJ[39m)[33m.[39mfilter(([y
[33m,[39mu])[33m=>[39mu[33
m.[39mlength[33m>[39m[35m1
[39m)[33m.[39mmap(([y[33m,[
39mu])[33m=>[39m{[36mconst[
39m [33mO[39m[33m=[39mu[33
m.[39mfilter(b[33m=>[39mu[3
3m.[39msome([33mE[39m[33m=>
[39m[33mCe[39m(b[33m,[39m
[33mE[39m[33m,[39ms)))[33m;
[39m[36mreturn[39m[[33mNumb
er[39m(y)[33m,[39m[33mO[39
m]})[33m.[39mmap(([y[33m,[3
9mu])[33m=>[39m{u[33m.[39ms
ort((b[33m,[39m[33mE[39m)[
33m=>[39mb[33m<[39m[33mE[3
9m[33m?[39m[33m-[39m[35m1
[39m[33m:[39m[35m1[39m)[33
m;[39m[36mconst[39m [33mO[
39m[33m=[39m[][33m;[39m[36
mfor[39m([36mconst[39m b 
[36mof[39m 
u){[36mconst[39m [33mE[39m
[33m=[39m[33mO[39m[33m.[39
mfind([33mM[39m[33m=>[39m[
33mM[39m[33m.[39msome([33mV
[39m[33m=>[39m[33mCe[39m(b
[33m,[39m[33mV[39m[33m,[3
9ms)))[33m;[39m[33mE[39m[3
3m?[39m[33mE[39m[33m.[39mp
ush(b)[33m:[39m[33mO[39m[3
3m.[39mpush([b])}[36mreturn[
39m[y[33m,[39m[33mO[39m[33
m.[39mmap(b[33m=>[39m[b[[35
m0[39m][33m,[39mb[b[33m.[3
9mlength[33m-[39m[35m1[39m]
])]})[33m.[39mforEach(([y[33
m,[39mu])[33m=>[39m{u[33m.
[39mforEach(([[33mO[39m[33m,
[39mb])[33m=>[39m{l[33m.[3
9mpush(pe[32m`<line x1="${y}" 
x2="${y}" y1="${O}" y2="${b}" 
stroke="${a}" 
stroke-width="${s/(Ve/2)}" stro
ke-linecap="round">`[39m)})})
[33m,[39ml}}[33m,[39m[33mNt
[39m[33m=[39mg[32m`@keyfram
es fadeIn{0%{opacity:0}100%{opa
city:1}}div{position:relative;u
ser-select:none;display:block;o
verflow:hidden;aspect-ratio:1/1
;animation:fadeIn ease .2s}.wcm
-dark{background-color:#fff;bor
der-radius:var(--wcm-container-
border-radius);padding:18px;box
-shadow:0 2px 5px #000}svg:firs
t-child,wcm-wallet-image{positi
on:absolute;top:50%;left:50%;tr
ansform:translateY(-50%) transl
ateX(-50%)}wcm-wallet-image{tra
nsform:translateY(-50%) transla
teX(-50%)}wcm-wallet-image{widt
h:25%;height:25%;border-radius:
var(--wcm-wallet-icon-border-ra
dius)}svg:first-child{transform
:translateY(-50%) 
translateX(-50%) 
scale(.9)}svg:first-child path:
first-child{fill:var(--wcm-acce
nt-color)}svg:first-child path:
last-child{stroke:var(--wcm-col
or-overlay)}`[39m[33m;[39m[
36mvar[39m [33mZt[39m[33m=
[39m[33mObject[39m[33m.[39m
defineProperty[33m,[39m[33mS
t[39m[33m=[39m[33mObject[3
9m[33m.[39mgetOwnPropertyDesc
riptor[33m,[39mq[33m=[39m(e
[33m,[39mo[33m,[39mr[33m,
[39ma)[33m=>[39m{[36mfor[39
m([36mvar[39m t[33m=[39ma[
33m>[39m[35m1[39m[33m?[39m
[36mvoid[39m [35m0[39m[33m
:[39ma[33m?[39m[33mSt[39m(
o[33m,[39mr)[33m:[39mo[33m
,[39ml[33m=[39me[33m.[39ml
ength[33m-[39m[35m1[39m[33
m,[39mi[33m;[39ml[33m>=[39
m[35m0[39m[33m;[39ml[33m--
[39m)(i[33m=[39me[l])[33m&&
[39m(t[33m=[39m(a[33m?[39m
i(o[33m,[39mr[33m,[39mt)[3
3m:[39mi(t))[33m||[39mt)[33
m;[39m[36mreturn[39m a[33m&
&[39mt[33m&&[39m[33mZt[39m
(o[33m,[39mr[33m,[39mt)[33
m,[39mt}[33m;[39m[36mlet[3
9m j[33m=[39m[36mclass[39m 
[36mextends[39m w{constructor
(){[36msuper[39m([33m...[39
marguments)[33m,[39m[36mthis
[39m[33m.[39muri[33m=[39m
[32m""[39m[33m,[39m[36mthis
[39m[33m.[39msize[33m=[39m
[35m0[39m[33m,[39m[36mthis
[39m[33m.[39mimageId[33m=[
39m[36mvoid[39m [35m0[39m[
33m,[39m[36mthis[39m[33m.[
39mwalletId[33m=[39m[36mvoid
[39m [35m0[39m[33m,[39m[3
6mthis[39m[33m.[39mimageUrl
[33m=[39m[36mvoid[39m [35m0
[39m}svgTemplate(){[36mconst
[39m e[33m=[39m[33mX[39m[3
3m.[39mstate[33m.[39mthemeMo
de[33m===[39m[32m"light"[39
m[33m?[39m[36mthis[39m[33m
.[39msize[33m:[39m[36mthis
[39m[33m.[39msize[33m-[39m
[35m36[39m[33m;[39m[36mretu
rn[39m pe[32m`<svg 
height="${e}" width="${e}">${Dt
.generate(this.uri,e,e/4)}</svg
>`[39m}render(){[36mconst[39
m e[33m=[39m{[32m"wcm-dark"
[39m[33m:[39m[33mX[39m[33m
.[39mstate[33m.[39mthemeMode
[33m===[39m[32m"dark"[39m}
[33m;[39m[36mreturn[39m 
n[32m`<div style="${`width: 
${this.size}px`}" class="${P(e)
}">${this.walletId||this.imageU
rl?n`<wcm-wallet-image 
walletId="${k(this.walletId)}" 
imageId="${k(this.imageId)}" im
ageUrl="${k(this.imageUrl)}"></
wcm-wallet-image>`:v.WALLET_CON
NECT_ICON_COLORED} ${this.svgTe
mplate()}</div>`[39m}}[33m;[
39mj[33m.[39mstyles[33m=[39
m[h[33m.[39mglobalCss[33m,[
39m[33mNt[39m][33m,[39mq([d
()][33m,[39mj[33m.[39mproto
type[33m,[39m[32m"uri"[39m
[33m,[39m[35m2[39m)[33m,[3
9mq([d({type[33m:[39m[33mNum
ber[39m})][33m,[39mj[33m.[
39mprototype[33m,[39m[32m"si
ze"[39m[33m,[39m[35m2[39m)
[33m,[39mq([d()][33m,[39mj
[33m.[39mprototype[33m,[39m
[32m"imageId"[39m[33m,[39m[
35m2[39m)[33m,[39mq([d()][3
3m,[39mj[33m.[39mprototype[
33m,[39m[32m"walletId"[39m[
33m,[39m[35m2[39m)[33m,[39
mq([d()][33m,[39mj[33m.[39m
prototype[33m,[39m[32m"image
Url"[39m[33m,[39m[35m2[39m
)[33m,[39mj[33m=[39mq([p([
32m"wcm-qrcode"[39m)][33m,[3
9mj)[33m;[39m[36mconst[39m 
[33mBt[39m[33m=[39mg[32m`:
host{position:relative;height:2
8px;width:80%}input{width:100%;
height:100%;line-height:28px!im
portant;border-radius:var(--wcm
-input-border-radius);font-styl
e:normal;font-family:-apple-sys
tem,system-ui,BlinkMacSystemFon
t,'Segoe 
UI',Roboto,Ubuntu,'Helvetica Ne
ue',sans-serif;font-feature-set
tings:'case' on;font-weight:500
;font-size:16px;letter-spacing:
-.03em;padding:0 10px 0 
34px;transition:.2s all ease;co
lor:var(--wcm-color-fg-1);backg
round-color:var(--wcm-color-bg-
3);box-shadow:inset 0 0 0 1px v
ar(--wcm-color-overlay);caret-c
olor:var(--wcm-accent-color)}in
put::placeholder{color:var(--wc
m-color-fg-2)}svg{left:10px;top
:4px;pointer-events:none;positi
on:absolute;width:20px;height:2
0px}input:focus-within{box-shad
ow:inset 0 0 0 1px var(--wcm-ac
cent-color)}path{fill:var(--wcm
-color-fg-2)}`[39m[33m;[39m
[36mvar[39m [33mUt[39m[33m=
[39m[33mObject[39m[33m.[39
mdefineProperty[33m,[39m[33m
Ht[39m[33m=[39m[33mObject[
39m[33m.[39mgetOwnPropertyDes
criptor[33m,[39m[33mFe[39m
[33m=[39m(e[33m,[39mo[33m,
[39mr[33m,[39ma)[33m=>[39m{
[36mfor[39m([36mvar[39m t[
33m=[39ma[33m>[39m[35m1[39
m[33m?[39m[36mvoid[39m [35
m0[39m[33m:[39ma[33m?[39m
[33mHt[39m(o[33m,[39mr)[33m
:[39mo[33m,[39ml[33m=[39me
[33m.[39mlength[33m-[39m[3
5m1[39m[33m,[39mi[33m;[39m
l[33m>=[39m[35m0[39m[33m;
[39ml[33m--[39m)(i[33m=[39m
e[l])[33m&&[39m(t[33m=[39m(
a[33m?[39mi(o[33m,[39mr[33
m,[39mt)[33m:[39mi(t))[33m|
|[39mt)[33m;[39m[36mreturn
[39m a[33m&&[39mt[33m&&[39m
[33mUt[39m(o[33m,[39mr[33m
,[39mt)[33m,[39mt}[33m;[39
m[36mlet[39m 
ce[33m=[39m[36mclass[39m 
[36mextends[39m w{constructor
(){[36msuper[39m([33m...[39
marguments)[33m,[39m[36mthis
[39m[33m.[39monChange[33m=
[39m()[33m=>[39m[36mnull[39
m}render(){[36mreturn[39m 
n[32m`<input type="text" 
@input="${this.onChange}" 
placeholder="Search wallets"> $
{v.SEARCH_ICON}`[39m}}[33m;[
39mce[33m.[39mstyles[33m=[3
9m[h[33m.[39mglobalCss[33m,
[39m[33mBt[39m][33m,[39m[3
3mFe[39m([d()][33m,[39mce[3
3m.[39mprototype[33m,[39m[3
2m"onChange"[39m[33m,[39m[3
5m2[39m)[33m,[39mce[33m=[3
9m[33mFe[39m([p([32m"wcm-sea
rch-input"[39m)][33m,[39mce)
[33m;[39m[36mconst[39m 
zt[33m=[39mg[32m`@keyframes 
rotate{100%{transform:rotate(36
0deg)}}@keyframes dash{0%{strok
e-dasharray:1,150;stroke-dashof
fset:0}50%{stroke-dasharray:90,
150;stroke-dashoffset:-35}100%{
stroke-dasharray:90,150;stroke-
dashoffset:-124}}svg{animation:
rotate 2s linear infinite;displ
ay:flex;justify-content:center;
align-items:center}svg circle{s
troke-linecap:round;animation:d
ash 1.5s ease infinite;stroke:v
ar(--wcm-accent-color)}`[39m[
33m;[39m[36mvar[39m [33mVt
[39m[33m=[39m[33mObject[39m
[33m.[39mdefineProperty[33m,
[39m[33mFt[39m[33m=[39m[3
3mObject[39m[33m.[39mgetOwnP
ropertyDescriptor[33m,[39mqt
[33m=[39m(e[33m,[39mo[33m,
[39mr[33m,[39ma)[33m=>[39m{
[36mfor[39m([36mvar[39m t[
33m=[39ma[33m>[39m[35m1[39
m[33m?[39m[36mvoid[39m [35
m0[39m[33m:[39ma[33m?[39m
[33mFt[39m(o[33m,[39mr)[33m
:[39mo[33m,[39ml[33m=[39me
[33m.[39mlength[33m-[39m[3
5m1[39m[33m,[39mi[33m;[39m
l[33m>=[39m[35m0[39m[33m;
[39ml[33m--[39m)(i[33m=[39m
e[l])[33m&&[39m(t[33m=[39m(
a[33m?[39mi(o[33m,[39mr[33
m,[39mt)[33m:[39mi(t))[33m|
|[39mt)[33m;[39m[36mreturn
[39m a[33m&&[39mt[33m&&[39m
[33mVt[39m(o[33m,[39mr[33m
,[39mt)[33m,[39mt}[33m;[39
m[36mlet[39m 
ke[33m=[39m[36mclass[39m 
[36mextends[39m 
w{render(){[36mreturn[39m 
n[32m`<svg viewBox="0 0 50 
50" width="24" 
height="24"><circle cx="25" 
cy="25" r="20" fill="none" 
stroke-width="4" stroke="#fff"/
></svg>`[39m}}[33m;[39mke[3
3m.[39mstyles[33m=[39m[h[33
m.[39mglobalCss[33m,[39mzt]
[33m,[39mke[33m=[39mqt([p([
32m"wcm-spinner"[39m)][33m,[
39mke)[33m;[39m[36mconst[39
m [33mQt[39m[33m=[39mg[32m
`span{font-style:normal;font-fa
mily:var(--wcm-font-family);fon
t-feature-settings:var(--wcm-fo
nt-feature-settings)}.wcm-xsmal
l-bold{font-family:var(--wcm-te
xt-xsmall-bold-font-family);fon
t-weight:var(--wcm-text-xsmall-
bold-weight);font-size:var(--wc
m-text-xsmall-bold-size);line-h
eight:var(--wcm-text-xsmall-bol
d-line-height);letter-spacing:v
ar(--wcm-text-xsmall-bold-lette
r-spacing);text-transform:var(-
-wcm-text-xsmall-bold-text-tran
sform)}.wcm-xsmall-regular{font
-family:var(--wcm-text-xsmall-r
egular-font-family);font-weight
:var(--wcm-text-xsmall-regular-
weight);font-size:var(--wcm-tex
t-xsmall-regular-size);line-hei
ght:var(--wcm-text-xsmall-regul
ar-line-height);letter-spacing:
var(--wcm-text-xsmall-regular-l
etter-spacing);text-transform:v
ar(--wcm-text-xsmall-regular-te
xt-transform)}.wcm-small-thin{f
ont-family:var(--wcm-text-small
-thin-font-family);font-weight:
var(--wcm-text-small-thin-weigh
t);font-size:var(--wcm-text-sma
ll-thin-size);line-height:var(-
-wcm-text-small-thin-line-heigh
t);letter-spacing:var(--wcm-tex
t-small-thin-letter-spacing);te
xt-transform:var(--wcm-text-sma
ll-thin-text-transform)}.wcm-sm
all-regular{font-family:var(--w
cm-text-small-regular-font-fami
ly);font-weight:var(--wcm-text-
small-regular-weight);font-size
:var(--wcm-text-small-regular-s
ize);line-height:var(--wcm-text
-small-regular-line-height);let
ter-spacing:var(--wcm-text-smal
l-regular-letter-spacing);text-
transform:var(--wcm-text-small-
regular-text-transform)}.wcm-me
dium-regular{font-family:var(--
wcm-text-medium-regular-font-fa
mily);font-weight:var(--wcm-tex
t-medium-regular-weight);font-s
ize:var(--wcm-text-medium-regul
ar-size);line-height:var(--wcm-
text-medium-regular-line-height
);letter-spacing:var(--wcm-text
-medium-regular-letter-spacing)
;text-transform:var(--wcm-text-
medium-regular-text-transform)}
.wcm-big-bold{font-family:var(-
-wcm-text-big-bold-font-family)
;font-weight:var(--wcm-text-big
-bold-weight);font-size:var(--w
cm-text-big-bold-size);line-hei
ght:var(--wcm-text-big-bold-lin
e-height);letter-spacing:var(--
wcm-text-big-bold-letter-spacin
g);text-transform:var(--wcm-tex
t-big-bold-text-transform)}:hos
t(*){color:var(--wcm-color-fg-1
)}.wcm-color-primary{color:var(
--wcm-color-fg-1)}.wcm-color-se
condary{color:var(--wcm-color-f
g-2)}.wcm-color-tertiary{color:
var(--wcm-color-fg-3)}.wcm-colo
r-inverse{color:var(--wcm-accen
t-fill-color)}.wcm-color-accnt{
color:var(--wcm-accent-color)}.
wcm-color-error{color:var(--wcm
-error-color)}`[39m[33m;[39m
[36mvar[39m [33mKt[39m[33m
=[39m[33mObject[39m[33m.[3
9mdefineProperty[33m,[39m[33
mYt[39m[33m=[39m[33mObject
[39m[33m.[39mgetOwnPropertyDe
scriptor[33m,[39m[33mOe[39m
[33m=[39m(e[33m,[39mo[33m,
[39mr[33m,[39ma)[33m=>[39m
{[36mfor[39m([36mvar[39m t
[33m=[39ma[33m>[39m[35m1[3
9m[33m?[39m[36mvoid[39m [3
5m0[39m[33m:[39ma[33m?[39m
[33mYt[39m(o[33m,[39mr)[33
m:[39mo[33m,[39ml[33m=[39m
e[33m.[39mlength[33m-[39m[
35m1[39m[33m,[39mi[33m;[39
ml[33m>=[39m[35m0[39m[33m;
[39ml[33m--[39m)(i[33m=[39
me[l])[33m&&[39m(t[33m=[39m
(a[33m?[39mi(o[33m,[39mr[3
3m,[39mt)[33m:[39mi(t))[33m
||[39mt)[33m;[39m[36mreturn
[39m a[33m&&[39mt[33m&&[39
m[33mKt[39m(o[33m,[39mr[33
m,[39mt)[33m,[39mt}[33m;[3
9m[36mlet[39m 
re[33m=[39m[36mclass[39m 
[36mextends[39m w{constructor
(){[36msuper[39m([33m...[39
marguments)[33m,[39m[36mthis
[39m[33m.[39mvariant[33m=[
39m[32m"medium-regular"[39m[
33m,[39m[36mthis[39m[33m.[
39mcolor[33m=[39m[32m"primar
y"[39m}render(){[36mconst[39
m e[33m=[39m{[32m"wcm-big-bo
ld"[39m[33m:[39m[36mthis[3
9m[33m.[39mvariant[33m===[3
9m[32m"big-bold"[39m[33m,[3
9m[32m"wcm-medium-regular"[39
m[33m:[39m[36mthis[39m[33m
.[39mvariant[33m===[39m[32m
"medium-regular"[39m[33m,[39
m[32m"wcm-small-regular"[39m
[33m:[39m[36mthis[39m[33m.
[39mvariant[33m===[39m[32m"s
mall-regular"[39m[33m,[39m[
32m"wcm-small-thin"[39m[33m:
[39m[36mthis[39m[33m.[39mva
riant[33m===[39m[32m"small-t
hin"[39m[33m,[39m[32m"wcm-x
small-regular"[39m[33m:[39m
[36mthis[39m[33m.[39mvariant
[33m===[39m[32m"xsmall-regul
ar"[39m[33m,[39m[32m"wcm-xs
mall-bold"[39m[33m:[39m[36m
this[39m[33m.[39mvariant[33
m===[39m[32m"xsmall-bold"[39
m[33m,[39m[32m"wcm-color-pri
mary"[39m[33m:[39m[36mthis
[39m[33m.[39mcolor[33m===[3
9m[32m"primary"[39m[33m,[39
m[32m"wcm-color-secondary"[39
m[33m:[39m[36mthis[39m[33m
.[39mcolor[33m===[39m[32m"s
econdary"[39m[33m,[39m[32m"
wcm-color-tertiary"[39m[33m:
[39m[36mthis[39m[33m.[39mco
lor[33m===[39m[32m"tertiary"
[39m[33m,[39m[32m"wcm-color
-inverse"[39m[33m:[39m[36mt
his[39m[33m.[39mcolor[33m==
=[39m[32m"inverse"[39m[33m,
[39m[32m"wcm-color-accnt"[39
m[33m:[39m[36mthis[39m[33m
.[39mcolor[33m===[39m[32m"a
ccent"[39m[33m,[39m[32m"wcm
-color-error"[39m[33m:[39m[
36mthis[39m[33m.[39mcolor[3
3m===[39m[32m"error"[39m}[3
3m;[39m[36mreturn[39m 
n[32m`<span><slot class="${P(e
)}"></slot></span>`[39m}}[33m
;[39mre[33m.[39mstyles[33m=
[39m[h[33m.[39mglobalCss[33
m,[39m[33mQt[39m][33m,[39m
[33mOe[39m([d()][33m,[39mre
[33m.[39mprototype[33m,[39m
[32m"variant"[39m[33m,[39m
[35m2[39m)[33m,[39m[33mOe[
39m([d()][33m,[39mre[33m.[3
9mprototype[33m,[39m[32m"col
or"[39m[33m,[39m[35m2[39m)
[33m,[39mre[33m=[39m[33mOe
[39m([p([32m"wcm-text"[39m)]
[33m,[39mre)[33m;[39m[36mc
onst[39m [33mGt[39m[33m=[3
9mg[32m`button{width:100%;heig
ht:100%;border-radius:var(--wcm
-button-hover-highlight-border-
radius);display:flex;align-item
s:flex-start}button:active{back
ground-color:var(--wcm-color-ov
erlay)}@media(hover:hover){butt
on:hover{background-color:var(-
-wcm-color-overlay)}}button>div
{width:80px;padding:5px 0;displ
ay:flex;flex-direction:column;a
lign-items:center}wcm-text{widt
h:100%;white-space:nowrap;overf
low:hidden;text-overflow:ellips
is;text-align:center}wcm-wallet
-image{height:60px;width:60px;t
ransition:all .2s ease;border-r
adius:var(--wcm-wallet-icon-bor
der-radius);margin-bottom:5px}.
wcm-sublabel{margin-top:2px}`[
39m[33m;[39m[36mvar[39m [3
3mXt[39m[33m=[39m[33mObject
[39m[33m.[39mdefineProperty
[33m,[39m[33mJt[39m[33m=[3
9m[33mObject[39m[33m.[39mge
tOwnPropertyDescriptor[33m,[3
9m_[33m=[39m(e[33m,[39mo[3
3m,[39mr[33m,[39ma)[33m=>[
39m{[36mfor[39m([36mvar[39m
 t[33m=[39ma[33m>[39m[35m1
[39m[33m?[39m[36mvoid[39m 
[35m0[39m[33m:[39ma[33m?[
39m[33mJt[39m(o[33m,[39mr)
[33m:[39mo[33m,[39ml[33m=[
39me[33m.[39mlength[33m-[39
m[35m1[39m[33m,[39mi[33m;
[39ml[33m>=[39m[35m0[39m[3
3m;[39ml[33m--[39m)(i[33m=
[39me[l])[33m&&[39m(t[33m=[
39m(a[33m?[39mi(o[33m,[39mr
[33m,[39mt)[33m:[39mi(t))[
33m||[39mt)[33m;[39m[36mret
urn[39m a[33m&&[39mt[33m&&
[39m[33mXt[39m(o[33m,[39mr
[33m,[39mt)[33m,[39mt}[33m;
[39m[36mlet[39m [33mL[39m
[33m=[39m[36mclass[39m 
[36mextends[39m w{constructor
(){[36msuper[39m([33m...[39
marguments)[33m,[39m[36mthis
[39m[33m.[39monClick[33m=[
39m()[33m=>[39m[36mnull[39m
[33m,[39m[36mthis[39m[33m.
[39mname[33m=[39m[32m""[39
m[33m,[39m[36mthis[39m[33m
.[39mwalletId[33m=[39m[32m"
"[39m[33m,[39m[36mthis[39m
[33m.[39mlabel[33m=[39m[36
mvoid[39m [35m0[39m[33m,[3
9m[36mthis[39m[33m.[39mimag
eId[33m=[39m[36mvoid[39m [
35m0[39m[33m,[39m[36mthis[
39m[33m.[39minstalled[33m=[
39m[33m![39m[35m1[39m[33m,
[39m[36mthis[39m[33m.[39mr
ecent[33m=[39m[33m![39m[35
m1[39m}sublabelTemplate(){[36
mreturn[39m [36mthis[39m[33
m.[39mrecent[33m?[39mn[32m`
<wcm-text class="wcm-sublabel" 
variant="xsmall-bold" color="te
rtiary">RECENT</wcm-text>`[39m
[33m:[39m[36mthis[39m[33m.
[39minstalled[33m?[39mn[32m
`<wcm-text 
class="wcm-sublabel" 
variant="xsmall-bold" color="te
rtiary">INSTALLED</wcm-text>`[
39m[33m:[39m[36mnull[39m}ha
ndleClick(){[33mXe[39m[33m.
[39mclick({name[33m:[39m[32m
"WALLET_BUTTON"[39m[33m,[39m
walletId[33m:[39m[36mthis[3
9m[33m.[39mwalletId})[33m,[
39m[36mthis[39m[33m.[39monC
lick()}render(){[36mvar[39m 
e[33m;[39m[36mreturn[39m 
n[32m`<button @click="${this.h
andleClick.bind(this)}"><div><w
cm-wallet-image 
walletId="${this.walletId}" ima
geId="${k(this.imageId)}"></wcm
-wallet-image><wcm-text variant
="xsmall-regular">${(e=this.lab
el)!=null?e:c.getWalletName(thi
s.name,!0)}</wcm-text>${this.su
blabelTemplate()}</div></button
>`[39m}}[33m;[39m[33mL[39m
[33m.[39mstyles[33m=[39m[h
[33m.[39mglobalCss[33m,[39m
[33mGt[39m][33m,[39m_([d()]
[33m,[39m[33mL[39m[33m.[39
mprototype[33m,[39m[32m"onCl
ick"[39m[33m,[39m[35m2[39m
)[33m,[39m_([d()][33m,[39m
[33mL[39m[33m.[39mprototype
[33m,[39m[32m"name"[39m[33m
,[39m[35m2[39m)[33m,[39m_(
[d()][33m,[39m[33mL[39m[33
m.[39mprototype[33m,[39m[32
m"walletId"[39m[33m,[39m[35
m2[39m)[33m,[39m_([d()][33m
,[39m[33mL[39m[33m.[39mpro
totype[33m,[39m[32m"label"[
39m[33m,[39m[35m2[39m)[33m
,[39m_([d()][33m,[39m[33mL
[39m[33m.[39mprototype[33m,
[39m[32m"imageId"[39m[33m,[
39m[35m2[39m)[33m,[39m_([d(
{type[33m:[39m[33mBoolean[3
9m})][33m,[39m[33mL[39m[33
m.[39mprototype[33m,[39m[32
m"installed"[39m[33m,[39m[3
5m2[39m)[33m,[39m_([d({type
[33m:[39m[33mBoolean[39m})]
[33m,[39m[33mL[39m[33m.[39
mprototype[33m,[39m[32m"rece
nt"[39m[33m,[39m[35m2[39m)
[33m,[39m[33mL[39m[33m=[3
9m_([p([32m"wcm-wallet-button"
[39m)][33m,[39m[33mL[39m)
[33m;[39m[36mconst[39m eo[3
3m=[39mg[32m`:host{display:bl
ock}div{overflow:hidden;positio
n:relative;border-radius:inheri
t;width:100%;height:100%;backgr
ound-color:var(--wcm-color-over
lay)}svg{position:relative;widt
h:100%;height:100%}div::after{c
ontent:'';position:absolute;top
:0;bottom:0;left:0;right:0;bord
er-radius:inherit;border:1px 
solid 
var(--wcm-color-overlay)}div im
g{width:100%;height:100%;object
-fit:cover;object-position:cent
er}#wallet-placeholder-fill{fil
l:var(--wcm-color-bg-3)}#wallet
-placeholder-dash{stroke:var(--
wcm-color-overlay)}`[39m[33m;
[39m[36mvar[39m to[33m=[39
m[33mObject[39m[33m.[39mdef
ineProperty[33m,[39moo[33m=
[39m[33mObject[39m[33m.[39m
getOwnPropertyDescriptor[33m,
[39mse[33m=[39m(e[33m,[39mo
[33m,[39mr[33m,[39ma)[33m=
>[39m{[36mfor[39m([36mvar[
39m t[33m=[39ma[33m>[39m[3
5m1[39m[33m?[39m[36mvoid[3
9m [35m0[39m[33m:[39ma[33m
?[39moo(o[33m,[39mr)[33m:[
39mo[33m,[39ml[33m=[39me[3
3m.[39mlength[33m-[39m[35m1
[39m[33m,[39mi[33m;[39ml[
33m>=[39m[35m0[39m[33m;[39
ml[33m--[39m)(i[33m=[39me[l
])[33m&&[39m(t[33m=[39m(a[
33m?[39mi(o[33m,[39mr[33m,
[39mt)[33m:[39mi(t))[33m||[
39mt)[33m;[39m[36mreturn[39
m a[33m&&[39mt[33m&&[39mto(
o[33m,[39mr[33m,[39mt)[33m
,[39mt}[33m;[39m[36mlet[39
m [33mQ[39m[33m=[39m[36mcl
ass[39m [36mextends[39m w{co
nstructor(){[36msuper[39m([3
3m...[39marguments)[33m,[39m
[36mthis[39m[33m.[39mwallet
Id[33m=[39m[32m""[39m[33m,
[39m[36mthis[39m[33m.[39mi
mageId[33m=[39m[36mvoid[39m
 [35m0[39m[33m,[39m[36mthi
s[39m[33m.[39mimageUrl[33m=
[39m[36mvoid[39m [35m0[39m
}render(){[36mvar[39m 
e[33m;[39m[36mconst[39m o[
33m=[39m(e[33m=[39m[36mthis
[39m[33m.[39mimageUrl)[33m!
=[39m[36mnull[39m[33m&&[39
me[33m.[39mlength[33m?[39m
[36mthis[39m[33m.[39mimageUr
l[33m:[39mc[33m.[39mgetWall
etIcon({id[33m:[39m[36mthis
[39m[33m.[39mwalletId[33m,[
39mimage_id[33m:[39m[36mthis
[39m[33m.[39mimageId})[33m;
[39m[36mreturn[39m 
n[32m`${o.length?n`<div><img 
crossorigin="anonymous" 
src="${o}" alt="${this.id}"></d
iv>`:v.WALLET_PLACEHOLDER}`[39
m}}[33m;[39m[33mQ[39m[33m.
[39mstyles[33m=[39m[h[33m.
[39mglobalCss[33m,[39meo][33
m,[39mse([d()][33m,[39m[33m
Q[39m[33m.[39mprototype[33m
,[39m[32m"walletId"[39m[33m
,[39m[35m2[39m)[33m,[39mse
([d()][33m,[39m[33mQ[39m[3
3m.[39mprototype[33m,[39m[3
2m"imageId"[39m[33m,[39m[35
m2[39m)[33m,[39mse([d()][33
m,[39m[33mQ[39m[33m.[39mpr
ototype[33m,[39m[32m"imageUr
l"[39m[33m,[39m[35m2[39m)
[33m,[39m[33mQ[39m[33m=[39
mse([p([32m"wcm-wallet-image"
[39m)][33m,[39m[33mQ[39m)[
33m;[39m[36mvar[39m ro[33m=
[39m[33mObject[39m[33m.[39
mdefineProperty[33m,[39mao[3
3m=[39m[33mObject[39m[33m.
[39mgetOwnPropertyDescriptor[3
3m,[39mqe[33m=[39m(e[33m,[
39mo[33m,[39mr[33m,[39ma)[
33m=>[39m{[36mfor[39m([36mv
ar[39m t[33m=[39ma[33m>[39
m[35m1[39m[33m?[39m[36mvoi
d[39m [35m0[39m[33m:[39ma
[33m?[39mao(o[33m,[39mr)[33
m:[39mo[33m,[39ml[33m=[39m
e[33m.[39mlength[33m-[39m[
35m1[39m[33m,[39mi[33m;[39
ml[33m>=[39m[35m0[39m[33m;
[39ml[33m--[39m)(i[33m=[39
me[l])[33m&&[39m(t[33m=[39m
(a[33m?[39mi(o[33m,[39mr[3
3m,[39mt)[33m:[39mi(t))[33m
||[39mt)[33m;[39m[36mreturn
[39m a[33m&&[39mt[33m&&[39
mro(o[33m,[39mr[33m,[39mt)
[33m,[39mt}[33m;[39m[36mlet
[39m [33mWe[39m[33m=[39m[
36mclass[39m 
[36mextends[39m w{constructor
(){[36msuper[39m()[33m,[39m
[36mthis[39m[33m.[39mpreloa
d[33m=[39m[33m![39m[35m0[
39m[33m,[39m[36mthis[39m[3
3m.[39mpreloadData()}[36masyn
c[39m loadImages(e){[36mtry[
39m{e[33m!=[39m[36mnull[39m
[33m&&[39me[33m.[39mlength
[33m&&[39m[36mawait[39m [33
mPromise[39m[33m.[39mall(e[
33m.[39mmap([36masync[39m o
[33m=>[39mc[33m.[39mpreloadI
mage(o)))}[36mcatch[39m{conso
le[33m.[39minfo([32m"Unsucce
ssful attempt at preloading 
some images"[39m[33m,[39me)}
}[36masync[39m preloadListing
s(){[36mif[39m(z[33m.[39mst
ate[33m.[39menableExplorer){
[36mawait[39m [33mW[39m[33m
.[39mgetRecomendedWallets()[3
3m,[39m[33mR[39m[33m.[39ms
etIsDataLoaded([33m![39m[35m
0[39m)[33m;[39m[36mconst[3
9m{recomendedWallets[33m:[39m
e}[33m=[39m[33mW[39m[33m.
[39mstate[33m,[39mo[33m=[39
me[33m.[39mmap(r[33m=>[39mc
[33m.[39mgetWalletIcon(r))[3
3m;[39m[36mawait[39m [36mth
is[39m[33m.[39mloadImages(o)
}[36melse[39m [33mR[39m[33
m.[39msetIsDataLoaded([33m![
39m[35m0[39m)}[36masync[39m
 preloadCustomImages(){[36mcon
st[39m e[33m=[39mc[33m.[39
mgetCustomImageUrls()[33m;[39
m[36mawait[39m [36mthis[39m
[33m.[39mloadImages(e)}[36ma
sync[39m preloadData(){[36mtr
y[39m{[36mthis[39m[33m.[39
mpreload[33m&&[39m([36mthis
[39m[33m.[39mpreload[33m=[3
9m[33m![39m[35m1[39m[33m,
[39m[36mawait[39m [33mPromis
e[39m[33m.[39mall([[36mthis
[39m[33m.[39mpreloadListings
()[33m,[39m[36mthis[39m[33
m.[39mpreloadCustomImages()]))
}[36mcatch[39m(e){console[33
m.[39merror(e)[33m,[39m[33m
N[39m[33m.[39mopenToast([32
m"Failed preloading"[39m[33m,
[39m[32m"error"[39m)}}}[33m
;[39mqe([[33mI[39m()][33m,
[39m[33mWe[39m[33m.[39mprot
otype[33m,[39m[32m"preload"
[39m[33m,[39m[35m2[39m)[33
m,[39m[33mWe[39m[33m=[39mq
e([p([32m"wcm-explorer-context
"[39m)][33m,[39m[33mWe[39m
)[33m;[39m[36mvar[39m lo[3
3m=[39m[33mObject[39m[33m.
[39mdefineProperty[33m,[39mio
[33m=[39m[33mObject[39m[33
m.[39mgetOwnPropertyDescriptor
[33m,[39mno[33m=[39m(e[33m
,[39mo[33m,[39mr[33m,[39ma
)[33m=>[39m{[36mfor[39m([3
6mvar[39m t[33m=[39ma[33m>
[39m[35m1[39m[33m?[39m[36m
void[39m [35m0[39m[33m:[39
ma[33m?[39mio(o[33m,[39mr)
[33m:[39mo[33m,[39ml[33m=[
39me[33m.[39mlength[33m-[39
m[35m1[39m[33m,[39mi[33m;
[39ml[33m>=[39m[35m0[39m[3
3m;[39ml[33m--[39m)(i[33m=
[39me[l])[33m&&[39m(t[33m=[
39m(a[33m?[39mi(o[33m,[39mr
[33m,[39mt)[33m:[39mi(t))[
33m||[39mt)[33m;[39m[36mret
urn[39m a[33m&&[39mt[33m&&
[39mlo(o[33m,[39mr[33m,[39m
t)[33m,[39mt}[33m;[39m[36m
let[39m [33mQe[39m[33m=[39
m[36mclass[39m 
[36mextends[39m w{constructor
(){[36msuper[39m()[33m,[39m
[36mthis[39m[33m.[39munsubs
cribeTheme[33m=[39m[36mvoid
[39m [35m0[39m[33m,[39mh[3
3m.[39msetTheme()[33m,[39m[
36mthis[39m[33m.[39munsubscr
ibeTheme[33m=[39m[33mX[39m
[33m.[39msubscribe(h[33m.[39
msetTheme)}disconnectedCallback
(){[36mvar[39m e[33m;[39m(e
[33m=[39m[36mthis[39m[33m.
[39munsubscribeTheme)[33m==[
39m[36mnull[39m[33m||[39me
[33m.[39mcall([36mthis[39m)}
}[33m;[39m[33mQe[39m[33m=
[39mno([p([32m"wcm-theme-conte
xt"[39m)][33m,[39m[33mQe[3
9m)[33m;[39m[36mconst[39m 
co[33m=[39mg[32m`@keyframes 
scroll{0%{transform:translate3d
(0,0,0)}100%{transform:translat
e3d(calc(-70px * 9),0,0)}}.wcm-
slider{position:relative;overfl
ow-x:hidden;padding:10px 
0;margin:0 
-20px;width:calc(100% + 40px)}.
wcm-track{display:flex;width:ca
lc(70px * 18);animation:scroll 
20s linear 
infinite;opacity:.7}.wcm-track 
svg{margin:0 5px}wcm-wallet-ima
ge{width:60px;height:60px;margi
n:0 5px;border-radius:var(--wcm
-wallet-icon-border-radius)}.wc
m-grid{display:grid;grid-templa
te-columns:repeat(4,80px);justi
fy-content:space-between}.wcm-t
itle{display:flex;align-items:c
enter;margin-bottom:10px}.wcm-t
itle svg{margin-right:6px}.wcm-
title path{fill:var(--wcm-accen
t-color)}wcm-modal-footer 
.wcm-title{padding:0 10px}wcm-b
utton-big{position:absolute;top
:50%;left:50%;transform:transla
teY(-50%) translateX(-50%);filt
er:drop-shadow(0 0 17px var(--w
cm-color-bg-1))}wcm-info-footer
{flex-direction:column;align-it
ems:center;display:flex;width:1
00%;padding:5px 
0}wcm-info-footer wcm-text{text
-align:center;margin-bottom:15p
x}#wallet-placeholder-fill{fill
:var(--wcm-color-bg-3)}#wallet-
placeholder-dash{stroke:var(--w
cm-color-overlay)}`[39m[33m;
[39m[36mvar[39m so[33m=[39m
[33mObject[39m[33m.[39mdefi
neProperty[33m,[39mmo[33m=[
39m[33mObject[39m[33m.[39mg
etOwnPropertyDescriptor[33m,[
39mho[33m=[39m(e[33m,[39mo
[33m,[39mr[33m,[39ma)[33m=>
[39m{[36mfor[39m([36mvar[3
9m t[33m=[39ma[33m>[39m[35
m1[39m[33m?[39m[36mvoid[39
m [35m0[39m[33m:[39ma[33m?
[39mmo(o[33m,[39mr)[33m:[3
9mo[33m,[39ml[33m=[39me[33
m.[39mlength[33m-[39m[35m1
[39m[33m,[39mi[33m;[39ml[3
3m>=[39m[35m0[39m[33m;[39m
l[33m--[39m)(i[33m=[39me[l]
)[33m&&[39m(t[33m=[39m(a[3
3m?[39mi(o[33m,[39mr[33m,[
39mt)[33m:[39mi(t))[33m||[3
9mt)[33m;[39m[36mreturn[39m
 a[33m&&[39mt[33m&&[39mso(o
[33m,[39mr[33m,[39mt)[33m,
[39mt}[33m;[39m[36mlet[39m
 [33mIe[39m[33m=[39m[36mcl
ass[39m [36mextends[39m w{on
GoToQrcode(){x[33m.[39mpush(
[32m"Qrcode"[39m)}render(){[3
6mconst[39m{recomendedWallets
[33m:[39me}[33m=[39m[33mW[
39m[33m.[39mstate[33m,[39mo
[33m=[39m[[33m...[39me[33m
,[39m[33m...[39me][33m,[39
mr[33m=[39mm[33m.[39m[33mR
ECOMMENDED_WALLET_AMOUNT[39m[
33m*[39m[35m2[39m[33m;[39m
[36mreturn[39m 
n[32m`<wcm-modal-header 
title="Connect your wallet" .on
Action="${this.onGoToQrcode}" .
actionIcon="${v.QRCODE_ICON}"><
/wcm-modal-header><wcm-modal-co
ntent><div class="wcm-title">${
v.MOBILE_ICON}<wcm-text 
variant="small-regular" color="
accent">WalletConnect</wcm-text
></div><div 
class="wcm-slider"><div class="
wcm-track">${[...Array(r)].map(
(a,t)=>{const 
l=o[t%o.length];return 
l?n`<wcm-wallet-image 
walletId="${l.id}" imageId="${l
.image_id}"></wcm-wallet-image>
`:v.WALLET_PLACEHOLDER})}</div>
<wcm-button-big @click="${c.han
dleAndroidLinking}"><wcm-text 
variant="medium-regular" 
color="inverse">Select Wallet</
wcm-text></wcm-button-big></div
></wcm-modal-content><wcm-info-
footer><wcm-text 
color="secondary" 
variant="small-thin">Choose 
WalletConnect to see supported 
apps on your device</wcm-text><
/wcm-info-footer>`[39m}}[33m;
[39m[33mIe[39m[33m.[39msty
les[33m=[39m[h[33m.[39mglob
alCss[33m,[39mco][33m,[39m
[33mIe[39m[33m=[39mho([p([3
2m"wcm-android-wallet-selection
"[39m)][33m,[39m[33mIe[39m
)[33m;[39m[36mconst[39m 
wo[33m=[39mg[32m`@keyframes 
loading{to{stroke-dashoffset:0}
}@keyframes shake{10%,90%{trans
form:translate3d(-1px,0,0)}20%,
80%{transform:translate3d(1px,0
,0)}30%,50%,70%{transform:trans
late3d(-2px,0,0)}40%,60%{transf
orm:translate3d(2px,0,0)}}:host
{display:flex;flex-direction:co
lumn;align-items:center}div{pos
ition:relative;width:110px;heig
ht:110px;display:flex;justify-c
ontent:center;align-items:cente
r;margin:40px 0 20px 0;transfor
m:translate3d(0,0,0)}svg{positi
on:absolute;width:110px;height:
110px;fill:none;stroke:transpar
ent;stroke-linecap:round;stroke
-width:2px;top:0;left:0}use{str
oke:var(--wcm-accent-color);ani
mation:loading 1s linear infini
te}wcm-wallet-image{border-radi
us:var(--wcm-wallet-icon-large-
border-radius);width:90px;heigh
t:90px}wcm-text{margin-bottom:4
0px}.wcm-error svg{stroke:var(-
-wcm-error-color)}.wcm-error us
e{display:none}.wcm-error{anima
tion:shake .4s 
cubic-bezier(.36,.07,.19,.97) 
both}.wcm-stale svg,.wcm-stale 
use{display:none}`[39m[33m;[
39m[36mvar[39m po[33m=[39m
[33mObject[39m[33m.[39mdefin
eProperty[33m,[39mgo[33m=[3
9m[33mObject[39m[33m.[39mge
tOwnPropertyDescriptor[33m,[3
9m[33mK[39m[33m=[39m(e[33m
,[39mo[33m,[39mr[33m,[39ma
)[33m=>[39m{[36mfor[39m([3
6mvar[39m t[33m=[39ma[33m>
[39m[35m1[39m[33m?[39m[36m
void[39m [35m0[39m[33m:[39
ma[33m?[39mgo(o[33m,[39mr)
[33m:[39mo[33m,[39ml[33m=[
39me[33m.[39mlength[33m-[39
m[35m1[39m[33m,[39mi[33m;
[39ml[33m>=[39m[35m0[39m[3
3m;[39ml[33m--[39m)(i[33m=
[39me[l])[33m&&[39m(t[33m=[
39m(a[33m?[39mi(o[33m,[39mr
[33m,[39mt)[33m:[39mi(t))[
33m||[39mt)[33m;[39m[36mret
urn[39m a[33m&&[39mt[33m&&
[39mpo(o[33m,[39mr[33m,[39m
t)[33m,[39mt}[33m;[39m[36m
let[39m [33mD[39m[33m=[39m
[36mclass[39m 
[36mextends[39m w{constructor
(){[36msuper[39m([33m...[39
marguments)[33m,[39m[36mthis
[39m[33m.[39mwalletId[33m=
[39m[36mvoid[39m [35m0[39m
[33m,[39m[36mthis[39m[33m.
[39mimageId[33m=[39m[36mvoid
[39m [35m0[39m[33m,[39m[3
6mthis[39m[33m.[39misError[
33m=[39m[33m![39m[35m1[39m
[33m,[39m[36mthis[39m[33m.
[39misStale[33m=[39m[33m![
39m[35m1[39m[33m,[39m[36mt
his[39m[33m.[39mlabel[33m=
[39m[32m""[39m}svgLoaderTempl
ate(){[36mvar[39m e[33m,[39
mo[33m;[39m[36mconst[39m r
[33m=[39m(o[33m=[39m(e[33m=
[39m[33mX[39m[33m.[39mstat
e[33m.[39mthemeVariables)[33
m==[39m[36mnull[39m[33m?[3
9m[36mvoid[39m [35m0[39m[3
3m:[39me[[32m"--wcm-wallet-ic
on-large-border-radius"[39m])
[33m!=[39m[36mnull[39m[33m?
[39mo[33m:[39mh[33m.[39mge
tPreset([32m"--wcm-wallet-icon
-large-border-radius"[39m)[33
m;[39m[36mlet[39m a[33m=[3
9m[35m0[39m[33m;[39mr[33m.
[39mincludes([32m"%"[39m)[3
3m?[39ma[33m=[39m[35m88[39
m[35m/100*parseInt(r,10):a=par
seInt(r,10),a*=1.17;const t=317
-a*1.57,l=425-a*1.8;return 
n`<svg viewBox="0 0 110 110" 
width="110" height="110"><rect 
id="wcm-loader" x="2" y="2" 
width="106" height="106" rx="${
a}"/[39m[33m>[39m[33m<[39m
[33muse[39m xlink[33m:[39mh
ref[33m=[39m[32m"#wcm-loader
"[39m stroke[33m-[39mdasharr
ay[33m=[39m[32m"106 
${t}"[39m stroke[33m-[39mdas
hoffset[33m=[39m[32m"${l}"[
39m[33m>[39m[33m<[39m[33m/
[39m[33muse[39m[33m>[39m[
33m<[39m[33m/[39m[33msvg[3
9m[33m>[39m[32m`}render(){co
nst e={"wcm-error":this.isError
,"wcm-stale":this.isStale};retu
rn n`[39m[33m<[39m[33mdiv[
39m [36mclass[39m[33m=[39m
[32m"${P(e)}"[39m[33m>[39m${
[36mthis[39m[33m.[39msvgLoa
derTemplate()}[33m<[39m[33mw
cm[39m[33m-[39mwallet[33m-
[39mimage walletId[33m=[39m[
32m"${k(this.walletId)}"[39m i
mageId[33m=[39m[32m"${k(this
.imageId)}"[39m[33m>[39m[33
m<[39m[33m/[39m[33mwcm[39m
[33m-[39mwallet[33m-[39mima
ge[33m>[39m[33m<[39m[33m/
[39m[33mdiv[39m[33m>[39m[3
3m<[39m[33mwcm[39m[33m-[39
mtext variant[33m=[39m[32m"m
edium-regular"[39m color[33m=
[39m[32m"${this.isError?"[39
merror[32m":"[39mprimary[32m
"}"[39m[33m>[39m${[36mthis
[39m[33m.[39misError[33m?[3
9m[32m"Connection declined"[3
9m[33m:[39m[36mthis[39m[33
m.[39mlabel}[33m<[39m[33m/
[39m[33mwcm[39m[33m-[39mtex
t[33m>[39m[32m`}};D.styles=[
h.globalCss,wo],K([d()],D.proto
type,"walletId",2),K([d()],D.pr
ototype,"imageId",2),K([d({type
:Boolean})],D.prototype,"isErro
r",2),K([d({type:Boolean})],D.p
rototype,"isStale",2),K([d()],D
.prototype,"label",2),D=K([p("w
cm-connector-waiting")],D);cons
t G={manualWallets(){var e,o;co
nst{mobileWallets:r,desktopWall
ets:a}=z.state,t=(e=G.recentWal
let())==null?void 0:e.id,l=m.is
Mobile()?r:a,i=l?.filter(s=>t!=
=s.id);return(o=m.isMobile()?i?
.map(({id:s,name:$,links:f})=>(
{id:s,name:$,mobile:f,links:f})
):i?.map(({id:s,name:$,links:f}
)=>({id:s,name:$,desktop:f,link
s:f})))!=null?o:[]},recentWalle
t(){return c.getRecentWallet()}
,recomendedWallets(e=!1){var 
o;const r=e||(o=G.recentWallet(
))==null?void 0:o.id,{recomende
dWallets:a}=W.state;return a.fi
lter(t=>r!==t.id)}},Z={onConnec
ting(e){c.goToConnectingView(e)
},manualWalletsTemplate(){retur
n G.manualWallets().map(e=>n`[
39m[33m<[39m[33mwcm[39m[33
m-[39mwallet[33m-[39mbutton 
walletId[33m=[39m[32m"${e.id
}"[39m name[33m=[39m[32m"${
e.name}"[39m [33m.[39monClic
k[33m=[39m[32m"${()=>this.on
Connecting(e)}"[39m[33m>[39m
[33m<[39m[33m/[39m[33mwcm
[39m[33m-[39mwallet[33m-[39
mbutton[33m>[39m[32m`)},reco
mendedWalletsTemplate(e=!1){ret
urn G.recomendedWallets(e).map(
o=>n`[39m[33m<[39m[33mwcm[
39m[33m-[39mwallet[33m-[39m
button name[33m=[39m[32m"${o
.name}"[39m walletId[33m=[39
m[32m"${o.id}"[39m imageId[3
3m=[39m[32m"${o.image_id}"[3
9m [33m.[39monClick[33m=[39
m[32m"${()=>this.onConnecting(
o)}"[39m[33m>[39m[33m<[39m
[33m/[39m[33mwcm[39m[33m-
[39mwallet[33m-[39mbutton[33
m>[39m[32m`)},recentWalletTem
plate(){const 
e=G.recentWallet();if(e)return 
n`[39m[33m<[39m[33mwcm[39m
[33m-[39mwallet[33m-[39mbut
ton name[33m=[39m[32m"${e.na
me}"[39m walletId[33m=[39m[
32m"${e.id}"[39m imageId[33m=
[39m[32m"${k(e.image_id)}"[3
9m [33m.[39mrecent[33m=[39m
[32m"${!0}"[39m [33m.[39mon
Click[33m=[39m[32m"${()=>thi
s.onConnecting(e)}"[39m[33m>
[39m[33m<[39m[33m/[39m[33m
wcm[39m[33m-[39mwallet[33m-
[39mbutton[33m>[39m[32m`}},
vo=g`[39m[33m.[39mwcm[33m-
[39mgrid{display[33m:[39mgrid
[33m;[39mgrid[33m-[39mtempl
ate[33m-[39mcolumns[33m:[39
mrepeat([35m4[39m[33m,[39m
[35m80[39mpx)[33m;[39mjustif
y[33m-[39mcontent[33m:[39ms
pace[33m-[39mbetween}[33m.[
39mwcm[33m-[39mdesktop[33m-
[39mtitle[33m,[39m[33m.[39m
wcm[33m-[39mmobile[33m-[39m
title{display[33m:[39mflex[3
3m;[39malign[33m-[39mitems[
33m:[39mcenter}[33m.[39mwcm
[33m-[39mmobile[33m-[39mtitl
e{justify[33m-[39mcontent[33
m:[39mspace[33m-[39mbetween
[33m;[39mmargin[33m-[39mbott
om[33m:[39m[35m20[39mpx[33
m;[39mmargin[33m-[39mtop[33
m:[39m[33m-[39m[35m10[39mp
x}[33m.[39mwcm[33m-[39mdesk
top[33m-[39mtitle{margin[33m
-[39mbottom[33m:[39m[35m10
[39mpx[33m;[39mpadding[33m:
[39m[35m0[39m [35m10[39mpx}
[33m.[39mwcm[33m-[39msubtit
le{display[33m:[39mflex[33m;
[39malign[33m-[39mitems[33m
:[39mcenter}[33m.[39mwcm[33
m-[39msubtitle[33m:[39mlast
[33m-[39mchild path{fill[33m:
[39m[36mvar[39m([33m--[39m
wcm[33m-[39mcolor[33m-[39mf
g[33m-[39m[35m3[39m)}[33m.
[39mwcm[33m-[39mdesktop[33m
-[39mtitle svg[33m,[39m[33m
.[39mwcm[33m-[39mmobile[33m
-[39mtitle svg{margin[33m-[3
9mright[33m:[39m[35m6[39mpx
}[33m.[39mwcm[33m-[39mdeskt
op[33m-[39mtitle path[33m,[
39m[33m.[39mwcm[33m-[39mmob
ile[33m-[39mtitle path{fill[
33m:[39m[36mvar[39m([33m--
[39mwcm[33m-[39maccent[33m-
[39mcolor)}[32m`;var uo=Object
.defineProperty,bo=Object.getOw
nPropertyDescriptor,fo=(e,o,r,a
)=>{for(var t=a>1?void 0:a?bo(o
,r):o,l=e.length-1,i;l>=0;l--)(
i=e[l])&&(t=(a?i(o,r,t):i(t))||
t);return 
a&&t&&uo(o,r,t),t};let 
Ee=class extends w{render(){con
st{explorerExcludedWalletIds:e,
enableExplorer:o}=z.state,r=e!=
="ALL"&&o,a=Z.manualWalletsTemp
late(),t=Z.recomendedWalletsTem
plate();let l=[Z.recentWalletTe
mplate(),...a,...t];l=l.filter(
Boolean);const 
i=l.length>4||r;let s=[];i?s=l.
slice(0,3):s=l;const 
$=Boolean(s.length);return n`[
39m[33m<[39m[33mwcm[39m[33
m-[39mmodal[33m-[39mheader 
[33m.[39mborder[33m=[39m[32
m"${!0}"[39m 
title[33m=[39m[32m"Connect 
your wallet"[39m [33m.[39mon
Action[33m=[39m[32m"${c.hand
leUriCopy}"[39m [33m.[39mact
ionIcon[33m=[39m[32m"${v.COP
Y_ICON}"[39m[33m>[39m[33m<
[39m[33m/[39m[33mwcm[39m[3
3m-[39mmodal[33m-[39mheader
[33m>[39m[33m<[39m[33mwcm[
39m[33m-[39mmodal[33m-[39mc
ontent[33m>[39m[33m<[39m[3
3mdiv[39m [36mclass[39m[33m
=[39m[32m"wcm-mobile-title"[
39m[33m>[39m[33m<[39m[33md
iv[39m [36mclass[39m[33m=[
39m[32m"wcm-subtitle"[39m[33
m>[39m${v[33m.[39m[33mMOBIL
E_ICON[39m}[33m<[39m[33mwcm
[39m[33m-[39mtext variant[3
3m=[39m[32m"small-regular"[3
9m color[33m=[39m[32m"accent
"[39m[33m>[39m[33mMobile[3
9m[33m<[39m[33m/[39m[33mwc
m[39m[33m-[39mtext[33m>[39
m[33m<[39m[33m/[39m[33mdiv
[39m[33m>[39m[33m<[39m[33
mdiv[39m [36mclass[39m[33m=
[39m[32m"wcm-subtitle"[39m[
33m>[39m${v[33m.[39m[33mSCA
N_ICON[39m}[33m<[39m[33mwcm
[39m[33m-[39mtext variant[3
3m=[39m[32m"small-regular"[3
9m color[33m=[39m[32m"second
ary"[39m[33m>[39m[33mScan[
39m [36mwith[39m your wallet
[33m<[39m[33m/[39m[33mwcm[
39m[33m-[39mtext[33m>[39m[
33m<[39m[33m/[39m[33mdiv[3
9m[33m>[39m[33m<[39m[33m/
[39m[33mdiv[39m[33m>[39m[3
3m<[39m[33mwcm[39m[33m-[39
mwalletconnect[33m-[39mqr[33
m>[39m[33m<[39m[33m/[39m[
33mwcm[39m[33m-[39mwalletcon
nect[33m-[39mqr[33m>[39m[3
3m<[39m[33m/[39m[33mwcm[39
m[33m-[39mmodal[33m-[39mcon
tent[33m>[39m${$[33m?[39mn
[32m`<wcm-modal-footer><div cla
ss="wcm-desktop-title">${v.DESK
TOP_ICON}<wcm-text 
variant="small-regular" color="
accent">Desktop</wcm-text></div
><div class="wcm-grid">${s} ${i
?n`<wcm-view-all-wallets-button
></wcm-view-all-wallets-button>
`:null}</div></wcm-modal-footer
>`[39m[33m:[39m[36mnull[39
m}[32m`}};Ee.styles=[h.globalC
ss,vo],Ee=fo([p("wcm-desktop-wa
llet-selection")],Ee);const xo=
g`[39mdiv{background[33m-[39
mcolor[33m:[39m[36mvar[39m(
[33m--[39mwcm[33m-[39mcolor
[33m-[39mbg[33m-[39m[35m2
[39m)[33m;[39mpadding[33m:[
39m[35m10[39mpx 
[35m20[39mpx [35m15[39mpx 
[35m20[39mpx[33m;[39mborder
[33m-[39mtop[33m:[39m[35m1
[39mpx solid [36mvar[39m([33
m--[39mwcm[33m-[39mcolor[33
m-[39mbg[33m-[39m[35m3[39m
)[33m;[39mtext[33m-[39malig
n[33m:[39mcenter}a{color[33m
:[39m[36mvar[39m([33m--[39
mwcm[33m-[39maccent[33m-[39
mcolor)[33m;[39mtext[33m-[3
9mdecoration[33m:[39mnone[33
m;[39mtransition[33m:[39mopa
city [35m.2[39ms ease[33m-[
39m[36min[39m[33m-[39mout[
33m;[39mdisplay[33m:[39minli
ne}a[33m:[39mactive{opacity[
33m:[39m[35m.8[39m}[33m@[3
9mmedia(hover[33m:[39mhover){
a[33m:[39mhover{opacity[33m:
[39m[35m.8[39m}}[32m`;var y
o=Object.defineProperty,$o=Obje
ct.getOwnPropertyDescriptor,Co=
(e,o,r,a)=>{for(var t=a>1?void 
0:a?$o(o,r):o,l=e.length-1,i;l>
=0;l--)(i=e[l])&&(t=(a?i(o,r,t)
:i(t))||t);return 
a&&t&&yo(o,r,t),t};let 
Me=class extends w{render(){con
st{termsOfServiceUrl:e,privacyP
olicyUrl:o}=z.state;return e??o
?n`[39m[33m<[39m[33mdiv[39
m[33m>[39m[33m<[39m[33mwcm
[39m[33m-[39mtext variant[3
3m=[39m[32m"small-regular"[3
9m color[33m=[39m[32m"second
ary"[39m[33m>[39m[33mBy[39
m connecting your wallet to 
[36mthis[39m app[33m,[39m 
you agree to the app[32m's 
${e?n`<a href="${e}" 
target="_blank" rel="noopener 
noreferrer">Terms of 
Service</a>`:null} 
${e&&o?"and":null} ${o?n`<a 
href="${o}" target="_blank" 
rel="noopener 
noreferrer">Privacy Policy</a>`
:null}</wcm-text></div>`:null}}
;Me.styles=[h.globalCss,xo],Me=
Co([p("wcm-legal-notice")],Me);
const ko=g`div{display:grid;gri
d-template-columns:repeat(4,80p
x);margin:0 -10px;justify-conte
nt:space-between;row-gap:10px}`
;var Oo=Object.defineProperty,W
o=Object.getOwnPropertyDescript
or,Io=(e,o,r,a)=>{for(var 
t=a>1?void 0:a?Wo(o,r):o,l=e.le
ngth-1,i;l>=0;l--)(i=e[l])&&(t=
(a?i(o,r,t):i(t))||t);return 
a&&t&&Oo(o,r,t),t};let 
Le=class extends w{onQrcode(){x
.push("Qrcode")}render(){const{
explorerExcludedWalletIds:e,ena
bleExplorer:o}=z.state,r=e!=="A
LL"&&o,a=Z.manualWalletsTemplat
e(),t=Z.recomendedWalletsTempla
te();let l=[Z.recentWalletTempl
ate(),...a,...t];l=l.filter(Boo
lean);const 
i=l.length>8||r;let s=[];i?s=l.
slice(0,7):s=l;const 
$=Boolean(s.length);return 
n`<wcm-modal-header 
title="Connect your wallet" 
.onAction="${this.onQrcode}" .a
ctionIcon="${v.QRCODE_ICON}"></
wcm-modal-header>${$?n`<wcm-mod
al-content><div>${s} ${i?n`<wcm
-view-all-wallets-button></wcm-
view-all-wallets-button>`:null}
</div></wcm-modal-content>`:nul
l}`}};Le.styles=[h.globalCss,ko
],Le=Io([p("wcm-mobile-wallet-s
election")],Le);const Eo=g`:hos
t{all:initial}.wcm-overlay{top:
0;bottom:0;left:0;right:0;posit
ion:fixed;z-index:var(--wcm-z-i
ndex);overflow:hidden;display:f
lex;justify-content:center;alig
n-items:center;opacity:0;pointe
r-events:none;background-color:
var(--wcm-overlay-background-co
lor);backdrop-filter:var(--wcm-
overlay-backdrop-filter)}@media
(max-height:720px) and (orienta
tion:landscape){.wcm-overlay{ov
erflow:scroll;align-items:flex-
start;padding:20px 0}}.wcm-acti
ve{pointer-events:auto}.wcm-con
tainer{position:relative;max-wi
dth:360px;width:100%;outline:0;
border-radius:var(--wcm-backgro
und-border-radius) var(--wcm-ba
ckground-border-radius) var(--w
cm-container-border-radius) var
(--wcm-container-border-radius)
;border:1px solid var(--wcm-col
or-overlay);overflow:hidden}.wc
m-card{width:100%;position:rela
tive;border-radius:var(--wcm-co
ntainer-border-radius);overflow
:hidden;box-shadow:0 6px 14px 
-6px rgba(10,16,31,.12),0 10px 
32px -4px rgba(10,16,31,.1),0 
0 0 1px var(--wcm-color-overlay
);background-color:var(--wcm-co
lor-bg-1);color:var(--wcm-color
-fg-1)}@media(max-width:600px){
.wcm-container{max-width:440px;
border-radius:var(--wcm-backgro
und-border-radius) var(--wcm-ba
ckground-border-radius) 0 0}.wc
m-card{border-radius:var(--wcm-
container-border-radius) var(--
wcm-container-border-radius) 0 
0}.wcm-overlay{align-items:flex
-end}}@media(max-width:440px){.
wcm-container{border:0}}`;var M
o=Object.defineProperty,Lo=Obje
ct.getOwnPropertyDescriptor,Re=
(e,o,r,a)=>{for(var t=a>1?void 
0:a?Lo(o,r):o,l=e.length-1,i;l>
=0;l--)(i=e[l])&&(t=(a?i(o,r,t)
:i(t))||t);return 
a&&t&&Mo(o,r,t),t};let 
ae=class extends w{constructor(
){super(),this.open=!1,this.act
ive=!1,this.unsubscribeModal=vo
id 0,this.abortController=void 
0,this.unsubscribeModal=ge.subs
cribe(e=>{e.open?this.onOpenMod
alEvent():this.onCloseModalEven
t()})}disconnectedCallback(){va
r e;(e=this.unsubscribeModal)==
null||e.call(this)}get 
overlayEl(){return c.getShadowR
ootElement(this,".wcm-overlay")
}get containerEl(){return c.get
ShadowRootElement(this,".wcm-co
ntainer")}toggleBodyScroll(e){i
f(document.querySelector("body"
))if(e){const o=document.getEle
mentById("wcm-styles");o?.remov
e()}else document.head.insertAd
jacentHTML("beforeend",'[39m[
33m<[39m[33mstyle[39m id[33
m=[39m[32m"wcm-styles"[39m[
33m>[39mhtml[33m,[39mbody{to
uch[33m-[39maction[33m:[39m
none[33m;[39moverflow[33m:[
39mhidden[33m;[39moverscroll
[33m-[39mbehavior[33m:[39mco
ntain[33m;[39m}[33m<[39m[3
3m/[39m[33mstyle[39m[33m>[
39m[32m')}onCloseModal(e){e.ta
rget===e.currentTarget&&ge.clos
e()}onOpenModalEvent(){this.tog
gleBodyScroll(!1),this.addKeybo
ardEvents(),this.open=!0,setTim
eout(async()=>{const e=c.isMobi
leAnimation()?{y:["50vh","0vh"]
}:{scale:[.98,1]},o=.1,r=.2;awa
it Promise.all([H(this.overlayE
l,{opacity:[0,1]},{delay:o,dura
tion:r}).finished,H(this.contai
nerEl,e,{delay:o,duration:r}).f
inished]),this.active=!0},0)}as
ync onCloseModalEvent(){this.to
ggleBodyScroll(!0),this.removeK
eyboardEvents();const e=c.isMob
ileAnimation()?{y:["0vh","50vh"
]}:{scale:[1,.98]},o=.2;await P
romise.all([H(this.overlayEl,{o
pacity:[1,0]},{duration:o}).fin
ished,H(this.containerEl,e,{dur
ation:o}).finished]),this.conta
inerEl.removeAttribute("style")
,this.active=!1,this.open=!1}ad
dKeyboardEvents(){this.abortCon
troller=new AbortController,win
dow.addEventListener("keydown",
e=>{var o;e.key==="Escape"?ge.c
lose():e.key==="Tab"&&((o=e.tar
get)!=null&&o.tagName.includes(
"wcm-")||this.containerEl.focus
())},this.abortController),this
.containerEl.focus()}removeKeyb
oardEvents(){var e;(e=this.abor
tController)==null||e.abort(),t
his.abortController=void 
0}render(){const e={"wcm-overla
y":!0,"wcm-active":this.active}
;return n`<wcm-explorer-context
></wcm-explorer-context><wcm-th
eme-context></wcm-theme-context
><div id="wcm-modal" 
class="${P(e)}" 
@click="${this.onCloseModal}" 
role="alertdialog" 
aria-modal="true"><div 
class="wcm-container" tabindex=
"0">${this.open?n`<wcm-modal-ba
ckcard></wcm-modal-backcard><di
v class="wcm-card"><wcm-modal-r
outer></wcm-modal-router><wcm-m
odal-toast></wcm-modal-toast></
div>`:null}</div></div>`}};ae.s
tyles=[h.globalCss,Eo],Re([I()]
,ae.prototype,"open",2),Re([I()
],ae.prototype,"active",2),ae=R
e([p("wcm-modal")],ae);const Ro
=g`div{display:flex;margin-top:
15px}slot{display:inline-block;
margin:0 
5px}wcm-button{margin:0 
5px}`;var Ao=Object.definePrope
rty,Po=Object.getOwnPropertyDes
criptor,le=(e,o,r,a)=>{for(var 
t=a>1?void 0:a?Po(o,r):o,l=e.le
ngth-1,i;l>=0;l--)(i=e[l])&&(t=
(a?i(o,r,t):i(t))||t);return 
a&&t&&Ao(o,r,t),t};let B=class 
extends w{constructor(){super(.
..arguments),this.isMobile=!1,t
his.isDesktop=!1,this.isWeb=!1,
this.isRetry=!1}onMobile(){m.is
Mobile()?x.replace("MobileConne
cting"):x.replace("MobileQrcode
Connecting")}onDesktop(){x.repl
ace("DesktopConnecting")}onWeb(
){x.replace("WebConnecting")}re
nder(){return n`<div>${this.isR
etry?n`<slot></slot>`:null} 
${this.isMobile?n`<wcm-button 
.onClick="${this.onMobile}" 
.iconLeft="${v.MOBILE_ICON}" va
riant="outline">Mobile</wcm-but
ton>`:null} 
${this.isDesktop?n`<wcm-button 
.onClick="${this.onDesktop}" 
.iconLeft="${v.DESKTOP_ICON}" v
ariant="outline">Desktop</wcm-b
utton>`:null} 
${this.isWeb?n`<wcm-button 
.onClick="${this.onWeb}" 
.iconLeft="${v.GLOBE_ICON}" var
iant="outline">Web</wcm-button>
`:null}</div>`}};B.styles=[h.gl
obalCss,Ro],le([d({type:Boolean
})],B.prototype,"isMobile",2),l
e([d({type:Boolean})],B.prototy
pe,"isDesktop",2),le([d({type:B
oolean})],B.prototype,"isWeb",2
),le([d({type:Boolean})],B.prot
otype,"isRetry",2),B=le([p("wcm
-platform-selection")],B);const
 To=g`button{display:flex;flex-
direction:column;padding:5px 10
px;border-radius:var(--wcm-butt
on-hover-highlight-border-radiu
s);height:100%;justify-content:
flex-start}.wcm-icons{width:60p
x;height:60px;display:flex;flex
-wrap:wrap;padding:7px;border-r
adius:var(--wcm-wallet-icon-bor
der-radius);justify-content:spa
ce-between;align-items:center;m
argin-bottom:5px;background-col
or:var(--wcm-color-bg-2);box-sh
adow:inset 0 0 0 1px var(--wcm-
color-overlay)}button:active{ba
ckground-color:var(--wcm-color-
overlay)}@media(hover:hover){bu
tton:hover{background-color:var
(--wcm-color-overlay)}}.wcm-ico
ns img{width:21px;height:21px;o
bject-fit:cover;object-position
:center;border-radius:calc(var(
--wcm-wallet-icon-border-radius
)/ 2);border:1px solid var(--wc
m-color-overlay)}.wcm-icons svg
{width:21px;height:21px}.wcm-ic
ons 
img:nth-child(1),.wcm-icons 
img:nth-child(2),.wcm-icons 
svg:nth-child(1),.wcm-icons svg
:nth-child(2){margin-bottom:4px
}wcm-text{width:100%;text-align
:center}#wallet-placeholder-fil
l{fill:var(--wcm-color-bg-3)}#w
allet-placeholder-dash{stroke:v
ar(--wcm-color-overlay)}`;var j
o=Object.defineProperty,_o=Obje
ct.getOwnPropertyDescriptor,Do=
(e,o,r,a)=>{for(var t=a>1?void 
0:a?_o(o,r):o,l=e.length-1,i;l>
=0;l--)(i=e[l])&&(t=(a?i(o,r,t)
:i(t))||t);return 
a&&t&&jo(o,r,t),t};let 
Ae=class extends w{onClick(){x.
push("WalletExplorer")}render()
{const{recomendedWallets:e}=W.s
tate,o=G.manualWallets(),r=[...
e,...o].reverse().slice(0,4);re
turn n`<button 
@click="${this.onClick}"><div c
lass="wcm-icons">${r.map(a=>{co
nst t=c.getWalletIcon(a);if(t)r
eturn n`<img 
crossorigin="anonymous" 
src="${t}">`;const l=c.getWalle
tIcon({id:a.id});return 
l?n`<img 
crossorigin="anonymous" src="${
l}">`:v.WALLET_PLACEHOLDER})} $
{[...Array(4-r.length)].map(()=
>v.WALLET_PLACEHOLDER)}</div><w
cm-text 
variant="xsmall-regular">View A
ll</wcm-text></button>`}};Ae.st
yles=[h.globalCss,To],Ae=Do([p(
"wcm-view-all-wallets-button")]
,Ae);const No=g`.wcm-qr-contain
er{width:100%;display:flex;just
ify-content:center;align-items:
center;aspect-ratio:1/1}`;var Z
o=Object.defineProperty,So=Obje
ct.getOwnPropertyDescriptor,de=
(e,o,r,a)=>{for(var t=a>1?void 
0:a?So(o,r):o,l=e.length-1,i;l>
=0;l--)(i=e[l])&&(t=(a?i(o,r,t)
:i(t))||t);return 
a&&t&&Zo(o,r,t),t};let Y=class 
extends w{constructor(){super()
,this.walletId="",this.imageId=
"",this.uri="",setTimeout(()=>{
const{walletConnectUri:e}=R.sta
te;this.uri=e},0)}get 
overlayEl(){return c.getShadowR
ootElement(this,".wcm-qr-contai
ner")}render(){return n`<div cl
ass="wcm-qr-container">${this.u
ri?n`<wcm-qrcode size="${this.o
verlayEl.offsetWidth}" 
uri="${this.uri}" 
walletId="${k(this.walletId)}" 
imageId="${k(this.imageId)}"></
wcm-qrcode>`:n`<wcm-spinner></w
cm-spinner>`}</div>`}};Y.styles
=[h.globalCss,No],de([d()],Y.pr
ototype,"walletId",2),de([d()],
Y.prototype,"imageId",2),de([I(
)],Y.prototype,"uri",2),Y=de([p
("wcm-walletconnect-qr")],Y);va
r Bo=Object.defineProperty,Uo=O
bject.getOwnPropertyDescriptor,
Ho=(e,o,r,a)=>{for(var 
t=a>1?void 0:a?Uo(o,r):o,l=e.le
ngth-1,i;l>=0;l--)(i=e[l])&&(t=
(a?i(o,r,t):i(t))||t);return 
a&&t&&Bo(o,r,t),t};let 
Pe=class extends 
w{viewTemplate(){return m.isAnd
roid()?n`<wcm-android-wallet-se
lection></wcm-android-wallet-se
lection>`:m.isMobile()?n`<wcm-m
obile-wallet-selection></wcm-mo
bile-wallet-selection>`:n`<wcm-
desktop-wallet-selection></wcm-
desktop-wallet-selection>`}rend
er(){return n`${this.viewTempla
te()}<wcm-legal-notice></wcm-le
gal-notice>`}};Pe.styles=[h.glo
balCss],Pe=Ho([p("wcm-connect-w
allet-view")],Pe);const zo=g`wc
m-info-footer{flex-direction:co
lumn;align-items:center;display
:flex;width:100%;padding:5px 0}
wcm-text{text-align:center}`;va
r Vo=Object.defineProperty,Fo=O
bject.getOwnPropertyDescriptor,
Ke=(e,o,r,a)=>{for(var 
t=a>1?void 0:a?Fo(o,r):o,l=e.le
ngth-1,i;l>=0;l--)(i=e[l])&&(t=
(a?i(o,r,t):i(t))||t);return 
a&&t&&Vo(o,r,t),t};let 
me=class extends w{constructor(
){super(),this.isError=!1,this.
openDesktopApp()}onFormatAndRed
irect(e){const{desktop:o,name:r
}=m.getWalletRouterData(),a=o?.
native;if(a){const t=m.formatNa
tiveUrl(a,e,r);m.openHref(t,"_s
elf")}}openDesktopApp(){const{w
alletConnectUri:e}=R.state,o=m.
getWalletRouterData();c.setRece
ntWallet(o),e&&this.onFormatAnd
Redirect(e)}render(){const{name
:e,id:o,image_id:r}=m.getWallet
RouterData(),{isMobile:a,isWeb:
t}=c.getCachedRouterWalletPlatf
orms();return 
n`<wcm-modal-header 
title="${e}" 
.onAction="${c.handleUriCopy}" 
.actionIcon="${v.COPY_ICON}"></
wcm-modal-header><wcm-modal-con
tent><wcm-connector-waiting 
walletId="${o}" 
imageId="${k(r)}" 
label="${`Continue in 
${e}...`}" .isError="${this.isE
rror}"></wcm-connector-waiting>
</wcm-modal-content><wcm-info-f
ooter><wcm-text 
color="secondary" variant="smal
l-thin">${`Connection can 
continue loading if ${e} is 
not installed on your device`}<
/wcm-text><wcm-platform-selecti
on .isMobile="${a}" 
.isWeb="${t}" 
.isRetry="${!0}"><wcm-button .o
nClick="${this.openDesktopApp.b
ind(this)}" .iconRight="${v.RET
RY_ICON}">Retry</wcm-button></w
cm-platform-selection></wcm-inf
o-footer>`}};me.styles=[h.globa
lCss,zo],Ke([I()],me.prototype,
"isError",2),me=Ke([p("wcm-desk
top-connecting-view")],me);cons
t qo=g`wcm-info-footer{flex-dir
ection:column;align-items:cente
r;display:flex;width:100%;paddi
ng:5px 0}wcm-text{text-align:ce
nter}wcm-button{margin-top:15px
}`;var Qo=Object.defineProperty
,Ko=Object.getOwnPropertyDescri
ptor,Yo=(e,o,r,a)=>{for(var 
t=a>1?void 0:a?Ko(o,r):o,l=e.le
ngth-1,i;l>=0;l--)(i=e[l])&&(t=
(a?i(o,r,t):i(t))||t);return 
a&&t&&Qo(o,r,t),t};let 
Te=class extends w{onInstall(e)
{e&&m.openHref(e,"_blank")}rend
er(){const{name:e,id:o,image_id
:r,homepage:a}=m.getWalletRoute
rData();return 
n`<wcm-modal-header title="${e}
"></wcm-modal-header><wcm-modal
-content><wcm-connector-waiting
 walletId="${o}" 
imageId="${k(r)}" label="Not 
Detected" .isStale="${!0}"></wc
m-connector-waiting></wcm-modal
-content><wcm-info-footer><wcm-
text color="secondary" variant=
"small-thin">${`Download ${e} 
to continue. If multiple 
browser extensions are 
installed, disable non ${e} 
ones and try 
again`}</wcm-text><wcm-button .
onClick="${()=>this.onInstall(a
)}" .iconLeft="${v.ARROW_DOWN_I
CON}">Download</wcm-button></wc
m-info-footer>`}};Te.styles=[h.
globalCss,qo],Te=Yo([p("wcm-ins
tall-wallet-view")],Te);const G
o=g`wcm-wallet-image{border-rad
ius:var(--wcm-wallet-icon-large
-border-radius);width:96px;heig
ht:96px;margin-bottom:20px}wcm-
info-footer{display:flex;width:
100%}.wcm-app-store{justify-con
tent:space-between}.wcm-app-sto
re wcm-wallet-image{margin-righ
t:10px;margin-bottom:0;width:28
px;height:28px;border-radius:va
r(--wcm-wallet-icon-small-borde
r-radius)}.wcm-app-store div{di
splay:flex;align-items:center}.
wcm-app-store wcm-button{margin
-right:-10px}.wcm-note{flex-dir
ection:column;align-items:cente
r;padding:5px 0}.wcm-note wcm-t
ext{text-align:center}wcm-platf
orm-selection{margin-top:-15px}
.wcm-note wcm-text{margin-top:1
5px}.wcm-note wcm-text span{col
or:var(--wcm-accent-color)}`;va
r Xo=Object.defineProperty,Jo=O
bject.getOwnPropertyDescriptor,
Ye=(e,o,r,a)=>{for(var 
t=a>1?void 0:a?Jo(o,r):o,l=e.le
ngth-1,i;l>=0;l--)(i=e[l])&&(t=
(a?i(o,r,t):i(t))||t);return 
a&&t&&Xo(o,r,t),t};let 
he=class extends w{constructor(
){super(),this.isError=!1,this.
openMobileApp()}onFormatAndRedi
rect(e,o=!1){const{mobile:r,nam
e:a}=m.getWalletRouterData(),t=
r?.native,l=r?.universal;if(t&&
!o){const i=m.formatNativeUrl(t
,e,a);m.openHref(i,"_self")}els
e if(l){const i=m.formatUnivers
alUrl(l,e,a);m.openHref(i,"_sel
f")}}openMobileApp(e=!1){const{
walletConnectUri:o}=R.state,r=m
.getWalletRouterData();c.setRec
entWallet(r),o&&this.onFormatAn
dRedirect(o,e)}onGoToAppStore(e
){e&&m.openHref(e,"_blank")}ren
der(){const{name:e,id:o,image_i
d:r,app:a,mobile:t}=m.getWallet
RouterData(),{isWeb:l}=c.getCac
hedRouterWalletPlatforms(),i=a?
.ios,s=t?.universal;return 
n`<wcm-modal-header title="${e}
"></wcm-modal-header><wcm-modal
-content><wcm-connector-waiting
 walletId="${o}" 
imageId="${k(r)}" label="Tap 
'[39m[33mOpen[39m[32m' to 
continueΓÇª" .isError="${this.i
sError}"></wcm-connector-waitin
g></wcm-modal-content><wcm-info
-footer class="wcm-note"><wcm-p
latform-selection 
.isWeb="${l}" 
.isRetry="${!0}"><wcm-button .o
nClick="${()=>this.openMobileAp
p(!1)}" .iconRight="${v.RETRY_I
CON}">Retry</wcm-button></wcm-p
latform-selection>${s?n`<wcm-te
xt color="secondary" 
variant="small-thin">Still 
doesn'[39mt work[33m?[39m 
[33m<[39m[33mspan[39m tabin
dex[33m=[39m[32m"0"[39m [3
3m@[39mclick[33m=[39m[32m"$
{()=>this.openMobileApp(!0)}"[
39m[33m>[39m[33mTry[39m 
[36mthis[39m alternate link[
33m<[39m[33m/[39m[33mspan[
39m[33m>[39m[33m<[39m[33m/
[39m[33mwcm[39m[33m-[39mte
xt[33m>[39m[32m`:null}</wcm-
info-footer><wcm-info-footer cl
ass="wcm-app-store"><div><wcm-w
allet-image walletId="${o}" ima
geId="${k(r)}"></wcm-wallet-ima
ge><wcm-text>${`Get ${e}`}</wcm
-text></div><wcm-button .iconRi
ght="${v.ARROW_RIGHT_ICON}" .on
Click="${()=>this.onGoToAppStor
e(i)}" variant="ghost">App Stor
e</wcm-button></wcm-info-footer
>`[39m}}[33m;[39mhe[33m.[3
9mstyles[33m=[39m[h[33m.[39
mglobalCss[33m,[39m[33mGo[3
9m][33m,[39m[33mYe[39m([[3
3mI[39m()][33m,[39mhe[33m.
[39mprototype[33m,[39m[32m"i
sError"[39m[33m,[39m[35m2[
39m)[33m,[39mhe[33m=[39m[3
3mYe[39m([p([32m"wcm-mobile-c
onnecting-view"[39m)][33m,[3
9mhe)[33m;[39m[36mconst[39m
 er[33m=[39mg[32m`wcm-info-f
ooter{flex-direction:column;ali
gn-items:center;display:flex;wi
dth:100%;padding:5px 0}wcm-text
{text-align:center}`[39m[33m;
[39m[36mvar[39m tr[33m=[39
m[33mObject[39m[33m.[39mdef
ineProperty[33m,[39mor[33m=
[39m[33mObject[39m[33m.[39m
getOwnPropertyDescriptor[33m,
[39mrr[33m=[39m(e[33m,[39mo
[33m,[39mr[33m,[39ma)[33m=
>[39m{[36mfor[39m([36mvar[
39m t[33m=[39ma[33m>[39m[3
5m1[39m[33m?[39m[36mvoid[3
9m [35m0[39m[33m:[39ma[33m
?[39mor(o[33m,[39mr)[33m:[
39mo[33m,[39ml[33m=[39me[3
3m.[39mlength[33m-[39m[35m1
[39m[33m,[39mi[33m;[39ml[
33m>=[39m[35m0[39m[33m;[39
ml[33m--[39m)(i[33m=[39me[l
])[33m&&[39m(t[33m=[39m(a[
33m?[39mi(o[33m,[39mr[33m,
[39mt)[33m:[39mi(t))[33m||[
39mt)[33m;[39m[36mreturn[39
m a[33m&&[39mt[33m&&[39mtr(
o[33m,[39mr[33m,[39mt)[33m
,[39mt}[33m;[39m[36mlet[39
m je[33m=[39m[36mclass[39m 
[36mextends[39m w{render(){[
36mconst[39m{name[33m:[39me
[33m,[39mid[33m:[39mo[33m,
[39mimage_id[33m:[39mr}[33m=
[39mm[33m.[39mgetWalletRoute
rData()[33m,[39m{isDesktop[3
3m:[39ma[33m,[39misWeb[33m:
[39mt}[33m=[39mc[33m.[39mg
etCachedRouterWalletPlatforms()
[33m;[39m[36mreturn[39m 
n[32m`<wcm-modal-header 
title="${e}" 
.onAction="${c.handleUriCopy}" 
.actionIcon="${v.COPY_ICON}"></
wcm-modal-header><wcm-modal-con
tent><wcm-walletconnect-qr 
walletId="${o}" imageId="${k(r)
}"></wcm-walletconnect-qr></wcm
-modal-content><wcm-info-footer
><wcm-text color="secondary" 
variant="small-thin">${`Scan 
this QR Code with your phone's 
camera or inside ${e} app`}</wc
m-text><wcm-platform-selection 
.isDesktop="${a}" .isWeb="${t}"
></wcm-platform-selection></wcm
-info-footer>`[39m}}[33m;[39
mje[33m.[39mstyles[33m=[39m
[h[33m.[39mglobalCss[33m,[3
9mer][33m,[39mje[33m=[39mrr
([p([32m"wcm-mobile-qr-connect
ing-view"[39m)][33m,[39mje)
[33m;[39m[36mvar[39m ar[33m
=[39m[33mObject[39m[33m.[3
9mdefineProperty[33m,[39mlr[
33m=[39m[33mObject[39m[33m.
[39mgetOwnPropertyDescriptor[
33m,[39mir[33m=[39m(e[33m,
[39mo[33m,[39mr[33m,[39ma)
[33m=>[39m{[36mfor[39m([36m
var[39m t[33m=[39ma[33m>[3
9m[35m1[39m[33m?[39m[36mvo
id[39m [35m0[39m[33m:[39ma
[33m?[39mlr(o[33m,[39mr)[3
3m:[39mo[33m,[39ml[33m=[39
me[33m.[39mlength[33m-[39m
[35m1[39m[33m,[39mi[33m;[3
9ml[33m>=[39m[35m0[39m[33m
;[39ml[33m--[39m)(i[33m=[3
9me[l])[33m&&[39m(t[33m=[39
m(a[33m?[39mi(o[33m,[39mr[
33m,[39mt)[33m:[39mi(t))[33
m||[39mt)[33m;[39m[36mretur
n[39m a[33m&&[39mt[33m&&[3
9mar(o[33m,[39mr[33m,[39mt)
[33m,[39mt}[33m;[39m[36mle
t[39m 
_e[33m=[39m[36mclass[39m 
[36mextends[39m 
w{render(){[36mreturn[39m 
n[32m`<wcm-modal-header 
title="Scan the code" 
.onAction="${c.handleUriCopy}" 
.actionIcon="${v.COPY_ICON}"></
wcm-modal-header><wcm-modal-con
tent><wcm-walletconnect-qr></wc
m-walletconnect-qr></wcm-modal-
content>`[39m}}[33m;[39m_e[
33m.[39mstyles[33m=[39m[h[3
3m.[39mglobalCss][33m,[39m_e
[33m=[39mir([p([32m"wcm-qrco
de-view"[39m)][33m,[39m_e)[
33m;[39m[36mconst[39m nr[33
m=[39mg[32m`wcm-modal-content
{height:clamp(200px,60vh,600px)
;display:block;overflow:scroll;
scrollbar-width:none;position:r
elative;margin-top:1px}.wcm-gri
d{display:grid;grid-template-co
lumns:repeat(4,80px);justify-co
ntent:space-between;margin:-15p
x -10px;padding-top:20px}wcm-mo
dal-content::after,wcm-modal-co
ntent::before{content:'';positi
on:fixed;pointer-events:none;z-
index:1;width:100%;height:20px;
opacity:1}wcm-modal-content::be
fore{box-shadow:0 -1px 0 0 var(
--wcm-color-bg-1);background:li
near-gradient(var(--wcm-color-b
g-1),rgba(255,255,255,0))}wcm-m
odal-content::after{box-shadow:
0 1px 0 0 var(--wcm-color-bg-1)
;background:linear-gradient(rgb
a(255,255,255,0),var(--wcm-colo
r-bg-1));top:calc(100% - 20px)}
wcm-modal-content::-webkit-scro
llbar{display:none}.wcm-placeho
lder-block{display:flex;justify
-content:center;align-items:cen
ter;height:100px;overflow:hidde
n}.wcm-empty,.wcm-loading{displ
ay:flex}.wcm-loading .wcm-place
holder-block{height:100%}.wcm-e
nd-reached .wcm-placeholder-blo
ck{height:0;opacity:0}.wcm-empt
y .wcm-placeholder-block{opacit
y:1;height:100%}wcm-wallet-butt
on{margin:calc((100% - 60px)/ 
3) 0}`[39m[33m;[39m[36mvar
[39m cr[33m=[39m[33mObject[
39m[33m.[39mdefineProperty[3
3m,[39msr[33m=[39m[33mObjec
t[39m[33m.[39mgetOwnProperty
Descriptor[33m,[39mie[33m=[
39m(e[33m,[39mo[33m,[39mr[
33m,[39ma)[33m=>[39m{[36mfo
r[39m([36mvar[39m t[33m=[3
9ma[33m>[39m[35m1[39m[33m?
[39m[36mvoid[39m [35m0[39m
[33m:[39ma[33m?[39msr(o[33
m,[39mr)[33m:[39mo[33m,[39
ml[33m=[39me[33m.[39mlength
[33m-[39m[35m1[39m[33m,[3
9mi[33m;[39ml[33m>=[39m[35
m0[39m[33m;[39ml[33m--[39m
)(i[33m=[39me[l])[33m&&[39m
(t[33m=[39m(a[33m?[39mi(o[
33m,[39mr[33m,[39mt)[33m:[
39mi(t))[33m||[39mt)[33m;[3
9m[36mreturn[39m a[33m&&[39
mt[33m&&[39mcr(o[33m,[39mr
[33m,[39mt)[33m,[39mt}[33m;
[39m[36mconst[39m [33mDe[3
9m[33m=[39m[35m40[39m[33m;
[39m[36mlet[39m [33mU[39m
[33m=[39m[36mclass[39m 
[36mextends[39m w{constructor
(){[36msuper[39m([33m...[39
marguments)[33m,[39m[36mthis
[39m[33m.[39mloading[33m=[
39m[33m![39m[33mW[39m[33m.
[39mstate[33m.[39mwallets[3
3m.[39mlistings[33m.[39mleng
th[33m,[39m[36mthis[39m[33
m.[39mfirstFetch[33m=[39m[3
3m![39m[33mW[39m[33m.[39ms
tate[33m.[39mwallets[33m.[3
9mlistings[33m.[39mlength[33
m,[39m[36mthis[39m[33m.[39
msearch[33m=[39m[32m""[39m
[33m,[39m[36mthis[39m[33m.
[39mendReached[33m=[39m[33m!
[39m[35m1[39m[33m,[39m[36
mthis[39m[33m.[39mintersecti
onObserver[33m=[39m[36mvoid
[39m [35m0[39m[33m,[39m[36
mthis[39m[33m.[39msearchDebo
unce[33m=[39mc[33m.[39mdebo
unce(e[33m=>[39m{e[33m.[39m
length[33m>=[39m[35m1[39m[
33m?[39m([36mthis[39m[33m.
[39mfirstFetch[33m=[39m[33m!
[39m[35m0[39m[33m,[39m[36
mthis[39m[33m.[39mendReached
[33m=[39m[33m![39m[35m1[3
9m[33m,[39m[36mthis[39m[33
m.[39msearch[33m=[39me[33m,
[39m[33mW[39m[33m.[39mrese
tSearch()[33m,[39m[36mthis[
39m[33m.[39mfetchWallets())[
33m:[39m[36mthis[39m[33m.[
39msearch[33m&&[39m([36mthis
[39m[33m.[39msearch[33m=[3
9m[32m""[39m[33m,[39m[36mt
his[39m[33m.[39mendReached[
33m=[39m[36mthis[39m[33m.[
39misLastPage()[33m,[39m[33m
W[39m[33m.[39mresetSearch())
})}firstUpdated(){[36mthis[39
m[33m.[39mcreatePaginationObs
erver()}disconnectedCallback(){
[36mvar[39m e[33m;[39m(e[3
3m=[39m[36mthis[39m[33m.[3
9mintersectionObserver)[33m==
[39m[36mnull[39m[33m||[39me
[33m.[39mdisconnect()}[36mge
t[39m placeholderEl(){[36mret
urn[39m c[33m.[39mgetShadowR
ootElement([36mthis[39m[33m,
[39m[32m".wcm-placeholder-blo
ck"[39m)}createPaginationObser
ver(){[36mthis[39m[33m.[39m
intersectionObserver[33m=[39m
[36mnew[39m [33mIntersection
Observer[39m(([e])[33m=>[39m
{e[33m.[39misIntersecting[33
m&&[39m[33m![39m([36mthis[
39m[33m.[39msearch[33m&&[39
m[36mthis[39m[33m.[39mfirst
Fetch)[33m&&[39m[36mthis[39
m[33m.[39mfetchWallets()})[3
3m,[39m[36mthis[39m[33m.[3
9mintersectionObserver[33m.[3
9mobserve([36mthis[39m[33m.
[39mplaceholderEl)}isLastPage()
{[36mconst[39m{wallets[33m:
[39me[33m,[39msearch[33m:[3
9mo}[33m=[39m[33mW[39m[33m
.[39mstate[33m,[39m{listings
[33m:[39mr[33m,[39mtotal[3
3m:[39ma}[33m=[39m[36mthis
[39m[33m.[39msearch[33m?[39
mo[33m:[39me[33m;[39m[36mr
eturn[39m a[33m<=[39m[33mDe
[39m[33m||[39mr[33m.[39mle
ngth[33m>=[39ma}[36masync[3
9m 
fetchWallets(){[36mvar[39m e
[33m;[39m[36mconst[39m{walle
ts[33m:[39mo[33m,[39msearch
[33m:[39mr}[33m=[39m[33mW
[39m[33m.[39mstate[33m,[39m
{listings[33m:[39ma[33m,[39
mtotal[33m:[39mt[33m,[39mpa
ge[33m:[39ml}[33m=[39m[36m
this[39m[33m.[39msearch[33m
?[39mr[33m:[39mo[33m;[39m
[36mif[39m([33m![39m[36mthi
s[39m[33m.[39mendReached[33
m&&[39m([36mthis[39m[33m.[
39mfirstFetch[33m||[39mt[33m
>[39m[33mDe[39m[33m&&[39ma
[33m.[39mlength[33m<[39m[3
3mt[39m))[36mtry[39m{[36mth
is[39m[33m.[39mloading[33m=
[39m[33m![39m[35m0[39m[33
m;[39m[36mconst[39m i[33m=
[39m(e[33m=[39m[33mR[39m[3
3m.[39mstate[33m.[39mchains)
[33m==[39m[36mnull[39m[33m
?[39m[36mvoid[39m [35m0[39
m[33m:[39me[33m.[39mjoin([
32m","[39m)[33m,[39m{listing
s[33m:[39ms}[33m=[39m[36ma
wait[39m [33mW[39m[33m.[39
mgetWallets({page[33m:[39m[3
6mthis[39m[33m.[39mfirstFetc
h[33m?[39m[35m1[39m[33m:[
39ml[33m+[39m[35m1[39m[33m
,[39mentries[33m:[39m[33mDe
[39m[33m,[39msearch[33m:[3
9m[36mthis[39m[33m.[39msear
ch[33m,[39mversion[33m:[39m
[35m2[39m[33m,[39mchains[3
3m:[39mi})[33m,[39m$[33m=[
39ms[33m.[39mmap(f[33m=>[39
mc[33m.[39mgetWalletIcon(f))
[33m;[39m[36mawait[39m [33m
Promise[39m[33m.[39mall([[3
3m...[39m$[33m.[39mmap([36m
async[39m f[33m=>[39mc[33m.
[39mpreloadImage(f))[33m,[39
mm[33m.[39mwait([35m300[39m
)])[33m,[39m[36mthis[39m[3
3m.[39mendReached[33m=[39m[
36mthis[39m[33m.[39misLastPa
ge()}[36mcatch[39m(i){console
[33m.[39merror(i)[33m,[39m
[33mN[39m[33m.[39mopenToast(
c[33m.[39mgetErrorMessage(i)
[33m,[39m[32m"error"[39m)}[
36mfinally[39m{[36mthis[39m
[33m.[39mloading[33m=[39m[3
3m![39m[35m1[39m[33m,[39m
[36mthis[39m[33m.[39mfirstFe
tch[33m=[39m[33m![39m[35m1
[39m}}onConnect(e){m[33m.[39
misAndroid()[33m?[39mc[33m.
[39mhandleMobileLinking(e)[33m
:[39mc[33m.[39mgoToConnectin
gView(e)}onSearchChange(e){[36
mconst[39m{value[33m:[39mo}
[33m=[39me[33m.[39mtarget[3
3m;[39m[36mthis[39m[33m.[3
9msearchDebounce(o)}render(){[
36mconst[39m{wallets[33m:[39
me[33m,[39msearch[33m:[39mo
}[33m=[39m[33mW[39m[33m.[
39mstate[33m,[39m{listings[3
3m:[39mr}[33m=[39m[36mthis
[39m[33m.[39msearch[33m?[39
mo[33m:[39me[33m,[39ma[33m
=[39m[36mthis[39m[33m.[39m
loading[33m&&[39m[33m![39mr
[33m.[39mlength[33m,[39mt[
33m=[39m[36mthis[39m[33m.[
39msearch[33m.[39mlength[33m
>=[39m[35m3[39m[33m;[39m[
36mlet[39m l[33m=[39m[33mZ
[39m[33m.[39mmanualWalletsTem
plate()[33m,[39mi[33m=[39m
[33mZ[39m[33m.[39mrecomended
WalletsTemplate([33m![39m[35
m0[39m)[33m;[39mt[33m&&[39
m(l[33m=[39ml[33m.[39mfilte
r(({values[33m:[39mf})[33m=>
[39mc[33m.[39mcaseSafeInclud
es(f[[35m0[39m][33m,[39m[3
6mthis[39m[33m.[39msearch))
[33m,[39mi[33m=[39mi[33m.[
39mfilter(({values[33m:[39mf}
)[33m=>[39mc[33m.[39mcaseSa
feIncludes(f[[35m0[39m][33m,
[39m[36mthis[39m[33m.[39ms
earch)))[33m;[39m[36mconst[
39m s[33m=[39m[33m![39m[36
mthis[39m[33m.[39mloading[3
3m&&[39m[33m![39mr[33m.[39
mlength[33m&&[39m[33m![39mi
[33m.[39mlength[33m,[39m$[
33m=[39m{[32m"wcm-loading"[3
9m[33m:[39ma[33m,[39m[32m"
wcm-end-reached"[39m[33m:[39
m[36mthis[39m[33m.[39mendRe
ached[33m||[39m[33m![39m[3
6mthis[39m[33m.[39mloading[
33m,[39m[32m"wcm-empty"[39m
[33m:[39ms}[33m;[39m[36mret
urn[39m n[32m`<wcm-modal-head
er><wcm-search-input .onChange=
"${this.onSearchChange.bind(thi
s)}"></wcm-search-input></wcm-m
odal-header><wcm-modal-content 
class="${P($)}"><div 
class="wcm-grid">${a?null:l} 
${a?null:i} ${a?null:r.map(f=>n
`${f?n`<wcm-wallet-button 
imageId="${f.image_id}" 
name="${f.name}" 
walletId="${f.id}" .onClick="${
()=>this.onConnect(f)}"></wcm-w
allet-button>`:null}`[39m)}[3
3m<[39m[33m/[39m[33mdiv[39
m[33m>[39m[33m<[39m[33mdiv
[39m [36mclass[39m[33m=[39
m[32m"wcm-placeholder-block"[
39m[33m>[39m${s[33m?[39mn[
32m`<wcm-text 
variant="big-bold" 
color="secondary">No results fo
und</wcm-text>`[39m[33m:[39m
[36mnull[39m} ${[33m![39ms
[33m&&[39m[36mthis[39m[33m.
[39mloading[33m?[39mn[32m`<
wcm-spinner></wcm-spinner>`[39
m[33m:[39m[36mnull[39m}[33
m<[39m[33m/[39m[33mdiv[39m
[33m>[39m[33m<[39m[33m/[3
9m[33mwcm[39m[33m-[39mmodal
[33m-[39mcontent[33m>[39m[
32m`}};U.styles=[h.globalCss,nr
],ie([I()],U.prototype,"loading
",2),ie([I()],U.prototype,"firs
tFetch",2),ie([I()],U.prototype
,"search",2),ie([I()],U.prototy
pe,"endReached",2),U=ie([p("wcm
-wallet-explorer-view")],U);con
st dr=g`[39mwcm[33m-[39minfo
[33m-[39mfooter{flex[33m-[3
9mdirection[33m:[39mcolumn[3
3m;[39malign[33m-[39mitems[
33m:[39mcenter[33m;[39mdispl
ay[33m:[39mflex[33m;[39mwid
th[33m:[39m[35m100[39m[33m
%[39m[33m;[39mpadding[33m:
[39m[35m5[39mpx [35m0[39m}w
cm[33m-[39mtext{text[33m-[3
9malign[33m:[39mcenter}[32m`
;var mr=Object.defineProperty,h
r=Object.getOwnPropertyDescript
or,Ge=(e,o,r,a)=>{for(var 
t=a>1?void 0:a?hr(o,r):o,l=e.le
ngth-1,i;l>=0;l--)(i=e[l])&&(t=
(a?i(o,r,t):i(t))||t);return 
a&&t&&mr(o,r,t),t};let 
we=class extends w{constructor(
){super(),this.isError=!1,this.
openWebWallet()}onFormatAndRedi
rect(e){const{desktop:o,name:r}
=m.getWalletRouterData(),a=o?.u
niversal;if(a){const t=m.format
UniversalUrl(a,e,r);m.openHref(
t,"_blank")}}openWebWallet(){co
nst{walletConnectUri:e}=R.state
,o=m.getWalletRouterData();c.se
tRecentWallet(o),e&&this.onForm
atAndRedirect(e)}render(){const
{name:e,id:o,image_id:r}=m.getW
alletRouterData(),{isMobile:a,i
sDesktop:t}=c.getCachedRouterWa
lletPlatforms(),l=m.isMobile();
return n`[39m[33m<[39m[33mw
cm[39m[33m-[39mmodal[33m-[
39mheader title[33m=[39m[32m
"${e}"[39m [33m.[39monAction
[33m=[39m[32m"${c.handleUriC
opy}"[39m [33m.[39mactionIco
n[33m=[39m[32m"${v.COPY_ICON
}"[39m[33m>[39m[33m<[39m[
33m/[39m[33mwcm[39m[33m-[3
9mmodal[33m-[39mheader[33m>
[39m[33m<[39m[33mwcm[39m[3
3m-[39mmodal[33m-[39mcontent
[33m>[39m[33m<[39m[33mwcm
[39m[33m-[39mconnector[33m-
[39mwaiting walletId[33m=[39m
[32m"${o}"[39m imageId[33m=
[39m[32m"${k(r)}"[39m label[
33m=[39m[32m"${`Continue in 
${e}...`}"[39m [33m.[39misEr
ror[33m=[39m[32m"${this.isEr
ror}"[39m[33m>[39m[33m<[39
m[33m/[39m[33mwcm[39m[33m-
[39mconnector[33m-[39mwaitin
g[33m>[39m[33m<[39m[33m/[
39m[33mwcm[39m[33m-[39mmoda
l[33m-[39mcontent[33m>[39m
[33m<[39m[33mwcm[39m[33m-[
39minfo[33m-[39mfooter[33m>
[39m[33m<[39m[33mwcm[39m[3
3m-[39mtext color[33m=[39m[
32m"secondary"[39m variant[33
m=[39m[32m"small-thin"[39m[
33m>[39m${[32m`${e} web app 
has opened in a new tab. Go 
there, accept the connection, 
and come back`[39m}[33m<[39m
[33m/[39m[33mwcm[39m[33m-
[39mtext[33m>[39m[33m<[39m
[33mwcm[39m[33m-[39mplatform
[33m-[39mselection [33m.[39
misMobile[33m=[39m[32m"${a}"
[39m [33m.[39misDesktop[33m
=[39m[32m"${l?!1:t}"[39m [3
3m.[39misRetry[33m=[39m[32m
"${!0}"[39m[33m>[39m[33m<[
39m[33mwcm[39m[33m-[39mbutt
on [33m.[39monClick[33m=[39
m[32m"${this.openWebWallet.bin
d(this)}"[39m [33m.[39miconR
ight[33m=[39m[32m"${v.RETRY_
ICON}"[39m[33m>[39m[33mRetr
y[39m[33m<[39m[33m/[39m[3
3mwcm[39m[33m-[39mbutton[33
m>[39m[33m<[39m[33m/[39m[
33mwcm[39m[33m-[39mplatform
[33m-[39mselection[33m>[39m
[33m<[39m[33m/[39m[33mwcm[
39m[33m-[39minfo[33m-[39mfo
oter[33m>[39m[32m`}};we.styl
es=[h.globalCss,dr],Ge([I()],we
.prototype,"isError",2),we=Ge([
p("wcm-web-connecting-view")],w
e);export{ae as WcmModal,j as 
WcmQrCode};[39m
 [90m   |[39m                
                               
                               
                               
                             [
31m[1m^[22m[39m[31m[1m^[2
2m[39m[31m[1m^[22m[39m[31
m[1m^[22m[39m[31m[1m^[22m
[39m[31m[1m^[22m[39m[31m
[1m^[22m[39m[31m[1m^[22m[
39m[31m[1m^[22m[39m[31m[1
m^[22m[39m[31m[1m^[22m[39
m[31m[1m^[22m[39m[31m[1m^
[22m[39m[31m[1m^[22m[39m
[31m[1m^[22m[39m[31m[1m^[
22m[39m[31m[1m^[22m[39m[3
1m[1m^[22m[39m[31m[1m^[22
m[39m[31m[1m^[22m[39m[31m
[1m^[22m[39m[31m[1m^[22m
[39m[31m[1m^[22m[39m[31m[
1m^[22m[39m[31m[1m^[22m[3
9m[31m[1m^[22m[39m[31m[1m
^[22m[39m[31m[1m^[22m[39m
[31m[1m^[22m[39m[31m[1m^
[22m[39m[31m[1m^[22m[39m[
31m[1m^[22m[39m[31m[1m^[2
2m[39m[31m[1m^[22m[39m[31
m[1m^[22m[39m[31m[1m^[22m
[39m[31m[1m^[22m[39m[31m
[1m^[22m[39m[31m[1m^[22m[
39m[31m[1m^[22m[39m[31m[1
m^[22m[39m[31m[1m^[22m[39
m[31m[1m^[22m[39m[31m[1m^
[22m[39m[31m[1m^[22m[39m
[31m[1m^[22m[39m[31m[1m^[
22m[39m[31m[1m^[22m[39m[3
1m[1m^[22m[39m[31m[1m^[22
m[39m[31m[1m^[22m[39m[31m
[1m^[22m[39m[31m[1m^[22m
[39m[31m[1m^[22m[39m[31m[
1m^[22m[39m
 [90m 2 |[39m [32m//# source
MappingURL=index.js.map[39m
 [90m 3 |[39m [32m[39m[0m



Import traces:
  Client Component Browser:
    ./node_modules/@walletconne
ct/modal-ui/dist/index.js 
[Client Component Browser]
    ./node_modules/@walletconne
ct/modal/dist/index.js [Client 
Component Browser]
    ./node_modules/@walletconne
ct/ethereum-provider/dist/index
.es.js [Client Component 
Browser]
    ./node_modules/@web3modal/e
thers/dist/esm/src/client.js 
[Client Component Browser]
    ./node_modules/@web3modal/e
thers/dist/esm/exports/react.js
 [Client Component Browser]
    ./hooks/useWeb3Manager.ts 
[Client Component Browser]
    ./components/EligibilityFlo
w.tsx [Client Component 
Browser]
    ./app/page.tsx [Client 
Component Browser]
    ./app/page.tsx [Server 
Component]

  Client Component SSR:
    ./node_modules/@walletconne
ct/modal-ui/dist/index.js 
[Client Component SSR]
    ./node_modules/@walletconne
ct/modal/dist/index.js [Client 
Component SSR]
    ./node_modules/@walletconne
ct/ethereum-provider/dist/index
.es.js [Client Component SSR]
    ./node_modules/@web3modal/e
thers/dist/esm/src/client.js 
[Client Component SSR]
    ./node_modules/@web3modal/e
thers/dist/esm/exports/react.js
 [Client Component SSR]
    ./hooks/useWeb3Manager.ts 
[Client Component SSR]
    ./components/EligibilityFlo
w.tsx [Client Component SSR]
    ./app/page.tsx [Client 
Component SSR]
    ./app/page.tsx [Server 
Component]

https://nextjs.org/docs/message
s/module-not-found


./node_modules/@walletconnect/m
odal-ui/dist/index.js:1:440
Module not found: Can't 
resolve 
'lit/directives/if-defined.js'
[0m[31m[1m>[22m[39m[90m 
1 |[39m [36mimport[39m{css 
[36mas[39m g[33m,[39m[33mL
itElement[39m [36mas[39m 
w[33m,[39mhtml [36mas[39m 
n[33m,[39msvg [36mas[39m pe
}[36mfrom[39m[32m"lit"[39m
[33m;[39m[36mimport[39m{prop
erty [36mas[39m 
d[33m,[39mcustomElement 
[36mas[39m p[33m,[39mstate 
[36mas[39m [33mI[39m}[36mf
rom[39m[32m"lit/decorators.js
"[39m[33m;[39m[36mimport[3
9m{classMap [36mas[39m [33mP
[39m}[36mfrom[39m[32m"lit/d
irectives/class-map.js"[39m[3
3m;[39m[36mimport[39m{[33mT
hemeCtrl[39m [36mas[39m [33
mX[39m[33m,[39m[33mModalCtr
l[39m [36mas[39m ge[33m,[3
9m[33mRouterCtrl[39m 
[36mas[39m x[33m,[39m[33mC
onfigCtrl[39m [36mas[39m z[
33m,[39m[33mExplorerCtrl[39m
 [36mas[39m [33mW[39m[33m,
[39m[33mCoreUtil[39m 
[36mas[39m m[33m,[39m[33mO
ptionsCtrl[39m [36mas[39m [
33mR[39m[33m,[39m[33mToastC
trl[39m [36mas[39m [33mN[3
9m[33m,[39m[33mEventsCtrl[3
9m [36mas[39m [33mXe[39m}[
36mfrom[39m[32m"@walletconnec
t/modal-core"[39m[33m;[39m[
36mimport[39m{svg 
[36mas[39m [33mC[39m}[36mf
rom[39m[32m"lit-html"[39m[3
3m;[39m[36mimport[39m{animat
e [36mas[39m [33mH[39m}[36
mfrom[39m[32m"motion"[39m[3
3m;[39m[36mimport[39m{ifDefi
ned [36mas[39m k}[36mfrom[3
9m[32m"lit/directives/if-defin
ed.js"[39m[33m;[39m[36mimpo
rt[39m [33mJe[39m [36mfrom
[39m[32m"qrcode"[39m[33m;[3
9m[36mvar[39m et[33m=[39m[
33mObject[39m[33m.[39mdefine
Property[33m,[39m[33mBe[39m
[33m=[39m[33mObject[39m[33
m.[39mgetOwnPropertySymbols[3
3m,[39mtt[33m=[39m[33mObjec
t[39m[33m.[39mprototype[33m
.[39mhasOwnProperty[33m,[39m
ot[33m=[39m[33mObject[39m[
33m.[39mprototype[33m.[39mpr
opertyIsEnumerable[33m,[39m[
33mUe[39m[33m=[39m(e[33m,[
39mo[33m,[39mr)[33m=>[39mo 
[36min[39m e[33m?[39met(e[
33m,[39mo[33m,[39m{enumerabl
e[33m:[39m[33m![39m[35m0[
39m[33m,[39mconfigurable[33m
:[39m[33m![39m[35m0[39m[3
3m,[39mwritable[33m:[39m[33
m![39m[35m0[39m[33m,[39mva
lue[33m:[39mr})[33m:[39me[o
][33m=[39mr[33m,[39mve[33m
=[39m(e[33m,[39mo)[33m=>[3
9m{[36mfor[39m([36mvar[39m 
r [36min[39m o[33m||[39m(o
[33m=[39m{}))tt[33m.[39mcall
(o[33m,[39mr)[33m&&[39m[33
mUe[39m(e[33m,[39mr[33m,[3
9mo[r])[33m;[39m[36mif[39m(
[33mBe[39m)[36mfor[39m([36
mvar[39m r [36mof[39m [33mB
e[39m(o))ot[33m.[39mcall(o[
33m,[39mr)[33m&&[39m[33mUe
[39m(e[33m,[39mr[33m,[39mo[
r])[33m;[39m[36mreturn[39m 
e}[33m;[39m[36mfunction[39m
 rt(){[36mvar[39m 
e[33m;[39m[36mconst[39m o[
33m=[39m(e[33m=[39m[33mX[3
9m[33m.[39mstate[33m.[39mth
emeMode)[33m!=[39m[36mnull[
39m[33m?[39me[33m:[39m[32m
"dark"[39m[33m,[39mr[33m=[
39m{light[33m:[39m{foreground
[33m:[39m{[35m1[39m[33m:[
39m[32m"rgb(20,20,20)"[39m[3
3m,[39m[35m2[39m[33m:[39m
[32m"rgb(121,134,134)"[39m[33
m,[39m[35m3[39m[33m:[39m[
32m"rgb(158,169,169)"[39m}[33
m,[39mbackground[33m:[39m{[
35m1[39m[33m:[39m[32m"rgb(2
55,255,255)"[39m[33m,[39m[3
5m2[39m[33m:[39m[32m"rgb(24
1,243,243)"[39m[33m,[39m[35
m3[39m[33m:[39m[32m"rgb(228
,231,231)"[39m}[33m,[39mover
lay[33m:[39m[32m"rgba(0,0,0,
0.1)"[39m}[33m,[39mdark[33m
:[39m{foreground[33m:[39m{[
35m1[39m[33m:[39m[32m"rgb(2
28,231,231)"[39m[33m,[39m[3
5m2[39m[33m:[39m[32m"rgb(14
8,158,158)"[39m[33m,[39m[35
m3[39m[33m:[39m[32m"rgb(110
,119,119)"[39m}[33m,[39mback
ground[33m:[39m{[35m1[39m[
33m:[39m[32m"rgb(20,20,20)"[
39m[33m,[39m[35m2[39m[33m:
[39m[32m"rgb(39,42,42)"[39m
[33m,[39m[35m3[39m[33m:[39
m[32m"rgb(59,64,64)"[39m}[33
m,[39moverlay[33m:[39m[32m"
rgba(255,255,255,0.1)"[39m}}[o
][33m;[39m[36mreturn[39m{[
32m"--wcm-color-fg-1"[39m[33m
:[39mr[33m.[39mforeground[[
35m1[39m][33m,[39m[32m"--wc
m-color-fg-2"[39m[33m:[39mr
[33m.[39mforeground[[35m2[39
m][33m,[39m[32m"--wcm-color-
fg-3"[39m[33m:[39mr[33m.[3
9mforeground[[35m3[39m][33m,
[39m[32m"--wcm-color-bg-1"[3
9m[33m:[39mr[33m.[39mbackgr
ound[[35m1[39m][33m,[39m[3
2m"--wcm-color-bg-2"[39m[33m:
[39mr[33m.[39mbackground[[3
5m2[39m][33m,[39m[32m"--wcm
-color-bg-3"[39m[33m:[39mr[
33m.[39mbackground[[35m3[39m
][33m,[39m[32m"--wcm-color-o
verlay"[39m[33m:[39mr[33m.
[39moverlay}}[36mfunction[39m
 [33mHe[39m(){[36mreturn[39
m{[32m"--wcm-accent-color"[39
m[33m:[39m[32m"#3396FF"[39m
[33m,[39m[32m"--wcm-accent-f
ill-color"[39m[33m:[39m[32m
"#FFFFFF"[39m[33m,[39m[32m"
--wcm-z-index"[39m[33m:[39m
[32m"89"[39m[33m,[39m[32m"-
-wcm-background-color"[39m[33
m:[39m[32m"#3396FF"[39m[33m
,[39m[32m"--wcm-background-bo
rder-radius"[39m[33m:[39m[3
2m"8px"[39m[33m,[39m[32m"--
wcm-container-border-radius"[3
9m[33m:[39m[32m"30px"[39m[
33m,[39m[32m"--wcm-wallet-ico
n-border-radius"[39m[33m:[39
m[32m"15px"[39m[33m,[39m[3
2m"--wcm-wallet-icon-large-bord
er-radius"[39m[33m:[39m[32m
"30px"[39m[33m,[39m[32m"--w
cm-wallet-icon-small-border-rad
ius"[39m[33m:[39m[32m"7px"
[39m[33m,[39m[32m"--wcm-inpu
t-border-radius"[39m[33m:[39
m[32m"28px"[39m[33m,[39m[3
2m"--wcm-button-border-radius"
[39m[33m:[39m[32m"10px"[39m
[33m,[39m[32m"--wcm-notifica
tion-border-radius"[39m[33m:
[39m[32m"36px"[39m[33m,[39m
[32m"--wcm-secondary-button-bo
rder-radius"[39m[33m:[39m[3
2m"28px"[39m[33m,[39m[32m"-
-wcm-icon-button-border-radius"
[39m[33m:[39m[32m"50%"[39m
[33m,[39m[32m"--wcm-button-h
over-highlight-border-radius"[
39m[33m:[39m[32m"10px"[39m
[33m,[39m[32m"--wcm-text-big-
bold-size"[39m[33m:[39m[32m
"20px"[39m[33m,[39m[32m"--w
cm-text-big-bold-weight"[39m[
33m:[39m[32m"600"[39m[33m,
[39m[32m"--wcm-text-big-bold-l
ine-height"[39m[33m:[39m[32
m"24px"[39m[33m,[39m[32m"--
wcm-text-big-bold-letter-spacin
g"[39m[33m:[39m[32m"-0.03em
"[39m[33m,[39m[32m"--wcm-te
xt-big-bold-text-transform"[39
m[33m:[39m[32m"none"[39m[3
3m,[39m[32m"--wcm-text-xsmall
-bold-size"[39m[33m:[39m[32
m"10px"[39m[33m,[39m[32m"--
wcm-text-xsmall-bold-weight"[3
9m[33m:[39m[32m"700"[39m[3
3m,[39m[32m"--wcm-text-xsmall
-bold-line-height"[39m[33m:[
39m[32m"12px"[39m[33m,[39m
[32m"--wcm-text-xsmall-bold-let
ter-spacing"[39m[33m:[39m[3
2m"0.02em"[39m[33m,[39m[32m
"--wcm-text-xsmall-bold-text-tr
ansform"[39m[33m:[39m[32m"u
ppercase"[39m[33m,[39m[32m"
--wcm-text-xsmall-regular-size"
[39m[33m:[39m[32m"12px"[39
m[33m,[39m[32m"--wcm-text-xs
mall-regular-weight"[39m[33m:
[39m[32m"600"[39m[33m,[39m
[32m"--wcm-text-xsmall-regular
-line-height"[39m[33m:[39m[
32m"14px"[39m[33m,[39m[32m"
--wcm-text-xsmall-regular-lette
r-spacing"[39m[33m:[39m[32m
"-0.03em"[39m[33m,[39m[32m"
--wcm-text-xsmall-regular-text-
transform"[39m[33m:[39m[32m
"none"[39m[33m,[39m[32m"--w
cm-text-small-thin-size"[39m[
33m:[39m[32m"14px"[39m[33m,
[39m[32m"--wcm-text-small-thi
n-weight"[39m[33m:[39m[32m"
500"[39m[33m,[39m[32m"--wcm
-text-small-thin-line-height"[
39m[33m:[39m[32m"16px"[39m
[33m,[39m[32m"--wcm-text-smal
l-thin-letter-spacing"[39m[33
m:[39m[32m"-0.03em"[39m[33m
,[39m[32m"--wcm-text-small-th
in-text-transform"[39m[33m:[
39m[32m"none"[39m[33m,[39m
[32m"--wcm-text-small-regular-s
ize"[39m[33m:[39m[32m"14px"
[39m[33m,[39m[32m"--wcm-tex
t-small-regular-weight"[39m[3
3m:[39m[32m"600"[39m[33m,[
39m[32m"--wcm-text-small-regul
ar-line-height"[39m[33m:[39m
[32m"16px"[39m[33m,[39m[32
m"--wcm-text-small-regular-lett
er-spacing"[39m[33m:[39m[32
m"-0.03em"[39m[33m,[39m[32m
"--wcm-text-small-regular-text-
transform"[39m[33m:[39m[32m
"none"[39m[33m,[39m[32m"--w
cm-text-medium-regular-size"[3
9m[33m:[39m[32m"16px"[39m[
33m,[39m[32m"--wcm-text-mediu
m-regular-weight"[39m[33m:[3
9m[32m"600"[39m[33m,[39m[3
2m"--wcm-text-medium-regular-li
ne-height"[39m[33m:[39m[32m
"20px"[39m[33m,[39m[32m"--w
cm-text-medium-regular-letter-s
pacing"[39m[33m:[39m[32m"-0
.03em"[39m[33m,[39m[32m"--w
cm-text-medium-regular-text-tra
nsform"[39m[33m:[39m[32m"no
ne"[39m[33m,[39m[32m"--wcm-
font-family"[39m[33m:[39m[3
2m"-apple-system, system-ui, 
BlinkMacSystemFont, 'Segoe 
UI', Roboto, Ubuntu, 
'Helvetica Neue', sans-serif"[
39m[33m,[39m[32m"--wcm-font-
feature-settings"[39m[33m:[3
9m[32m"'tnum' on, 'lnum' on, 
'case' on"[39m[33m,[39m[32m
"--wcm-success-color"[39m[33m
:[39m[32m"rgb(38,181,98)"[39
m[33m,[39m[32m"--wcm-error-c
olor"[39m[33m:[39m[32m"rgb(
242, 90, 103)"[39m[33m,[39m
[32m"--wcm-overlay-background-c
olor"[39m[33m:[39m[32m"rgba
(0, 0, 0, 0.3)"[39m[33m,[39m
[32m"--wcm-overlay-backdrop-fi
lter"[39m[33m:[39m[32m"none
"[39m}}[36mconst[39m h[33m=
[39m{getPreset(e){[36mreturn
[39m [33mHe[39m()[e]}[33m,[
39msetTheme(){[36mconst[39m e
[33m=[39mdocument[33m.[39mq
uerySelector([32m":root"[39m)
[33m,[39m{themeVariables[33m
:[39mo}[33m=[39m[33mX[39m
[33m.[39mstate[33m;[39m[36m
if[39m(e){[36mconst[39m r[3
3m=[39mve(ve(ve({}[33m,[39mr
t())[33m,[39m[33mHe[39m())
[33m,[39mo)[33m;[39m[33mObj
ect[39m[33m.[39mentries(r)[
33m.[39mforEach(([a[33m,[39m
t])[33m=>[39me[33m.[39mstyl
e[33m.[39msetProperty(a[33m,
[39mt))}}[33m,[39mglobalCss
[33m:[39mg[32m`*,::after,::be
fore{margin:0;padding:0;box-siz
ing:border-box;font-style:norma
l;text-rendering:optimizeSpeed;
-webkit-font-smoothing:antialia
sed;-moz-osx-font-smoothing:gra
yscale;-webkit-tap-highlight-co
lor:transparent;backface-visibi
lity:hidden}button{cursor:point
er;display:flex;justify-content
:center;align-items:center;posi
tion:relative;border:none;backg
round-color:transparent;transit
ion:all .2s ease}@media 
(hover:hover) and (pointer:fine
){button:active{transition:all 
.1s ease;transform:scale(.93)}}
button::after{content:'';positi
on:absolute;top:0;bottom:0;left
:0;right:0;transition:backgroun
d-color,.2s ease}button:disable
d{cursor:not-allowed}button 
svg,button wcm-text{position:re
lative;z-index:1}input{border:n
one;outline:0;appearance:none}i
mg{display:block}::selection{co
lor:var(--wcm-accent-fill-color
);background:var(--wcm-accent-c
olor)}`[39m}[33m,[39mat[33m
=[39mg[32m`button{border-radi
us:var(--wcm-secondary-button-b
order-radius);height:28px;paddi
ng:0 10px;background-color:var(
--wcm-accent-color)}button path
{fill:var(--wcm-accent-fill-col
or)}button::after{border-radius
:inherit;border:1px solid var(-
-wcm-color-overlay)}button:disa
bled::after{background-color:tr
ansparent}.wcm-icon-left svg{ma
rgin-right:5px}.wcm-icon-right 
svg{margin-left:5px}button:acti
ve::after{background-color:var(
--wcm-color-overlay)}.wcm-ghost
,.wcm-ghost:active::after,.wcm-
outline{background-color:transp
arent}.wcm-ghost:active{opacity
:.5}@media(hover:hover){button:
hover::after{background-color:v
ar(--wcm-color-overlay)}.wcm-gh
ost:hover::after{background-col
or:transparent}.wcm-ghost:hover
{opacity:.5}}button:disabled{ba
ckground-color:var(--wcm-color-
bg-3);pointer-events:none}.wcm-
ghost::after{border-color:trans
parent}.wcm-ghost path{fill:var
(--wcm-color-fg-2)}.wcm-outline
 path{fill:var(--wcm-accent-col
or)}.wcm-outline:disabled{backg
round-color:transparent;opacity
:.5}`[39m[33m;[39m[36mvar[
39m lt[33m=[39m[33mObject[3
9m[33m.[39mdefineProperty[33
m,[39mit[33m=[39m[33mObject
[39m[33m.[39mgetOwnPropertyD
escriptor[33m,[39m[33mF[39m
[33m=[39m(e[33m,[39mo[33m,
[39mr[33m,[39ma)[33m=>[39m
{[36mfor[39m([36mvar[39m t
[33m=[39ma[33m>[39m[35m1[3
9m[33m?[39m[36mvoid[39m [3
5m0[39m[33m:[39ma[33m?[39m
it(o[33m,[39mr)[33m:[39mo[
33m,[39ml[33m=[39me[33m.[3
9mlength[33m-[39m[35m1[39m
[33m,[39mi[33m;[39ml[33m>=
[39m[35m0[39m[33m;[39ml[33
m--[39m)(i[33m=[39me[l])[33
m&&[39m(t[33m=[39m(a[33m?[
39mi(o[33m,[39mr[33m,[39mt)
[33m:[39mi(t))[33m||[39mt)
[33m;[39m[36mreturn[39m a[3
3m&&[39mt[33m&&[39mlt(o[33m
,[39mr[33m,[39mt)[33m,[39m
t}[33m;[39m[36mlet[39m [33
mT[39m[33m=[39m[36mclass[3
9m [36mextends[39m w{construc
tor(){[36msuper[39m([33m...
[39marguments)[33m,[39m[36mt
his[39m[33m.[39mdisabled[33
m=[39m[33m![39m[35m1[39m[
33m,[39m[36mthis[39m[33m.[
39miconLeft[33m=[39m[36mvoid
[39m [35m0[39m[33m,[39m[3
6mthis[39m[33m.[39miconRight
[33m=[39m[36mvoid[39m [35m
0[39m[33m,[39m[36mthis[39m
[33m.[39monClick[33m=[39m()
[33m=>[39m[36mnull[39m[33m
,[39m[36mthis[39m[33m.[39m
variant[33m=[39m[32m"default
"[39m}render(){[36mconst[39m
 e[33m=[39m{[32m"wcm-icon-le
ft"[39m[33m:[39m[36mthis[3
9m[33m.[39miconLeft[33m!==[
39m[36mvoid[39m [35m0[39m[
33m,[39m[32m"wcm-icon-right"
[39m[33m:[39m[36mthis[39m[
33m.[39miconRight[33m!==[39m
[36mvoid[39m [35m0[39m[33m
,[39m[32m"wcm-ghost"[39m[33
m:[39m[36mthis[39m[33m.[39
mvariant[33m===[39m[32m"ghos
t"[39m[33m,[39m[32m"wcm-out
line"[39m[33m:[39m[36mthis
[39m[33m.[39mvariant[33m===
[39m[32m"outline"[39m}[33m;
[39m[36mlet[39m o[33m=[39m
[32m"inverse"[39m[33m;[39m[
36mreturn[39m [36mthis[39m[
33m.[39mvariant[33m===[39m[
32m"ghost"[39m[33m&&[39m(o[
33m=[39m[32m"secondary"[39m)
[33m,[39m[36mthis[39m[33m.
[39mvariant[33m===[39m[32m"
outline"[39m[33m&&[39m(o[33
m=[39m[32m"accent"[39m)[33m
,[39mn[32m`<button 
class="${P(e)}" 
?disabled="${this.disabled}" @c
lick="${this.onClick}">${this.i
conLeft}<wcm-text 
variant="small-regular" color="
${o}"><slot></slot></wcm-text>$
{this.iconRight}</button>`[39m
}}[33m;[39m[33mT[39m[33m.
[39mstyles[33m=[39m[h[33m.[
39mglobalCss[33m,[39mat][33m
,[39m[33mF[39m([d({type[33m
:[39m[33mBoolean[39m})][33m
,[39m[33mT[39m[33m.[39mpro
totype[33m,[39m[32m"disabled
"[39m[33m,[39m[35m2[39m)[
33m,[39m[33mF[39m([d()][33m
,[39m[33mT[39m[33m.[39mpro
totype[33m,[39m[32m"iconLeft
"[39m[33m,[39m[35m2[39m)[
33m,[39m[33mF[39m([d()][33m
,[39m[33mT[39m[33m.[39mpro
totype[33m,[39m[32m"iconRigh
t"[39m[33m,[39m[35m2[39m)
[33m,[39m[33mF[39m([d()][33
m,[39m[33mT[39m[33m.[39mpr
ototype[33m,[39m[32m"onClick
"[39m[33m,[39m[35m2[39m)[
33m,[39m[33mF[39m([d()][33m
,[39m[33mT[39m[33m.[39mpro
totype[33m,[39m[32m"variant"
[39m[33m,[39m[35m2[39m)[3
3m,[39m[33mT[39m[33m=[39m
[33mF[39m([p([32m"wcm-button"
[39m)][33m,[39m[33mT[39m)
[33m;[39m[36mconst[39m nt[3
3m=[39mg[32m`:host{display:in
line-block}button{padding:0 
15px 1px;height:40px;border-rad
ius:var(--wcm-button-border-rad
ius);color:var(--wcm-accent-fil
l-color);background-color:var(-
-wcm-accent-color)}button::afte
r{content:'';top:0;bottom:0;lef
t:0;right:0;position:absolute;b
ackground-color:transparent;bor
der-radius:inherit;transition:b
ackground-color .2s 
ease;border:1px solid var(--wcm
-color-overlay)}button:active::
after{background-color:var(--wc
m-color-overlay)}button:disable
d{padding-bottom:0;background-c
olor:var(--wcm-color-bg-3);colo
r:var(--wcm-color-fg-3)}.wcm-se
condary{color:var(--wcm-accent-
color);background-color:transpa
rent}.wcm-secondary::after{disp
lay:none}@media(hover:hover){bu
tton:hover::after{background-co
lor:var(--wcm-color-overlay)}}`
[39m[33m;[39m[36mvar[39m c
t[33m=[39m[33mObject[39m[3
3m.[39mdefineProperty[33m,[3
9mst[33m=[39m[33mObject[39m
[33m.[39mgetOwnPropertyDescri
ptor[33m,[39mue[33m=[39m(e
[33m,[39mo[33m,[39mr[33m,[
39ma)[33m=>[39m{[36mfor[39m
([36mvar[39m t[33m=[39ma[3
3m>[39m[35m1[39m[33m?[39m
[36mvoid[39m [35m0[39m[33m:
[39ma[33m?[39mst(o[33m,[39
mr)[33m:[39mo[33m,[39ml[33
m=[39me[33m.[39mlength[33m-
[39m[35m1[39m[33m,[39mi[3
3m;[39ml[33m>=[39m[35m0[39
m[33m;[39ml[33m--[39m)(i[3
3m=[39me[l])[33m&&[39m(t[33
m=[39m(a[33m?[39mi(o[33m,[
39mr[33m,[39mt)[33m:[39mi(t
))[33m||[39mt)[33m;[39m[36
mreturn[39m a[33m&&[39mt[33
m&&[39mct(o[33m,[39mr[33m,
[39mt)[33m,[39mt}[33m;[39m
[36mlet[39m 
ee[33m=[39m[36mclass[39m 
[36mextends[39m w{constructor
(){[36msuper[39m([33m...[39
marguments)[33m,[39m[36mthis
[39m[33m.[39mdisabled[33m=
[39m[33m![39m[35m1[39m[33m
,[39m[36mthis[39m[33m.[39m
variant[33m=[39m[32m"primary
"[39m}render(){[36mconst[39m
 e[33m=[39m{[32m"wcm-seconda
ry"[39m[33m:[39m[36mthis[3
9m[33m.[39mvariant[33m===[3
9m[32m"secondary"[39m}[33m;
[39m[36mreturn[39m 
n[32m`<button 
?disabled="${this.disabled}" cl
ass="${P(e)}"><slot></slot></bu
tton>`[39m}}[33m;[39mee[33m
.[39mstyles[33m=[39m[h[33m.
[39mglobalCss[33m,[39mnt][3
3m,[39mue([d({type[33m:[39m
[33mBoolean[39m})][33m,[39me
e[33m.[39mprototype[33m,[39
m[32m"disabled"[39m[33m,[39
m[35m2[39m)[33m,[39mue([d()
][33m,[39mee[33m.[39mprotot
ype[33m,[39m[32m"variant"[3
9m[33m,[39m[35m2[39m)[33m,
[39mee[33m=[39mue([p([32m"w
cm-button-big"[39m)][33m,[39
mee)[33m;[39m[36mconst[39m 
dt[33m=[39mg[32m`:host{backg
round-color:var(--wcm-color-bg-
2);border-top:1px solid var(--w
cm-color-bg-3)}div{padding:10px
 20px;display:inherit;flex-dire
ction:inherit;align-items:inher
it;width:inherit;justify-conten
t:inherit}`[39m[33m;[39m[36
mvar[39m mt[33m=[39m[33mObj
ect[39m[33m.[39mdefineProper
ty[33m,[39mht[33m=[39m[33m
Object[39m[33m.[39mgetOwnPro
pertyDescriptor[33m,[39mwt[3
3m=[39m(e[33m,[39mo[33m,[3
9mr[33m,[39ma)[33m=>[39m{[
36mfor[39m([36mvar[39m t[33
m=[39ma[33m>[39m[35m1[39m
[33m?[39m[36mvoid[39m [35m0
[39m[33m:[39ma[33m?[39mht(
o[33m,[39mr)[33m:[39mo[33m
,[39ml[33m=[39me[33m.[39ml
ength[33m-[39m[35m1[39m[33
m,[39mi[33m;[39ml[33m>=[39
m[35m0[39m[33m;[39ml[33m--
[39m)(i[33m=[39me[l])[33m&&
[39m(t[33m=[39m(a[33m?[39m
i(o[33m,[39mr[33m,[39mt)[3
3m:[39mi(t))[33m||[39mt)[33
m;[39m[36mreturn[39m a[33m&
&[39mt[33m&&[39mmt(o[33m,[
39mr[33m,[39mt)[33m,[39mt}
[33m;[39m[36mlet[39m 
be[33m=[39m[36mclass[39m 
[36mextends[39m 
w{render(){[36mreturn[39m n[
32m`<div><slot></slot></div>`[
39m}}[33m;[39mbe[33m.[39mst
yles[33m=[39m[h[33m.[39mglo
balCss[33m,[39mdt][33m,[39m
be[33m=[39mwt([p([32m"wcm-in
fo-footer"[39m)][33m,[39mbe)
[33m;[39m[36mconst[39m v[3
3m=[39m{[33mCROSS_ICON[39m[
33m:[39m[33mC[39m[32m`<svg 
width="12" height="12" 
viewBox="0 0 12 12"><path 
d="M9.94 11A.75.75 0 1 0 11 
9.94L7.414 6.353a.5.5 0 0 1 
0-.708L11 2.061A.75.75 0 1 0 
9.94 1L6.353 4.586a.5.5 0 0 
1-.708 0L2.061 1A.75.75 0 0 0 
1 2.06l3.586 3.586a.5.5 0 0 1 
0 .708L1 9.939A.75.75 0 1 0 
2.06 11l3.586-3.586a.5.5 0 0 1 
.708 0L9.939 11Z" fill="#fff"/>
</svg>`[39m[33m,[39m[33mWAL
LET_CONNECT_LOGO[39m[33m:[39
m[33mC[39m[32m`<svg 
width="178" height="29" 
viewBox="0 0 178 29" 
id="wcm-wc-logo"><path 
d="M10.683 7.926c5.284-5.17 
13.85-5.17 19.134 
0l.636.623a.652.652 0 0 1 0 
.936l-2.176 2.129a.343.343 0 0 
1-.478 0l-.875-.857c-3.686-3.60
7-9.662-3.607-13.348 
0l-.937.918a.343.343 0 0 
1-.479 0l-2.175-2.13a.652.652 
0 0 1 0-.936l.698-.683Zm23.633 
4.403 1.935 1.895a.652.652 0 0 
1 0 .936l-8.73 8.543a.687.687 
0 0 1-.956 0L20.37 
17.64a.172.172 0 0 0-.239 
0l-6.195 6.063a.687.687 0 0 
1-.957 0l-8.73-8.543a.652.652 
0 0 1 
0-.936l1.936-1.895a.687.687 0 
0 1 .957 0l6.196 
6.064a.172.172 0 0 0 .239 
0l6.195-6.064a.687.687 0 0 1 
.957 0l6.196 6.064a.172.172 0 
0 0 .24 0l6.195-6.064a.687.687 
0 0 1 .956 0ZM48.093 20.948l2.3
38-9.355c.139-.515.258-1.07.416
-1.942.12.872.258 1.427.357 
1.942l2.022 9.355h4.181l3.528-1
3.874h-3.21l-1.943 
8.523a24.825 24.825 0 0 0-.456 
2.457c-.158-.931-.317-1.625-.49
5-2.438l-1.883-8.542h-4.201l-2.
042 8.542a41.204 41.204 0 0 
0-.475 2.438 41.208 41.208 0 0 
0-.476-2.438l-1.903-8.542h-3.34
9l3.508 13.874h4.083ZM63.33 
21.304c1.585 0 2.596-.654 3.11-
1.605-.059.297-.078.595-.078.89
2v.357h2.655V15.22c0-2.735-1.24
8-4.32-4.3-4.32-2.636 0-4.36 
1.466-4.52 
3.487h2.914c.1-.891.734-1.426 
1.705-1.426.911 0 1.407.515 
1.407 1.11 0 .435-.258.693-1.03
.792l-1.388.159c-2.061.257-3.82
5 1.01-3.825 3.19 0 1.982 
1.645 3.092 3.35 
3.092Zm.891-2.041c-.773 
0-1.348-.436-1.348-1.19 
0-.733.655-1.09 1.645-1.268l.67
4-.119c.575-.118.892-.218 
1.09-.396v.912c0 1.228-.892 
2.06-2.06 2.06ZM70.398 7.074v13
.874h2.874V7.074h-2.874ZM74.934
 7.074v13.874h2.874V7.074h-2.87
4ZM84.08 21.304c2.735 0 
4.5-1.546 4.697-3.567h-2.893c-.
139.892-.892 1.387-1.804 
1.387-1.228 0-2.12-.99-2.14-2.3
58h6.897v-.555c0-3.21-1.764-5.3
12-4.816-5.312-2.933 0-4.994 
2.062-4.994 5.173 0 3.37 2.12 
5.232 5.053 5.232Zm-2.16-6.421c
.119-1.11.932-1.922 
2.081-1.922 1.11 0 1.883.772 
1.903 1.922H81.92ZM94.92 
21.146c.633 0 1.248-.1 1.525-.1
79v-2.18c-.218.04-.475.06-.693.
06-1.05 0-1.427-.595-1.427-1.56
6v-3.805h2.338v-2.24h-2.338V7.7
88H91.47v3.448H89.37v2.24h2.1v4
.201c0 2.3 1.15 3.469 3.45 
3.469ZM104.62 21.304c3.924 0 
6.302-2.299 
6.599-5.608h-3.111c-.238 
1.803-1.506 3.032-3.369 
3.032-2.2 
0-3.746-1.784-3.746-4.796 
0-2.953 1.605-4.638 
3.805-4.638 1.883 0 2.953 1.15 
3.171 2.834h3.191c-.317-3.448-2
.854-5.41-6.342-5.41-3.984 
0-7.036 2.695-7.036 7.214 0 
4.677 2.676 7.372 6.838 
7.372ZM117.449 21.304c2.993 0 
5.114-1.882 5.114-5.172 0-3.23-
2.121-5.233-5.114-5.233-2.972 
0-5.093 2.002-5.093 5.233 0 
3.29 2.101 5.172 5.093 
5.172Zm0-2.22c-1.327 
0-2.18-1.09-2.18-2.952 
0-1.903.892-2.973 2.18-2.973 
1.308 0 2.2 1.07 2.2 2.973 0 
1.862-.872 2.953-2.2 
2.953ZM126.569 
20.948v-5.689c0-1.208.753-2.1 
1.823-2.1 1.011 0 1.606.773 
1.606 2.06v5.729h2.873v-6.144c0
-2.339-1.229-3.905-3.428-3.905-
1.526 0-2.458.734-2.953 
1.606a5.31 5.31 0 0 0 .079-.892
v-.377h-2.874v9.712h2.874ZM137.
464 
20.948v-5.689c0-1.208.753-2.1 
1.823-2.1 1.011 0 1.606.773 
1.606 2.06v5.729h2.873v-6.144c0
-2.339-1.228-3.905-3.428-3.905-
1.526 0-2.458.734-2.953 
1.606a5.31 5.31 0 0 0 .079-.892
v-.377h-2.874v9.712h2.874ZM149.
949 21.304c2.735 0 4.499-1.546 
4.697-3.567h-2.893c-.139.892-.8
92 1.387-1.804 1.387-1.228 0-2.
12-.99-2.14-2.358h6.897v-.555c0
-3.21-1.764-5.312-4.816-5.312-2
.933 0-4.994 2.062-4.994 5.173 
0 3.37 2.12 5.232 5.053 5.232Zm
-2.16-6.421c.119-1.11.932-1.922
 2.081-1.922 1.11 0 1.883.772 
1.903 1.922h-3.984ZM160.876 
21.304c3.013 0 4.658-1.645 
4.975-4.201h-2.874c-.099 
1.07-.713 1.982-2.001 
1.982-1.309 
0-2.2-1.21-2.2-2.993 0-1.942 
1.03-2.933 2.259-2.933 1.209 0 
1.803.872 1.883 1.882h2.873c-.2
18-2.358-1.823-4.142-4.776-4.14
2-2.874 0-5.153 1.903-5.153 
5.193 0 3.25 1.923 5.212 5.014 
5.212ZM172.067 21.146c.634 0 
1.248-.1 1.526-.179v-2.18c-.218
.04-.476.06-.694.06-1.05 0-1.42
7-.595-1.427-1.566v-3.805h2.339
v-2.24h-2.339V7.788h-2.854v3.44
8h-2.1v2.24h2.1v4.201c0 2.3 
1.15 3.469 3.449 3.469Z" fill="
#fff"/></svg>`[39m[33m,[39m
[33mWALLET_CONNECT_ICON[39m[3
3m:[39m[33mC[39m[32m`<svg 
width="28" height="20" 
viewBox="0 0 28 20"><g 
clip-path="url(#a)"><path 
d="M7.386 6.482c3.653-3.576 
9.575-3.576 13.228 
0l.44.43a.451.451 0 0 1 0 
.648L19.55 9.033a.237.237 0 0 
1-.33 0l-.606-.592c-2.548-2.496
-6.68-2.496-9.228 
0l-.648.634a.237.237 0 0 1-.33 
0L6.902 7.602a.451.451 0 0 1 
0-.647l.483-.473Zm16.338 3.046 
1.339 1.31a.451.451 0 0 1 0 
.648l-6.035 5.909a.475.475 0 0 
1-.662 0L14.083 13.2a.119.119 
0 0 0-.166 0l-4.283 
4.194a.475.475 0 0 1-.662 
0l-6.035-5.91a.451.451 0 0 1 
0-.647l1.338-1.31a.475.475 0 0 
1 .662 0l4.283 
4.194c.046.044.12.044.166 
0l4.283-4.194a.475.475 0 0 1 
.662 0l4.283 
4.194c.046.044.12.044.166 
0l4.283-4.194a.475.475 0 0 1 
.662 0Z" fill="#000000"/></g><d
efs><clipPath id="a"><path 
fill="#ffffff" d="M0 0h28v20H0z
"/></clipPath></defs></svg>`[3
9m[33m,[39m[33mWALLET_CONNEC
T_ICON_COLORED[39m[33m:[39m
[33mC[39m[32m`<svg 
width="96" height="96" 
fill="none"><path fill="#fff" 
d="M25.322 
33.597c12.525-12.263 
32.83-12.263 45.355 0l1.507 
1.476a1.547 1.547 0 0 1 0 
2.22l-5.156 5.048a.814.814 0 0 
1-1.134 0l-2.074-2.03c-8.737-8.
555-22.903-8.555-31.64 
0l-2.222 2.175a.814.814 0 0 
1-1.134 0l-5.156-5.049a1.547 
1.547 0 0 1 
0-2.22l1.654-1.62Zm56.019 
10.44 4.589 4.494a1.547 1.547 
0 0 1 0 2.22l-20.693 
20.26a1.628 1.628 0 0 1-2.267 
0L48.283 56.632a.407.407 0 0 
0-.567 0L33.03 71.012a1.628 
1.628 0 0 1-2.268 0L10.07 
50.75a1.547 1.547 0 0 1 
0-2.22l4.59-4.494a1.628 1.628 
0 0 1 2.267 0l14.687 
14.38c.156.153.41.153.567 
0l14.685-14.38a1.628 1.628 0 0 
1 2.268 0l14.687 
14.38c.156.153.41.153.567 
0l14.686-14.38a1.628 1.628 0 0 
1 2.268 0Z"/><path 
stroke="#000" d="M25.672 
33.954c12.33-12.072 
32.325-12.072 44.655 0l1.508 
1.476a1.047 1.047 0 0 1 0 
1.506l-5.157 5.048a.314.314 0 
0 1-.434 0l-2.074-2.03c-8.932-8
.746-23.409-8.746-32.34 
0l-2.222 2.174a.314.314 0 0 
1-.434 0l-5.157-5.048a1.047 
1.047 0 0 1 
0-1.506l1.655-1.62Zm55.319 
10.44 4.59 4.494a1.047 1.047 0 
0 1 0 1.506l-20.694 
20.26a1.128 1.128 0 0 1-1.568 
0l-14.686-14.38a.907.907 0 0 
0-1.267 0L32.68 70.655a1.128 
1.128 0 0 1-1.568 0L10.42 
50.394a1.047 1.047 0 0 1 
0-1.506l4.59-4.493a1.128 1.128 
0 0 1 1.567 0l14.687 
14.379a.907.907 0 0 0 1.266 
0l-.35-.357.35.357 
14.686-14.38a1.128 1.128 0 0 1 
1.568 0l14.687 14.38a.907.907 
0 0 0 1.267 
0l14.686-14.38a1.128 1.128 0 0 
1 1.568 0Z"/></svg>`[39m[33m,
[39m[33mBACK_ICON[39m[33m:
[39m[33mC[39m[32m`<svg 
width="10" height="18" 
viewBox="0 0 10 18"><path 
fill-rule="evenodd" 
clip-rule="evenodd" 
d="M8.735.179a.75.75 0 0 1 
.087 1.057L2.92 8.192a1.25 
1.25 0 0 0 0 1.617l5.902 
6.956a.75.75 0 1 
1-1.144.97L1.776 10.78a2.75 
2.75 0 0 1 
0-3.559L7.678.265A.75.75 0 0 1 
8.735.18Z" fill="#fff"/></svg>`
[39m[33m,[39m[33mCOPY_ICON
[39m[33m:[39m[33mC[39m[32m
`<svg width="24" height="24" 
fill="none"><path fill="#fff" 
fill-rule="evenodd" d="M7.01 7.
01c.03-1.545.138-2.5.535-3.28A5
 5 0 0 1 9.73 1.545C10.8 1 
12.2 1 15 1c2.8 0 4.2 0 
5.27.545a5 5 0 0 1 2.185 
2.185C23 4.8 23 6.2 23 9c0 2.8 
0 4.2-.545 5.27a5 5 0 0 
1-2.185 2.185c-.78.397-1.735.50
5-3.28.534l-.001.01c-.03 
1.54-.138 2.493-.534 3.27a5 5 
0 0 1-2.185 2.186C13.2 23 11.8 
23 9 23c-2.8 0-4.2 
0-5.27-.545a5 5 0 0 
1-2.185-2.185C1 19.2 1 17.8 1 
15c0-2.8 0-4.2.545-5.27A5 5 0 
0 1 3.73 7.545C4.508 7.149 
5.46 7.04 7 7.01h.01ZM15 
15.5c-1.425 0-2.403-.001-3.162-
.063-.74-.06-1.139-.172-1.427-.
319a3.5 3.5 0 0 1-1.53-1.529c-.
146-.288-.257-.686-.318-1.427C8
.501 11.403 8.5 10.425 8.5 9c0-
1.425.001-2.403.063-3.162.06-.7
4.172-1.139.318-1.427a3.5 3.5 
0 0 1 
1.53-1.53c.288-.146.686-.257 
1.427-.318.759-.062 1.737-.063 
3.162-.063 1.425 0 2.403.001 
3.162.063.74.06 1.139.172 
1.427.318a3.5 3.5 0 0 1 1.53 
1.53c.146.288.257.686.318 
1.427.062.759.063 1.737.063 
3.162 0 1.425-.001 2.403-.063 
3.162-.06.74-.172 1.139-.319 
1.427a3.5 3.5 0 0 1-1.529 1.53c
-.288.146-.686.257-1.427.318-.7
59.062-1.737.063-3.162.063ZM7 8
.511c-.444.009-.825.025-1.162.0
52-.74.06-1.139.172-1.427.318a3
.5 3.5 0 0 0-1.53 
1.53c-.146.288-.257.686-.318 
1.427-.062.759-.063 1.737-.063 
3.162 0 1.425.001 2.403.063 
3.162.06.74.172 1.139.318 
1.427a3.5 3.5 0 0 0 1.53 
1.53c.288.146.686.257 
1.427.318.759.062 1.737.063 
3.162.063 1.425 0 2.403-.001 
3.162-.063.74-.06 1.139-.172 
1.427-.319a3.5 3.5 0 0 0 1.53-1
.53c.146-.287.257-.685.318-1.42
6.027-.337.043-.718.052-1.162H1
5c-2.8 0-4.2 0-5.27-.545a5 5 0 
0 1-2.185-2.185C7 13.2 7 11.8 
7 9v-.489Z" clip-rule="evenodd"
/></svg>`[39m[33m,[39m[33mR
ETRY_ICON[39m[33m:[39m[33mC
[39m[32m`<svg width="15" 
height="16" viewBox="0 0 15 
16"><path d="M6.464 
2.03A.75.75 0 0 0 
5.403.97L2.08 4.293a1 1 0 0 0 
0 1.414L5.403 9.03a.75.75 0 0 
0 1.06-1.06L4.672 6.177a.25.25 
0 0 1 .177-.427h2.085a4 4 0 1 
1-3.93 4.746c-.077-.407-.405-.7
46-.82-.746-.414 
0-.755.338-.7.748a5.501 5.501 
0 1 0 5.45-6.248H4.848a.25.25 
0 0 1-.177-.427L6.464 2.03Z" fi
ll="#fff"/></svg>`[39m[33m,[
39m[33mDESKTOP_ICON[39m[33m:
[39m[33mC[39m[32m`<svg 
width="16" height="16" 
viewBox="0 0 16 16"><path 
fill-rule="evenodd" 
clip-rule="evenodd" d="M0 
5.98c0-1.85 
0-2.775.394-3.466a3 3 0 0 1 
1.12-1.12C2.204 1 3.13 1 4.98 
1h6.04c1.85 0 2.775 0 
3.466.394a3 3 0 0 1 1.12 
1.12C16 3.204 16 4.13 16 
5.98v1.04c0 1.85 0 2.775-.394 
3.466a3 3 0 0 1-1.12 
1.12C13.796 12 12.87 12 11.02 
12H4.98c-1.85 0-2.775 
0-3.466-.394a3 3 0 0 
1-1.12-1.12C0 9.796 0 8.87 0 
7.02V5.98ZM4.98 2.5h6.04c.953 
0 1.568.001 2.034.043.446.04.60
8.108.69.154a1.5 1.5 0 0 1 .559
.56c.046.08.114.243.154.69.042.
465.043 1.08.043 2.033v1.04c0 
.952-.001 1.568-.043 2.034-.04.
446-.108.608-.154.69a1.499 
1.499 0 0 1-.56.559c-.08.046-.2
43.114-.69.154-.466.042-1.08.04
3-2.033.043H4.98c-.952 0-1.568-
.001-2.034-.043-.446-.04-.608-.
108-.69-.154a1.5 1.5 0 0 1-.559
-.56c-.046-.08-.114-.243-.154-.
69-.042-.465-.043-1.08-.043-2.0
33V5.98c0-.952.001-1.568.043-2.
034.04-.446.108-.608.154-.69a1.
5 1.5 0 0 1 .56-.559c.08-.046.2
43-.114.69-.154.465-.042 
1.08-.043 2.033-.043Z" 
fill="#fff"/><path d="M4 
14.25a.75.75 0 0 1 
.75-.75h6.5a.75.75 0 0 1 0 
1.5h-6.5a.75.75 0 0 
1-.75-.75Z" fill="#fff"/></svg>
`[39m[33m,[39m[33mMOBILE_IC
ON[39m[33m:[39m[33mC[39m[
32m`<svg width="16" 
height="16" viewBox="0 0 16 
16"><path d="M6.75 5a1.25 1.25 
0 1 0 0-2.5 1.25 1.25 0 0 0 0 
2.5Z" fill="#fff"/><path 
fill-rule="evenodd" 
clip-rule="evenodd" d="M3 
4.98c0-1.85 
0-2.775.394-3.466a3 3 0 0 1 
1.12-1.12C5.204 0 6.136 0 8 
0s2.795 0 3.486.394a3 3 0 0 1 
1.12 1.12C13 2.204 13 3.13 13 
4.98v6.04c0 1.85 0 2.775-.394 
3.466a3 3 0 0 1-1.12 
1.12C10.796 16 9.864 16 8 
16s-2.795 0-3.486-.394a3 3 0 0 
1-1.12-1.12C3 13.796 3 12.87 3 
11.02V4.98Zm8.5 0v6.04c0 
.953-.001 1.568-.043 2.034-.04.
446-.108.608-.154.69a1.499 
1.499 0 0 1-.56.559c-.08.045-.2
42.113-.693.154-.47.042-1.091.0
43-2.05.043-.959 0-1.58-.001-2.
05-.043-.45-.04-.613-.109-.693-
.154a1.5 1.5 0 0 1-.56-.56c-.04
6-.08-.114-.243-.154-.69-.042-.
466-.043-1.08-.043-2.033V4.98c0
-.952.001-1.568.043-2.034.04-.4
46.108-.608.154-.69a1.5 1.5 0 
0 1 .56-.559c.08-.045.243-.113.
693-.154C6.42 1.501 7.041 1.5 
8 1.5c.959 0 1.58.001 2.05.043.
45.04.613.109.693.154a1.5 1.5 
0 0 1 .56.56c.046.08.114.243.15
4.69.042.465.043 1.08.043 
2.033Z" fill="#fff"/></svg>`[3
9m[33m,[39m[33mARROW_DOWN_IC
ON[39m[33m:[39m[33mC[39m[
32m`<svg width="14" 
height="14" viewBox="0 0 14 
14"><path d="M2.28 7.47a.75.75 
0 0 0-1.06 1.06l5.25 
5.25a.75.75 0 0 0 1.06 
0l5.25-5.25a.75.75 0 0 
0-1.06-1.06l-3.544 
3.543a.25.25 0 0 
1-.426-.177V.75a.75.75 0 0 
0-1.5 0v10.086a.25.25 0 0 
1-.427.176L2.28 7.47Z" fill="#f
ff"/></svg>`[39m[33m,[39m[3
3mARROW_UP_RIGHT_ICON[39m[33m
:[39m[33mC[39m[32m`<svg 
width="15" height="14" 
fill="none"><path d="M4.5 
1.75A.75.75 0 0 1 5.25 
1H12a1.5 1.5 0 0 1 1.5 
1.5v6.75a.75.75 0 0 1-1.5 
0V4.164a.25.25 0 0 
0-.427-.176L4.061 11.5A.75.75 
0 0 1 3 
10.44l7.513-7.513a.25.25 0 0 
0-.177-.427H5.25a.75.75 0 0 
1-.75-.75Z" fill="#fff"/></svg>
`[39m[33m,[39m[33mARROW_RIG
HT_ICON[39m[33m:[39m[33mC[
39m[32m`<svg width="6" 
height="14" viewBox="0 0 6 
14"><path fill-rule="evenodd" 
clip-rule="evenodd" d="M2.181 
1.099a.75.75 0 0 1 
1.024.279l2.433 4.258a2.75 
2.75 0 0 1 0 2.729l-2.433 
4.257a.75.75 0 1 
1-1.303-.744L4.335 7.62a1.25 
1.25 0 0 0 0-1.24L1.902 
2.122a.75.75 0 0 1 .28-1.023Z" 
fill="#fff"/></svg>`[39m[33m,
[39m[33mQRCODE_ICON[39m[33m
:[39m[33mC[39m[32m`<svg 
width="25" height="24" 
viewBox="0 0 25 24"><path 
d="M23.748 9a.748.748 0 0 0 .74
8-.752c-.018-2.596-.128-4.07-.7
84-5.22a6 6 0 0 0-2.24-2.24c-1.
15-.656-2.624-.766-5.22-.784a.7
48.748 0 0 0-.752.748c0 
.414.335.749.748.752 1.015.007 
1.82.028 2.494.088.995.09 
1.561.256 1.988.5.7.398 
1.28.978 1.679 
1.678.243.427.41.993.498 
1.988.061.675.082 1.479.09 
2.493a.753.753 0 0 0 
.75.749ZM3.527.788C4.677.132 
6.152.022 8.747.004A.748.748 0 
0 1 9.5.752a.753.753 0 0 1-.749
.752c-1.014.007-1.818.028-2.493
.088-.995.09-1.561.256-1.988.5-
.7.398-1.28.978-1.679 
1.678-.243.427-.41.993-.499 
1.988-.06.675-.081 1.479-.088 
2.493A.753.753 0 0 1 1.252 
9a.748.748 0 0 1-.748-.752c.018
-2.596.128-4.07.784-5.22a6 6 0 
0 1 2.24-2.24ZM1.252 
15a.748.748 0 0 
0-.748.752c.018 2.596.128 
4.07.784 5.22a6 6 0 0 0 2.24 
2.24c1.15.656 2.624.766 
5.22.784a.748.748 0 0 0 
.752-.748.753.753 0 0 0-.749-.7
52c-1.014-.007-1.818-.028-2.493
-.089-.995-.089-1.561-.255-1.98
8-.498a4.5 4.5 0 0 1-1.679-1.68
c-.243-.426-.41-.992-.499-1.987
-.06-.675-.081-1.479-.088-2.493
A.753.753 0 0 0 1.252 
15ZM22.996 15.749a.753.753 0 0 
1 .752-.749c.415 0 
.751.338.748.752-.018 
2.596-.128 4.07-.784 5.22a6 6 
0 0 1-2.24 2.24c-1.15.656-2.624
.766-5.22.784a.748.748 0 0 1-.7
52-.748c0-.414.335-.749.748-.75
2 1.015-.007 1.82-.028 
2.494-.089.995-.089 1.561-.255 
1.988-.498a4.5 4.5 0 0 0 1.679-
1.68c.243-.426.41-.992.498-1.98
7.061-.675.082-1.479.09-2.493Z"
 fill="#fff"/><path 
fill-rule="evenodd" 
clip-rule="evenodd" d="M7 
4a2.5 2.5 0 0 0-2.5 2.5v2A2.5 
2.5 0 0 0 7 11h2a2.5 2.5 0 0 0 
2.5-2.5v-2A2.5 2.5 0 0 0 9 
4H7Zm2 1.5H7a1 1 0 0 0-1 1v2a1 
1 0 0 0 1 1h2a1 1 0 0 0 
1-1v-2a1 1 0 0 0-1-1ZM13.5 
6.5A2.5 2.5 0 0 1 16 4h2a2.5 
2.5 0 0 1 2.5 2.5v2A2.5 2.5 0 
0 1 18 11h-2a2.5 2.5 0 0 
1-2.5-2.5v-2Zm2.5-1h2a1 1 0 0 
1 1 1v2a1 1 0 0 1-1 1h-2a1 1 0 
0 1-1-1v-2a1 1 0 0 1 1-1ZM7 
13a2.5 2.5 0 0 0-2.5 2.5v2A2.5 
2.5 0 0 0 7 20h2a2.5 2.5 0 0 0 
2.5-2.5v-2A2.5 2.5 0 0 0 9 
13H7Zm2 1.5H7a1 1 0 0 0-1 
1v2a1 1 0 0 0 1 1h2a1 1 0 0 0 
1-1v-2a1 1 0 0 0-1-1Z" 
fill="#fff"/><path d="M13.5 
15.5c0-.465 0-.697.038-.89a2 2 
0 0 1 1.572-1.572C15.303 13 
15.535 13 16 13v2.5h-2.5ZM18 
13c.465 0 .697 0 .89.038a2 2 0 
0 1 1.572 1.572c.038.193.038.42
5.038.89H18V13ZM18 17.5h2.5c0 
.465 0 .697-.038.89a2 2 0 0 
1-1.572 1.572C18.697 20 18.465 
20 18 20v-2.5ZM13.5 
17.5H16V20c-.465 0-.697 
0-.89-.038a2 2 0 0 1-1.572-1.57
2c-.038-.193-.038-.425-.038-.89
Z" fill="#fff"/></svg>`[39m[3
3m,[39m[33mSCAN_ICON[39m[33
m:[39m[33mC[39m[32m`<svg 
width="16" height="16" 
fill="none"><path fill="#fff" 
d="M10 15.216c0 
.422.347.763.768.74 1.202-.064 
2.025-.222 2.71-.613a5.001 
5.001 0 0 0 1.865-1.866c.39-.68
4.549-1.507.613-2.709a.735.735 
0 0 0-.74-.768.768.768 0 0 0-.7
6.732c-.009.157-.02.306-.032.44
7-.073.812-.206 1.244-.384 
1.555-.31.545-.761.996-1.306 1.
306-.311.178-.743.311-1.555.384
-.141.013-.29.023-.447.032a.768
.768 0 0 0-.732.76ZM10 .784c0 .
407.325.737.732.76.157.009.306.
02.447.032.812.073 1.244.206 
1.555.384a3.5 3.5 0 0 1 1.306 
1.306c.178.311.311.743.384 1.55
5.013.142.023.29.032.447a.768.7
68 0 0 0 .76.732.734.734 0 0 0 
.74-.768c-.064-1.202-.222-2.025
-.613-2.71A5 5 0 0 0 13.477.658
c-.684-.39-1.507-.549-2.709-.61
3a.735.735 0 0 
0-.768.74ZM5.232.044A.735.735 
0 0 1 6 .784a.768.768 0 0 1-.73
2.76c-.157.009-.305.02-.447.032
-.812.073-1.244.206-1.555.384A3
.5 3.5 0 0 0 1.96 
3.266c-.178.311-.311.743-.384 1
.555-.013.142-.023.29-.032.447A
.768.768 0 0 1 .784 6a.735.735 
0 0 1-.74-.768c.064-1.202.222-2
.025.613-2.71A5 5 0 0 1 
2.523.658C3.207.267 4.03.108 
5.233.044ZM5.268 
14.456a.768.768 0 0 1 
.732.76.734.734 0 0 1-.768.74c-
1.202-.064-2.025-.222-2.71-.613
a5 5 0 0 1-1.865-1.866c-.39-.68
4-.549-1.507-.613-2.709A.735.73
5 0 0 1 .784 10c.407 0 .737.325
.76.732.009.157.02.306.032.447.
073.812.206 1.244.384 
1.555a3.5 3.5 0 0 0 1.306 
1.306c.311.178.743.311 1.555.38
4.142.013.29.023.447.032Z"/></s
vg>`[39m[33m,[39m[33mCHECKM
ARK_ICON[39m[33m:[39m[33mC
[39m[32m`<svg width="13" 
height="12" viewBox="0 0 13 
12"><path fill-rule="evenodd" 
clip-rule="evenodd" 
d="M12.155.132a.75.75 0 0 1 
.232 1.035L5.821 11.535a1 1 0 
0 1-1.626.09L.665 7.21a.75.75 
0 1 1 1.17-.937L4.71 
9.867a.25.25 0 0 0 
.406-.023L11.12.364a.75.75 0 0 
1 1.035-.232Z" fill="#fff"/></s
vg>`[39m[33m,[39m[33mSEARCH
_ICON[39m[33m:[39m[33mC[39
m[32m`<svg width="20" 
height="21"><path 
fill-rule="evenodd" 
clip-rule="evenodd" d="M12.432 
13.992c-.354-.353-.91-.382-1.35
-.146a5.5 5.5 0 1 1 2.265-2.265
c-.237.441-.208.997.145 
1.35l3.296 3.296a.75.75 0 1 
1-1.06 
1.061l-3.296-3.296Zm.06-5a4 4 
0 1 1-8 0 4 4 0 0 1 8 0Z" fill=
"#949E9E"/></svg>`[39m[33m,[
39m[33mWALLET_PLACEHOLDER[39m
[33m:[39m[33mC[39m[32m`<sv
g width="60" height="60" 
fill="none" viewBox="0 0 60 
60"><g 
clip-path="url(#q)"><path 
id="wallet-placeholder-fill" 
fill="#fff" d="M0 24.9c0-9.251 
0-13.877 1.97-17.332a15 15 0 0 
1 5.598-5.597C11.023 0 15.648 
0 24.9 0h10.2c9.252 0 13.877 0 
17.332 1.97a15 15 0 0 1 5.597 
5.598C60 11.023 60 15.648 60 
24.9v10.2c0 9.252 0 
13.877-1.97 17.332a15.001 
15.001 0 0 1-5.598 
5.597C48.977 60 44.352 60 35.1 
60H24.9c-9.251 0-13.877 
0-17.332-1.97a15 15 0 0 
1-5.597-5.598C0 48.977 0 
44.352 0 35.1V24.9Z"/><path 
id="wallet-placeholder-dash" 
stroke="#000" 
stroke-dasharray="4 4" 
stroke-width="1.5" d="M.04 
41.708a231.598 231.598 0 0 
1-.039-4.403l.75-.001L.75 35.1v
-2.55H0v-5.1h.75V24.9l.001-2.20
4h-.75c.003-1.617.011-3.077.039
-4.404l.75.016c.034-1.65.099-3.
08.218-4.343l-.746-.07c.158-1.6
78.412-3.083.82-4.316l.713.236c
.224-.679.497-1.296.827-1.875a1
4.25 14.25 0 0 1 
1.05-1.585L3.076 5.9A15 15 0 0 
1 5.9 3.076l.455.596a14.25 
14.25 0 0 1 
1.585-1.05c.579-.33 1.196-.603 
1.875-.827l-.236-.712C10.812.67
4 12.217.42 
13.895.262l.07.746C15.23.89 
16.66.824 
18.308.79l-.016-.75C19.62.012 
21.08.004 22.695.001l.001.75L24
.9.75h2.55V0h5.1v.75h2.55l2.204
.001v-.75c1.617.003 3.077.011 
4.404.039l-.016.75c1.65.034 
3.08.099 
4.343.218l.07-.746c1.678.158 
3.083.412 
4.316.82l-.236.713c.679.224 
1.296.497 1.875.827a14.24 
14.24 0 0 1 1.585 
1.05l.455-.596A14.999 14.999 0 
0 1 56.924 
5.9l-.596.455c.384.502.735 
1.032 1.05 1.585.33.579.602 
1.196.827 1.875l.712-.236c.409 
1.233.663 2.638.822 
4.316l-.747.07c.119 1.264.184 
2.694.218 4.343l.75-.016c.028 
1.327.036 2.787.039 
4.403l-.75.001.001 2.204v2.55H6
0v5.1h-.75v2.55l-.001 
2.204h.75a231.431 231.431 0 0 
1-.039 4.404l-.75-.016c-.034 
1.65-.099 3.08-.218 
4.343l.747.07c-.159 1.678-.413 
3.083-.822 
4.316l-.712-.236a10.255 10.255 
0 0 1-.827 1.875 14.242 14.242 
0 0 1-1.05 
1.585l.596.455a14.997 14.997 0 
0 1-2.824 2.824l-.455-.596c-.50
2.384-1.032.735-1.585 1.05-.579
.33-1.196.602-1.875.827l.236.71
2c-1.233.409-2.638.663-4.316.82
2l-.07-.747c-1.264.119-2.694.18
4-4.343.218l.016.75c-1.327.028-
2.787.036-4.403.039l-.001-.75-2
.204.001h-2.55V60h-5.1v-.75H24.
9l-2.204-.001v.75a231.431 
231.431 0 0 1-4.404-.039l.016-.
75c-1.65-.034-3.08-.099-4.343-.
218l-.07.747c-1.678-.159-3.083-
.413-4.316-.822l.236-.712a10.25
8 10.258 0 0 1-1.875-.827 
14.252 14.252 0 0 
1-1.585-1.05l-.455.596A14.999 
14.999 0 0 1 3.076 
54.1l.596-.455a14.24 14.24 0 0 
1-1.05-1.585 10.259 10.259 0 0 
1-.827-1.875l-.712.236C.674 
49.188.42 47.783.262 
46.105l.746-.07C.89 44.77.824 
43.34.79 
41.692l-.75.016Z"/><path 
fill="#fff" 
fill-rule="evenodd" d="M35.643 
32.145c-.297-.743-.445-1.114-.4
01-1.275a.42.42 0 0 1 
.182-.27c.134-.1.463-.1 
1.123-.1.742 0 1.499.046 
2.236-.05a6 6 0 0 0 5.166-5.166
c.051-.39.051-.855.051-1.784 
0-.928 0-1.393-.051-1.783a6 6 
0 0 0-5.166-5.165c-.39-.052-.85
4-.052-1.783-.052h-7.72c-4.934 
0-7.401 0-9.244 1.051a8 8 0 0 
0-2.985 2.986C16.057 22.28 
16.003 24.58 16 29 15.998 
31.075 16 33.15 16 
35.224A7.778 7.778 0 0 0 
23.778 43H28.5c1.394 0 2.09 0 
2.67-.116a6 6 0 0 0 4.715-4.714
c.115-.58.115-1.301.115-2.744 
0-1.31 0-1.964-.114-2.49a4.998 
4.998 0 0 0-.243-.792Z" 
clip-rule="evenodd"/><path 
fill="#9EA9A9" 
fill-rule="evenodd" d="M37 
18h-7.72c-2.494 0-4.266.002-5.6
47.126-1.361.122-2.197.354-2.85
4.728a6.5 6.5 0 0 0-2.425 
2.426c-.375.657-.607 
1.492-.729 2.853-.11 
1.233-.123 2.777-.125 4.867 0 
.7 0 1.05.097 1.181.096.13.182.
181.343.2.163.02.518-.18 
1.229-.581a6.195 6.195 0 0 1 
3.053-.8H37c.977 0 1.32-.003 
1.587-.038a4.5 4.5 0 0 0 3.874-
3.874c.036-.268.039-.611.039-1.
588 0-.976-.003-1.319-.038-1.58
7a4.5 4.5 0 0 
0-3.875-3.874C38.32 18.004 
37.977 18 37 18Zm-7.364 
12.5h-7.414a4.722 4.722 0 0 
0-4.722 4.723 6.278 6.278 0 0 
0 6.278 6.278H28.5c1.466 0 
1.98-.008 2.378-.087a4.5 4.5 0 
0 0 3.535-3.536c.08-.397.087-.9
33.087-2.451 0-1.391-.009-1.843
-.08-2.17a3.5 3.5 0 0 0-2.676-2
.676c-.328-.072-.762-.08-2.108-
.08Z" clip-rule="evenodd"/></g>
<defs><clipPath id="q"><path 
fill="#fff" d="M0 0h60v60H0z"/>
</clipPath></defs></svg>`[39m
[33m,[39m[33mGLOBE_ICON[39m
[33m:[39m[33mC[39m[32m`<svg
 width="16" height="16" 
fill="none" viewBox="0 0 16 
16"><path fill="#fff" 
fill-rule="evenodd" d="M15.5 
8a7.5 7.5 0 1 1-15 0 7.5 7.5 0 
0 1 15 0Zm-2.113.75c.301 0 
.535.264.47.558a6.01 6.01 0 0 
1-2.867 3.896c-.203.116-.42-.10
3-.334-.32.409-1.018.691-2.274.
797-3.657a.512.512 0 0 1 .507-.
477h1.427Zm.47-2.058c.065.294-.
169.558-.47.558H11.96a.512.512 
0 0 1-.507-.477c-.106-1.383-.38
9-2.638-.797-3.656-.087-.217.13
-.437.333-.32a6.01 6.01 0 0 1 
2.868 3.895Zm-4.402.558c.286 0 
.515-.24.49-.525-.121-1.361-.42
9-2.534-.83-3.393-.279-.6-.549-
.93-.753-1.112a.535.535 0 0 
0-.724 
0c-.204.182-.474.513-.754 
1.112-.4.859-.708 2.032-.828 
3.393a.486.486 0 0 0 
.49.525h2.909Zm-5.415 0c.267 0 
.486-.21.507-.477.106-1.383.389
-2.638.797-3.656.087-.217-.13-.
437-.333-.32a6.01 6.01 0 0 
0-2.868 3.895c-.065.294.169.558
.47.558H4.04ZM2.143 9.308c-.065
-.294.169-.558.47-.558H4.04c.26
7 0 .486.21.507.477.106 
1.383.389 2.639.797 3.657.087.2
17-.13.436-.333.32a6.01 6.01 0 
0 1-2.868-3.896Zm3.913-.033a.48
6.486 0 0 1 
.49-.525h2.909c.286 0 
.515.24.49.525-.121 1.361-.428 
2.535-.83 
3.394-.279.6-.549.93-.753 
1.112a.535.535 0 0 1-.724 0c-.2
04-.182-.474-.513-.754-1.112-.4
-.859-.708-2.033-.828-3.394Z" c
lip-rule="evenodd"/></svg>`[39
m}[33m,[39mpt[33m=[39mg[32
m`.wcm-toolbar-placeholder{top:
0;bottom:0;left:0;right:0;width
:100%;position:absolute;display
:block;pointer-events:none;heig
ht:100px;border-radius:calc(var
(--wcm-background-border-radius
) * .9);background-color:var(--
wcm-background-color);backgroun
d-position:center;background-si
ze:cover}.wcm-toolbar{height:38
px;display:flex;position:relati
ve;margin:5px 15px 5px 5px;just
ify-content:space-between;align
-items:center}.wcm-toolbar 
img,.wcm-toolbar svg{height:28p
x;object-position:left center;o
bject-fit:contain}#wcm-wc-logo 
path{fill:var(--wcm-accent-fill
-color)}button{width:28px;heigh
t:28px;border-radius:var(--wcm-
icon-button-border-radius);bord
er:0;display:flex;justify-conte
nt:center;align-items:center;cu
rsor:pointer;background-color:v
ar(--wcm-color-bg-1);box-shadow
:0 0 0 1px var(--wcm-color-over
lay)}button:active{background-c
olor:var(--wcm-color-bg-2)}butt
on svg{display:block;object-pos
ition:center}button path{fill:v
ar(--wcm-color-fg-1)}.wcm-toolb
ar div{display:flex}@media(hove
r:hover){button:hover{backgroun
d-color:var(--wcm-color-bg-2)}}
`[39m[33m;[39m[36mvar[39m 
gt[33m=[39m[33mObject[39m[
33m.[39mdefineProperty[33m,[
39mvt[33m=[39m[33mObject[39
m[33m.[39mgetOwnPropertyDescr
iptor[33m,[39mut[33m=[39m(e
[33m,[39mo[33m,[39mr[33m,
[39ma)[33m=>[39m{[36mfor[39
m([36mvar[39m t[33m=[39ma[
33m>[39m[35m1[39m[33m?[39m
[36mvoid[39m [35m0[39m[33m
:[39ma[33m?[39mvt(o[33m,[3
9mr)[33m:[39mo[33m,[39ml[3
3m=[39me[33m.[39mlength[33m
-[39m[35m1[39m[33m,[39mi[
33m;[39ml[33m>=[39m[35m0[3
9m[33m;[39ml[33m--[39m)(i[
33m=[39me[l])[33m&&[39m(t[3
3m=[39m(a[33m?[39mi(o[33m,
[39mr[33m,[39mt)[33m:[39mi(
t))[33m||[39mt)[33m;[39m[3
6mreturn[39m a[33m&&[39mt[3
3m&&[39mgt(o[33m,[39mr[33m,
[39mt)[33m,[39mt}[33m;[39m
[36mlet[39m 
fe[33m=[39m[36mclass[39m 
[36mextends[39m 
w{render(){[36mreturn[39m 
n[32m`<div class="wcm-toolbar-
placeholder"></div><div class="
wcm-toolbar">${v.WALLET_CONNECT
_LOGO} <button @click="${ge.clo
se}">${v.CROSS_ICON}</button></
div>`[39m}}[33m;[39mfe[33m.
[39mstyles[33m=[39m[h[33m.
[39mglobalCss[33m,[39mpt][33
m,[39mfe[33m=[39mut([p([32m
"wcm-modal-backcard"[39m)][33
m,[39mfe)[33m;[39m[36mconst
[39m bt[33m=[39mg[32m`main{
padding:20px;padding-top:0;widt
h:100%}`[39m[33m;[39m[36mva
r[39m ft[33m=[39m[33mObject
[39m[33m.[39mdefineProperty
[33m,[39mxt[33m=[39m[33mObj
ect[39m[33m.[39mgetOwnProper
tyDescriptor[33m,[39myt[33m=
[39m(e[33m,[39mo[33m,[39mr
[33m,[39ma)[33m=>[39m{[36m
for[39m([36mvar[39m t[33m=
[39ma[33m>[39m[35m1[39m[33
m?[39m[36mvoid[39m [35m0[3
9m[33m:[39ma[33m?[39mxt(o[
33m,[39mr)[33m:[39mo[33m,[
39ml[33m=[39me[33m.[39mleng
th[33m-[39m[35m1[39m[33m,
[39mi[33m;[39ml[33m>=[39m[
35m0[39m[33m;[39ml[33m--[3
9m)(i[33m=[39me[l])[33m&&[3
9m(t[33m=[39m(a[33m?[39mi(o
[33m,[39mr[33m,[39mt)[33m:
[39mi(t))[33m||[39mt)[33m;
[39m[36mreturn[39m a[33m&&[
39mt[33m&&[39mft(o[33m,[39m
r[33m,[39mt)[33m,[39mt}[33
m;[39m[36mlet[39m 
xe[33m=[39m[36mclass[39m 
[36mextends[39m 
w{render(){[36mreturn[39m n[
32m`<main><slot></slot></main>`
[39m}}[33m;[39mxe[33m.[39m
styles[33m=[39m[h[33m.[39mg
lobalCss[33m,[39mbt][33m,[3
9mxe[33m=[39myt([p([32m"wcm-
modal-content"[39m)][33m,[39
mxe)[33m;[39m[36mconst[39m 
$t[33m=[39mg[32m`footer{padd
ing:10px;display:flex;flex-dire
ction:column;align-items:inheri
t;justify-content:inherit;borde
r-top:1px solid var(--wcm-color
-bg-2)}`[39m[33m;[39m[36mva
r[39m [33mCt[39m[33m=[39m
[33mObject[39m[33m.[39mdefin
eProperty[33m,[39mkt[33m=[3
9m[33mObject[39m[33m.[39mge
tOwnPropertyDescriptor[33m,[3
9m[33mOt[39m[33m=[39m(e[33
m,[39mo[33m,[39mr[33m,[39m
a)[33m=>[39m{[36mfor[39m([
36mvar[39m t[33m=[39ma[33m>
[39m[35m1[39m[33m?[39m[36
mvoid[39m [35m0[39m[33m:[3
9ma[33m?[39mkt(o[33m,[39mr)
[33m:[39mo[33m,[39ml[33m=
[39me[33m.[39mlength[33m-[3
9m[35m1[39m[33m,[39mi[33m;
[39ml[33m>=[39m[35m0[39m[
33m;[39ml[33m--[39m)(i[33m=
[39me[l])[33m&&[39m(t[33m=
[39m(a[33m?[39mi(o[33m,[39m
r[33m,[39mt)[33m:[39mi(t))
[33m||[39mt)[33m;[39m[36mre
turn[39m a[33m&&[39mt[33m&&
[39m[33mCt[39m(o[33m,[39mr
[33m,[39mt)[33m,[39mt}[33m
;[39m[36mlet[39m 
ye[33m=[39m[36mclass[39m 
[36mextends[39m 
w{render(){[36mreturn[39m n[
32m`<footer><slot></slot></foot
er>`[39m}}[33m;[39mye[33m.
[39mstyles[33m=[39m[h[33m.[
39mglobalCss[33m,[39m$t][33m
,[39mye[33m=[39m[33mOt[39m
([p([32m"wcm-modal-footer"[39
m)][33m,[39mye)[33m;[39m[3
6mconst[39m [33mWt[39m[33m=
[39mg[32m`header{display:flex
;justify-content:center;align-i
tems:center;padding:20px;positi
on:relative}.wcm-border{border-
bottom:1px solid var(--wcm-colo
r-bg-2);margin-bottom:20px}head
er button{padding:15px 
20px}header button:active{opaci
ty:.5}@media(hover:hover){heade
r button:hover{opacity:.5}}.wcm
-back-btn{position:absolute;lef
t:0}.wcm-action-btn{position:ab
solute;right:0}path{fill:var(--
wcm-accent-color)}`[39m[33m;
[39m[36mvar[39m [33mIt[39m
[33m=[39m[33mObject[39m[33m
.[39mdefineProperty[33m,[39m
[33mEt[39m[33m=[39m[33mObj
ect[39m[33m.[39mgetOwnProper
tyDescriptor[33m,[39mte[33m=
[39m(e[33m,[39mo[33m,[39mr
[33m,[39ma)[33m=>[39m{[36m
for[39m([36mvar[39m t[33m=
[39ma[33m>[39m[35m1[39m[33
m?[39m[36mvoid[39m [35m0[3
9m[33m:[39ma[33m?[39m[33mE
t[39m(o[33m,[39mr)[33m:[39
mo[33m,[39ml[33m=[39me[33m
.[39mlength[33m-[39m[35m1[
39m[33m,[39mi[33m;[39ml[33
m>=[39m[35m0[39m[33m;[39ml
[33m--[39m)(i[33m=[39me[l])
[33m&&[39m(t[33m=[39m(a[33
m?[39mi(o[33m,[39mr[33m,[3
9mt)[33m:[39mi(t))[33m||[39
mt)[33m;[39m[36mreturn[39m 
a[33m&&[39mt[33m&&[39m[33m
It[39m(o[33m,[39mr[33m,[39
mt)[33m,[39mt}[33m;[39m[36
mlet[39m [33mS[39m[33m=[39
m[36mclass[39m 
[36mextends[39m w{constructor
(){[36msuper[39m([33m...[39
marguments)[33m,[39m[36mthis
[39m[33m.[39mtitle[33m=[39
m[32m""[39m[33m,[39m[36mth
is[39m[33m.[39monAction[33m
=[39m[36mvoid[39m [35m0[39
m[33m,[39m[36mthis[39m[33m
.[39mactionIcon[33m=[39m[36
mvoid[39m [35m0[39m[33m,[3
9m[36mthis[39m[33m.[39mbord
er[33m=[39m[33m![39m[35m1
[39m}backBtnTemplate(){[36mret
urn[39m n[32m`<button 
class="wcm-back-btn" @click="${
x.goBack}">${v.BACK_ICON}</butt
on>`[39m}actionBtnTemplate(){
[36mreturn[39m n[32m`<button 
class="wcm-action-btn" @click="
${this.onAction}">${this.action
Icon}</button>`[39m}render(){
[36mconst[39m e[33m=[39m{[3
2m"wcm-border"[39m[33m:[39m
[36mthis[39m[33m.[39mborder}
[33m,[39mo[33m=[39mx[33m.
[39mstate[33m.[39mhistory[33
m.[39mlength[33m>[39m[35m1
[39m[33m,[39mr[33m=[39m[36
mthis[39m[33m.[39mtitle[33m
?[39mn[32m`<wcm-text variant=
"big-bold">${this.title}</wcm-t
ext>`[39m[33m:[39mn[32m`<sl
ot></slot>`[39m[33m;[39m[36
mreturn[39m n[32m`<header cla
ss="${P(e)}">${o?this.backBtnTe
mplate():null} ${r} ${this.onAc
tion?this.actionBtnTemplate():n
ull}</header>`[39m}}[33m;[39
m[33mS[39m[33m.[39mstyles[
33m=[39m[h[33m.[39mglobalCss
[33m,[39m[33mWt[39m][33m,
[39mte([d()][33m,[39m[33mS[
39m[33m.[39mprototype[33m,[
39m[32m"title"[39m[33m,[39m
[35m2[39m)[33m,[39mte([d()]
[33m,[39m[33mS[39m[33m.[3
9mprototype[33m,[39m[32m"onA
ction"[39m[33m,[39m[35m2[3
9m)[33m,[39mte([d()][33m,[3
9m[33mS[39m[33m.[39mprototy
pe[33m,[39m[32m"actionIcon"
[39m[33m,[39m[35m2[39m)[33
m,[39mte([d({type[33m:[39m[
33mBoolean[39m})][33m,[39m[
33mS[39m[33m.[39mprototype[
33m,[39m[32m"border"[39m[33
m,[39m[35m2[39m)[33m,[39m
[33mS[39m[33m=[39mte([p([32
m"wcm-modal-header"[39m)][33m
,[39m[33mS[39m)[33m;[39m[
36mconst[39m c[33m=[39m{[33
mMOBILE_BREAKPOINT[39m[33m:[
39m[35m600[39m[33m,[39m[33
mWCM_RECENT_WALLET_DATA[39m[3
3m:[39m[32m"WCM_RECENT_WALLET
_DATA"[39m[33m,[39m[33mEXPL
ORER_WALLET_URL[39m[33m:[39m
[32m"https://explorer.walletco
nnect.com/?type=wallet"[39m[3
3m,[39mgetShadowRootElement(e
[33m,[39mo){[36mconst[39m r
[33m=[39me[33m.[39mrenderRoo
t[33m.[39mquerySelector(o)[3
3m;[39m[36mif[39m([33m![39
mr)[36mthrow[39m 
[36mnew[39m 
[33mError[39m([32m`${o} not 
found`[39m)[33m;[39m[36mret
urn[39m r}[33m,[39mgetWallet
Icon({id[33m:[39me[33m,[39m
image_id[33m:[39mo}){[36mcon
st[39m{walletImages[33m:[39m
r}[33m=[39mz[33m.[39mstate
[33m;[39m[36mreturn[39m r[3
3m!=[39m[36mnull[39m[33m&&
[39mr[e][33m?[39mr[e][33m:[
39mo[33m?[39m[33mW[39m[33m
.[39mgetWalletImageUrl(o)[33m
:[39m[32m""[39m}[33m,[39mg
etWalletName(e[33m,[39mo[33m
=[39m[33m![39m[35m1[39m){
[36mreturn[39m o[33m&&[39me
[33m.[39mlength[33m>[39m[35
m8[39m[33m?[39m[32m`${e.sub
string(0,8)}..`[39m[33m:[39m
e}[33m,[39misMobileAnimation(
){[36mreturn[39m window[33m.
[39minnerWidth[33m<=[39mc[3
3m.[39m[33mMOBILE_BREAKPOINT
[39m}[33m,[39m[36masync[39m
 preloadImage(e){[36mconst[39
m o[33m=[39m[36mnew[39m [3
3mPromise[39m((r[33m,[39ma)
[33m=>[39m{[36mconst[39m 
t[33m=[39m[36mnew[39m [33m
Image[39m[33m;[39mt[33m.[3
9monload[33m=[39mr[33m,[39m
t[33m.[39monerror[33m=[39ma
[33m,[39mt[33m.[39mcrossOri
gin[33m=[39m[32m"anonymous"
[39m[33m,[39mt[33m.[39msrc
[33m=[39me})[33m;[39m[36mre
turn[39m [33mPromise[39m[33
m.[39mrace([o[33m,[39mm[33m
.[39mwait([35m3e3[39m)])}[3
3m,[39mgetErrorMessage(e){[36
mreturn[39m e 
[36minstanceof[39m [33mError
[39m[33m?[39me[33m.[39mmes
sage[33m:[39m[32m"Unknown Er
ror"[39m}[33m,[39mdebounce(e
[33m,[39mo[33m=[39m[35m500
[39m){[36mlet[39m r[33m;[3
9m[36mreturn[39m([33m...[39
ma)[33m=>[39m{[36mfunction[
39m t(){e([33m...[39ma)}r[33
m&&[39mclearTimeout(r)[33m,[
39mr[33m=[39msetTimeout(t[33
m,[39mo)}}[33m,[39mhandleMob
ileLinking(e){[36mconst[39m{w
alletConnectUri[33m:[39mo}[3
3m=[39m[33mR[39m[33m.[39ms
tate[33m,[39m{mobile[33m:[3
9mr[33m,[39mname[33m:[39ma}
[33m=[39me[33m,[39mt[33m=
[39mr[33m?[39m[33m.[39mnati
ve[33m,[39ml[33m=[39mr[33m
?[39m[33m.[39muniversal[33m
;[39mc[33m.[39msetRecentWall
et(e)[33m;[39m[36mfunction[
39m i(s){[36mlet[39m $[33m=
[39m[32m""[39m[33m;[39mt[3
3m?[39m$[33m=[39mm[33m.[39
mformatUniversalUrl(t[33m,[39
ms[33m,[39ma)[33m:[39ml[33
m&&[39m($[33m=[39mm[33m.[3
9mformatNativeUrl(l[33m,[39ms
[33m,[39ma))[33m,[39mm[33m
.[39mopenHref($[33m,[39m[32
m"_self"[39m)}o[33m&&[39mi(o
)}[33m,[39mhandleAndroidLinki
ng(){[36mconst[39m{walletConn
ectUri[33m:[39me}[33m=[39m
[33mR[39m[33m.[39mstate[33m
;[39me[33m&&[39m(m[33m.[39
msetWalletConnectAndroidDeepLin
k(e)[33m,[39mm[33m.[39mopen
Href(e[33m,[39m[32m"_self"[
39m))}[33m,[39m[36masync[39
m handleUriCopy(){[36mconst[3
9m{walletConnectUri[33m:[39me
}[33m=[39m[33mR[39m[33m.[
39mstate[33m;[39m[36mif[39m
(e)[36mtry[39m{[36mawait[39
m navigator[33m.[39mclipboard
[33m.[39mwriteText(e)[33m,[
39m[33mN[39m[33m.[39mopenTo
ast([32m"Link copied"[39m[33
m,[39m[32m"success"[39m)}[3
6mcatch[39m{[33mN[39m[33m.
[39mopenToast([32m"Failed to c
opy"[39m[33m,[39m[32m"error
"[39m)}}[33m,[39mgetCustomIm
ageUrls(){[36mconst[39m{walle
tImages[33m:[39me}[33m=[39m
z[33m.[39mstate[33m,[39mo[
33m=[39m[33mObject[39m[33m.
[39mvalues(e[33m?[39m[33m?
[39m{})[33m;[39m[36mreturn[
39m [33mObject[39m[33m.[39m
values(o)}[33m,[39mtruncate(e
[33m,[39mo[33m=[39m[35m8[
39m){[36mreturn[39m e[33m.[
39mlength[33m<=[39mo[33m?[3
9me[33m:[39m[32m`${e.substri
ng(0,4)}...${e.substring(e.leng
th-4)}`[39m}[33m,[39msetRece
ntWallet(e){[36mtry[39m{local
Storage[33m.[39msetItem(c[33
m.[39m[33mWCM_RECENT_WALLET_D
ATA[39m[33m,[39m[33mJSON[3
9m[33m.[39mstringify(e))}[36
mcatch[39m{console[33m.[39mi
nfo([32m"Unable to set recent 
wallet"[39m)}}[33m,[39mgetRe
centWallet(){[36mtry[39m{[36
mconst[39m e[33m=[39mlocalSt
orage[33m.[39mgetItem(c[33m.
[39m[33mWCM_RECENT_WALLET_DAT
A[39m)[33m;[39m[36mreturn[
39m e[33m?[39m[33mJSON[39m
[33m.[39mparse(e)[33m:[39m[
36mvoid[39m [35m0[39m}[36mc
atch[39m{console[33m.[39minf
o([32m"Unable to get recent wa
llet"[39m)}}[33m,[39mcaseSaf
eIncludes(e[33m,[39mo){[36mr
eturn[39m e[33m.[39mtoUpperC
ase()[33m.[39mincludes(o[33m
.[39mtoUpperCase())}[33m,[39
mopenWalletExplorerUrl(){m[33m
.[39mopenHref(c[33m.[39m[33
mEXPLORER_WALLET_URL[39m[33m,
[39m[32m"_blank"[39m)}[33m,
[39mgetCachedRouterWalletPlatf
orms(){[36mconst[39m{desktop
[33m:[39me[33m,[39mmobile[3
3m:[39mo}[33m=[39mm[33m.[3
9mgetWalletRouterData()[33m,[
39mr[33m=[39m[33mBoolean[39
m(e[33m?[39m[33m.[39mnative
)[33m,[39ma[33m=[39m[33mBo
olean[39m(e[33m?[39m[33m.[
39muniversal)[33m,[39mt[33m=
[39m[33mBoolean[39m(o[33m?
[39m[33m.[39mnative)[33m||[
39m[33mBoolean[39m(o[33m?[3
9m[33m.[39muniversal)[33m;[
39m[36mreturn[39m{isDesktop[
33m:[39mr[33m,[39misMobile[
33m:[39mt[33m,[39misWeb[33m
:[39ma}}[33m,[39mgoToConnect
ingView(e){x[33m.[39msetData(
{[33mWallet[39m[33m:[39me})
[33m;[39m[36mconst[39m o[3
3m=[39mm[33m.[39misMobile()
[33m,[39m{isDesktop[33m:[39m
r[33m,[39misWeb[33m:[39ma[
33m,[39misMobile[33m:[39mt}
[33m=[39mc[33m.[39mgetCached
RouterWalletPlatforms()[33m;[
39mo[33m?[39mt[33m?[39mx[3
3m.[39mpush([32m"MobileConnec
ting"[39m)[33m:[39ma[33m?[
39mx[33m.[39mpush([32m"WebCo
nnecting"[39m)[33m:[39mx[33
m.[39mpush([32m"InstallWallet
"[39m)[33m:[39mr[33m?[39mx
[33m.[39mpush([32m"DesktopCo
nnecting"[39m)[33m:[39ma[33
m?[39mx[33m.[39mpush([32m"W
ebConnecting"[39m)[33m:[39mt
[33m?[39mx[33m.[39mpush([3
2m"MobileQrcodeConnecting"[39m
)[33m:[39mx[33m.[39mpush([
32m"InstallWallet"[39m)}}[33m
,[39m[33mMt[39m[33m=[39mg
[32m`.wcm-router{overflow:hidde
n;will-change:transform}.wcm-co
ntent{display:flex;flex-directi
on:column}`[39m[33m;[39m[36
mvar[39m [33mLt[39m[33m=[3
9m[33mObject[39m[33m.[39mde
fineProperty[33m,[39m[33mRt
[39m[33m=[39m[33mObject[39m
[33m.[39mgetOwnPropertyDescri
ptor[33m,[39m$e[33m=[39m(e
[33m,[39mo[33m,[39mr[33m,[
39ma)[33m=>[39m{[36mfor[39m
([36mvar[39m t[33m=[39ma[3
3m>[39m[35m1[39m[33m?[39m
[36mvoid[39m [35m0[39m[33m:
[39ma[33m?[39m[33mRt[39m(o
[33m,[39mr)[33m:[39mo[33m,
[39ml[33m=[39me[33m.[39mle
ngth[33m-[39m[35m1[39m[33m
,[39mi[33m;[39ml[33m>=[39m
[35m0[39m[33m;[39ml[33m--
[39m)(i[33m=[39me[l])[33m&&
[39m(t[33m=[39m(a[33m?[39mi
(o[33m,[39mr[33m,[39mt)[33
m:[39mi(t))[33m||[39mt)[33m
;[39m[36mreturn[39m a[33m&&
[39mt[33m&&[39m[33mLt[39m(
o[33m,[39mr[33m,[39mt)[33m
,[39mt}[33m;[39m[36mlet[39
m oe[33m=[39m[36mclass[39m 
[36mextends[39m w{constructor
(){[36msuper[39m()[33m,[39m
[36mthis[39m[33m.[39mview[
33m=[39mx[33m.[39mstate[33m
.[39mview[33m,[39m[36mthis
[39m[33m.[39mprevView[33m=[
39mx[33m.[39mstate[33m.[39m
view[33m,[39m[36mthis[39m[
33m.[39munsubscribe[33m=[39m
[36mvoid[39m [35m0[39m[33m
,[39m[36mthis[39m[33m.[39m
oldHeight[33m=[39m[32m"0px"
[39m[33m,[39m[36mthis[39m[
33m.[39mresizeObserver[33m=[
39m[36mvoid[39m [35m0[39m[
33m,[39m[36mthis[39m[33m.[
39munsubscribe[33m=[39mx[33m
.[39msubscribe(e[33m=>[39m{
[36mthis[39m[33m.[39mview[3
3m!==[39me[33m.[39mview[33m
&&[39m[36mthis[39m[33m.[39
monChangeRoute()})}firstUpdated
(){[36mthis[39m[33m.[39mres
izeObserver[33m=[39m[36mnew
[39m [33mResizeObserver[39m((
[e])[33m=>[39m{[36mconst[39
m o[33m=[39m[32m`${e.content
Rect.height}px`[39m[33m;[39m
[36mthis[39m[33m.[39moldHei
ght[33m!==[39m[32m"0px"[39m
[33m&&[39m[33mH[39m([36mth
is[39m[33m.[39mrouterEl[33m
,[39m{height[33m:[39m[[36mt
his[39m[33m.[39moldHeight[3
3m,[39mo]}[33m,[39m{duration
[33m:[39m[35m.2[39m})[33m,
[39m[36mthis[39m[33m.[39mo
ldHeight[33m=[39mo})[33m,[3
9m[36mthis[39m[33m.[39mresi
zeObserver[33m.[39mobserve([
36mthis[39m[33m.[39mcontentE
l)}disconnectedCallback(){[36m
var[39m e[33m,[39mo[33m;[3
9m(e[33m=[39m[36mthis[39m[
33m.[39munsubscribe)[33m==[3
9m[36mnull[39m[33m||[39me[
33m.[39mcall([36mthis[39m)[
33m,[39m(o[33m=[39m[36mthis
[39m[33m.[39mresizeObserver)
[33m==[39m[36mnull[39m[33m
||[39mo[33m.[39mdisconnect()
}[36mget[39m 
routerEl(){[36mreturn[39m c[
33m.[39mgetShadowRootElement(
[36mthis[39m[33m,[39m[32m".
wcm-router"[39m)}[36mget[39m
 contentEl(){[36mreturn[39m c
[33m.[39mgetShadowRootElement
([36mthis[39m[33m,[39m[32m
".wcm-content"[39m)}viewTempla
te(){[36mswitch[39m([36mthis
[39m[33m.[39mview){[36mcase
[39m[32m"ConnectWallet"[39m
[33m:[39m[36mreturn[39m n[3
2m`<wcm-connect-wallet-view></w
cm-connect-wallet-view>`[39m[
33m;[39m[36mcase[39m[32m"De
sktopConnecting"[39m[33m:[39
m[36mreturn[39m n[32m`<wcm-d
esktop-connecting-view></wcm-de
sktop-connecting-view>`[39m[3
3m;[39m[36mcase[39m[32m"Mob
ileConnecting"[39m[33m:[39m
[36mreturn[39m n[32m`<wcm-mob
ile-connecting-view></wcm-mobil
e-connecting-view>`[39m[33m;
[39m[36mcase[39m[32m"WebConn
ecting"[39m[33m:[39m[36mret
urn[39m n[32m`<wcm-web-connec
ting-view></wcm-web-connecting-
view>`[39m[33m;[39m[36mcase
[39m[32m"MobileQrcodeConnecti
ng"[39m[33m:[39m[36mreturn
[39m n[32m`<wcm-mobile-qr-conn
ecting-view></wcm-mobile-qr-con
necting-view>`[39m[33m;[39m
[36mcase[39m[32m"WalletExplor
er"[39m[33m:[39m[36mreturn
[39m n[32m`<wcm-wallet-explore
r-view></wcm-wallet-explorer-vi
ew>`[39m[33m;[39m[36mcase[
39m[32m"Qrcode"[39m[33m:[39
m[36mreturn[39m n[32m`<wcm-q
rcode-view></wcm-qrcode-view>`
[39m[33m;[39m[36mcase[39m[
32m"InstallWallet"[39m[33m:[
39m[36mreturn[39m n[32m`<wcm
-install-wallet-view></wcm-inst
all-wallet-view>`[39m[33m;[3
9m[36mdefault[39m[33m:[39m
[36mreturn[39m 
n[32m`<div>Not Found</div>`[3
9m}}[36masync[39m onChangeRou
te(){[36mawait[39m [33mH[39
m([36mthis[39m[33m.[39mrout
erEl[33m,[39m{opacity[33m:[
39m[[35m1[39m[33m,[39m[35m
0[39m][33m,[39mscale[33m:[
39m[[35m1[39m[33m,[39m[35m
1.02[39m]}[33m,[39m{duration
[33m:[39m[35m.15[39m[33m,
[39mdelay[33m:[39m[35m.1[39
m})[33m.[39mfinished[33m,[3
9m[36mthis[39m[33m.[39mview
[33m=[39mx[33m.[39mstate[3
3m.[39mview[33m,[39m[33mH[
39m([36mthis[39m[33m.[39mro
uterEl[33m,[39m{opacity[33m:
[39m[[35m0[39m[33m,[39m[3
5m1[39m][33m,[39mscale[33m:
[39m[[35m.99[39m[33m,[39m
[35m1[39m]}[33m,[39m{duratio
n[33m:[39m[35m.37[39m[33m,
[39mdelay[33m:[39m[35m.05[
39m})}render(){[36mreturn[39m
 n[32m`<div 
class="wcm-router"><div class="
wcm-content">${this.viewTemplat
e()}</div></div>`[39m}}[33m;
[39moe[33m.[39mstyles[33m=[
39m[h[33m.[39mglobalCss[33m,
[39m[33mMt[39m][33m,[39m$e
([[33mI[39m()][33m,[39moe[
33m.[39mprototype[33m,[39m[
32m"view"[39m[33m,[39m[35m2
[39m)[33m,[39m$e([[33mI[39
m()][33m,[39moe[33m.[39mpro
totype[33m,[39m[32m"prevView
"[39m[33m,[39m[35m2[39m)[
33m,[39moe[33m=[39m$e([p([3
2m"wcm-modal-router"[39m)][33
m,[39moe)[33m;[39m[36mconst
[39m [33mAt[39m[33m=[39mg
[32m`div{height:36px;width:max-
content;display:flex;justify-co
ntent:center;align-items:center
;padding:9px 15px 11px;position
:absolute;top:12px;box-shadow:0
 6px 14px -6px 
rgba(10,16,31,.3),0 10px 32px 
-4px rgba(10,16,31,.15);z-index
:2;left:50%;transform:translate
X(-50%);pointer-events:none;bac
kdrop-filter:blur(20px) saturat
e(1.8);-webkit-backdrop-filter:
blur(20px) saturate(1.8);border
-radius:var(--wcm-notification-
border-radius);border:1px 
solid var(--wcm-color-overlay);
background-color:var(--wcm-colo
r-overlay)}svg{margin-right:5px
}@-moz-document url-prefix(){di
v{background-color:var(--wcm-co
lor-bg-3)}}.wcm-success path{fi
ll:var(--wcm-accent-color)}.wcm
-error path{fill:var(--wcm-erro
r-color)}`[39m[33m;[39m[36m
var[39m [33mPt[39m[33m=[39
m[33mObject[39m[33m.[39mdef
ineProperty[33m,[39m[33mTt[
39m[33m=[39m[33mObject[39m
[33m.[39mgetOwnPropertyDescrip
tor[33m,[39mze[33m=[39m(e[
33m,[39mo[33m,[39mr[33m,[3
9ma)[33m=>[39m{[36mfor[39m(
[36mvar[39m t[33m=[39ma[33
m>[39m[35m1[39m[33m?[39m[
36mvoid[39m [35m0[39m[33m:
[39ma[33m?[39m[33mTt[39m(o
[33m,[39mr)[33m:[39mo[33m,
[39ml[33m=[39me[33m.[39mlen
gth[33m-[39m[35m1[39m[33m,
[39mi[33m;[39ml[33m>=[39m
[35m0[39m[33m;[39ml[33m--[
39m)(i[33m=[39me[l])[33m&&[
39m(t[33m=[39m(a[33m?[39mi(
o[33m,[39mr[33m,[39mt)[33m
:[39mi(t))[33m||[39mt)[33m;
[39m[36mreturn[39m a[33m&&
[39mt[33m&&[39m[33mPt[39m(o
[33m,[39mr[33m,[39mt)[33m,
[39mt}[33m;[39m[36mlet[39m
 ne[33m=[39m[36mclass[39m 
[36mextends[39m w{constructor
(){[36msuper[39m()[33m,[39m
[36mthis[39m[33m.[39mopen[
33m=[39m[33m![39m[35m1[39m
[33m,[39m[36mthis[39m[33m.
[39munsubscribe[33m=[39m[36
mvoid[39m [35m0[39m[33m,[3
9m[36mthis[39m[33m.[39mtime
out[33m=[39m[36mvoid[39m [
35m0[39m[33m,[39m[36mthis[
39m[33m.[39munsubscribe[33m=
[39m[33mN[39m[33m.[39msubs
cribe(e[33m=>[39m{e[33m.[39
mopen[33m?[39m([36mthis[39m
[33m.[39mopen[33m=[39m[33m
![39m[35m0[39m[33m,[39m[3
6mthis[39m[33m.[39mtimeout[
33m=[39msetTimeout(()[33m=>[
39m[33mN[39m[33m.[39mcloseT
oast()[33m,[39m[35m2200[39m
))[33m:[39m([36mthis[39m[3
3m.[39mopen[33m=[39m[33m![
39m[35m1[39m[33m,[39mclearT
imeout([36mthis[39m[33m.[39
mtimeout))})}disconnectedCallba
ck(){[36mvar[39m e[33m;[39m
(e[33m=[39m[36mthis[39m[33
m.[39munsubscribe)[33m==[39m
[36mnull[39m[33m||[39me[33
m.[39mcall([36mthis[39m)[33
m,[39mclearTimeout([36mthis[
39m[33m.[39mtimeout)[33m,[3
9m[33mN[39m[33m.[39mcloseTo
ast()}render(){[36mconst[39m{
message[33m:[39me[33m,[39mv
ariant[33m:[39mo}[33m=[39m
[33mN[39m[33m.[39mstate[33m
,[39mr[33m=[39m{[32m"wcm-su
ccess"[39m[33m:[39mo[33m===
[39m[32m"success"[39m[33m,
[39m[32m"wcm-error"[39m[33m:
[39mo[33m===[39m[32m"error"
[39m}[33m;[39m[36mreturn[3
9m [36mthis[39m[33m.[39mope
n[33m?[39mn[32m`<div class="
${P(r)}">${o==="success"?v.CHEC
KMARK_ICON:null} ${o==="error"?
v.CROSS_ICON:null}<wcm-text var
iant="small-regular">${e}</wcm-
text></div>`[39m[33m:[39m[3
6mnull[39m}}[33m;[39mne[33m
.[39mstyles[33m=[39m[h[33m.
[39mglobalCss[33m,[39m[33mA
t[39m][33m,[39mze([[33mI[3
9m()][33m,[39mne[33m.[39mpr
ototype[33m,[39m[32m"open"[
39m[33m,[39m[35m2[39m)[33m
,[39mne[33m=[39mze([p([32m"
wcm-modal-toast"[39m)][33m,[
39mne)[33m;[39m[36mconst[39
m jt[33m=[39m[35m.1[39m[33
m,[39m[33mVe[39m[33m=[39m
[35m2.5[39m[33m,[39m[33mA[
39m[33m=[39m[35m7[39m[33m;
[39m[36mfunction[39m [33mCe
[39m(e[33m,[39mo[33m,[39mr
){[36mreturn[39m e[33m===[3
9mo[33m?[39m[33m![39m[35m1
[39m[33m:[39m(e[33m-[39mo
[33m<[39m[35m0[39m[33m?[39
mo[33m-[39me[33m:[39me[33m
-[39mo)[33m<=[39mr[33m+[39
mjt}[36mfunction[39m _t(e[33
m,[39mo){[36mconst[39m r[33
m=[39m[33mArray[39m[33m.[3
9mprototype[33m.[39mslice[33
m.[39mcall([33mJe[39m[33m.
[39mcreate(e[33m,[39m{errorCo
rrectionLevel[33m:[39mo})[33
m.[39mmodules[33m.[39mdata[
33m,[39m[35m0[39m)[33m,[39
ma[33m=[39m[33mMath[39m[33
m.[39msqrt(r[33m.[39mlength)
[33m;[39m[36mreturn[39m r[
33m.[39mreduce((t[33m,[39ml
[33m,[39mi)[33m=>[39m(i[33m
%[39ma[33m===[39m[35m0[39m
[33m?[39mt[33m.[39mpush([l]
)[33m:[39mt[t[33m.[39mlengt
h[33m-[39m[35m1[39m][33m.
[39mpush(l))[33m&&[39mt[33m,
[39m[])}[36mconst[39m [33mD
t[39m[33m=[39m{generate(e[3
3m,[39mo[33m,[39mr){[36mcon
st[39m a[33m=[39m[32m"#1414
14"[39m[33m,[39mt[33m=[39m
[32m"#ffffff"[39m[33m,[39ml
[33m=[39m[][33m,[39mi[33m=
[39m_t(e[33m,[39m[32m"Q"[3
9m)[33m,[39ms[33m=[39mo[35
m/i.length,$=[{x:0,y:0},{x:1,y:
0},{x:0,y:1}];$.forEach(({x:y,y
:u})=>{const O=(i.length-A)*s*y
,b=(i.length-A)*s*u,E=.45;for(l
et M=0;M<$.length;M+=1){const 
V=s*(A-M*2);l.push(pe`<rect 
fill="${M%2===0?a:t}" 
height="${V}" rx="${V*E}" 
ry="${V*E}" width="${V}" 
x="${O+s*M}" 
y="${b+s*M}">`)}});const f=Math
.floor((r+25)/s[39m)[33m,[39
m[33mNe[39m[33m=[39mi[33m.
[39mlength[33m/[39m[35m2[3
9m[33m-[39mf[33m/[39m[35m2
[39m[33m,[39m[33mZe[39m[3
3m=[39mi[33m.[39mlength[33m
/[39m[35m2[39m[33m+[39mf[
33m/[39m[35m2[39m[33m-[39m
[35m1[39m[33m,[39m[33mSe[
39m[33m=[39m[][33m;[39mi[3
3m.[39mforEach((y[33m,[39mu)
[33m=>[39m{y[33m.[39mforEac
h(([33mO[39m[33m,[39mb)[33
m=>[39m{[36mif[39m(i[u][b][
33m&&[39m[33m![39m(u[33m<[
39m[33mA[39m[33m&&[39mb[33
m<[39m[33mA[39m[33m||[39mu
[33m>[39mi[33m.[39mlength[
33m-[39m([33mA[39m[33m+[39
m[35m1[39m)[33m&&[39mb[33m
<[39m[33mA[39m[33m||[39mu
[33m<[39m[33mA[39m[33m&&[3
9mb[33m>[39mi[33m.[39mlengt
h[33m-[39m([33mA[39m[33m+
[39m[35m1[39m))[33m&&[39m[
33m![39m(u[33m>[39m[33mNe[
39m[33m&&[39mu[33m<[39m[33
mZe[39m[33m&&[39mb[33m>[39
m[33mNe[39m[33m&&[39mb[33m
<[39m[33mZe[39m)){[36mconst
[39m [33mE[39m[33m=[39mu[
33m*[39ms[33m+[39ms[33m/[3
9m[35m2[39m[33m,[39m[33mM
[39m[33m=[39mb[33m*[39ms[3
3m+[39ms[33m/[39m[35m2[39m
[33m;[39m[33mSe[39m[33m.[
39mpush([[33mE[39m[33m,[39m
[33mM[39m])}})})[33m;[39m[
36mconst[39m [33mJ[39m[33m=
[39m{}[33m;[39m[36mreturn[
39m [33mSe[39m[33m.[39mforE
ach(([y[33m,[39mu])[33m=>[3
9m{[33mJ[39m[y][33m?[39m[3
3mJ[39m[y][33m.[39mpush(u)[
33m:[39m[33mJ[39m[y][33m=[
39m[u]})[33m,[39m[33mObject
[39m[33m.[39mentries([33mJ[
39m)[33m.[39mmap(([y[33m,[3
9mu])[33m=>[39m{[36mconst[3
9m [33mO[39m[33m=[39mu[33m
.[39mfilter(b[33m=>[39mu[33
m.[39mevery([33mE[39m[33m=>
[39m[33m![39m[33mCe[39m(b
[33m,[39m[33mE[39m[33m,[39
ms)))[33m;[39m[36mreturn[39
m[[33mNumber[39m(y)[33m,[39
m[33mO[39m]})[33m.[39mforEa
ch(([y[33m,[39mu])[33m=>[39
m{u[33m.[39mforEach([33mO[3
9m[33m=>[39m{l[33m.[39mpush
(pe[32m`<circle cx="${y}" 
cy="${O}" fill="${a}" r="${s/Ve
}">`[39m)})})[33m,[39m[33mO
bject[39m[33m.[39mentries([
33mJ[39m)[33m.[39mfilter(([y
[33m,[39mu])[33m=>[39mu[33
m.[39mlength[33m>[39m[35m1
[39m)[33m.[39mmap(([y[33m,[
39mu])[33m=>[39m{[36mconst[
39m [33mO[39m[33m=[39mu[33
m.[39mfilter(b[33m=>[39mu[3
3m.[39msome([33mE[39m[33m=>
[39m[33mCe[39m(b[33m,[39m
[33mE[39m[33m,[39ms)))[33m;
[39m[36mreturn[39m[[33mNumb
er[39m(y)[33m,[39m[33mO[39
m]})[33m.[39mmap(([y[33m,[3
9mu])[33m=>[39m{u[33m.[39ms
ort((b[33m,[39m[33mE[39m)[
33m=>[39mb[33m<[39m[33mE[3
9m[33m?[39m[33m-[39m[35m1
[39m[33m:[39m[35m1[39m)[33
m;[39m[36mconst[39m [33mO[
39m[33m=[39m[][33m;[39m[36
mfor[39m([36mconst[39m b 
[36mof[39m 
u){[36mconst[39m [33mE[39m
[33m=[39m[33mO[39m[33m.[39
mfind([33mM[39m[33m=>[39m[
33mM[39m[33m.[39msome([33mV
[39m[33m=>[39m[33mCe[39m(b
[33m,[39m[33mV[39m[33m,[3
9ms)))[33m;[39m[33mE[39m[3
3m?[39m[33mE[39m[33m.[39mp
ush(b)[33m:[39m[33mO[39m[3
3m.[39mpush([b])}[36mreturn[
39m[y[33m,[39m[33mO[39m[33
m.[39mmap(b[33m=>[39m[b[[35
m0[39m][33m,[39mb[b[33m.[3
9mlength[33m-[39m[35m1[39m]
])]})[33m.[39mforEach(([y[33
m,[39mu])[33m=>[39m{u[33m.
[39mforEach(([[33mO[39m[33m,
[39mb])[33m=>[39m{l[33m.[3
9mpush(pe[32m`<line x1="${y}" 
x2="${y}" y1="${O}" y2="${b}" 
stroke="${a}" 
stroke-width="${s/(Ve/2)}" stro
ke-linecap="round">`[39m)})})
[33m,[39ml}}[33m,[39m[33mNt
[39m[33m=[39mg[32m`@keyfram
es fadeIn{0%{opacity:0}100%{opa
city:1}}div{position:relative;u
ser-select:none;display:block;o
verflow:hidden;aspect-ratio:1/1
;animation:fadeIn ease .2s}.wcm
-dark{background-color:#fff;bor
der-radius:var(--wcm-container-
border-radius);padding:18px;box
-shadow:0 2px 5px #000}svg:firs
t-child,wcm-wallet-image{positi
on:absolute;top:50%;left:50%;tr
ansform:translateY(-50%) transl
ateX(-50%)}wcm-wallet-image{tra
nsform:translateY(-50%) transla
teX(-50%)}wcm-wallet-image{widt
h:25%;height:25%;border-radius:
var(--wcm-wallet-icon-border-ra
dius)}svg:first-child{transform
:translateY(-50%) 
translateX(-50%) 
scale(.9)}svg:first-child path:
first-child{fill:var(--wcm-acce
nt-color)}svg:first-child path:
last-child{stroke:var(--wcm-col
or-overlay)}`[39m[33m;[39m[
36mvar[39m [33mZt[39m[33m=
[39m[33mObject[39m[33m.[39m
defineProperty[33m,[39m[33mS
t[39m[33m=[39m[33mObject[3
9m[33m.[39mgetOwnPropertyDesc
riptor[33m,[39mq[33m=[39m(e
[33m,[39mo[33m,[39mr[33m,
[39ma)[33m=>[39m{[36mfor[39
m([36mvar[39m t[33m=[39ma[
33m>[39m[35m1[39m[33m?[39m
[36mvoid[39m [35m0[39m[33m
:[39ma[33m?[39m[33mSt[39m(
o[33m,[39mr)[33m:[39mo[33m
,[39ml[33m=[39me[33m.[39ml
ength[33m-[39m[35m1[39m[33
m,[39mi[33m;[39ml[33m>=[39
m[35m0[39m[33m;[39ml[33m--
[39m)(i[33m=[39me[l])[33m&&
[39m(t[33m=[39m(a[33m?[39m
i(o[33m,[39mr[33m,[39mt)[3
3m:[39mi(t))[33m||[39mt)[33
m;[39m[36mreturn[39m a[33m&
&[39mt[33m&&[39m[33mZt[39m
(o[33m,[39mr[33m,[39mt)[33
m,[39mt}[33m;[39m[36mlet[3
9m j[33m=[39m[36mclass[39m 
[36mextends[39m w{constructor
(){[36msuper[39m([33m...[39
marguments)[33m,[39m[36mthis
[39m[33m.[39muri[33m=[39m
[32m""[39m[33m,[39m[36mthis
[39m[33m.[39msize[33m=[39m
[35m0[39m[33m,[39m[36mthis
[39m[33m.[39mimageId[33m=[
39m[36mvoid[39m [35m0[39m[
33m,[39m[36mthis[39m[33m.[
39mwalletId[33m=[39m[36mvoid
[39m [35m0[39m[33m,[39m[3
6mthis[39m[33m.[39mimageUrl
[33m=[39m[36mvoid[39m [35m0
[39m}svgTemplate(){[36mconst
[39m e[33m=[39m[33mX[39m[3
3m.[39mstate[33m.[39mthemeMo
de[33m===[39m[32m"light"[39
m[33m?[39m[36mthis[39m[33m
.[39msize[33m:[39m[36mthis
[39m[33m.[39msize[33m-[39m
[35m36[39m[33m;[39m[36mretu
rn[39m pe[32m`<svg 
height="${e}" width="${e}">${Dt
.generate(this.uri,e,e/4)}</svg
>`[39m}render(){[36mconst[39
m e[33m=[39m{[32m"wcm-dark"
[39m[33m:[39m[33mX[39m[33m
.[39mstate[33m.[39mthemeMode
[33m===[39m[32m"dark"[39m}
[33m;[39m[36mreturn[39m 
n[32m`<div style="${`width: 
${this.size}px`}" class="${P(e)
}">${this.walletId||this.imageU
rl?n`<wcm-wallet-image 
walletId="${k(this.walletId)}" 
imageId="${k(this.imageId)}" im
ageUrl="${k(this.imageUrl)}"></
wcm-wallet-image>`:v.WALLET_CON
NECT_ICON_COLORED} ${this.svgTe
mplate()}</div>`[39m}}[33m;[
39mj[33m.[39mstyles[33m=[39
m[h[33m.[39mglobalCss[33m,[
39m[33mNt[39m][33m,[39mq([d
()][33m,[39mj[33m.[39mproto
type[33m,[39m[32m"uri"[39m
[33m,[39m[35m2[39m)[33m,[3
9mq([d({type[33m:[39m[33mNum
ber[39m})][33m,[39mj[33m.[
39mprototype[33m,[39m[32m"si
ze"[39m[33m,[39m[35m2[39m)
[33m,[39mq([d()][33m,[39mj
[33m.[39mprototype[33m,[39m
[32m"imageId"[39m[33m,[39m[
35m2[39m)[33m,[39mq([d()][3
3m,[39mj[33m.[39mprototype[
33m,[39m[32m"walletId"[39m[
33m,[39m[35m2[39m)[33m,[39
mq([d()][33m,[39mj[33m.[39m
prototype[33m,[39m[32m"image
Url"[39m[33m,[39m[35m2[39m
)[33m,[39mj[33m=[39mq([p([
32m"wcm-qrcode"[39m)][33m,[3
9mj)[33m;[39m[36mconst[39m 
[33mBt[39m[33m=[39mg[32m`:
host{position:relative;height:2
8px;width:80%}input{width:100%;
height:100%;line-height:28px!im
portant;border-radius:var(--wcm
-input-border-radius);font-styl
e:normal;font-family:-apple-sys
tem,system-ui,BlinkMacSystemFon
t,'Segoe 
UI',Roboto,Ubuntu,'Helvetica Ne
ue',sans-serif;font-feature-set
tings:'case' on;font-weight:500
;font-size:16px;letter-spacing:
-.03em;padding:0 10px 0 
34px;transition:.2s all ease;co
lor:var(--wcm-color-fg-1);backg
round-color:var(--wcm-color-bg-
3);box-shadow:inset 0 0 0 1px v
ar(--wcm-color-overlay);caret-c
olor:var(--wcm-accent-color)}in
put::placeholder{color:var(--wc
m-color-fg-2)}svg{left:10px;top
:4px;pointer-events:none;positi
on:absolute;width:20px;height:2
0px}input:focus-within{box-shad
ow:inset 0 0 0 1px var(--wcm-ac
cent-color)}path{fill:var(--wcm
-color-fg-2)}`[39m[33m;[39m
[36mvar[39m [33mUt[39m[33m=
[39m[33mObject[39m[33m.[39
mdefineProperty[33m,[39m[33m
Ht[39m[33m=[39m[33mObject[
39m[33m.[39mgetOwnPropertyDes
criptor[33m,[39m[33mFe[39m
[33m=[39m(e[33m,[39mo[33m,
[39mr[33m,[39ma)[33m=>[39m{
[36mfor[39m([36mvar[39m t[
33m=[39ma[33m>[39m[35m1[39
m[33m?[39m[36mvoid[39m [35
m0[39m[33m:[39ma[33m?[39m
[33mHt[39m(o[33m,[39mr)[33m
:[39mo[33m,[39ml[33m=[39me
[33m.[39mlength[33m-[39m[3
5m1[39m[33m,[39mi[33m;[39m
l[33m>=[39m[35m0[39m[33m;
[39ml[33m--[39m)(i[33m=[39m
e[l])[33m&&[39m(t[33m=[39m(
a[33m?[39mi(o[33m,[39mr[33
m,[39mt)[33m:[39mi(t))[33m|
|[39mt)[33m;[39m[36mreturn
[39m a[33m&&[39mt[33m&&[39m
[33mUt[39m(o[33m,[39mr[33m
,[39mt)[33m,[39mt}[33m;[39
m[36mlet[39m 
ce[33m=[39m[36mclass[39m 
[36mextends[39m w{constructor
(){[36msuper[39m([33m...[39
marguments)[33m,[39m[36mthis
[39m[33m.[39monChange[33m=
[39m()[33m=>[39m[36mnull[39
m}render(){[36mreturn[39m 
n[32m`<input type="text" 
@input="${this.onChange}" 
placeholder="Search wallets"> $
{v.SEARCH_ICON}`[39m}}[33m;[
39mce[33m.[39mstyles[33m=[3
9m[h[33m.[39mglobalCss[33m,
[39m[33mBt[39m][33m,[39m[3
3mFe[39m([d()][33m,[39mce[3
3m.[39mprototype[33m,[39m[3
2m"onChange"[39m[33m,[39m[3
5m2[39m)[33m,[39mce[33m=[3
9m[33mFe[39m([p([32m"wcm-sea
rch-input"[39m)][33m,[39mce)
[33m;[39m[36mconst[39m 
zt[33m=[39mg[32m`@keyframes 
rotate{100%{transform:rotate(36
0deg)}}@keyframes dash{0%{strok
e-dasharray:1,150;stroke-dashof
fset:0}50%{stroke-dasharray:90,
150;stroke-dashoffset:-35}100%{
stroke-dasharray:90,150;stroke-
dashoffset:-124}}svg{animation:
rotate 2s linear infinite;displ
ay:flex;justify-content:center;
align-items:center}svg circle{s
troke-linecap:round;animation:d
ash 1.5s ease infinite;stroke:v
ar(--wcm-accent-color)}`[39m[
33m;[39m[36mvar[39m [33mVt
[39m[33m=[39m[33mObject[39m
[33m.[39mdefineProperty[33m,
[39m[33mFt[39m[33m=[39m[3
3mObject[39m[33m.[39mgetOwnP
ropertyDescriptor[33m,[39mqt
[33m=[39m(e[33m,[39mo[33m,
[39mr[33m,[39ma)[33m=>[39m{
[36mfor[39m([36mvar[39m t[
33m=[39ma[33m>[39m[35m1[39
m[33m?[39m[36mvoid[39m [35
m0[39m[33m:[39ma[33m?[39m
[33mFt[39m(o[33m,[39mr)[33m
:[39mo[33m,[39ml[33m=[39me
[33m.[39mlength[33m-[39m[3
5m1[39m[33m,[39mi[33m;[39m
l[33m>=[39m[35m0[39m[33m;
[39ml[33m--[39m)(i[33m=[39m
e[l])[33m&&[39m(t[33m=[39m(
a[33m?[39mi(o[33m,[39mr[33
m,[39mt)[33m:[39mi(t))[33m|
|[39mt)[33m;[39m[36mreturn
[39m a[33m&&[39mt[33m&&[39m
[33mVt[39m(o[33m,[39mr[33m
,[39mt)[33m,[39mt}[33m;[39
m[36mlet[39m 
ke[33m=[39m[36mclass[39m 
[36mextends[39m 
w{render(){[36mreturn[39m 
n[32m`<svg viewBox="0 0 50 
50" width="24" 
height="24"><circle cx="25" 
cy="25" r="20" fill="none" 
stroke-width="4" stroke="#fff"/
></svg>`[39m}}[33m;[39mke[3
3m.[39mstyles[33m=[39m[h[33
m.[39mglobalCss[33m,[39mzt]
[33m,[39mke[33m=[39mqt([p([
32m"wcm-spinner"[39m)][33m,[
39mke)[33m;[39m[36mconst[39
m [33mQt[39m[33m=[39mg[32m
`span{font-style:normal;font-fa
mily:var(--wcm-font-family);fon
t-feature-settings:var(--wcm-fo
nt-feature-settings)}.wcm-xsmal
l-bold{font-family:var(--wcm-te
xt-xsmall-bold-font-family);fon
t-weight:var(--wcm-text-xsmall-
bold-weight);font-size:var(--wc
m-text-xsmall-bold-size);line-h
eight:var(--wcm-text-xsmall-bol
d-line-height);letter-spacing:v
ar(--wcm-text-xsmall-bold-lette
r-spacing);text-transform:var(-
-wcm-text-xsmall-bold-text-tran
sform)}.wcm-xsmall-regular{font
-family:var(--wcm-text-xsmall-r
egular-font-family);font-weight
:var(--wcm-text-xsmall-regular-
weight);font-size:var(--wcm-tex
t-xsmall-regular-size);line-hei
ght:var(--wcm-text-xsmall-regul
ar-line-height);letter-spacing:
var(--wcm-text-xsmall-regular-l
etter-spacing);text-transform:v
ar(--wcm-text-xsmall-regular-te
xt-transform)}.wcm-small-thin{f
ont-family:var(--wcm-text-small
-thin-font-family);font-weight:
var(--wcm-text-small-thin-weigh
t);font-size:var(--wcm-text-sma
ll-thin-size);line-height:var(-
-wcm-text-small-thin-line-heigh
t);letter-spacing:var(--wcm-tex
t-small-thin-letter-spacing);te
xt-transform:var(--wcm-text-sma
ll-thin-text-transform)}.wcm-sm
all-regular{font-family:var(--w
cm-text-small-regular-font-fami
ly);font-weight:var(--wcm-text-
small-regular-weight);font-size
:var(--wcm-text-small-regular-s
ize);line-height:var(--wcm-text
-small-regular-line-height);let
ter-spacing:var(--wcm-text-smal
l-regular-letter-spacing);text-
transform:var(--wcm-text-small-
regular-text-transform)}.wcm-me
dium-regular{font-family:var(--
wcm-text-medium-regular-font-fa
mily);font-weight:var(--wcm-tex
t-medium-regular-weight);font-s
ize:var(--wcm-text-medium-regul
ar-size);line-height:var(--wcm-
text-medium-regular-line-height
);letter-spacing:var(--wcm-text
-medium-regular-letter-spacing)
;text-transform:var(--wcm-text-
medium-regular-text-transform)}
.wcm-big-bold{font-family:var(-
-wcm-text-big-bold-font-family)
;font-weight:var(--wcm-text-big
-bold-weight);font-size:var(--w
cm-text-big-bold-size);line-hei
ght:var(--wcm-text-big-bold-lin
e-height);letter-spacing:var(--
wcm-text-big-bold-letter-spacin
g);text-transform:var(--wcm-tex
t-big-bold-text-transform)}:hos
t(*){color:var(--wcm-color-fg-1
)}.wcm-color-primary{color:var(
--wcm-color-fg-1)}.wcm-color-se
condary{color:var(--wcm-color-f
g-2)}.wcm-color-tertiary{color:
var(--wcm-color-fg-3)}.wcm-colo
r-inverse{color:var(--wcm-accen
t-fill-color)}.wcm-color-accnt{
color:var(--wcm-accent-color)}.
wcm-color-error{color:var(--wcm
-error-color)}`[39m[33m;[39m
[36mvar[39m [33mKt[39m[33m
=[39m[33mObject[39m[33m.[3
9mdefineProperty[33m,[39m[33
mYt[39m[33m=[39m[33mObject
[39m[33m.[39mgetOwnPropertyDe
scriptor[33m,[39m[33mOe[39m
[33m=[39m(e[33m,[39mo[33m,
[39mr[33m,[39ma)[33m=>[39m
{[36mfor[39m([36mvar[39m t
[33m=[39ma[33m>[39m[35m1[3
9m[33m?[39m[36mvoid[39m [3
5m0[39m[33m:[39ma[33m?[39m
[33mYt[39m(o[33m,[39mr)[33
m:[39mo[33m,[39ml[33m=[39m
e[33m.[39mlength[33m-[39m[
35m1[39m[33m,[39mi[33m;[39
ml[33m>=[39m[35m0[39m[33m;
[39ml[33m--[39m)(i[33m=[39
me[l])[33m&&[39m(t[33m=[39m
(a[33m?[39mi(o[33m,[39mr[3
3m,[39mt)[33m:[39mi(t))[33m
||[39mt)[33m;[39m[36mreturn
[39m a[33m&&[39mt[33m&&[39
m[33mKt[39m(o[33m,[39mr[33
m,[39mt)[33m,[39mt}[33m;[3
9m[36mlet[39m 
re[33m=[39m[36mclass[39m 
[36mextends[39m w{constructor
(){[36msuper[39m([33m...[39
marguments)[33m,[39m[36mthis
[39m[33m.[39mvariant[33m=[
39m[32m"medium-regular"[39m[
33m,[39m[36mthis[39m[33m.[
39mcolor[33m=[39m[32m"primar
y"[39m}render(){[36mconst[39
m e[33m=[39m{[32m"wcm-big-bo
ld"[39m[33m:[39m[36mthis[3
9m[33m.[39mvariant[33m===[3
9m[32m"big-bold"[39m[33m,[3
9m[32m"wcm-medium-regular"[39
m[33m:[39m[36mthis[39m[33m
.[39mvariant[33m===[39m[32m
"medium-regular"[39m[33m,[39
m[32m"wcm-small-regular"[39m
[33m:[39m[36mthis[39m[33m.
[39mvariant[33m===[39m[32m"s
mall-regular"[39m[33m,[39m[
32m"wcm-small-thin"[39m[33m:
[39m[36mthis[39m[33m.[39mva
riant[33m===[39m[32m"small-t
hin"[39m[33m,[39m[32m"wcm-x
small-regular"[39m[33m:[39m
[36mthis[39m[33m.[39mvariant
[33m===[39m[32m"xsmall-regul
ar"[39m[33m,[39m[32m"wcm-xs
mall-bold"[39m[33m:[39m[36m
this[39m[33m.[39mvariant[33
m===[39m[32m"xsmall-bold"[39
m[33m,[39m[32m"wcm-color-pri
mary"[39m[33m:[39m[36mthis
[39m[33m.[39mcolor[33m===[3
9m[32m"primary"[39m[33m,[39
m[32m"wcm-color-secondary"[39
m[33m:[39m[36mthis[39m[33m
.[39mcolor[33m===[39m[32m"s
econdary"[39m[33m,[39m[32m"
wcm-color-tertiary"[39m[33m:
[39m[36mthis[39m[33m.[39mco
lor[33m===[39m[32m"tertiary"
[39m[33m,[39m[32m"wcm-color
-inverse"[39m[33m:[39m[36mt
his[39m[33m.[39mcolor[33m==
=[39m[32m"inverse"[39m[33m,
[39m[32m"wcm-color-accnt"[39
m[33m:[39m[36mthis[39m[33m
.[39mcolor[33m===[39m[32m"a
ccent"[39m[33m,[39m[32m"wcm
-color-error"[39m[33m:[39m[
36mthis[39m[33m.[39mcolor[3
3m===[39m[32m"error"[39m}[3
3m;[39m[36mreturn[39m 
n[32m`<span><slot class="${P(e
)}"></slot></span>`[39m}}[33m
;[39mre[33m.[39mstyles[33m=
[39m[h[33m.[39mglobalCss[33
m,[39m[33mQt[39m][33m,[39m
[33mOe[39m([d()][33m,[39mre
[33m.[39mprototype[33m,[39m
[32m"variant"[39m[33m,[39m
[35m2[39m)[33m,[39m[33mOe[
39m([d()][33m,[39mre[33m.[3
9mprototype[33m,[39m[32m"col
or"[39m[33m,[39m[35m2[39m)
[33m,[39mre[33m=[39m[33mOe
[39m([p([32m"wcm-text"[39m)]
[33m,[39mre)[33m;[39m[36mc
onst[39m [33mGt[39m[33m=[3
9mg[32m`button{width:100%;heig
ht:100%;border-radius:var(--wcm
-button-hover-highlight-border-
radius);display:flex;align-item
s:flex-start}button:active{back
ground-color:var(--wcm-color-ov
erlay)}@media(hover:hover){butt
on:hover{background-color:var(-
-wcm-color-overlay)}}button>div
{width:80px;padding:5px 0;displ
ay:flex;flex-direction:column;a
lign-items:center}wcm-text{widt
h:100%;white-space:nowrap;overf
low:hidden;text-overflow:ellips
is;text-align:center}wcm-wallet
-image{height:60px;width:60px;t
ransition:all .2s ease;border-r
adius:var(--wcm-wallet-icon-bor
der-radius);margin-bottom:5px}.
wcm-sublabel{margin-top:2px}`[
39m[33m;[39m[36mvar[39m [3
3mXt[39m[33m=[39m[33mObject
[39m[33m.[39mdefineProperty
[33m,[39m[33mJt[39m[33m=[3
9m[33mObject[39m[33m.[39mge
tOwnPropertyDescriptor[33m,[3
9m_[33m=[39m(e[33m,[39mo[3
3m,[39mr[33m,[39ma)[33m=>[
39m{[36mfor[39m([36mvar[39m
 t[33m=[39ma[33m>[39m[35m1
[39m[33m?[39m[36mvoid[39m 
[35m0[39m[33m:[39ma[33m?[
39m[33mJt[39m(o[33m,[39mr)
[33m:[39mo[33m,[39ml[33m=[
39me[33m.[39mlength[33m-[39
m[35m1[39m[33m,[39mi[33m;
[39ml[33m>=[39m[35m0[39m[3
3m;[39ml[33m--[39m)(i[33m=
[39me[l])[33m&&[39m(t[33m=[
39m(a[33m?[39mi(o[33m,[39mr
[33m,[39mt)[33m:[39mi(t))[
33m||[39mt)[33m;[39m[36mret
urn[39m a[33m&&[39mt[33m&&
[39m[33mXt[39m(o[33m,[39mr
[33m,[39mt)[33m,[39mt}[33m;
[39m[36mlet[39m [33mL[39m
[33m=[39m[36mclass[39m 
[36mextends[39m w{constructor
(){[36msuper[39m([33m...[39
marguments)[33m,[39m[36mthis
[39m[33m.[39monClick[33m=[
39m()[33m=>[39m[36mnull[39m
[33m,[39m[36mthis[39m[33m.
[39mname[33m=[39m[32m""[39
m[33m,[39m[36mthis[39m[33m
.[39mwalletId[33m=[39m[32m"
"[39m[33m,[39m[36mthis[39m
[33m.[39mlabel[33m=[39m[36
mvoid[39m [35m0[39m[33m,[3
9m[36mthis[39m[33m.[39mimag
eId[33m=[39m[36mvoid[39m [
35m0[39m[33m,[39m[36mthis[
39m[33m.[39minstalled[33m=[
39m[33m![39m[35m1[39m[33m,
[39m[36mthis[39m[33m.[39mr
ecent[33m=[39m[33m![39m[35
m1[39m}sublabelTemplate(){[36
mreturn[39m [36mthis[39m[33
m.[39mrecent[33m?[39mn[32m`
<wcm-text class="wcm-sublabel" 
variant="xsmall-bold" color="te
rtiary">RECENT</wcm-text>`[39m
[33m:[39m[36mthis[39m[33m.
[39minstalled[33m?[39mn[32m
`<wcm-text 
class="wcm-sublabel" 
variant="xsmall-bold" color="te
rtiary">INSTALLED</wcm-text>`[
39m[33m:[39m[36mnull[39m}ha
ndleClick(){[33mXe[39m[33m.
[39mclick({name[33m:[39m[32m
"WALLET_BUTTON"[39m[33m,[39m
walletId[33m:[39m[36mthis[3
9m[33m.[39mwalletId})[33m,[
39m[36mthis[39m[33m.[39monC
lick()}render(){[36mvar[39m 
e[33m;[39m[36mreturn[39m 
n[32m`<button @click="${this.h
andleClick.bind(this)}"><div><w
cm-wallet-image 
walletId="${this.walletId}" ima
geId="${k(this.imageId)}"></wcm
-wallet-image><wcm-text variant
="xsmall-regular">${(e=this.lab
el)!=null?e:c.getWalletName(thi
s.name,!0)}</wcm-text>${this.su
blabelTemplate()}</div></button
>`[39m}}[33m;[39m[33mL[39m
[33m.[39mstyles[33m=[39m[h
[33m.[39mglobalCss[33m,[39m
[33mGt[39m][33m,[39m_([d()]
[33m,[39m[33mL[39m[33m.[39
mprototype[33m,[39m[32m"onCl
ick"[39m[33m,[39m[35m2[39m
)[33m,[39m_([d()][33m,[39m
[33mL[39m[33m.[39mprototype
[33m,[39m[32m"name"[39m[33m
,[39m[35m2[39m)[33m,[39m_(
[d()][33m,[39m[33mL[39m[33
m.[39mprototype[33m,[39m[32
m"walletId"[39m[33m,[39m[35
m2[39m)[33m,[39m_([d()][33m
,[39m[33mL[39m[33m.[39mpro
totype[33m,[39m[32m"label"[
39m[33m,[39m[35m2[39m)[33m
,[39m_([d()][33m,[39m[33mL
[39m[33m.[39mprototype[33m,
[39m[32m"imageId"[39m[33m,[
39m[35m2[39m)[33m,[39m_([d(
{type[33m:[39m[33mBoolean[3
9m})][33m,[39m[33mL[39m[33
m.[39mprototype[33m,[39m[32
m"installed"[39m[33m,[39m[3
5m2[39m)[33m,[39m_([d({type
[33m:[39m[33mBoolean[39m})]
[33m,[39m[33mL[39m[33m.[39
mprototype[33m,[39m[32m"rece
nt"[39m[33m,[39m[35m2[39m)
[33m,[39m[33mL[39m[33m=[3
9m_([p([32m"wcm-wallet-button"
[39m)][33m,[39m[33mL[39m)
[33m;[39m[36mconst[39m eo[3
3m=[39mg[32m`:host{display:bl
ock}div{overflow:hidden;positio
n:relative;border-radius:inheri
t;width:100%;height:100%;backgr
ound-color:var(--wcm-color-over
lay)}svg{position:relative;widt
h:100%;height:100%}div::after{c
ontent:'';position:absolute;top
:0;bottom:0;left:0;right:0;bord
er-radius:inherit;border:1px 
solid 
var(--wcm-color-overlay)}div im
g{width:100%;height:100%;object
-fit:cover;object-position:cent
er}#wallet-placeholder-fill{fil
l:var(--wcm-color-bg-3)}#wallet
-placeholder-dash{stroke:var(--
wcm-color-overlay)}`[39m[33m;
[39m[36mvar[39m to[33m=[39
m[33mObject[39m[33m.[39mdef
ineProperty[33m,[39moo[33m=
[39m[33mObject[39m[33m.[39m
getOwnPropertyDescriptor[33m,
[39mse[33m=[39m(e[33m,[39mo
[33m,[39mr[33m,[39ma)[33m=
>[39m{[36mfor[39m([36mvar[
39m t[33m=[39ma[33m>[39m[3
5m1[39m[33m?[39m[36mvoid[3
9m [35m0[39m[33m:[39ma[33m
?[39moo(o[33m,[39mr)[33m:[
39mo[33m,[39ml[33m=[39me[3
3m.[39mlength[33m-[39m[35m1
[39m[33m,[39mi[33m;[39ml[
33m>=[39m[35m0[39m[33m;[39
ml[33m--[39m)(i[33m=[39me[l
])[33m&&[39m(t[33m=[39m(a[
33m?[39mi(o[33m,[39mr[33m,
[39mt)[33m:[39mi(t))[33m||[
39mt)[33m;[39m[36mreturn[39
m a[33m&&[39mt[33m&&[39mto(
o[33m,[39mr[33m,[39mt)[33m
,[39mt}[33m;[39m[36mlet[39
m [33mQ[39m[33m=[39m[36mcl
ass[39m [36mextends[39m w{co
nstructor(){[36msuper[39m([3
3m...[39marguments)[33m,[39m
[36mthis[39m[33m.[39mwallet
Id[33m=[39m[32m""[39m[33m,
[39m[36mthis[39m[33m.[39mi
mageId[33m=[39m[36mvoid[39m
 [35m0[39m[33m,[39m[36mthi
s[39m[33m.[39mimageUrl[33m=
[39m[36mvoid[39m [35m0[39m
}render(){[36mvar[39m 
e[33m;[39m[36mconst[39m o[
33m=[39m(e[33m=[39m[36mthis
[39m[33m.[39mimageUrl)[33m!
=[39m[36mnull[39m[33m&&[39
me[33m.[39mlength[33m?[39m
[36mthis[39m[33m.[39mimageUr
l[33m:[39mc[33m.[39mgetWall
etIcon({id[33m:[39m[36mthis
[39m[33m.[39mwalletId[33m,[
39mimage_id[33m:[39m[36mthis
[39m[33m.[39mimageId})[33m;
[39m[36mreturn[39m 
n[32m`${o.length?n`<div><img 
crossorigin="anonymous" 
src="${o}" alt="${this.id}"></d
iv>`:v.WALLET_PLACEHOLDER}`[39
m}}[33m;[39m[33mQ[39m[33m.
[39mstyles[33m=[39m[h[33m.
[39mglobalCss[33m,[39meo][33
m,[39mse([d()][33m,[39m[33m
Q[39m[33m.[39mprototype[33m
,[39m[32m"walletId"[39m[33m
,[39m[35m2[39m)[33m,[39mse
([d()][33m,[39m[33mQ[39m[3
3m.[39mprototype[33m,[39m[3
2m"imageId"[39m[33m,[39m[35
m2[39m)[33m,[39mse([d()][33
m,[39m[33mQ[39m[33m.[39mpr
ototype[33m,[39m[32m"imageUr
l"[39m[33m,[39m[35m2[39m)
[33m,[39m[33mQ[39m[33m=[39
mse([p([32m"wcm-wallet-image"
[39m)][33m,[39m[33mQ[39m)[
33m;[39m[36mvar[39m ro[33m=
[39m[33mObject[39m[33m.[39
mdefineProperty[33m,[39mao[3
3m=[39m[33mObject[39m[33m.
[39mgetOwnPropertyDescriptor[3
3m,[39mqe[33m=[39m(e[33m,[
39mo[33m,[39mr[33m,[39ma)[
33m=>[39m{[36mfor[39m([36mv
ar[39m t[33m=[39ma[33m>[39
m[35m1[39m[33m?[39m[36mvoi
d[39m [35m0[39m[33m:[39ma
[33m?[39mao(o[33m,[39mr)[33
m:[39mo[33m,[39ml[33m=[39m
e[33m.[39mlength[33m-[39m[
35m1[39m[33m,[39mi[33m;[39
ml[33m>=[39m[35m0[39m[33m;
[39ml[33m--[39m)(i[33m=[39
me[l])[33m&&[39m(t[33m=[39m
(a[33m?[39mi(o[33m,[39mr[3
3m,[39mt)[33m:[39mi(t))[33m
||[39mt)[33m;[39m[36mreturn
[39m a[33m&&[39mt[33m&&[39
mro(o[33m,[39mr[33m,[39mt)
[33m,[39mt}[33m;[39m[36mlet
[39m [33mWe[39m[33m=[39m[
36mclass[39m 
[36mextends[39m w{constructor
(){[36msuper[39m()[33m,[39m
[36mthis[39m[33m.[39mpreloa
d[33m=[39m[33m![39m[35m0[
39m[33m,[39m[36mthis[39m[3
3m.[39mpreloadData()}[36masyn
c[39m loadImages(e){[36mtry[
39m{e[33m!=[39m[36mnull[39m
[33m&&[39me[33m.[39mlength
[33m&&[39m[36mawait[39m [33
mPromise[39m[33m.[39mall(e[
33m.[39mmap([36masync[39m o
[33m=>[39mc[33m.[39mpreloadI
mage(o)))}[36mcatch[39m{conso
le[33m.[39minfo([32m"Unsucce
ssful attempt at preloading 
some images"[39m[33m,[39me)}
}[36masync[39m preloadListing
s(){[36mif[39m(z[33m.[39mst
ate[33m.[39menableExplorer){
[36mawait[39m [33mW[39m[33m
.[39mgetRecomendedWallets()[3
3m,[39m[33mR[39m[33m.[39ms
etIsDataLoaded([33m![39m[35m
0[39m)[33m;[39m[36mconst[3
9m{recomendedWallets[33m:[39m
e}[33m=[39m[33mW[39m[33m.
[39mstate[33m,[39mo[33m=[39
me[33m.[39mmap(r[33m=>[39mc
[33m.[39mgetWalletIcon(r))[3
3m;[39m[36mawait[39m [36mth
is[39m[33m.[39mloadImages(o)
}[36melse[39m [33mR[39m[33
m.[39msetIsDataLoaded([33m![
39m[35m0[39m)}[36masync[39m
 preloadCustomImages(){[36mcon
st[39m e[33m=[39mc[33m.[39
mgetCustomImageUrls()[33m;[39
m[36mawait[39m [36mthis[39m
[33m.[39mloadImages(e)}[36ma
sync[39m preloadData(){[36mtr
y[39m{[36mthis[39m[33m.[39
mpreload[33m&&[39m([36mthis
[39m[33m.[39mpreload[33m=[3
9m[33m![39m[35m1[39m[33m,
[39m[36mawait[39m [33mPromis
e[39m[33m.[39mall([[36mthis
[39m[33m.[39mpreloadListings
()[33m,[39m[36mthis[39m[33
m.[39mpreloadCustomImages()]))
}[36mcatch[39m(e){console[33
m.[39merror(e)[33m,[39m[33m
N[39m[33m.[39mopenToast([32
m"Failed preloading"[39m[33m,
[39m[32m"error"[39m)}}}[33m
;[39mqe([[33mI[39m()][33m,
[39m[33mWe[39m[33m.[39mprot
otype[33m,[39m[32m"preload"
[39m[33m,[39m[35m2[39m)[33
m,[39m[33mWe[39m[33m=[39mq
e([p([32m"wcm-explorer-context
"[39m)][33m,[39m[33mWe[39m
)[33m;[39m[36mvar[39m lo[3
3m=[39m[33mObject[39m[33m.
[39mdefineProperty[33m,[39mio
[33m=[39m[33mObject[39m[33
m.[39mgetOwnPropertyDescriptor
[33m,[39mno[33m=[39m(e[33m
,[39mo[33m,[39mr[33m,[39ma
)[33m=>[39m{[36mfor[39m([3
6mvar[39m t[33m=[39ma[33m>
[39m[35m1[39m[33m?[39m[36m
void[39m [35m0[39m[33m:[39
ma[33m?[39mio(o[33m,[39mr)
[33m:[39mo[33m,[39ml[33m=[
39me[33m.[39mlength[33m-[39
m[35m1[39m[33m,[39mi[33m;
[39ml[33m>=[39m[35m0[39m[3
3m;[39ml[33m--[39m)(i[33m=
[39me[l])[33m&&[39m(t[33m=[
39m(a[33m?[39mi(o[33m,[39mr
[33m,[39mt)[33m:[39mi(t))[
33m||[39mt)[33m;[39m[36mret
urn[39m a[33m&&[39mt[33m&&
[39mlo(o[33m,[39mr[33m,[39m
t)[33m,[39mt}[33m;[39m[36m
let[39m [33mQe[39m[33m=[39
m[36mclass[39m 
[36mextends[39m w{constructor
(){[36msuper[39m()[33m,[39m
[36mthis[39m[33m.[39munsubs
cribeTheme[33m=[39m[36mvoid
[39m [35m0[39m[33m,[39mh[3
3m.[39msetTheme()[33m,[39m[
36mthis[39m[33m.[39munsubscr
ibeTheme[33m=[39m[33mX[39m
[33m.[39msubscribe(h[33m.[39
msetTheme)}disconnectedCallback
(){[36mvar[39m e[33m;[39m(e
[33m=[39m[36mthis[39m[33m.
[39munsubscribeTheme)[33m==[
39m[36mnull[39m[33m||[39me
[33m.[39mcall([36mthis[39m)}
}[33m;[39m[33mQe[39m[33m=
[39mno([p([32m"wcm-theme-conte
xt"[39m)][33m,[39m[33mQe[3
9m)[33m;[39m[36mconst[39m 
co[33m=[39mg[32m`@keyframes 
scroll{0%{transform:translate3d
(0,0,0)}100%{transform:translat
e3d(calc(-70px * 9),0,0)}}.wcm-
slider{position:relative;overfl
ow-x:hidden;padding:10px 
0;margin:0 
-20px;width:calc(100% + 40px)}.
wcm-track{display:flex;width:ca
lc(70px * 18);animation:scroll 
20s linear 
infinite;opacity:.7}.wcm-track 
svg{margin:0 5px}wcm-wallet-ima
ge{width:60px;height:60px;margi
n:0 5px;border-radius:var(--wcm
-wallet-icon-border-radius)}.wc
m-grid{display:grid;grid-templa
te-columns:repeat(4,80px);justi
fy-content:space-between}.wcm-t
itle{display:flex;align-items:c
enter;margin-bottom:10px}.wcm-t
itle svg{margin-right:6px}.wcm-
title path{fill:var(--wcm-accen
t-color)}wcm-modal-footer 
.wcm-title{padding:0 10px}wcm-b
utton-big{position:absolute;top
:50%;left:50%;transform:transla
teY(-50%) translateX(-50%);filt
er:drop-shadow(0 0 17px var(--w
cm-color-bg-1))}wcm-info-footer
{flex-direction:column;align-it
ems:center;display:flex;width:1
00%;padding:5px 
0}wcm-info-footer wcm-text{text
-align:center;margin-bottom:15p
x}#wallet-placeholder-fill{fill
:var(--wcm-color-bg-3)}#wallet-
placeholder-dash{stroke:var(--w
cm-color-overlay)}`[39m[33m;
[39m[36mvar[39m so[33m=[39m
[33mObject[39m[33m.[39mdefi
neProperty[33m,[39mmo[33m=[
39m[33mObject[39m[33m.[39mg
etOwnPropertyDescriptor[33m,[
39mho[33m=[39m(e[33m,[39mo
[33m,[39mr[33m,[39ma)[33m=>
[39m{[36mfor[39m([36mvar[3
9m t[33m=[39ma[33m>[39m[35
m1[39m[33m?[39m[36mvoid[39
m [35m0[39m[33m:[39ma[33m?
[39mmo(o[33m,[39mr)[33m:[3
9mo[33m,[39ml[33m=[39me[33
m.[39mlength[33m-[39m[35m1
[39m[33m,[39mi[33m;[39ml[3
3m>=[39m[35m0[39m[33m;[39m
l[33m--[39m)(i[33m=[39me[l]
)[33m&&[39m(t[33m=[39m(a[3
3m?[39mi(o[33m,[39mr[33m,[
39mt)[33m:[39mi(t))[33m||[3
9mt)[33m;[39m[36mreturn[39m
 a[33m&&[39mt[33m&&[39mso(o
[33m,[39mr[33m,[39mt)[33m,
[39mt}[33m;[39m[36mlet[39m
 [33mIe[39m[33m=[39m[36mcl
ass[39m [36mextends[39m w{on
GoToQrcode(){x[33m.[39mpush(
[32m"Qrcode"[39m)}render(){[3
6mconst[39m{recomendedWallets
[33m:[39me}[33m=[39m[33mW[
39m[33m.[39mstate[33m,[39mo
[33m=[39m[[33m...[39me[33m
,[39m[33m...[39me][33m,[39
mr[33m=[39mm[33m.[39m[33mR
ECOMMENDED_WALLET_AMOUNT[39m[
33m*[39m[35m2[39m[33m;[39m
[36mreturn[39m 
n[32m`<wcm-modal-header 
title="Connect your wallet" .on
Action="${this.onGoToQrcode}" .
actionIcon="${v.QRCODE_ICON}"><
/wcm-modal-header><wcm-modal-co
ntent><div class="wcm-title">${
v.MOBILE_ICON}<wcm-text 
variant="small-regular" color="
accent">WalletConnect</wcm-text
></div><div 
class="wcm-slider"><div class="
wcm-track">${[...Array(r)].map(
(a,t)=>{const 
l=o[t%o.length];return 
l?n`<wcm-wallet-image 
walletId="${l.id}" imageId="${l
.image_id}"></wcm-wallet-image>
`:v.WALLET_PLACEHOLDER})}</div>
<wcm-button-big @click="${c.han
dleAndroidLinking}"><wcm-text 
variant="medium-regular" 
color="inverse">Select Wallet</
wcm-text></wcm-button-big></div
></wcm-modal-content><wcm-info-
footer><wcm-text 
color="secondary" 
variant="small-thin">Choose 
WalletConnect to see supported 
apps on your device</wcm-text><
/wcm-info-footer>`[39m}}[33m;
[39m[33mIe[39m[33m.[39msty
les[33m=[39m[h[33m.[39mglob
alCss[33m,[39mco][33m,[39m
[33mIe[39m[33m=[39mho([p([3
2m"wcm-android-wallet-selection
"[39m)][33m,[39m[33mIe[39m
)[33m;[39m[36mconst[39m 
wo[33m=[39mg[32m`@keyframes 
loading{to{stroke-dashoffset:0}
}@keyframes shake{10%,90%{trans
form:translate3d(-1px,0,0)}20%,
80%{transform:translate3d(1px,0
,0)}30%,50%,70%{transform:trans
late3d(-2px,0,0)}40%,60%{transf
orm:translate3d(2px,0,0)}}:host
{display:flex;flex-direction:co
lumn;align-items:center}div{pos
ition:relative;width:110px;heig
ht:110px;display:flex;justify-c
ontent:center;align-items:cente
r;margin:40px 0 20px 0;transfor
m:translate3d(0,0,0)}svg{positi
on:absolute;width:110px;height:
110px;fill:none;stroke:transpar
ent;stroke-linecap:round;stroke
-width:2px;top:0;left:0}use{str
oke:var(--wcm-accent-color);ani
mation:loading 1s linear infini
te}wcm-wallet-image{border-radi
us:var(--wcm-wallet-icon-large-
border-radius);width:90px;heigh
t:90px}wcm-text{margin-bottom:4
0px}.wcm-error svg{stroke:var(-
-wcm-error-color)}.wcm-error us
e{display:none}.wcm-error{anima
tion:shake .4s 
cubic-bezier(.36,.07,.19,.97) 
both}.wcm-stale svg,.wcm-stale 
use{display:none}`[39m[33m;[
39m[36mvar[39m po[33m=[39m
[33mObject[39m[33m.[39mdefin
eProperty[33m,[39mgo[33m=[3
9m[33mObject[39m[33m.[39mge
tOwnPropertyDescriptor[33m,[3
9m[33mK[39m[33m=[39m(e[33m
,[39mo[33m,[39mr[33m,[39ma
)[33m=>[39m{[36mfor[39m([3
6mvar[39m t[33m=[39ma[33m>
[39m[35m1[39m[33m?[39m[36m
void[39m [35m0[39m[33m:[39
ma[33m?[39mgo(o[33m,[39mr)
[33m:[39mo[33m,[39ml[33m=[
39me[33m.[39mlength[33m-[39
m[35m1[39m[33m,[39mi[33m;
[39ml[33m>=[39m[35m0[39m[3
3m;[39ml[33m--[39m)(i[33m=
[39me[l])[33m&&[39m(t[33m=[
39m(a[33m?[39mi(o[33m,[39mr
[33m,[39mt)[33m:[39mi(t))[
33m||[39mt)[33m;[39m[36mret
urn[39m a[33m&&[39mt[33m&&
[39mpo(o[33m,[39mr[33m,[39m
t)[33m,[39mt}[33m;[39m[36m
let[39m [33mD[39m[33m=[39m
[36mclass[39m 
[36mextends[39m w{constructor
(){[36msuper[39m([33m...[39
marguments)[33m,[39m[36mthis
[39m[33m.[39mwalletId[33m=
[39m[36mvoid[39m [35m0[39m
[33m,[39m[36mthis[39m[33m.
[39mimageId[33m=[39m[36mvoid
[39m [35m0[39m[33m,[39m[3
6mthis[39m[33m.[39misError[
33m=[39m[33m![39m[35m1[39m
[33m,[39m[36mthis[39m[33m.
[39misStale[33m=[39m[33m![
39m[35m1[39m[33m,[39m[36mt
his[39m[33m.[39mlabel[33m=
[39m[32m""[39m}svgLoaderTempl
ate(){[36mvar[39m e[33m,[39
mo[33m;[39m[36mconst[39m r
[33m=[39m(o[33m=[39m(e[33m=
[39m[33mX[39m[33m.[39mstat
e[33m.[39mthemeVariables)[33
m==[39m[36mnull[39m[33m?[3
9m[36mvoid[39m [35m0[39m[3
3m:[39me[[32m"--wcm-wallet-ic
on-large-border-radius"[39m])
[33m!=[39m[36mnull[39m[33m?
[39mo[33m:[39mh[33m.[39mge
tPreset([32m"--wcm-wallet-icon
-large-border-radius"[39m)[33
m;[39m[36mlet[39m a[33m=[3
9m[35m0[39m[33m;[39mr[33m.
[39mincludes([32m"%"[39m)[3
3m?[39ma[33m=[39m[35m88[39
m[35m/100*parseInt(r,10):a=par
seInt(r,10),a*=1.17;const t=317
-a*1.57,l=425-a*1.8;return 
n`<svg viewBox="0 0 110 110" 
width="110" height="110"><rect 
id="wcm-loader" x="2" y="2" 
width="106" height="106" rx="${
a}"/[39m[33m>[39m[33m<[39m
[33muse[39m xlink[33m:[39mh
ref[33m=[39m[32m"#wcm-loader
"[39m stroke[33m-[39mdasharr
ay[33m=[39m[32m"106 
${t}"[39m stroke[33m-[39mdas
hoffset[33m=[39m[32m"${l}"[
39m[33m>[39m[33m<[39m[33m/
[39m[33muse[39m[33m>[39m[
33m<[39m[33m/[39m[33msvg[3
9m[33m>[39m[32m`}render(){co
nst e={"wcm-error":this.isError
,"wcm-stale":this.isStale};retu
rn n`[39m[33m<[39m[33mdiv[
39m [36mclass[39m[33m=[39m
[32m"${P(e)}"[39m[33m>[39m${
[36mthis[39m[33m.[39msvgLoa
derTemplate()}[33m<[39m[33mw
cm[39m[33m-[39mwallet[33m-
[39mimage walletId[33m=[39m[
32m"${k(this.walletId)}"[39m i
mageId[33m=[39m[32m"${k(this
.imageId)}"[39m[33m>[39m[33
m<[39m[33m/[39m[33mwcm[39m
[33m-[39mwallet[33m-[39mima
ge[33m>[39m[33m<[39m[33m/
[39m[33mdiv[39m[33m>[39m[3
3m<[39m[33mwcm[39m[33m-[39
mtext variant[33m=[39m[32m"m
edium-regular"[39m color[33m=
[39m[32m"${this.isError?"[39
merror[32m":"[39mprimary[32m
"}"[39m[33m>[39m${[36mthis
[39m[33m.[39misError[33m?[3
9m[32m"Connection declined"[3
9m[33m:[39m[36mthis[39m[33
m.[39mlabel}[33m<[39m[33m/
[39m[33mwcm[39m[33m-[39mtex
t[33m>[39m[32m`}};D.styles=[
h.globalCss,wo],K([d()],D.proto
type,"walletId",2),K([d()],D.pr
ototype,"imageId",2),K([d({type
:Boolean})],D.prototype,"isErro
r",2),K([d({type:Boolean})],D.p
rototype,"isStale",2),K([d()],D
.prototype,"label",2),D=K([p("w
cm-connector-waiting")],D);cons
t G={manualWallets(){var e,o;co
nst{mobileWallets:r,desktopWall
ets:a}=z.state,t=(e=G.recentWal
let())==null?void 0:e.id,l=m.is
Mobile()?r:a,i=l?.filter(s=>t!=
=s.id);return(o=m.isMobile()?i?
.map(({id:s,name:$,links:f})=>(
{id:s,name:$,mobile:f,links:f})
):i?.map(({id:s,name:$,links:f}
)=>({id:s,name:$,desktop:f,link
s:f})))!=null?o:[]},recentWalle
t(){return c.getRecentWallet()}
,recomendedWallets(e=!1){var 
o;const r=e||(o=G.recentWallet(
))==null?void 0:o.id,{recomende
dWallets:a}=W.state;return a.fi
lter(t=>r!==t.id)}},Z={onConnec
ting(e){c.goToConnectingView(e)
},manualWalletsTemplate(){retur
n G.manualWallets().map(e=>n`[
39m[33m<[39m[33mwcm[39m[33
m-[39mwallet[33m-[39mbutton 
walletId[33m=[39m[32m"${e.id
}"[39m name[33m=[39m[32m"${
e.name}"[39m [33m.[39monClic
k[33m=[39m[32m"${()=>this.on
Connecting(e)}"[39m[33m>[39m
[33m<[39m[33m/[39m[33mwcm
[39m[33m-[39mwallet[33m-[39
mbutton[33m>[39m[32m`)},reco
mendedWalletsTemplate(e=!1){ret
urn G.recomendedWallets(e).map(
o=>n`[39m[33m<[39m[33mwcm[
39m[33m-[39mwallet[33m-[39m
button name[33m=[39m[32m"${o
.name}"[39m walletId[33m=[39
m[32m"${o.id}"[39m imageId[3
3m=[39m[32m"${o.image_id}"[3
9m [33m.[39monClick[33m=[39
m[32m"${()=>this.onConnecting(
o)}"[39m[33m>[39m[33m<[39m
[33m/[39m[33mwcm[39m[33m-
[39mwallet[33m-[39mbutton[33
m>[39m[32m`)},recentWalletTem
plate(){const 
e=G.recentWallet();if(e)return 
n`[39m[33m<[39m[33mwcm[39m
[33m-[39mwallet[33m-[39mbut
ton name[33m=[39m[32m"${e.na
me}"[39m walletId[33m=[39m[
32m"${e.id}"[39m imageId[33m=
[39m[32m"${k(e.image_id)}"[3
9m [33m.[39mrecent[33m=[39m
[32m"${!0}"[39m [33m.[39mon
Click[33m=[39m[32m"${()=>thi
s.onConnecting(e)}"[39m[33m>
[39m[33m<[39m[33m/[39m[33m
wcm[39m[33m-[39mwallet[33m-
[39mbutton[33m>[39m[32m`}},
vo=g`[39m[33m.[39mwcm[33m-
[39mgrid{display[33m:[39mgrid
[33m;[39mgrid[33m-[39mtempl
ate[33m-[39mcolumns[33m:[39
mrepeat([35m4[39m[33m,[39m
[35m80[39mpx)[33m;[39mjustif
y[33m-[39mcontent[33m:[39ms
pace[33m-[39mbetween}[33m.[
39mwcm[33m-[39mdesktop[33m-
[39mtitle[33m,[39m[33m.[39m
wcm[33m-[39mmobile[33m-[39m
title{display[33m:[39mflex[3
3m;[39malign[33m-[39mitems[
33m:[39mcenter}[33m.[39mwcm
[33m-[39mmobile[33m-[39mtitl
e{justify[33m-[39mcontent[33
m:[39mspace[33m-[39mbetween
[33m;[39mmargin[33m-[39mbott
om[33m:[39m[35m20[39mpx[33
m;[39mmargin[33m-[39mtop[33
m:[39m[33m-[39m[35m10[39mp
x}[33m.[39mwcm[33m-[39mdesk
top[33m-[39mtitle{margin[33m
-[39mbottom[33m:[39m[35m10
[39mpx[33m;[39mpadding[33m:
[39m[35m0[39m [35m10[39mpx}
[33m.[39mwcm[33m-[39msubtit
le{display[33m:[39mflex[33m;
[39malign[33m-[39mitems[33m
:[39mcenter}[33m.[39mwcm[33
m-[39msubtitle[33m:[39mlast
[33m-[39mchild path{fill[33m:
[39m[36mvar[39m([33m--[39m
wcm[33m-[39mcolor[33m-[39mf
g[33m-[39m[35m3[39m)}[33m.
[39mwcm[33m-[39mdesktop[33m
-[39mtitle svg[33m,[39m[33m
.[39mwcm[33m-[39mmobile[33m
-[39mtitle svg{margin[33m-[3
9mright[33m:[39m[35m6[39mpx
}[33m.[39mwcm[33m-[39mdeskt
op[33m-[39mtitle path[33m,[
39m[33m.[39mwcm[33m-[39mmob
ile[33m-[39mtitle path{fill[
33m:[39m[36mvar[39m([33m--
[39mwcm[33m-[39maccent[33m-
[39mcolor)}[32m`;var uo=Object
.defineProperty,bo=Object.getOw
nPropertyDescriptor,fo=(e,o,r,a
)=>{for(var t=a>1?void 0:a?bo(o
,r):o,l=e.length-1,i;l>=0;l--)(
i=e[l])&&(t=(a?i(o,r,t):i(t))||
t);return 
a&&t&&uo(o,r,t),t};let 
Ee=class extends w{render(){con
st{explorerExcludedWalletIds:e,
enableExplorer:o}=z.state,r=e!=
="ALL"&&o,a=Z.manualWalletsTemp
late(),t=Z.recomendedWalletsTem
plate();let l=[Z.recentWalletTe
mplate(),...a,...t];l=l.filter(
Boolean);const 
i=l.length>4||r;let s=[];i?s=l.
slice(0,3):s=l;const 
$=Boolean(s.length);return n`[
39m[33m<[39m[33mwcm[39m[33
m-[39mmodal[33m-[39mheader 
[33m.[39mborder[33m=[39m[32
m"${!0}"[39m 
title[33m=[39m[32m"Connect 
your wallet"[39m [33m.[39mon
Action[33m=[39m[32m"${c.hand
leUriCopy}"[39m [33m.[39mact
ionIcon[33m=[39m[32m"${v.COP
Y_ICON}"[39m[33m>[39m[33m<
[39m[33m/[39m[33mwcm[39m[3
3m-[39mmodal[33m-[39mheader
[33m>[39m[33m<[39m[33mwcm[
39m[33m-[39mmodal[33m-[39mc
ontent[33m>[39m[33m<[39m[3
3mdiv[39m [36mclass[39m[33m
=[39m[32m"wcm-mobile-title"[
39m[33m>[39m[33m<[39m[33md
iv[39m [36mclass[39m[33m=[
39m[32m"wcm-subtitle"[39m[33
m>[39m${v[33m.[39m[33mMOBIL
E_ICON[39m}[33m<[39m[33mwcm
[39m[33m-[39mtext variant[3
3m=[39m[32m"small-regular"[3
9m color[33m=[39m[32m"accent
"[39m[33m>[39m[33mMobile[3
9m[33m<[39m[33m/[39m[33mwc
m[39m[33m-[39mtext[33m>[39
m[33m<[39m[33m/[39m[33mdiv
[39m[33m>[39m[33m<[39m[33
mdiv[39m [36mclass[39m[33m=
[39m[32m"wcm-subtitle"[39m[
33m>[39m${v[33m.[39m[33mSCA
N_ICON[39m}[33m<[39m[33mwcm
[39m[33m-[39mtext variant[3
3m=[39m[32m"small-regular"[3
9m color[33m=[39m[32m"second
ary"[39m[33m>[39m[33mScan[
39m [36mwith[39m your wallet
[33m<[39m[33m/[39m[33mwcm[
39m[33m-[39mtext[33m>[39m[
33m<[39m[33m/[39m[33mdiv[3
9m[33m>[39m[33m<[39m[33m/
[39m[33mdiv[39m[33m>[39m[3
3m<[39m[33mwcm[39m[33m-[39
mwalletconnect[33m-[39mqr[33
m>[39m[33m<[39m[33m/[39m[
33mwcm[39m[33m-[39mwalletcon
nect[33m-[39mqr[33m>[39m[3
3m<[39m[33m/[39m[33mwcm[39
m[33m-[39mmodal[33m-[39mcon
tent[33m>[39m${$[33m?[39mn
[32m`<wcm-modal-footer><div cla
ss="wcm-desktop-title">${v.DESK
TOP_ICON}<wcm-text 
variant="small-regular" color="
accent">Desktop</wcm-text></div
><div class="wcm-grid">${s} ${i
?n`<wcm-view-all-wallets-button
></wcm-view-all-wallets-button>
`:null}</div></wcm-modal-footer
>`[39m[33m:[39m[36mnull[39
m}[32m`}};Ee.styles=[h.globalC
ss,vo],Ee=fo([p("wcm-desktop-wa
llet-selection")],Ee);const xo=
g`[39mdiv{background[33m-[39
mcolor[33m:[39m[36mvar[39m(
[33m--[39mwcm[33m-[39mcolor
[33m-[39mbg[33m-[39m[35m2
[39m)[33m;[39mpadding[33m:[
39m[35m10[39mpx 
[35m20[39mpx [35m15[39mpx 
[35m20[39mpx[33m;[39mborder
[33m-[39mtop[33m:[39m[35m1
[39mpx solid [36mvar[39m([33
m--[39mwcm[33m-[39mcolor[33
m-[39mbg[33m-[39m[35m3[39m
)[33m;[39mtext[33m-[39malig
n[33m:[39mcenter}a{color[33m
:[39m[36mvar[39m([33m--[39
mwcm[33m-[39maccent[33m-[39
mcolor)[33m;[39mtext[33m-[3
9mdecoration[33m:[39mnone[33
m;[39mtransition[33m:[39mopa
city [35m.2[39ms ease[33m-[
39m[36min[39m[33m-[39mout[
33m;[39mdisplay[33m:[39minli
ne}a[33m:[39mactive{opacity[
33m:[39m[35m.8[39m}[33m@[3
9mmedia(hover[33m:[39mhover){
a[33m:[39mhover{opacity[33m:
[39m[35m.8[39m}}[32m`;var y
o=Object.defineProperty,$o=Obje
ct.getOwnPropertyDescriptor,Co=
(e,o,r,a)=>{for(var t=a>1?void 
0:a?$o(o,r):o,l=e.length-1,i;l>
=0;l--)(i=e[l])&&(t=(a?i(o,r,t)
:i(t))||t);return 
a&&t&&yo(o,r,t),t};let 
Me=class extends w{render(){con
st{termsOfServiceUrl:e,privacyP
olicyUrl:o}=z.state;return e??o
?n`[39m[33m<[39m[33mdiv[39
m[33m>[39m[33m<[39m[33mwcm
[39m[33m-[39mtext variant[3
3m=[39m[32m"small-regular"[3
9m color[33m=[39m[32m"second
ary"[39m[33m>[39m[33mBy[39
m connecting your wallet to 
[36mthis[39m app[33m,[39m 
you agree to the app[32m's 
${e?n`<a href="${e}" 
target="_blank" rel="noopener 
noreferrer">Terms of 
Service</a>`:null} 
${e&&o?"and":null} ${o?n`<a 
href="${o}" target="_blank" 
rel="noopener 
noreferrer">Privacy Policy</a>`
:null}</wcm-text></div>`:null}}
;Me.styles=[h.globalCss,xo],Me=
Co([p("wcm-legal-notice")],Me);
const ko=g`div{display:grid;gri
d-template-columns:repeat(4,80p
x);margin:0 -10px;justify-conte
nt:space-between;row-gap:10px}`
;var Oo=Object.defineProperty,W
o=Object.getOwnPropertyDescript
or,Io=(e,o,r,a)=>{for(var 
t=a>1?void 0:a?Wo(o,r):o,l=e.le
ngth-1,i;l>=0;l--)(i=e[l])&&(t=
(a?i(o,r,t):i(t))||t);return 
a&&t&&Oo(o,r,t),t};let 
Le=class extends w{onQrcode(){x
.push("Qrcode")}render(){const{
explorerExcludedWalletIds:e,ena
bleExplorer:o}=z.state,r=e!=="A
LL"&&o,a=Z.manualWalletsTemplat
e(),t=Z.recomendedWalletsTempla
te();let l=[Z.recentWalletTempl
ate(),...a,...t];l=l.filter(Boo
lean);const 
i=l.length>8||r;let s=[];i?s=l.
slice(0,7):s=l;const 
$=Boolean(s.length);return 
n`<wcm-modal-header 
title="Connect your wallet" 
.onAction="${this.onQrcode}" .a
ctionIcon="${v.QRCODE_ICON}"></
wcm-modal-header>${$?n`<wcm-mod
al-content><div>${s} ${i?n`<wcm
-view-all-wallets-button></wcm-
view-all-wallets-button>`:null}
</div></wcm-modal-content>`:nul
l}`}};Le.styles=[h.globalCss,ko
],Le=Io([p("wcm-mobile-wallet-s
election")],Le);const Eo=g`:hos
t{all:initial}.wcm-overlay{top:
0;bottom:0;left:0;right:0;posit
ion:fixed;z-index:var(--wcm-z-i
ndex);overflow:hidden;display:f
lex;justify-content:center;alig
n-items:center;opacity:0;pointe
r-events:none;background-color:
var(--wcm-overlay-background-co
lor);backdrop-filter:var(--wcm-
overlay-backdrop-filter)}@media
(max-height:720px) and (orienta
tion:landscape){.wcm-overlay{ov
erflow:scroll;align-items:flex-
start;padding:20px 0}}.wcm-acti
ve{pointer-events:auto}.wcm-con
tainer{position:relative;max-wi
dth:360px;width:100%;outline:0;
border-radius:var(--wcm-backgro
und-border-radius) var(--wcm-ba
ckground-border-radius) var(--w
cm-container-border-radius) var
(--wcm-container-border-radius)
;border:1px solid var(--wcm-col
or-overlay);overflow:hidden}.wc
m-card{width:100%;position:rela
tive;border-radius:var(--wcm-co
ntainer-border-radius);overflow
:hidden;box-shadow:0 6px 14px 
-6px rgba(10,16,31,.12),0 10px 
32px -4px rgba(10,16,31,.1),0 
0 0 1px var(--wcm-color-overlay
);background-color:var(--wcm-co
lor-bg-1);color:var(--wcm-color
-fg-1)}@media(max-width:600px){
.wcm-container{max-width:440px;
border-radius:var(--wcm-backgro
und-border-radius) var(--wcm-ba
ckground-border-radius) 0 0}.wc
m-card{border-radius:var(--wcm-
container-border-radius) var(--
wcm-container-border-radius) 0 
0}.wcm-overlay{align-items:flex
-end}}@media(max-width:440px){.
wcm-container{border:0}}`;var M
o=Object.defineProperty,Lo=Obje
ct.getOwnPropertyDescriptor,Re=
(e,o,r,a)=>{for(var t=a>1?void 
0:a?Lo(o,r):o,l=e.length-1,i;l>
=0;l--)(i=e[l])&&(t=(a?i(o,r,t)
:i(t))||t);return 
a&&t&&Mo(o,r,t),t};let 
ae=class extends w{constructor(
){super(),this.open=!1,this.act
ive=!1,this.unsubscribeModal=vo
id 0,this.abortController=void 
0,this.unsubscribeModal=ge.subs
cribe(e=>{e.open?this.onOpenMod
alEvent():this.onCloseModalEven
t()})}disconnectedCallback(){va
r e;(e=this.unsubscribeModal)==
null||e.call(this)}get 
overlayEl(){return c.getShadowR
ootElement(this,".wcm-overlay")
}get containerEl(){return c.get
ShadowRootElement(this,".wcm-co
ntainer")}toggleBodyScroll(e){i
f(document.querySelector("body"
))if(e){const o=document.getEle
mentById("wcm-styles");o?.remov
e()}else document.head.insertAd
jacentHTML("beforeend",'[39m[
33m<[39m[33mstyle[39m id[33
m=[39m[32m"wcm-styles"[39m[
33m>[39mhtml[33m,[39mbody{to
uch[33m-[39maction[33m:[39m
none[33m;[39moverflow[33m:[
39mhidden[33m;[39moverscroll
[33m-[39mbehavior[33m:[39mco
ntain[33m;[39m}[33m<[39m[3
3m/[39m[33mstyle[39m[33m>[
39m[32m')}onCloseModal(e){e.ta
rget===e.currentTarget&&ge.clos
e()}onOpenModalEvent(){this.tog
gleBodyScroll(!1),this.addKeybo
ardEvents(),this.open=!0,setTim
eout(async()=>{const e=c.isMobi
leAnimation()?{y:["50vh","0vh"]
}:{scale:[.98,1]},o=.1,r=.2;awa
it Promise.all([H(this.overlayE
l,{opacity:[0,1]},{delay:o,dura
tion:r}).finished,H(this.contai
nerEl,e,{delay:o,duration:r}).f
inished]),this.active=!0},0)}as
ync onCloseModalEvent(){this.to
ggleBodyScroll(!0),this.removeK
eyboardEvents();const e=c.isMob
ileAnimation()?{y:["0vh","50vh"
]}:{scale:[1,.98]},o=.2;await P
romise.all([H(this.overlayEl,{o
pacity:[1,0]},{duration:o}).fin
ished,H(this.containerEl,e,{dur
ation:o}).finished]),this.conta
inerEl.removeAttribute("style")
,this.active=!1,this.open=!1}ad
dKeyboardEvents(){this.abortCon
troller=new AbortController,win
dow.addEventListener("keydown",
e=>{var o;e.key==="Escape"?ge.c
lose():e.key==="Tab"&&((o=e.tar
get)!=null&&o.tagName.includes(
"wcm-")||this.containerEl.focus
())},this.abortController),this
.containerEl.focus()}removeKeyb
oardEvents(){var e;(e=this.abor
tController)==null||e.abort(),t
his.abortController=void 
0}render(){const e={"wcm-overla
y":!0,"wcm-active":this.active}
;return n`<wcm-explorer-context
></wcm-explorer-context><wcm-th
eme-context></wcm-theme-context
><div id="wcm-modal" 
class="${P(e)}" 
@click="${this.onCloseModal}" 
role="alertdialog" 
aria-modal="true"><div 
class="wcm-container" tabindex=
"0">${this.open?n`<wcm-modal-ba
ckcard></wcm-modal-backcard><di
v class="wcm-card"><wcm-modal-r
outer></wcm-modal-router><wcm-m
odal-toast></wcm-modal-toast></
div>`:null}</div></div>`}};ae.s
tyles=[h.globalCss,Eo],Re([I()]
,ae.prototype,"open",2),Re([I()
],ae.prototype,"active",2),ae=R
e([p("wcm-modal")],ae);const Ro
=g`div{display:flex;margin-top:
15px}slot{display:inline-block;
margin:0 
5px}wcm-button{margin:0 
5px}`;var Ao=Object.definePrope
rty,Po=Object.getOwnPropertyDes
criptor,le=(e,o,r,a)=>{for(var 
t=a>1?void 0:a?Po(o,r):o,l=e.le
ngth-1,i;l>=0;l--)(i=e[l])&&(t=
(a?i(o,r,t):i(t))||t);return 
a&&t&&Ao(o,r,t),t};let B=class 
extends w{constructor(){super(.
..arguments),this.isMobile=!1,t
his.isDesktop=!1,this.isWeb=!1,
this.isRetry=!1}onMobile(){m.is
Mobile()?x.replace("MobileConne
cting"):x.replace("MobileQrcode
Connecting")}onDesktop(){x.repl
ace("DesktopConnecting")}onWeb(
){x.replace("WebConnecting")}re
nder(){return n`<div>${this.isR
etry?n`<slot></slot>`:null} 
${this.isMobile?n`<wcm-button 
.onClick="${this.onMobile}" 
.iconLeft="${v.MOBILE_ICON}" va
riant="outline">Mobile</wcm-but
ton>`:null} 
${this.isDesktop?n`<wcm-button 
.onClick="${this.onDesktop}" 
.iconLeft="${v.DESKTOP_ICON}" v
ariant="outline">Desktop</wcm-b
utton>`:null} 
${this.isWeb?n`<wcm-button 
.onClick="${this.onWeb}" 
.iconLeft="${v.GLOBE_ICON}" var
iant="outline">Web</wcm-button>
`:null}</div>`}};B.styles=[h.gl
obalCss,Ro],le([d({type:Boolean
})],B.prototype,"isMobile",2),l
e([d({type:Boolean})],B.prototy
pe,"isDesktop",2),le([d({type:B
oolean})],B.prototype,"isWeb",2
),le([d({type:Boolean})],B.prot
otype,"isRetry",2),B=le([p("wcm
-platform-selection")],B);const
 To=g`button{display:flex;flex-
direction:column;padding:5px 10
px;border-radius:var(--wcm-butt
on-hover-highlight-border-radiu
s);height:100%;justify-content:
flex-start}.wcm-icons{width:60p
x;height:60px;display:flex;flex
-wrap:wrap;padding:7px;border-r
adius:var(--wcm-wallet-icon-bor
der-radius);justify-content:spa
ce-between;align-items:center;m
argin-bottom:5px;background-col
or:var(--wcm-color-bg-2);box-sh
adow:inset 0 0 0 1px var(--wcm-
color-overlay)}button:active{ba
ckground-color:var(--wcm-color-
overlay)}@media(hover:hover){bu
tton:hover{background-color:var
(--wcm-color-overlay)}}.wcm-ico
ns img{width:21px;height:21px;o
bject-fit:cover;object-position
:center;border-radius:calc(var(
--wcm-wallet-icon-border-radius
)/ 2);border:1px solid var(--wc
m-color-overlay)}.wcm-icons svg
{width:21px;height:21px}.wcm-ic
ons 
img:nth-child(1),.wcm-icons 
img:nth-child(2),.wcm-icons 
svg:nth-child(1),.wcm-icons svg
:nth-child(2){margin-bottom:4px
}wcm-text{width:100%;text-align
:center}#wallet-placeholder-fil
l{fill:var(--wcm-color-bg-3)}#w
allet-placeholder-dash{stroke:v
ar(--wcm-color-overlay)}`;var j
o=Object.defineProperty,_o=Obje
ct.getOwnPropertyDescriptor,Do=
(e,o,r,a)=>{for(var t=a>1?void 
0:a?_o(o,r):o,l=e.length-1,i;l>
=0;l--)(i=e[l])&&(t=(a?i(o,r,t)
:i(t))||t);return 
a&&t&&jo(o,r,t),t};let 
Ae=class extends w{onClick(){x.
push("WalletExplorer")}render()
{const{recomendedWallets:e}=W.s
tate,o=G.manualWallets(),r=[...
e,...o].reverse().slice(0,4);re
turn n`<button 
@click="${this.onClick}"><div c
lass="wcm-icons">${r.map(a=>{co
nst t=c.getWalletIcon(a);if(t)r
eturn n`<img 
crossorigin="anonymous" 
src="${t}">`;const l=c.getWalle
tIcon({id:a.id});return 
l?n`<img 
crossorigin="anonymous" src="${
l}">`:v.WALLET_PLACEHOLDER})} $
{[...Array(4-r.length)].map(()=
>v.WALLET_PLACEHOLDER)}</div><w
cm-text 
variant="xsmall-regular">View A
ll</wcm-text></button>`}};Ae.st
yles=[h.globalCss,To],Ae=Do([p(
"wcm-view-all-wallets-button")]
,Ae);const No=g`.wcm-qr-contain
er{width:100%;display:flex;just
ify-content:center;align-items:
center;aspect-ratio:1/1}`;var Z
o=Object.defineProperty,So=Obje
ct.getOwnPropertyDescriptor,de=
(e,o,r,a)=>{for(var t=a>1?void 
0:a?So(o,r):o,l=e.length-1,i;l>
=0;l--)(i=e[l])&&(t=(a?i(o,r,t)
:i(t))||t);return 
a&&t&&Zo(o,r,t),t};let Y=class 
extends w{constructor(){super()
,this.walletId="",this.imageId=
"",this.uri="",setTimeout(()=>{
const{walletConnectUri:e}=R.sta
te;this.uri=e},0)}get 
overlayEl(){return c.getShadowR
ootElement(this,".wcm-qr-contai
ner")}render(){return n`<div cl
ass="wcm-qr-container">${this.u
ri?n`<wcm-qrcode size="${this.o
verlayEl.offsetWidth}" 
uri="${this.uri}" 
walletId="${k(this.walletId)}" 
imageId="${k(this.imageId)}"></
wcm-qrcode>`:n`<wcm-spinner></w
cm-spinner>`}</div>`}};Y.styles
=[h.globalCss,No],de([d()],Y.pr
ototype,"walletId",2),de([d()],
Y.prototype,"imageId",2),de([I(
)],Y.prototype,"uri",2),Y=de([p
("wcm-walletconnect-qr")],Y);va
r Bo=Object.defineProperty,Uo=O
bject.getOwnPropertyDescriptor,
Ho=(e,o,r,a)=>{for(var 
t=a>1?void 0:a?Uo(o,r):o,l=e.le
ngth-1,i;l>=0;l--)(i=e[l])&&(t=
(a?i(o,r,t):i(t))||t);return 
a&&t&&Bo(o,r,t),t};let 
Pe=class extends 
w{viewTemplate(){return m.isAnd
roid()?n`<wcm-android-wallet-se
lection></wcm-android-wallet-se
lection>`:m.isMobile()?n`<wcm-m
obile-wallet-selection></wcm-mo
bile-wallet-selection>`:n`<wcm-
desktop-wallet-selection></wcm-
desktop-wallet-selection>`}rend
er(){return n`${this.viewTempla
te()}<wcm-legal-notice></wcm-le
gal-notice>`}};Pe.styles=[h.glo
balCss],Pe=Ho([p("wcm-connect-w
allet-view")],Pe);const zo=g`wc
m-info-footer{flex-direction:co
lumn;align-items:center;display
:flex;width:100%;padding:5px 0}
wcm-text{text-align:center}`;va
r Vo=Object.defineProperty,Fo=O
bject.getOwnPropertyDescriptor,
Ke=(e,o,r,a)=>{for(var 
t=a>1?void 0:a?Fo(o,r):o,l=e.le
ngth-1,i;l>=0;l--)(i=e[l])&&(t=
(a?i(o,r,t):i(t))||t);return 
a&&t&&Vo(o,r,t),t};let 
me=class extends w{constructor(
){super(),this.isError=!1,this.
openDesktopApp()}onFormatAndRed
irect(e){const{desktop:o,name:r
}=m.getWalletRouterData(),a=o?.
native;if(a){const t=m.formatNa
tiveUrl(a,e,r);m.openHref(t,"_s
elf")}}openDesktopApp(){const{w
alletConnectUri:e}=R.state,o=m.
getWalletRouterData();c.setRece
ntWallet(o),e&&this.onFormatAnd
Redirect(e)}render(){const{name
:e,id:o,image_id:r}=m.getWallet
RouterData(),{isMobile:a,isWeb:
t}=c.getCachedRouterWalletPlatf
orms();return 
n`<wcm-modal-header 
title="${e}" 
.onAction="${c.handleUriCopy}" 
.actionIcon="${v.COPY_ICON}"></
wcm-modal-header><wcm-modal-con
tent><wcm-connector-waiting 
walletId="${o}" 
imageId="${k(r)}" 
label="${`Continue in 
${e}...`}" .isError="${this.isE
rror}"></wcm-connector-waiting>
</wcm-modal-content><wcm-info-f
ooter><wcm-text 
color="secondary" variant="smal
l-thin">${`Connection can 
continue loading if ${e} is 
not installed on your device`}<
/wcm-text><wcm-platform-selecti
on .isMobile="${a}" 
.isWeb="${t}" 
.isRetry="${!0}"><wcm-button .o
nClick="${this.openDesktopApp.b
ind(this)}" .iconRight="${v.RET
RY_ICON}">Retry</wcm-button></w
cm-platform-selection></wcm-inf
o-footer>`}};me.styles=[h.globa
lCss,zo],Ke([I()],me.prototype,
"isError",2),me=Ke([p("wcm-desk
top-connecting-view")],me);cons
t qo=g`wcm-info-footer{flex-dir
ection:column;align-items:cente
r;display:flex;width:100%;paddi
ng:5px 0}wcm-text{text-align:ce
nter}wcm-button{margin-top:15px
}`;var Qo=Object.defineProperty
,Ko=Object.getOwnPropertyDescri
ptor,Yo=(e,o,r,a)=>{for(var 
t=a>1?void 0:a?Ko(o,r):o,l=e.le
ngth-1,i;l>=0;l--)(i=e[l])&&(t=
(a?i(o,r,t):i(t))||t);return 
a&&t&&Qo(o,r,t),t};let 
Te=class extends w{onInstall(e)
{e&&m.openHref(e,"_blank")}rend
er(){const{name:e,id:o,image_id
:r,homepage:a}=m.getWalletRoute
rData();return 
n`<wcm-modal-header title="${e}
"></wcm-modal-header><wcm-modal
-content><wcm-connector-waiting
 walletId="${o}" 
imageId="${k(r)}" label="Not 
Detected" .isStale="${!0}"></wc
m-connector-waiting></wcm-modal
-content><wcm-info-footer><wcm-
text color="secondary" variant=
"small-thin">${`Download ${e} 
to continue. If multiple 
browser extensions are 
installed, disable non ${e} 
ones and try 
again`}</wcm-text><wcm-button .
onClick="${()=>this.onInstall(a
)}" .iconLeft="${v.ARROW_DOWN_I
CON}">Download</wcm-button></wc
m-info-footer>`}};Te.styles=[h.
globalCss,qo],Te=Yo([p("wcm-ins
tall-wallet-view")],Te);const G
o=g`wcm-wallet-image{border-rad
ius:var(--wcm-wallet-icon-large
-border-radius);width:96px;heig
ht:96px;margin-bottom:20px}wcm-
info-footer{display:flex;width:
100%}.wcm-app-store{justify-con
tent:space-between}.wcm-app-sto
re wcm-wallet-image{margin-righ
t:10px;margin-bottom:0;width:28
px;height:28px;border-radius:va
r(--wcm-wallet-icon-small-borde
r-radius)}.wcm-app-store div{di
splay:flex;align-items:center}.
wcm-app-store wcm-button{margin
-right:-10px}.wcm-note{flex-dir
ection:column;align-items:cente
r;padding:5px 0}.wcm-note wcm-t
ext{text-align:center}wcm-platf
orm-selection{margin-top:-15px}
.wcm-note wcm-text{margin-top:1
5px}.wcm-note wcm-text span{col
or:var(--wcm-accent-color)}`;va
r Xo=Object.defineProperty,Jo=O
bject.getOwnPropertyDescriptor,
Ye=(e,o,r,a)=>{for(var 
t=a>1?void 0:a?Jo(o,r):o,l=e.le
ngth-1,i;l>=0;l--)(i=e[l])&&(t=
(a?i(o,r,t):i(t))||t);return 
a&&t&&Xo(o,r,t),t};let 
he=class extends w{constructor(
){super(),this.isError=!1,this.
openMobileApp()}onFormatAndRedi
rect(e,o=!1){const{mobile:r,nam
e:a}=m.getWalletRouterData(),t=
r?.native,l=r?.universal;if(t&&
!o){const i=m.formatNativeUrl(t
,e,a);m.openHref(i,"_self")}els
e if(l){const i=m.formatUnivers
alUrl(l,e,a);m.openHref(i,"_sel
f")}}openMobileApp(e=!1){const{
walletConnectUri:o}=R.state,r=m
.getWalletRouterData();c.setRec
entWallet(r),o&&this.onFormatAn
dRedirect(o,e)}onGoToAppStore(e
){e&&m.openHref(e,"_blank")}ren
der(){const{name:e,id:o,image_i
d:r,app:a,mobile:t}=m.getWallet
RouterData(),{isWeb:l}=c.getCac
hedRouterWalletPlatforms(),i=a?
.ios,s=t?.universal;return 
n`<wcm-modal-header title="${e}
"></wcm-modal-header><wcm-modal
-content><wcm-connector-waiting
 walletId="${o}" 
imageId="${k(r)}" label="Tap 
'[39m[33mOpen[39m[32m' to 
continueΓÇª" .isError="${this.i
sError}"></wcm-connector-waitin
g></wcm-modal-content><wcm-info
-footer class="wcm-note"><wcm-p
latform-selection 
.isWeb="${l}" 
.isRetry="${!0}"><wcm-button .o
nClick="${()=>this.openMobileAp
p(!1)}" .iconRight="${v.RETRY_I
CON}">Retry</wcm-button></wcm-p
latform-selection>${s?n`<wcm-te
xt color="secondary" 
variant="small-thin">Still 
doesn'[39mt work[33m?[39m 
[33m<[39m[33mspan[39m tabin
dex[33m=[39m[32m"0"[39m [3
3m@[39mclick[33m=[39m[32m"$
{()=>this.openMobileApp(!0)}"[
39m[33m>[39m[33mTry[39m 
[36mthis[39m alternate link[
33m<[39m[33m/[39m[33mspan[
39m[33m>[39m[33m<[39m[33m/
[39m[33mwcm[39m[33m-[39mte
xt[33m>[39m[32m`:null}</wcm-
info-footer><wcm-info-footer cl
ass="wcm-app-store"><div><wcm-w
allet-image walletId="${o}" ima
geId="${k(r)}"></wcm-wallet-ima
ge><wcm-text>${`Get ${e}`}</wcm
-text></div><wcm-button .iconRi
ght="${v.ARROW_RIGHT_ICON}" .on
Click="${()=>this.onGoToAppStor
e(i)}" variant="ghost">App Stor
e</wcm-button></wcm-info-footer
>`[39m}}[33m;[39mhe[33m.[3
9mstyles[33m=[39m[h[33m.[39
mglobalCss[33m,[39m[33mGo[3
9m][33m,[39m[33mYe[39m([[3
3mI[39m()][33m,[39mhe[33m.
[39mprototype[33m,[39m[32m"i
sError"[39m[33m,[39m[35m2[
39m)[33m,[39mhe[33m=[39m[3
3mYe[39m([p([32m"wcm-mobile-c
onnecting-view"[39m)][33m,[3
9mhe)[33m;[39m[36mconst[39m
 er[33m=[39mg[32m`wcm-info-f
ooter{flex-direction:column;ali
gn-items:center;display:flex;wi
dth:100%;padding:5px 0}wcm-text
{text-align:center}`[39m[33m;
[39m[36mvar[39m tr[33m=[39
m[33mObject[39m[33m.[39mdef
ineProperty[33m,[39mor[33m=
[39m[33mObject[39m[33m.[39m
getOwnPropertyDescriptor[33m,
[39mrr[33m=[39m(e[33m,[39mo
[33m,[39mr[33m,[39ma)[33m=
>[39m{[36mfor[39m([36mvar[
39m t[33m=[39ma[33m>[39m[3
5m1[39m[33m?[39m[36mvoid[3
9m [35m0[39m[33m:[39ma[33m
?[39mor(o[33m,[39mr)[33m:[
39mo[33m,[39ml[33m=[39me[3
3m.[39mlength[33m-[39m[35m1
[39m[33m,[39mi[33m;[39ml[
33m>=[39m[35m0[39m[33m;[39
ml[33m--[39m)(i[33m=[39me[l
])[33m&&[39m(t[33m=[39m(a[
33m?[39mi(o[33m,[39mr[33m,
[39mt)[33m:[39mi(t))[33m||[
39mt)[33m;[39m[36mreturn[39
m a[33m&&[39mt[33m&&[39mtr(
o[33m,[39mr[33m,[39mt)[33m
,[39mt}[33m;[39m[36mlet[39
m je[33m=[39m[36mclass[39m 
[36mextends[39m w{render(){[
36mconst[39m{name[33m:[39me
[33m,[39mid[33m:[39mo[33m,
[39mimage_id[33m:[39mr}[33m=
[39mm[33m.[39mgetWalletRoute
rData()[33m,[39m{isDesktop[3
3m:[39ma[33m,[39misWeb[33m:
[39mt}[33m=[39mc[33m.[39mg
etCachedRouterWalletPlatforms()
[33m;[39m[36mreturn[39m 
n[32m`<wcm-modal-header 
title="${e}" 
.onAction="${c.handleUriCopy}" 
.actionIcon="${v.COPY_ICON}"></
wcm-modal-header><wcm-modal-con
tent><wcm-walletconnect-qr 
walletId="${o}" imageId="${k(r)
}"></wcm-walletconnect-qr></wcm
-modal-content><wcm-info-footer
><wcm-text color="secondary" 
variant="small-thin">${`Scan 
this QR Code with your phone's 
camera or inside ${e} app`}</wc
m-text><wcm-platform-selection 
.isDesktop="${a}" .isWeb="${t}"
></wcm-platform-selection></wcm
-info-footer>`[39m}}[33m;[39
mje[33m.[39mstyles[33m=[39m
[h[33m.[39mglobalCss[33m,[3
9mer][33m,[39mje[33m=[39mrr
([p([32m"wcm-mobile-qr-connect
ing-view"[39m)][33m,[39mje)
[33m;[39m[36mvar[39m ar[33m
=[39m[33mObject[39m[33m.[3
9mdefineProperty[33m,[39mlr[
33m=[39m[33mObject[39m[33m.
[39mgetOwnPropertyDescriptor[
33m,[39mir[33m=[39m(e[33m,
[39mo[33m,[39mr[33m,[39ma)
[33m=>[39m{[36mfor[39m([36m
var[39m t[33m=[39ma[33m>[3
9m[35m1[39m[33m?[39m[36mvo
id[39m [35m0[39m[33m:[39ma
[33m?[39mlr(o[33m,[39mr)[3
3m:[39mo[33m,[39ml[33m=[39
me[33m.[39mlength[33m-[39m
[35m1[39m[33m,[39mi[33m;[3
9ml[33m>=[39m[35m0[39m[33m
;[39ml[33m--[39m)(i[33m=[3
9me[l])[33m&&[39m(t[33m=[39
m(a[33m?[39mi(o[33m,[39mr[
33m,[39mt)[33m:[39mi(t))[33
m||[39mt)[33m;[39m[36mretur
n[39m a[33m&&[39mt[33m&&[3
9mar(o[33m,[39mr[33m,[39mt)
[33m,[39mt}[33m;[39m[36mle
t[39m 
_e[33m=[39m[36mclass[39m 
[36mextends[39m 
w{render(){[36mreturn[39m 
n[32m`<wcm-modal-header 
title="Scan the code" 
.onAction="${c.handleUriCopy}" 
.actionIcon="${v.COPY_ICON}"></
wcm-modal-header><wcm-modal-con
tent><wcm-walletconnect-qr></wc
m-walletconnect-qr></wcm-modal-
content>`[39m}}[33m;[39m_e[
33m.[39mstyles[33m=[39m[h[3
3m.[39mglobalCss][33m,[39m_e
[33m=[39mir([p([32m"wcm-qrco
de-view"[39m)][33m,[39m_e)[
33m;[39m[36mconst[39m nr[33
m=[39mg[32m`wcm-modal-content
{height:clamp(200px,60vh,600px)
;display:block;overflow:scroll;
scrollbar-width:none;position:r
elative;margin-top:1px}.wcm-gri
d{display:grid;grid-template-co
lumns:repeat(4,80px);justify-co
ntent:space-between;margin:-15p
x -10px;padding-top:20px}wcm-mo
dal-content::after,wcm-modal-co
ntent::before{content:'';positi
on:fixed;pointer-events:none;z-
index:1;width:100%;height:20px;
opacity:1}wcm-modal-content::be
fore{box-shadow:0 -1px 0 0 var(
--wcm-color-bg-1);background:li
near-gradient(var(--wcm-color-b
g-1),rgba(255,255,255,0))}wcm-m
odal-content::after{box-shadow:
0 1px 0 0 var(--wcm-color-bg-1)
;background:linear-gradient(rgb
a(255,255,255,0),var(--wcm-colo
r-bg-1));top:calc(100% - 20px)}
wcm-modal-content::-webkit-scro
llbar{display:none}.wcm-placeho
lder-block{display:flex;justify
-content:center;align-items:cen
ter;height:100px;overflow:hidde
n}.wcm-empty,.wcm-loading{displ
ay:flex}.wcm-loading .wcm-place
holder-block{height:100%}.wcm-e
nd-reached .wcm-placeholder-blo
ck{height:0;opacity:0}.wcm-empt
y .wcm-placeholder-block{opacit
y:1;height:100%}wcm-wallet-butt
on{margin:calc((100% - 60px)/ 
3) 0}`[39m[33m;[39m[36mvar
[39m cr[33m=[39m[33mObject[
39m[33m.[39mdefineProperty[3
3m,[39msr[33m=[39m[33mObjec
t[39m[33m.[39mgetOwnProperty
Descriptor[33m,[39mie[33m=[
39m(e[33m,[39mo[33m,[39mr[
33m,[39ma)[33m=>[39m{[36mfo
r[39m([36mvar[39m t[33m=[3
9ma[33m>[39m[35m1[39m[33m?
[39m[36mvoid[39m [35m0[39m
[33m:[39ma[33m?[39msr(o[33
m,[39mr)[33m:[39mo[33m,[39
ml[33m=[39me[33m.[39mlength
[33m-[39m[35m1[39m[33m,[3
9mi[33m;[39ml[33m>=[39m[35
m0[39m[33m;[39ml[33m--[39m
)(i[33m=[39me[l])[33m&&[39m
(t[33m=[39m(a[33m?[39mi(o[
33m,[39mr[33m,[39mt)[33m:[
39mi(t))[33m||[39mt)[33m;[3
9m[36mreturn[39m a[33m&&[39
mt[33m&&[39mcr(o[33m,[39mr
[33m,[39mt)[33m,[39mt}[33m;
[39m[36mconst[39m [33mDe[3
9m[33m=[39m[35m40[39m[33m;
[39m[36mlet[39m [33mU[39m
[33m=[39m[36mclass[39m 
[36mextends[39m w{constructor
(){[36msuper[39m([33m...[39
marguments)[33m,[39m[36mthis
[39m[33m.[39mloading[33m=[
39m[33m![39m[33mW[39m[33m.
[39mstate[33m.[39mwallets[3
3m.[39mlistings[33m.[39mleng
th[33m,[39m[36mthis[39m[33
m.[39mfirstFetch[33m=[39m[3
3m![39m[33mW[39m[33m.[39ms
tate[33m.[39mwallets[33m.[3
9mlistings[33m.[39mlength[33
m,[39m[36mthis[39m[33m.[39
msearch[33m=[39m[32m""[39m
[33m,[39m[36mthis[39m[33m.
[39mendReached[33m=[39m[33m!
[39m[35m1[39m[33m,[39m[36
mthis[39m[33m.[39mintersecti
onObserver[33m=[39m[36mvoid
[39m [35m0[39m[33m,[39m[36
mthis[39m[33m.[39msearchDebo
unce[33m=[39mc[33m.[39mdebo
unce(e[33m=>[39m{e[33m.[39m
length[33m>=[39m[35m1[39m[
33m?[39m([36mthis[39m[33m.
[39mfirstFetch[33m=[39m[33m!
[39m[35m0[39m[33m,[39m[36
mthis[39m[33m.[39mendReached
[33m=[39m[33m![39m[35m1[3
9m[33m,[39m[36mthis[39m[33
m.[39msearch[33m=[39me[33m,
[39m[33mW[39m[33m.[39mrese
tSearch()[33m,[39m[36mthis[
39m[33m.[39mfetchWallets())[
33m:[39m[36mthis[39m[33m.[
39msearch[33m&&[39m([36mthis
[39m[33m.[39msearch[33m=[3
9m[32m""[39m[33m,[39m[36mt
his[39m[33m.[39mendReached[
33m=[39m[36mthis[39m[33m.[
39misLastPage()[33m,[39m[33m
W[39m[33m.[39mresetSearch())
})}firstUpdated(){[36mthis[39
m[33m.[39mcreatePaginationObs
erver()}disconnectedCallback(){
[36mvar[39m e[33m;[39m(e[3
3m=[39m[36mthis[39m[33m.[3
9mintersectionObserver)[33m==
[39m[36mnull[39m[33m||[39me
[33m.[39mdisconnect()}[36mge
t[39m placeholderEl(){[36mret
urn[39m c[33m.[39mgetShadowR
ootElement([36mthis[39m[33m,
[39m[32m".wcm-placeholder-blo
ck"[39m)}createPaginationObser
ver(){[36mthis[39m[33m.[39m
intersectionObserver[33m=[39m
[36mnew[39m [33mIntersection
Observer[39m(([e])[33m=>[39m
{e[33m.[39misIntersecting[33
m&&[39m[33m![39m([36mthis[
39m[33m.[39msearch[33m&&[39
m[36mthis[39m[33m.[39mfirst
Fetch)[33m&&[39m[36mthis[39
m[33m.[39mfetchWallets()})[3
3m,[39m[36mthis[39m[33m.[3
9mintersectionObserver[33m.[3
9mobserve([36mthis[39m[33m.
[39mplaceholderEl)}isLastPage()
{[36mconst[39m{wallets[33m:
[39me[33m,[39msearch[33m:[3
9mo}[33m=[39m[33mW[39m[33m
.[39mstate[33m,[39m{listings
[33m:[39mr[33m,[39mtotal[3
3m:[39ma}[33m=[39m[36mthis
[39m[33m.[39msearch[33m?[39
mo[33m:[39me[33m;[39m[36mr
eturn[39m a[33m<=[39m[33mDe
[39m[33m||[39mr[33m.[39mle
ngth[33m>=[39ma}[36masync[3
9m 
fetchWallets(){[36mvar[39m e
[33m;[39m[36mconst[39m{walle
ts[33m:[39mo[33m,[39msearch
[33m:[39mr}[33m=[39m[33mW
[39m[33m.[39mstate[33m,[39m
{listings[33m:[39ma[33m,[39
mtotal[33m:[39mt[33m,[39mpa
ge[33m:[39ml}[33m=[39m[36m
this[39m[33m.[39msearch[33m
?[39mr[33m:[39mo[33m;[39m
[36mif[39m([33m![39m[36mthi
s[39m[33m.[39mendReached[33
m&&[39m([36mthis[39m[33m.[
39mfirstFetch[33m||[39mt[33m
>[39m[33mDe[39m[33m&&[39ma
[33m.[39mlength[33m<[39m[3
3mt[39m))[36mtry[39m{[36mth
is[39m[33m.[39mloading[33m=
[39m[33m![39m[35m0[39m[33
m;[39m[36mconst[39m i[33m=
[39m(e[33m=[39m[33mR[39m[3
3m.[39mstate[33m.[39mchains)
[33m==[39m[36mnull[39m[33m
?[39m[36mvoid[39m [35m0[39
m[33m:[39me[33m.[39mjoin([
32m","[39m)[33m,[39m{listing
s[33m:[39ms}[33m=[39m[36ma
wait[39m [33mW[39m[33m.[39
mgetWallets({page[33m:[39m[3
6mthis[39m[33m.[39mfirstFetc
h[33m?[39m[35m1[39m[33m:[
39ml[33m+[39m[35m1[39m[33m
,[39mentries[33m:[39m[33mDe
[39m[33m,[39msearch[33m:[3
9m[36mthis[39m[33m.[39msear
ch[33m,[39mversion[33m:[39m
[35m2[39m[33m,[39mchains[3
3m:[39mi})[33m,[39m$[33m=[
39ms[33m.[39mmap(f[33m=>[39
mc[33m.[39mgetWalletIcon(f))
[33m;[39m[36mawait[39m [33m
Promise[39m[33m.[39mall([[3
3m...[39m$[33m.[39mmap([36m
async[39m f[33m=>[39mc[33m.
[39mpreloadImage(f))[33m,[39
mm[33m.[39mwait([35m300[39m
)])[33m,[39m[36mthis[39m[3
3m.[39mendReached[33m=[39m[
36mthis[39m[33m.[39misLastPa
ge()}[36mcatch[39m(i){console
[33m.[39merror(i)[33m,[39m
[33mN[39m[33m.[39mopenToast(
c[33m.[39mgetErrorMessage(i)
[33m,[39m[32m"error"[39m)}[
36mfinally[39m{[36mthis[39m
[33m.[39mloading[33m=[39m[3
3m![39m[35m1[39m[33m,[39m
[36mthis[39m[33m.[39mfirstFe
tch[33m=[39m[33m![39m[35m1
[39m}}onConnect(e){m[33m.[39
misAndroid()[33m?[39mc[33m.
[39mhandleMobileLinking(e)[33m
:[39mc[33m.[39mgoToConnectin
gView(e)}onSearchChange(e){[36
mconst[39m{value[33m:[39mo}
[33m=[39me[33m.[39mtarget[3
3m;[39m[36mthis[39m[33m.[3
9msearchDebounce(o)}render(){[
36mconst[39m{wallets[33m:[39
me[33m,[39msearch[33m:[39mo
}[33m=[39m[33mW[39m[33m.[
39mstate[33m,[39m{listings[3
3m:[39mr}[33m=[39m[36mthis
[39m[33m.[39msearch[33m?[39
mo[33m:[39me[33m,[39ma[33m
=[39m[36mthis[39m[33m.[39m
loading[33m&&[39m[33m![39mr
[33m.[39mlength[33m,[39mt[
33m=[39m[36mthis[39m[33m.[
39msearch[33m.[39mlength[33m
>=[39m[35m3[39m[33m;[39m[
36mlet[39m l[33m=[39m[33mZ
[39m[33m.[39mmanualWalletsTem
plate()[33m,[39mi[33m=[39m
[33mZ[39m[33m.[39mrecomended
WalletsTemplate([33m![39m[35
m0[39m)[33m;[39mt[33m&&[39
m(l[33m=[39ml[33m.[39mfilte
r(({values[33m:[39mf})[33m=>
[39mc[33m.[39mcaseSafeInclud
es(f[[35m0[39m][33m,[39m[3
6mthis[39m[33m.[39msearch))
[33m,[39mi[33m=[39mi[33m.[
39mfilter(({values[33m:[39mf}
)[33m=>[39mc[33m.[39mcaseSa
feIncludes(f[[35m0[39m][33m,
[39m[36mthis[39m[33m.[39ms
earch)))[33m;[39m[36mconst[
39m s[33m=[39m[33m![39m[36
mthis[39m[33m.[39mloading[3
3m&&[39m[33m![39mr[33m.[39
mlength[33m&&[39m[33m![39mi
[33m.[39mlength[33m,[39m$[
33m=[39m{[32m"wcm-loading"[3
9m[33m:[39ma[33m,[39m[32m"
wcm-end-reached"[39m[33m:[39
m[36mthis[39m[33m.[39mendRe
ached[33m||[39m[33m![39m[3
6mthis[39m[33m.[39mloading[
33m,[39m[32m"wcm-empty"[39m
[33m:[39ms}[33m;[39m[36mret
urn[39m n[32m`<wcm-modal-head
er><wcm-search-input .onChange=
"${this.onSearchChange.bind(thi
s)}"></wcm-search-input></wcm-m
odal-header><wcm-modal-content 
class="${P($)}"><div 
class="wcm-grid">${a?null:l} 
${a?null:i} ${a?null:r.map(f=>n
`${f?n`<wcm-wallet-button 
imageId="${f.image_id}" 
name="${f.name}" 
walletId="${f.id}" .onClick="${
()=>this.onConnect(f)}"></wcm-w
allet-button>`:null}`[39m)}[3
3m<[39m[33m/[39m[33mdiv[39
m[33m>[39m[33m<[39m[33mdiv
[39m [36mclass[39m[33m=[39
m[32m"wcm-placeholder-block"[
39m[33m>[39m${s[33m?[39mn[
32m`<wcm-text 
variant="big-bold" 
color="secondary">No results fo
und</wcm-text>`[39m[33m:[39m
[36mnull[39m} ${[33m![39ms
[33m&&[39m[36mthis[39m[33m.
[39mloading[33m?[39mn[32m`<
wcm-spinner></wcm-spinner>`[39
m[33m:[39m[36mnull[39m}[33
m<[39m[33m/[39m[33mdiv[39m
[33m>[39m[33m<[39m[33m/[3
9m[33mwcm[39m[33m-[39mmodal
[33m-[39mcontent[33m>[39m[
32m`}};U.styles=[h.globalCss,nr
],ie([I()],U.prototype,"loading
",2),ie([I()],U.prototype,"firs
tFetch",2),ie([I()],U.prototype
,"search",2),ie([I()],U.prototy
pe,"endReached",2),U=ie([p("wcm
-wallet-explorer-view")],U);con
st dr=g`[39mwcm[33m-[39minfo
[33m-[39mfooter{flex[33m-[3
9mdirection[33m:[39mcolumn[3
3m;[39malign[33m-[39mitems[
33m:[39mcenter[33m;[39mdispl
ay[33m:[39mflex[33m;[39mwid
th[33m:[39m[35m100[39m[33m
%[39m[33m;[39mpadding[33m:
[39m[35m5[39mpx [35m0[39m}w
cm[33m-[39mtext{text[33m-[3
9malign[33m:[39mcenter}[32m`
;var mr=Object.defineProperty,h
r=Object.getOwnPropertyDescript
or,Ge=(e,o,r,a)=>{for(var 
t=a>1?void 0:a?hr(o,r):o,l=e.le
ngth-1,i;l>=0;l--)(i=e[l])&&(t=
(a?i(o,r,t):i(t))||t);return 
a&&t&&mr(o,r,t),t};let 
we=class extends w{constructor(
){super(),this.isError=!1,this.
openWebWallet()}onFormatAndRedi
rect(e){const{desktop:o,name:r}
=m.getWalletRouterData(),a=o?.u
niversal;if(a){const t=m.format
UniversalUrl(a,e,r);m.openHref(
t,"_blank")}}openWebWallet(){co
nst{walletConnectUri:e}=R.state
,o=m.getWalletRouterData();c.se
tRecentWallet(o),e&&this.onForm
atAndRedirect(e)}render(){const
{name:e,id:o,image_id:r}=m.getW
alletRouterData(),{isMobile:a,i
sDesktop:t}=c.getCachedRouterWa
lletPlatforms(),l=m.isMobile();
return n`[39m[33m<[39m[33mw
cm[39m[33m-[39mmodal[33m-[
39mheader title[33m=[39m[32m
"${e}"[39m [33m.[39monAction
[33m=[39m[32m"${c.handleUriC
opy}"[39m [33m.[39mactionIco
n[33m=[39m[32m"${v.COPY_ICON
}"[39m[33m>[39m[33m<[39m[
33m/[39m[33mwcm[39m[33m-[3
9mmodal[33m-[39mheader[33m>
[39m[33m<[39m[33mwcm[39m[3
3m-[39mmodal[33m-[39mcontent
[33m>[39m[33m<[39m[33mwcm
[39m[33m-[39mconnector[33m-
[39mwaiting walletId[33m=[39m
[32m"${o}"[39m imageId[33m=
[39m[32m"${k(r)}"[39m label[
33m=[39m[32m"${`Continue in 
${e}...`}"[39m [33m.[39misEr
ror[33m=[39m[32m"${this.isEr
ror}"[39m[33m>[39m[33m<[39
m[33m/[39m[33mwcm[39m[33m-
[39mconnector[33m-[39mwaitin
g[33m>[39m[33m<[39m[33m/[
39m[33mwcm[39m[33m-[39mmoda
l[33m-[39mcontent[33m>[39m
[33m<[39m[33mwcm[39m[33m-[
39minfo[33m-[39mfooter[33m>
[39m[33m<[39m[33mwcm[39m[3
3m-[39mtext color[33m=[39m[
32m"secondary"[39m variant[33
m=[39m[32m"small-thin"[39m[
33m>[39m${[32m`${e} web app 
has opened in a new tab. Go 
there, accept the connection, 
and come back`[39m}[33m<[39m
[33m/[39m[33mwcm[39m[33m-
[39mtext[33m>[39m[33m<[39m
[33mwcm[39m[33m-[39mplatform
[33m-[39mselection [33m.[39
misMobile[33m=[39m[32m"${a}"
[39m [33m.[39misDesktop[33m
=[39m[32m"${l?!1:t}"[39m [3
3m.[39misRetry[33m=[39m[32m
"${!0}"[39m[33m>[39m[33m<[
39m[33mwcm[39m[33m-[39mbutt
on [33m.[39monClick[33m=[39
m[32m"${this.openWebWallet.bin
d(this)}"[39m [33m.[39miconR
ight[33m=[39m[32m"${v.RETRY_
ICON}"[39m[33m>[39m[33mRetr
y[39m[33m<[39m[33m/[39m[3
3mwcm[39m[33m-[39mbutton[33
m>[39m[33m<[39m[33m/[39m[
33mwcm[39m[33m-[39mplatform
[33m-[39mselection[33m>[39m
[33m<[39m[33m/[39m[33mwcm[
39m[33m-[39minfo[33m-[39mfo
oter[33m>[39m[32m`}};we.styl
es=[h.globalCss,dr],Ge([I()],we
.prototype,"isError",2),we=Ge([
p("wcm-web-connecting-view")],w
e);export{ae as WcmModal,j as 
WcmQrCode};[39m
 [90m   |[39m                
                               
                               
                               
                               
                               
                               
                               
                               
                               
                               
                               
                               
                               
                     [31m[1m^
[22m[39m[31m[1m^[22m[39m
[31m[1m^[22m[39m[31m[1m^[
22m[39m[31m[1m^[22m[39m[3
1m[1m^[22m[39m[31m[1m^[22
m[39m[31m[1m^[22m[39m[31m
[1m^[22m[39m[31m[1m^[22m
[39m[31m[1m^[22m[39m[31m[
1m^[22m[39m[31m[1m^[22m[3
9m[31m[1m^[22m[39m[31m[1m
^[22m[39m[31m[1m^[22m[39m
[31m[1m^[22m[39m[31m[1m^
[22m[39m[31m[1m^[22m[39m[
31m[1m^[22m[39m[31m[1m^[2
2m[39m[31m[1m^[22m[39m[31
m[1m^[22m[39m[31m[1m^[22m
[39m[31m[1m^[22m[39m[31m
[1m^[22m[39m[31m[1m^[22m[
39m[31m[1m^[22m[39m[31m[1
m^[22m[39m[31m[1m^[22m[39
m[31m[1m^[22m[39m[31m[1m^
[22m[39m[31m[1m^[22m[39m
[31m[1m^[22m[39m[31m[1m^[
22m[39m[31m[1m^[22m[39m[3
1m[1m^[22m[39m[31m[1m^[22
m[39m[31m[1m^[22m[39m[31m
[1m^[22m[39m[31m[1m^[22m
[39m[31m[1m^[22m[39m[31m[
1m^[22m[39m[31m[1m^[22m[3
9m[31m[1m^[22m[39m[31m[1m
^[22m[39m[31m[1m^[22m[39m
[31m[1m^[22m[39m[31m[1m^
[22m[39m[31m[1m^[22m[39m[
31m[1m^[22m[39m[31m[1m^[2
2m[39m[31m[1m^[22m[39m[31
m[1m^[22m[39m[31m[1m^[22m
[39m[31m[1m^[22m[39m[31m
[1m^[22m[39m
 [90m 2 |[39m [32m//# source
MappingURL=index.js.map[39m
 [90m 3 |[39m [32m[39m[0m



Import traces:
  Client Component Browser:
    ./node_modules/@walletconne
ct/modal-ui/dist/index.js 
[Client Component Browser]
    ./node_modules/@walletconne
ct/modal/dist/index.js [Client 
Component Browser]
    ./node_modules/@walletconne
ct/ethereum-provider/dist/index
.es.js [Client Component 
Browser]
    ./node_modules/@web3modal/e
thers/dist/esm/src/client.js 
[Client Component Browser]
    ./node_modules/@web3modal/e
thers/dist/esm/exports/react.js
 [Client Component Browser]
    ./hooks/useWeb3Manager.ts 
[Client Component Browser]
    ./components/EligibilityFlo
w.tsx [Client Component 
Browser]
    ./app/page.tsx [Client 
Component Browser]
    ./app/page.tsx [Server 
Component]

  Client Component SSR:
    ./node_modules/@walletconne
ct/modal-ui/dist/index.js 
[Client Component SSR]
    ./node_modules/@walletconne
ct/modal/dist/index.js [Client 
Component SSR]
    ./node_modules/@walletconne
ct/ethereum-provider/dist/index
.es.js [Client Component SSR]
    ./node_modules/@web3modal/e
thers/dist/esm/src/client.js 
[Client Component SSR]
    ./node_modules/@web3modal/e
thers/dist/esm/exports/react.js
 [Client Component SSR]
    ./hooks/useWeb3Manager.ts 
[Client Component SSR]
    ./components/EligibilityFlo
w.tsx [Client Component SSR]
    ./app/page.tsx [Client 
Component SSR]
    ./app/page.tsx [Server 
Component]

https://nextjs.org/docs/message
s/module-not-found


./node_modules/@walletconnect/c
ore/dist/index.es.js:1:2137
Module not found: Can't 
resolve 'lodash.isequal'
[0m[31m[1m>[22m[39m[90m 
1 |[39m [36mimport[39m [33m
Wt[39m[33m,[39m{[33mEventEm
itter[39m [36mas[39m [33mU
[39m}[36mfrom[39m[32m"events
"[39m[33m;[39m[36mimport[3
9m [33mQt[39m [36mfrom[39m
[32m"@walletconnect/keyvaluesto
rage"[39m[33m;[39m[36mimpor
t[39m{[33mHEARTBEAT_EVENTS[3
9m [36mas[39m [33mY[39m[33
m,[39m[33mHeartBeat[39m 
[36mas[39m [33mZt[39m}[36m
from[39m[32m"@walletconnect/h
eartbeat"[39m[33m;[39m[36mi
mport[39m{generateChildLogger 
[36mas[39m 
b[33m,[39mgetLoggerContext 
[36mas[39m v[33m,[39mpino 
[36mas[39m ei[33m,[39mgetDe
faultLoggerOptions 
[36mas[39m [33mEe[39m[33m,
[39mgeneratePlatformLogger 
[36mas[39m ti}[36mfrom[39m
[32m"@walletconnect/logger"[39
m[33m;[39m[36mimport[39m{[
33mIMessageTracker[39m 
[36mas[39m ii[33m,[39m[33m
IPublisher[39m [36mas[39m si
[33m,[39m[33mISubscriber[39
m [36mas[39m ri[33m,[39m[3
3mIRelayer[39m [36mas[39m 
ni[33m,[39m[33mIStore[39m 
[36mas[39m oi[33m,[39m[33m
IJsonRpcHistory[39m 
[36mas[39m ai[33m,[39m[33m
IExpirer[39m [36mas[39m 
hi[33m,[39m[33mIVerify[39m 
[36mas[39m ci[33m,[39m[33m
IEchoClient[39m [36mas[39m 
li[33m,[39m[33mICore[39m 
[36mas[39m ui}[36mfrom[39m
[32m"@walletconnect/types"[39m
[33m;[39m[36mimport[39m{saf
eJsonStringify [36mas[39m 
di[33m,[39msafeJsonParse 
[36mas[39m gi}[36mfrom[39m
[32m"@walletconnect/safe-json"
[39m[33m;[39m[36mimport[39m
[33m*[39m[36mas[39m 
[33mH[39m [36mfrom[39m[32m
"@walletconnect/relay-auth"[39
m[33m;[39m[36mimport[39m{ge
tInternalError [36mas[39m 
c[33m,[39mmapToObj 
[36mas[39m 
we[33m,[39mobjToMap 
[36mas[39m 
ve[33m,[39mgenerateKeyPair 
[36mas[39m pi[33m,[39mgener
ateRandomBytes32 [36mas[39m 
se[33m,[39mderiveSymKey 
[36mas[39m 
[33mDi[39m[33m,[39mhashKey 
[36mas[39m 
yi[33m,[39mvalidateEncoding 
[36mas[39m 
mi[33m,[39misTypeOneEnvelope 
[36mas[39m 
[33mIe[39m[33m,[39mencrypt 
[36mas[39m 
bi[33m,[39mvalidateDecoding 
[36mas[39m 
fi[33m,[39mdecrypt 
[36mas[39m [33mEi[39m[33m,
[39mdeserialize [36mas[39m 
[33mCe[39m[33m,[39mdecodeTyp
eByte [36mas[39m 
wi[33m,[39m[33mBASE16[39m 
[36mas[39m 
vi[33m,[39mhashMessage 
[36mas[39m re[33m,[39mgetRe
layProtocolName [36mas[39m ne
[33m,[39mcreateExpiringPromis
e [36mas[39m [33mF[39m[33m
,[39mgetRelayProtocolApi 
[36mas[39m 
k[33m,[39misUndefined 
[36mas[39m 
oe[33m,[39mgetSdkError 
[36mas[39m [33mK[39m[33m,
[39misValidArray [36mas[39m 
[33mIi[39m[33m,[39misNode 
[36mas[39m 
ae[33m,[39mgetBundleId 
[36mas[39m [33mCi[39m[33m,
[39misOnline [36mas[39m [33
mTe[39m[33m,[39mformatRelayR
pcUrl [36mas[39m [33mTi[39m
[33m,[39msubscribeToNetworkCh
ange [36mas[39m 
_i[33m,[39misProposalStruct 
[36mas[39m [33mRi[39m[33m,
[39misSessionStruct 
[36mas[39m [33mSi[39m[33m,
[39m[33mTYPE_1[39m 
[36mas[39m [33mPi[39m[33m,
[39mcalcExpiry [36mas[39m [
33mJ[39m[33m,[39mformatUri 
[36mas[39m 
xi[33m,[39mparseUri 
[36mas[39m _e[33m,[39mcreat
eDelayedPromise [36mas[39m [
33mOi[39m[33m,[39mengineEven
t [36mas[39m 
he[33m,[39misExpired 
[36mas[39m [33mRe[39m[33m,
[39misValidParams 
[36mas[39m 
ce[33m,[39misValidUrl 
[36mas[39m [33mAi[39m[33m,
[39misValidString 
[36mas[39m zi[33m,[39mparse
ExpirerTarget [36mas[39m [33
mNi[39m[33m,[39mformatTopicT
arget [36mas[39m [33mLi[39m
[33m,[39mformatIdTarget 
[36mas[39m [33mUi[39m[33m,
[39misReactNative 
[36mas[39m [33mFi[39m[33m,
[39misBrowser [36mas[39m $i}
[36mfrom[39m[32m"@walletconn
ect/utils"[39m[33m;[39m[36m
import[39m{toString 
[36mas[39m [33mBi[39m}[36m
from[39m[32m"uint8arrays"[39
m[33m;[39m[36mimport[39m{[
33mONE_DAY[39m [36mas[39m $
[33m,[39m[33mSIX_HOURS[39m 
[36mas[39m [33mMi[39m[33m,
[39m[33mONE_SECOND[39m 
[36mas[39m [33mX[39m[33m,
[39m[33mTHIRTY_DAYS[39m 
[36mas[39m [33mW[39m[33m,
[39m[33mFIVE_SECONDS[39m 
[36mas[39m [33mSe[39m[33m,
[39m[33mTHIRTY_SECONDS[39m 
[36mas[39m 
le[33m,[39mtoMiliseconds 
[36mas[39m [33mR[39m[33m,
[39m[33mONE_MINUTE[39m 
[36mas[39m 
ue[33m,[39m[33mWatch[39m 
[36mas[39m ki[33m,[39m[33m
FIVE_MINUTES[39m [36mas[39m 
[33mPe[39m}[36mfrom[39m[32
m"@walletconnect/time"[39m[33
m;[39m[36mimport[39m{[33mJs
onRpcProvider[39m 
[36mas[39m [33mKi[39m}[36m
from[39m[32m"@walletconnect/j
sonrpc-provider"[39m[33m;[39
m[36mimport[39m{getBigIntRpcI
d [36mas[39m 
xe[33m,[39misJsonRpcRequest 
[36mas[39m [33mOe[39m[33m,
[39misJsonRpcResponse 
[36mas[39m [33mAe[39m[33m,
[39mformatJsonRpcResult 
[36mas[39m ze[33m,[39mforma
tJsonRpcRequest [36mas[39m [
33mNe[39m[33m,[39mformatJson
RpcError [36mas[39m [33mVi[
39m[33m,[39misJsonRpcResult 
[36mas[39m 
qi[33m,[39misJsonRpcError 
[36mas[39m [33mLe[39m}[36m
from[39m[32m"@walletconnect/j
sonrpc-utils"[39m[33m;[39m[
36mimport[39m ji [36mfrom[39
m[32m"@walletconnect/jsonrpc-w
s-connection"[39m[33m;[39m[
36mimport[39m [33mGi[39m [3
6mfrom[39m[32m"lodash.isequal
"[39m[33m;[39m[36mimport[3
9m [33mYi[39m [36mfrom[39m
[32m"isomorphic-unfetch"[39m[
33m;[39m[36mfunction[39m [3
3mHi[39m(o[33m,[39me){[36mi
f[39m(o[33m.[39mlength[33m>
=[39m[35m255[39m)[36mthrow
[39m [36mnew[39m [33mTypeErr
or[39m([32m"Alphabet too long
"[39m)[33m;[39m[36mfor[39m
([36mvar[39m 
t[33m=[39m[36mnew[39m [33m
Uint8Array[39m([35m256[39m)
[33m,[39mi[33m=[39m[35m0[3
9m[33m;[39mi[33m<[39m[33mt
[39m[33m.[39mlength[33m;[3
9mi[33m++[39m)t[i][33m=[39m
[35m255[39m[33m;[39m[36mfo
r[39m([36mvar[39m s[33m=[3
9m[35m0[39m[33m;[39ms[33m<
[39m[33mo[39m[33m.[39mleng
th[33m;[39ms[33m++[39m){[3
6mvar[39m r[33m=[39mo[33m.
[39mcharAt(s)[33m,[39mn[33m=
[39mr[33m.[39mcharCodeAt([3
5m0[39m)[33m;[39m[36mif[39
m(t[n][33m!==[39m[35m255[39
m)[36mthrow[39m 
[36mnew[39m [33mTypeError[3
9m(r[33m+[39m[32m" is ambigu
ous"[39m)[33m;[39mt[n][33m=
[39ms}[36mvar[39m a[33m=[3
9mo[33m.[39mlength[33m,[39m
h[33m=[39mo[33m.[39mcharAt(
[35m0[39m)[33m,[39ml[33m=
[39m[33mMath[39m[33m.[39mlo
g(a)[33m/[39m[33mMath[39m[
33m.[39mlog([35m256[39m)[33
m,[39md[33m=[39m[33mMath[3
9m[33m.[39mlog([35m256[39m)
[33m/[39m[33mMath[39m[33m.
[39mlog(a)[33m;[39m[36mfunc
tion[39m g(u){[36mif[39m(u 
[36minstanceof[39m [33mUint8
Array[39m[33m||[39m([33mArr
ayBuffer[39m[33m.[39misView(
u)[33m?[39mu[33m=[39m[36mn
ew[39m [33mUint8Array[39m(u
[33m.[39mbuffer[33m,[39mu[3
3m.[39mbyteOffset[33m,[39mu
[33m.[39mbyteLength)[33m:[39
m[33mArray[39m[33m.[39misAr
ray(u)[33m&&[39m(u[33m=[39m
[33mUint8Array[39m[33m.[39m
[36mfrom[39m(u)))[33m,[39m
[33m![39m(u 
[36minstanceof[39m [33mUint8
Array[39m))[36mthrow[39m 
[36mnew[39m [33mTypeError[3
9m([32m"Expected Uint8Array"[
39m)[33m;[39m[36mif[39m(u[
33m.[39mlength[33m===[39m[3
5m0[39m)[36mreturn[39m[32m"
"[39m[33m;[39m[36mfor[39m(
[36mvar[39m p[33m=[39m[35m
0[39m[33m,[39m[33mT[39m[3
3m=[39m[35m0[39m[33m,[39m
[33mD[39m[33m=[39m[35m0[39
m[33m,[39m[33mP[39m[33m=[
39mu[33m.[39mlength[33m;[39
m[33mD[39m[33m!==[39m[33mP
[39m[33m&&[39mu[[33mD[39m]
[33m===[39m[35m0[39m[33m;
[39m)[33mD[39m[33m++[39m[3
3m,[39mp[33m++[39m[33m;[39
m[36mfor[39m([36mvar[39m x
[33m=[39m([33mP[39m[33m-[3
9m[33mD[39m)[33m*[39md[33m
+[39m[35m1[39m[33m>>>[39m
[35m0[39m[33m,[39mw[33m=[3
9m[36mnew[39m [33mUint8Array
[39m(x)[33m;[39m[33mD[39m
[33m!==[39m[33mP[39m[33m;[
39m){[36mfor[39m([36mvar[39
m [33mO[39m[33m=[39mu[[33m
D[39m][33m,[39m[33mN[39m[
33m=[39m[35m0[39m[33m,[39m
_[33m=[39mx[33m-[39m[35m1
[39m[33m;[39m([33mO[39m[33
m!==[39m[35m0[39m[33m||[39
m[33mN[39m[33m<[39m[33mT[
39m)[33m&&[39m_[33m!==[39m
[33m-[39m[35m1[39m[33m;[39
m_[33m--[39m[33m,[39m[33mN
[39m[33m++[39m)[33mO[39m[
33m+=[39m[35m256[39m[33m*[
39mw[_][33m>>>[39m[35m0[39m
[33m,[39mw[_][33m=[39m[33m
O[39m[33m%[39ma[33m>>>[39m
[35m0[39m[33m,[39m[33mO[3
9m[33m=[39m[33mO[39m[33m/
[39ma[33m>>>[39m[35m0[39m[
33m;[39m[36mif[39m([33mO[3
9m[33m!==[39m[35m0[39m)[36
mthrow[39m [36mnew[39m 
[33mError[39m([32m"Non-zero 
carry"[39m)[33m;[39m[33mT[
39m[33m=[39m[33mN[39m[33m,
[39m[33mD[39m[33m++[39m}[
36mfor[39m([36mvar[39m [33m
A[39m[33m=[39mx[33m-[39m[
33mT[39m[33m;[39m[33mA[39m
[33m!==[39mx[33m&&[39mw[[3
3mA[39m][33m===[39m[35m0[3
9m[33m;[39m)[33mA[39m[33m+
+[39m[33m;[39m[36mfor[39m(
[36mvar[39m [33mG[39m[33m=
[39mh[33m.[39mrepeat(p)[33m
;[39m[33mA[39m[33m<[39m[3
3mx[39m[33m;[39m[33m++[39m
[33mA[39m)[33mG[39m[33m+=
[39mo[33m.[39mcharAt(w[[33mA
[39m])[33m;[39m[36mreturn[
39m 
[33mG[39m}[36mfunction[39m 
m(u){[36mif[39m([36mtypeof[
39m u[33m!=[39m[32m"string"
[39m)[36mthrow[39m 
[36mnew[39m [33mTypeError[3
9m([32m"Expected String"[39m)
[33m;[39m[36mif[39m(u[33m.
[39mlength[33m===[39m[35m0
[39m)[36mreturn[39m 
[36mnew[39m [33mUint8Array[
39m[33m;[39m[36mvar[39m p[
33m=[39m[35m0[39m[33m;[39m
[36mif[39m(u[p][33m!==[39m
[32m" "[39m){[36mfor[39m([3
6mvar[39m [33mT[39m[33m=[3
9m[35m0[39m[33m,[39m[33mD
[39m[33m=[39m[35m0[39m[33m
;[39mu[p][33m===[39mh[33m;
[39m)[33mT[39m[33m++[39m[3
3m,[39mp[33m++[39m[33m;[39
m[36mfor[39m([36mvar[39m [
33mP[39m[33m=[39m(u[33m.[3
9mlength[33m-[39mp)[33m*[39
ml[33m+[39m[35m1[39m[33m>>
>[39m[35m0[39m[33m,[39mx[
33m=[39m[36mnew[39m [33mUin
t8Array[39m([33mP[39m)[33m;
[39mu[p][33m;[39m){[36mvar
[39m w[33m=[39mt[u[33m.[39m
charCodeAt(p)][33m;[39m[36mi
f[39m(w[33m===[39m[35m255[
39m)[36mreturn[39m[33m;[39m
[36mfor[39m([36mvar[39m [3
3mO[39m[33m=[39m[35m0[39m
[33m,[39m[33mN[39m[33m=[39
m[33mP[39m[33m-[39m[35m1[
39m[33m;[39m(w[33m!==[39m[
35m0[39m[33m||[39m[33mO[39
m[33m<[39m[33mD[39m)[33m&&
[39m[33mN[39m[33m!==[39m[
33m-[39m[35m1[39m[33m;[39m
[33mN[39m[33m--[39m[33m,[
39m[33mO[39m[33m++[39m)w[3
3m+=[39ma[33m*[39mx[[33mN[
39m][33m>>>[39m[35m0[39m[3
3m,[39mx[[33mN[39m][33m=[3
9mw[33m%[39m[35m256[39m[33
m>>>[39m[35m0[39m[33m,[39m
w[33m=[39mw[33m/[39m[35m25
6[39m[33m>>>[39m[35m0[39m
[33m;[39m[36mif[39m(w[33m!=
=[39m[35m0[39m)[36mthrow[3
9m [36mnew[39m 
[33mError[39m([32m"Non-zero 
carry"[39m)[33m;[39m[33mD[
39m[33m=[39m[33mO[39m[33m,
[39mp[33m++[39m}[36mif[39m
(u[p][33m!==[39m[32m" "[39m
){[36mfor[39m([36mvar[39m _
[33m=[39m[33mP[39m[33m-[3
9m[33mD[39m[33m;[39m_[33m!
==[39m[33mP[39m[33m&&[39mx
[_][33m===[39m[35m0[39m[33
m;[39m)_[33m++[39m[33m;[39
m[36mfor[39m([36mvar[39m [
33mA[39m[33m=[39m[36mnew[3
9m [33mUint8Array[39m([33mT
[39m[33m+[39m([33mP[39m[33
m-[39m_))[33m,[39m[33mG[39
m[33m=[39m[33mT[39m[33m;[
39m_[33m!==[39m[33mP[39m[3
3m;[39m)[33mA[39m[[33mG[39
m[33m++[39m][33m=[39mx[_[3
3m++[39m][33m;[39m[36mretur
n[39m [33mA[39m}}}[36mfunct
ion[39m 
[33mL[39m(u){[36mvar[39m p
[33m=[39mm(u)[33m;[39m[36mi
f[39m(p)[36mreturn[39m 
p[33m;[39m[36mthrow[39m 
[36mnew[39m 
[33mError[39m([32m`Non-${e} 
character`[39m)}[36mreturn[3
9m{encode[33m:[39mg[33m,[39
mdecodeUnsafe[33m:[39mm[33m,
[39mdecode[33m:[39m[33mL[3
9m}}[36mvar[39m [33mJi[39m
[33m=[39m[33mHi[39m[33m,[3
9m[33mXi[39m[33m=[39m[33mJ
i[39m[33m;[39m[36mconst[39
m [33mUe[39m[33m=[39mo[33m
=>[39m{[36mif[39m(o 
[36minstanceof[39m [33mUint8
Array[39m[33m&&[39mo[33m.[
39mconstructor[33m.[39mname[
33m===[39m[32m"Uint8Array"[3
9m)[36mreturn[39m 
o[33m;[39m[36mif[39m(o 
[36minstanceof[39m [33mArray
Buffer[39m)[36mreturn[39m 
[36mnew[39m [33mUint8Array[
39m(o)[33m;[39m[36mif[39m(
[33mArrayBuffer[39m[33m.[39m
isView(o))[36mreturn[39m 
[36mnew[39m [33mUint8Array[
39m(o[33m.[39mbuffer[33m,[3
9mo[33m.[39mbyteOffset[33m,
[39mo[33m.[39mbyteLength)[33
m;[39m[36mthrow[39m 
[36mnew[39m 
[33mError[39m([32m"Unknown 
type, must be binary type"[39m
)}[33m,[39m[33mWi[39m[33m=
[39mo[33m=>[39m[36mnew[39m
 [33mTextEncoder[39m()[33m.
[39mencode(o)[33m,[39m[33mQi
[39m[33m=[39mo[33m=>[39m[
36mnew[39m [33mTextDecoder[3
9m()[33m.[39mdecode(o)[33m;
[39m[36mclass[39m [33mZi[39
m{constructor(e[33m,[39mt[33
m,[39mi){[36mthis[39m[33m.
[39mname[33m=[39me[33m,[39m
[36mthis[39m[33m.[39mprefix
[33m=[39mt[33m,[39m[36mthi
s[39m[33m.[39mbaseEncode[33
m=[39mi}encode(e){[36mif[39m
(e [36minstanceof[39m [33mUi
nt8Array[39m)[36mreturn[39m
[32m`${this.prefix}${this.baseE
ncode(e)}`[39m[33m;[39m[36m
throw[39m 
[33mError[39m([32m"Unknown 
type, must be binary 
type"[39m)}}[36mclass[39m es
{constructor(e[33m,[39mt[33m
,[39mi){[36mif[39m([36mthis
[39m[33m.[39mname[33m=[39m
e[33m,[39m[36mthis[39m[33m
.[39mprefix[33m=[39mt[33m,
[39mt[33m.[39mcodePointAt([3
5m0[39m)[33m===[39m[36mvoid
[39m 
[35m0[39m)[36mthrow[39m 
[36mnew[39m 
[33mError[39m([32m"Invalid 
prefix character"[39m)[33m;[
39m[36mthis[39m[33m.[39mpre
fixCodePoint[33m=[39mt[33m.
[39mcodePointAt([35m0[39m)[3
3m,[39m[36mthis[39m[33m.[3
9mbaseDecode[33m=[39mi}decode
(e){[36mif[39m([36mtypeof[3
9m e[33m==[39m[32m"string"[
39m){[36mif[39m(e[33m.[39mc
odePointAt([35m0[39m)[33m!==
[39m[36mthis[39m[33m.[39mp
refixCodePoint)[36mthrow[39m 
[33mError[39m([32m`Unable 
to decode multibase string 
${JSON.stringify(e)}, 
${this.name} decoder only 
supports inputs prefixed with $
{this.prefix}`[39m)[33m;[39m
[36mreturn[39m [36mthis[39m
[33m.[39mbaseDecode(e[33m.[
39mslice([36mthis[39m[33m.[
39mprefix[33m.[39mlength))}[
36melse[39m [36mthrow[39m 
[33mError[39m([32m"Can only 
multibase decode strings"[39m)
}or(e){[36mreturn[39m [33mFe
[39m([36mthis[39m[33m,[39m
e)}}[36mclass[39m ts{construc
tor(e){[36mthis[39m[33m.[39
mdecoders[33m=[39me}or(e){[3
6mreturn[39m [33mFe[39m([36
mthis[39m[33m,[39me)}decode(
e){[36mconst[39m t[33m=[39m
e[[35m0[39m][33m,[39mi[33m
=[39m[36mthis[39m[33m.[39m
decoders[t][33m;[39m[36mif[
39m(i)[36mreturn[39m i[33m.
[39mdecode(e)[33m;[39m[36mth
row[39m [33mRangeError[39m(
[32m`Unable to decode 
multibase string 
${JSON.stringify(e)}, only 
inputs prefixed with 
${Object.keys(this.decoders)} 
are supported`[39m)}}[36mcons
t[39m [33mFe[39m[33m=[39m(
o[33m,[39me)[33m=>[39m[36m
new[39m ts({[33m...[39mo[33
m.[39mdecoders[33m||[39m{[o
[33m.[39mprefix][33m:[39mo}
[33m,[39m[33m...[39me[33m.
[39mdecoders[33m||[39m{[e[33
m.[39mprefix][33m:[39me}})[
33m;[39m[36mclass[39m is{con
structor(e[33m,[39mt[33m,[3
9mi[33m,[39ms){[36mthis[39m
[33m.[39mname[33m=[39me[33
m,[39m[36mthis[39m[33m.[39
mprefix[33m=[39mt[33m,[39m
[36mthis[39m[33m.[39mbaseEnc
ode[33m=[39mi[33m,[39m[36m
this[39m[33m.[39mbaseDecode
[33m=[39ms[33m,[39m[36mthis
[39m[33m.[39mencoder[33m=[
39m[36mnew[39m [33mZi[39m(e
[33m,[39mt[33m,[39mi)[33m,
[39m[36mthis[39m[33m.[39md
ecoder[33m=[39m[36mnew[39m 
es(e[33m,[39mt[33m,[39ms)}e
ncode(e){[36mreturn[39m [36m
this[39m[33m.[39mencoder[33
m.[39mencode(e)}decode(e){[36
mreturn[39m [36mthis[39m[33
m.[39mdecoder[33m.[39mdecode
(e)}}[36mconst[39m [33mQ[39
m[33m=[39m({name[33m:[39mo
[33m,[39mprefix[33m:[39me[3
3m,[39mencode[33m:[39mt[33m
,[39mdecode[33m:[39mi})[33m
=>[39m[36mnew[39m is(o[33m,
[39me[33m,[39mt[33m,[39mi)
[33m,[39m[33mV[39m[33m=[3
9m({prefix[33m:[39mo[33m,[3
9mname[33m:[39me[33m,[39mal
phabet[33m:[39mt})[33m=>[39
m{[36mconst[39m{encode[33m:
[39mi[33m,[39mdecode[33m:[3
9ms}[33m=[39m[33mXi[39m(t[
33m,[39me)[33m;[39m[36mretu
rn[39m [33mQ[39m({prefix[33
m:[39mo[33m,[39mname[33m:[
39me[33m,[39mencode[33m:[39
mi[33m,[39mdecode[33m:[39mr
[33m=>[39m[33mUe[39m(s(r))}
)}[33m,[39mss[33m=[39m(o[3
3m,[39me[33m,[39mt[33m,[39
mi)[33m=>[39m{[36mconst[39m
 s[33m=[39m{}[33m;[39m[36m
for[39m([36mlet[39m d[33m=
[39m[35m0[39m[33m;[39md[33
m<[39m[33me[39m[33m.[39mle
ngth[33m;[39m[33m++[39md)s[
e[d]][33m=[39md[33m;[39m[3
6mlet[39m r[33m=[39mo[33m.
[39mlength[33m;[39m[36mfor[
39m([33m;[39mo[r[33m-[39m[
35m1[39m][33m===[39m[32m"="
[39m[33m;[39m)[33m--[39mr
[33m;[39m[36mconst[39m 
n[33m=[39m[36mnew[39m [33m
Uint8Array[39m(r[33m*[39mt[
33m/[39m[35m8[39m[33m|[39m
[35m0[39m)[33m;[39m[36mlet
[39m a[33m=[39m[35m0[39m[
33m,[39mh[33m=[39m[35m0[39
m[33m,[39ml[33m=[39m[35m0
[39m[33m;[39m[36mfor[39m([
36mlet[39m d[33m=[39m[35m0
[39m[33m;[39md[33m<[39m[33
mr[39m[33m;[39m[33m++[39md
){[36mconst[39m g[33m=[39ms
[o[d]][33m;[39m[36mif[39m(g
[33m===[39m[36mvoid[39m 
[35m0[39m)[36mthrow[39m 
[36mnew[39m [33mSyntaxError
[39m([32m`Non-${i} character`
[39m)[33m;[39mh[33m=[39mh[
33m<<[39m[33mt[39m[33m|[39
mg[33m,[39ma[33m+=[39mt[33
m,[39ma[33m>=[39m[35m8[39m
[33m&&[39m(a[33m-=[39m[35m
8[39m[33m,[39mn[l[33m++[39
m][33m=[39m[35m255[39m[33m
&[39mh[33m>>[39ma)}[36mif[
39m(a[33m>=[39mt[33m||[39m
[35m255[39m[33m&[39mh[33m<<
[39m[35m8[39m[33m-[39ma)[
36mthrow[39m [36mnew[39m [3
3mSyntaxError[39m([32m"Unexpe
cted end of data"[39m)[33m;[
39m[36mreturn[39m n}[33m,[3
9mrs[33m=[39m(o[33m,[39me[
33m,[39mt)[33m=>[39m{[36mco
nst[39m i[33m=[39me[e[33m.
[39mlength[33m-[39m[35m1[39
m][33m===[39m[32m"="[39m[3
3m,[39ms[33m=[39m([35m1[39
m[33m<<[39m[33mt[39m)[33m-
[39m[35m1[39m[33m;[39m[36
mlet[39m r[33m=[39m[32m""[
39m[33m,[39mn[33m=[39m[35m
0[39m[33m,[39ma[33m=[39m[
35m0[39m[33m;[39m[36mfor[3
9m([36mlet[39m h[33m=[39m[
35m0[39m[33m;[39mh[33m<[39
m[33mo[39m[33m.[39mlength[
33m;[39m[33m++[39mh)[36mfor
[39m(a[33m=[39ma[33m<<[39m
[35m8[39m[33m|[39mo[h][33m
,[39mn[33m+=[39m[35m8[39m
[33m;[39mn[33m>[39mt[33m;[
39m)n[33m-=[39mt[33m,[39mr
[33m+=[39me[s[33m&[39ma[33m
>>[39mn][33m;[39m[36mif[39
m(n[33m&&[39m(r[33m+=[39me[
s[33m&[39ma[33m<<[39m[33mt
[39m[33m-[39mn])[33m,[39mi
)[36mfor[39m([33m;[39mr[33
m.[39mlength[33m*[39mt[33m&
[39m[35m7[39m[33m;[39m)r[
33m+=[39m[32m"="[39m[33m;[
39m[36mreturn[39m r}[33m,[3
9my[33m=[39m({name[33m:[39m
o[33m,[39mprefix[33m:[39me
[33m,[39mbitsPerChar[33m:[39
mt[33m,[39malphabet[33m:[39
mi})[33m=>[39m[33mQ[39m({pr
efix[33m:[39me[33m,[39mname
[33m:[39mo[33m,[39mencode(s
){[36mreturn[39m rs(s[33m,[
39mi[33m,[39mt)}[33m,[39mde
code(s){[36mreturn[39m ss(s[
33m,[39mi[33m,[39mt[33m,[3
9mo)}})[33m,[39mns[33m=[39m
[33mQ[39m({prefix[33m:[39m
[32m"\0"[39m[33m,[39mname[3
3m:[39m[32m"identity"[39m[3
3m,[39mencode[33m:[39mo[33m
=>[39m[33mQi[39m(o)[33m,[3
9mdecode[33m:[39mo[33m=>[39
m[33mWi[39m(o)})[33m;[39m[
36mvar[39m os[33m=[39m[33mO
bject[39m[33m.[39mfreeze({__
proto__[33m:[39m[36mnull[39
m[33m,[39midentity[33m:[39m
ns})[33m;[39m[36mconst[39m 
[36mas[39m[33m=[39my({prefi
x[33m:[39m[32m"0"[39m[33m,
[39mname[33m:[39m[32m"base2
"[39m[33m,[39malphabet[33m:
[39m[32m"01"[39m[33m,[39mb
itsPerChar[33m:[39m[35m1[39
m})[33m;[39m[36mvar[39m hs
[33m=[39m[33mObject[39m[33m
.[39mfreeze({__proto__[33m:[
39m[36mnull[39m[33m,[39mbas
e2[33m:[39m[36mas[39m})[33
m;[39m[36mconst[39m cs[33m=
[39my({prefix[33m:[39m[32m"
7"[39m[33m,[39mname[33m:[3
9m[32m"base8"[39m[33m,[39ma
lphabet[33m:[39m[32m"0123456
7"[39m[33m,[39mbitsPerChar[
33m:[39m[35m3[39m})[33m;[3
9m[36mvar[39m ls[33m=[39m[
33mObject[39m[33m.[39mfreeze
({__proto__[33m:[39m[36mnull
[39m[33m,[39mbase8[33m:[39
mcs})[33m;[39m[36mconst[39m
 us[33m=[39m[33mV[39m({pref
ix[33m:[39m[32m"9"[39m[33m
,[39mname[33m:[39m[32m"base
10"[39m[33m,[39malphabet[33
m:[39m[32m"0123456789"[39m})
[33m;[39m[36mvar[39m ds[33
m=[39m[33mObject[39m[33m.[
39mfreeze({__proto__[33m:[39m
[36mnull[39m[33m,[39mbase10
[33m:[39mus})[33m;[39m[36m
const[39m gs[33m=[39my({pref
ix[33m:[39m[32m"f"[39m[33m
,[39mname[33m:[39m[32m"base
16"[39m[33m,[39malphabet[33
m:[39m[32m"0123456789abcdef"
[39m[33m,[39mbitsPerChar[33m
:[39m[35m4[39m})[33m,[39mp
s[33m=[39my({prefix[33m:[39
m[32m"F"[39m[33m,[39mname[
33m:[39m[32m"base16upper"[39
m[33m,[39malphabet[33m:[39m
[32m"0123456789ABCDEF"[39m[3
3m,[39mbitsPerChar[33m:[39m
[35m4[39m})[33m;[39m[36mvar
[39m [33mDs[39m[33m=[39m[
33mObject[39m[33m.[39mfreeze
({__proto__[33m:[39m[36mnull
[39m[33m,[39mbase16[33m:[3
9mgs[33m,[39mbase16upper[33m
:[39mps})[33m;[39m[36mconst
[39m ys[33m=[39my({prefix[3
3m:[39m[32m"b"[39m[33m,[39
mname[33m:[39m[32m"base32"[
39m[33m,[39malphabet[33m:[3
9m[32m"abcdefghijklmnopqrstuvw
xyz234567"[39m[33m,[39mbitsP
erChar[33m:[39m[35m5[39m})
[33m,[39mms[33m=[39my({prefi
x[33m:[39m[32m"B"[39m[33m,
[39mname[33m:[39m[32m"base3
2upper"[39m[33m,[39malphabet
[33m:[39m[32m"ABCDEFGHIJKLMN
OPQRSTUVWXYZ234567"[39m[33m,
[39mbitsPerChar[33m:[39m[35m
5[39m})[33m,[39mbs[33m=[39
my({prefix[33m:[39m[32m"c"[
39m[33m,[39mname[33m:[39m[
32m"base32pad"[39m[33m,[39ma
lphabet[33m:[39m[32m"abcdefg
hijklmnopqrstuvwxyz234567="[39
m[33m,[39mbitsPerChar[33m:[
39m[35m5[39m})[33m,[39mfs[
33m=[39my({prefix[33m:[39m[
32m"C"[39m[33m,[39mname[33m
:[39m[32m"base32padupper"[39
m[33m,[39malphabet[33m:[39m
[32m"ABCDEFGHIJKLMNOPQRSTUVWXY
Z234567="[39m[33m,[39mbitsPe
rChar[33m:[39m[35m5[39m})[
33m,[39m[33mEs[39m[33m=[39
my({prefix[33m:[39m[32m"v"[
39m[33m,[39mname[33m:[39m[
32m"base32hex"[39m[33m,[39ma
lphabet[33m:[39m[32m"0123456
789abcdefghijklmnopqrstuv"[39m
[33m,[39mbitsPerChar[33m:[3
9m[35m5[39m})[33m,[39mws[3
3m=[39my({prefix[33m:[39m[3
2m"V"[39m[33m,[39mname[33m:
[39m[32m"base32hexupper"[39m
[33m,[39malphabet[33m:[39m
[32m"0123456789ABCDEFGHIJKLMNOP
QRSTUV"[39m[33m,[39mbitsPerC
har[33m:[39m[35m5[39m})[33
m,[39mvs[33m=[39my({prefix[
33m:[39m[32m"t"[39m[33m,[3
9mname[33m:[39m[32m"base32he
xpad"[39m[33m,[39malphabet[
33m:[39m[32m"0123456789abcdef
ghijklmnopqrstuv="[39m[33m,[
39mbitsPerChar[33m:[39m[35m5
[39m})[33m,[39m[33mIs[39m
[33m=[39my({prefix[33m:[39m
[32m"T"[39m[33m,[39mname[33
m:[39m[32m"base32hexpadupper"
[39m[33m,[39malphabet[33m:
[39m[32m"0123456789ABCDEFGHIJK
LMNOPQRSTUV="[39m[33m,[39mbi
tsPerChar[33m:[39m[35m5[39m
})[33m,[39m[33mCs[39m[33m=
[39my({prefix[33m:[39m[32m"
h"[39m[33m,[39mname[33m:[3
9m[32m"base32z"[39m[33m,[39
malphabet[33m:[39m[32m"ybndr
fg8ejkmcpqxot1uwisza345h769"[3
9m[33m,[39mbitsPerChar[33m:
[39m[35m5[39m})[33m;[39m[3
6mvar[39m [33mTs[39m[33m=[
39m[33mObject[39m[33m.[39mf
reeze({__proto__[33m:[39m[36
mnull[39m[33m,[39mbase32[33
m:[39mys[33m,[39mbase32upper
[33m:[39mms[33m,[39mbase32p
ad[33m:[39mbs[33m,[39mbase3
2padupper[33m:[39mfs[33m,[3
9mbase32hex[33m:[39m[33mEs[
39m[33m,[39mbase32hexupper[3
3m:[39mws[33m,[39mbase32hexp
ad[33m:[39mvs[33m,[39mbase3
2hexpadupper[33m:[39m[33mIs
[39m[33m,[39mbase32z[33m:[3
9m[33mCs[39m})[33m;[39m[36
mconst[39m _s[33m=[39m[33mV
[39m({prefix[33m:[39m[32m"k
"[39m[33m,[39mname[33m:[39
m[32m"base36"[39m[33m,[39ma
lphabet[33m:[39m[32m"0123456
789abcdefghijklmnopqrstuvwxyz"
[39m})[33m,[39m[33mRs[39m[
33m=[39m[33mV[39m({prefix[3
3m:[39m[32m"K"[39m[33m,[39
mname[33m:[39m[32m"base36upp
er"[39m[33m,[39malphabet[33
m:[39m[32m"0123456789ABCDEFGH
IJKLMNOPQRSTUVWXYZ"[39m})[33m
;[39m[36mvar[39m [33mSs[39
m[33m=[39m[33mObject[39m[3
3m.[39mfreeze({__proto__[33m:
[39m[36mnull[39m[33m,[39mb
ase36[33m:[39m_s[33m,[39mba
se36upper[33m:[39m[33mRs[39
m})[33m;[39m[36mconst[39m 
[33mPs[39m[33m=[39m[33mV[3
9m({name[33m:[39m[32m"base58
btc"[39m[33m,[39mprefix[33m
:[39m[32m"z"[39m[33m,[39ma
lphabet[33m:[39m[32m"1234567
89ABCDEFGHJKLMNPQRSTUVWXYZabcde
fghijkmnopqrstuvwxyz"[39m})[3
3m,[39mxs[33m=[39m[33mV[39
m({name[33m:[39m[32m"base58f
lickr"[39m[33m,[39mprefix[3
3m:[39m[32m"Z"[39m[33m,[39
malphabet[33m:[39m[32m"12345
6789abcdefghijkmnopqrstuvwxyzAB
CDEFGHJKLMNPQRSTUVWXYZ"[39m})
[33m;[39m[36mvar[39m [33mOs
[39m[33m=[39m[33mObject[39
m[33m.[39mfreeze({__proto__[
33m:[39m[36mnull[39m[33m,[
39mbase58btc[33m:[39m[33mPs
[39m[33m,[39mbase58flickr[33
m:[39mxs})[33m;[39m[36mcons
t[39m [33mAs[39m[33m=[39my
({prefix[33m:[39m[32m"m"[39
m[33m,[39mname[33m:[39m[32
m"base64"[39m[33m,[39malphab
et[33m:[39m[32m"ABCDEFGHIJKL
MNOPQRSTUVWXYZabcdefghijklmnopq
rstuvwxyz0123456789+/"[39m[33
m,[39mbitsPerChar[33m:[39m[
35m6[39m})[33m,[39mzs[33m=
[39my({prefix[33m:[39m[32m"M
"[39m[33m,[39mname[33m:[39
m[32m"base64pad"[39m[33m,[3
9malphabet[33m:[39m[32m"ABCD
EFGHIJKLMNOPQRSTUVWXYZabcdefghi
jklmnopqrstuvwxyz0123456789+/="
[39m[33m,[39mbitsPerChar[33
m:[39m[35m6[39m})[33m,[39m
[33mNs[39m[33m=[39my({prefi
x[33m:[39m[32m"u"[39m[33m,
[39mname[33m:[39m[32m"base6
4url"[39m[33m,[39malphabet[
33m:[39m[32m"ABCDEFGHIJKLMNOP
QRSTUVWXYZabcdefghijklmnopqrstu
vwxyz0123456789-_"[39m[33m,[
39mbitsPerChar[33m:[39m[35m6
[39m})[33m,[39m[33mLs[39m
[33m=[39my({prefix[33m:[39m
[32m"U"[39m[33m,[39mname[33
m:[39m[32m"base64urlpad"[39m
[33m,[39malphabet[33m:[39m
[32m"ABCDEFGHIJKLMNOPQRSTUVWXYZ
abcdefghijklmnopqrstuvwxyz01234
56789-_="[39m[33m,[39mbitsPe
rChar[33m:[39m[35m6[39m})[
33m;[39m[36mvar[39m [33mUs
[39m[33m=[39m[33mObject[39m
[33m.[39mfreeze({__proto__[3
3m:[39m[36mnull[39m[33m,[3
9mbase64[33m:[39m[33mAs[39m
[33m,[39mbase64pad[33m:[39m
zs[33m,[39mbase64url[33m:[3
9m[33mNs[39m[33m,[39mbase64
urlpad[33m:[39m[33mLs[39m})
[33m;[39m[36mconst[39m $e[
33m=[39m[33mArray[39m[33m.
[39m[36mfrom[39m([32m"\u{1F6
80}\u{1FA90}\u2604\u{1F6F0}\u{1
F30C}\u{1F311}\u{1F312}\u{1F313
}\u{1F314}\u{1F315}\u{1F316}\u{
1F317}\u{1F318}\u{1F30D}\u{1F30
F}\u{1F30E}\u{1F409}\u2600\u{1F
4BB}\u{1F5A5}\u{1F4BE}\u{1F4BF}
\u{1F602}\u2764\u{1F60D}\u{1F92
3}\u{1F60A}\u{1F64F}\u{1F495}\u
{1F62D}\u{1F618}\u{1F44D}\u{1F6
05}\u{1F44F}\u{1F601}\u{1F525}\
u{1F970}\u{1F494}\u{1F496}\u{1F
499}\u{1F622}\u{1F914}\u{1F606}
\u{1F644}\u{1F4AA}\u{1F609}\u26
3A\u{1F44C}\u{1F917}\u{1F49C}\u
{1F614}\u{1F60E}\u{1F607}\u{1F3
39}\u{1F926}\u{1F389}\u{1F49E}\
u270C\u2728\u{1F937}\u{1F631}\u
{1F60C}\u{1F338}\u{1F64C}\u{1F6
0B}\u{1F497}\u{1F49A}\u{1F60F}\
u{1F49B}\u{1F642}\u{1F493}\u{1F
929}\u{1F604}\u{1F600}\u{1F5A4}
\u{1F603}\u{1F4AF}\u{1F648}\u{1
F447}\u{1F3B6}\u{1F612}\u{1F92D
}\u2763\u{1F61C}\u{1F48B}\u{1F4
40}\u{1F62A}\u{1F611}\u{1F4A5}\
u{1F64B}\u{1F61E}\u{1F629}\u{1F
621}\u{1F92A}\u{1F44A}\u{1F973}
\u{1F625}\u{1F924}\u{1F449}\u{1
F483}\u{1F633}\u270B\u{1F61A}\u
{1F61D}\u{1F634}\u{1F31F}\u{1F6
2C}\u{1F643}\u{1F340}\u{1F337}\
u{1F63B}\u{1F613}\u2B50\u2705\u
{1F97A}\u{1F308}\u{1F608}\u{1F9
18}\u{1F4A6}\u2714\u{1F623}\u{1
F3C3}\u{1F490}\u2639\u{1F38A}\u
{1F498}\u{1F620}\u261D\u{1F615}
\u{1F33A}\u{1F382}\u{1F33B}\u{1
F610}\u{1F595}\u{1F49D}\u{1F64A
}\u{1F639}\u{1F5E3}\u{1F4AB}\u{
1F480}\u{1F451}\u{1F3B5}\u{1F91
E}\u{1F61B}\u{1F534}\u{1F624}\u
{1F33C}\u{1F62B}\u26BD\u{1F919}
\u2615\u{1F3C6}\u{1F92B}\u{1F44
8}\u{1F62E}\u{1F646}\u{1F37B}\u
{1F343}\u{1F436}\u{1F481}\u{1F6
32}\u{1F33F}\u{1F9E1}\u{1F381}\
u26A1\u{1F31E}\u{1F388}\u274C\u
270A\u{1F44B}\u{1F630}\u{1F928}
\u{1F636}\u{1F91D}\u{1F6B6}\u{1
F4B0}\u{1F353}\u{1F4A2}\u{1F91F
}\u{1F641}\u{1F6A8}\u{1F4A8}\u{
1F92C}\u2708\u{1F380}\u{1F37A}\
u{1F913}\u{1F619}\u{1F49F}\u{1F
331}\u{1F616}\u{1F476}\u{1F974}
\u25B6\u27A1\u2753\u{1F48E}\u{1
F4B8}\u2B07\u{1F628}\u{1F31A}\u
{1F98B}\u{1F637}\u{1F57A}\u26A0
\u{1F645}\u{1F61F}\u{1F635}\u{1
F44E}\u{1F932}\u{1F920}\u{1F927
}\u{1F4CC}\u{1F535}\u{1F485}\u{
1F9D0}\u{1F43E}\u{1F352}\u{1F61
7}\u{1F911}\u{1F30A}\u{1F92F}\u
{1F437}\u260E\u{1F4A7}\u{1F62F}
\u{1F486}\u{1F446}\u{1F3A4}\u{1
F647}\u{1F351}\u2744\u{1F334}\u
{1F4A3}\u{1F438}\u{1F48C}\u{1F4
CD}\u{1F940}\u{1F922}\u{1F445}\
u{1F4A1}\u{1F4A9}\u{1F450}\u{1F
4F8}\u{1F47B}\u{1F910}\u{1F92E}
\u{1F3BC}\u{1F975}\u{1F6A9}\u{1
F34E}\u{1F34A}\u{1F47C}\u{1F48D
}\u{1F4E3}\u{1F942}"[39m)[33m
,[39m[33mFs[39m[33m=[39m$e
[33m.[39mreduce((o[33m,[39m
e[33m,[39mt)[33m=>[39m(o[t]
[33m=[39me[33m,[39mo)[33m,
[39m[])[33m,[39m$s[33m=[39
m$e[33m.[39mreduce((o[33m,[
39me[33m,[39mt)[33m=>[39m(o
[e[33m.[39mcodePointAt([35m0
[39m)][33m=[39mt[33m,[39mo
)[33m,[39m[])[33m;[39m[36m
function[39m [33mBs[39m(o){
[36mreturn[39m o[33m.[39mred
uce((e[33m,[39mt)[33m=>[39m
(e[33m+=[39m[33mFs[39m[t][
33m,[39me)[33m,[39m[32m""[
39m)}[36mfunction[39m [33mMs
[39m(o){[36mconst[39m e[33m
=[39m[][33m;[39m[36mfor[39
m([36mconst[39m t 
[36mof[39m 
o){[36mconst[39m i[33m=[39m
$s[t[33m.[39mcodePointAt([35
m0[39m)][33m;[39m[36mif[39
m(i[33m===[39m[36mvoid[39m 
[35m0[39m)[36mthrow[39m 
[36mnew[39m [33mError[39m(
[32m`Non-base256emoji 
character: ${t}`[39m)[33m;[3
9me[33m.[39mpush(i)}[36mretu
rn[39m [36mnew[39m [33mUint
8Array[39m(e)}[36mconst[39m 
ks[33m=[39m[33mQ[39m({prefi
x[33m:[39m[32m"\u{1F680}"[3
9m[33m,[39mname[33m:[39m[3
2m"base256emoji"[39m[33m,[39
mencode[33m:[39m[33mBs[39m
[33m,[39mdecode[33m:[39m[33
mMs[39m})[33m;[39m[36mvar[
39m [33mKs[39m[33m=[39m[33
mObject[39m[33m.[39mfreeze({
__proto__[33m:[39m[36mnull[
39m[33m,[39mbase256emoji[33m
:[39mks})[33m,[39m[33mVs[3
9m[33m=[39m[33mMe[39m[33m,
[39m[33mBe[39m[33m=[39m[3
5m128[39m[33m,[39mqs[33m=[
39m[35m127[39m[33m,[39mjs[
33m=[39m[33m~[39mqs[33m,[3
9m[33mGs[39m[33m=[39m[33mM
ath[39m[33m.[39mpow([35m2[
39m[33m,[39m[35m31[39m)[33
m;[39m[36mfunction[39m [33m
Me[39m(o[33m,[39me[33m,[39
mt){e[33m=[39me[33m||[39m[]
[33m,[39mt[33m=[39mt[33m||
[39m[35m0[39m[33m;[39m[36
mfor[39m([36mvar[39m i[33m=
[39mt[33m;[39mo[33m>=[39m
[33mGs[39m[33m;[39m)e[t[33m
++[39m][33m=[39mo[33m&[39m
[35m255[39m[33m|[39m[33mBe
[39m[33m,[39mo[35m/=128;for
(;o&js;)e[t++]=o&255|Be,o>>>=7;
return 
e[t]=o|0,Me.bytes=t-i+1,e}var 
Ys=de,Hs=128,ke=127;function 
de(o,i){var t=0,i=i||0,s=0,r=i,
n,a=o.length;do{if(r>=a)throw 
de.bytes=0,new 
RangeError("Could not decode va
rint");n=o[r++],t+=s<28?(n&ke)<
<s:(n&ke)*Math.pow(2,s),s+=7}wh
ile(n>=Hs);return 
de.bytes=r-i,t}var Js=Math.pow(
2,7),Xs=Math.pow(2,14),Ws=Math.
pow(2,21),Qs=Math.pow(2,28),Zs=
Math.pow(2,35),er=Math.pow(2,42
),tr=Math.pow(2,49),ir=Math.pow
(2,56),sr=Math.pow(2,63),rr=fun
ction(o){return o<Js?1:o<Xs?2:o
<Ws?3:o<Qs?4:o<Zs?5:o<er?6:o<tr
?7:o<ir?8:o<sr?9:10},nr={encode
:Vs,decode:Ys,encodingLength:rr
},Ke=nr;const Ve=(o,e,t=0)=>(Ke
.encode(o,e,t),e),qe=o=>Ke.enco
dingLength(o),ge=(o,e)=>{const 
t=e.byteLength,i=qe(o),s=i+qe(t
),r=new Uint8Array(s+t);return 
Ve(o,r,0),Ve(t,r,i),r.set(e,s),
new or(o,t,e,r)};class or{const
ructor(e,t,i,s){this.code=e,thi
s.size=t,this.digest=i,this.byt
es=s}}const je=({name:o,code:e,
encode:t})=>new 
ar(o,e,t);class ar{constructor(
e,t,i){this.name=e,this.code=t,
this.encode=i}digest(e){if(e 
instanceof Uint8Array){const 
t=this.encode(e);return t 
instanceof Uint8Array?ge(this.c
ode,t):t.then(i=>ge(this.code,i
))}else throw Error("Unknown 
type, must be binary 
type")}}const Ge=o=>async 
e=>new Uint8Array(await crypto.
subtle.digest(o,e)),hr=je({name
:"sha2-256",code:18,encode:Ge("
SHA-256")}),cr=je({name:"sha2-5
12",code:19,encode:Ge("SHA-512"
)});var lr=Object.freeze({__pro
to__:null,sha256:hr,sha512:cr})
;const Ye=0,ur="identity",He=Ue
,dr=o=>ge(Ye,He(o)),gr={code:Ye
,name:ur,encode:He,digest:dr};v
ar pr=Object.freeze({__proto__:
null,identity:gr});new 
TextEncoder,new 
TextDecoder;const Je={...os,...
hs,...ls,...ds,...Ds,...Ts,...S
s,...Os,...Us,...Ks};({...lr,..
.pr});function Dr(o=0){return g
lobalThis.Buffer!=null&&globalT
his.Buffer.allocUnsafe!=null?gl
obalThis.Buffer.allocUnsafe(o):
new Uint8Array(o)}function Xe(o
,e,t,i){return{name:o,prefix:e,
encoder:{name:o,prefix:e,encode
:t},decoder:{decode:i}}}const 
We=Xe("utf8","u",o=>"u"+new Tex
tDecoder("utf8").decode(o),o=>n
ew TextEncoder().encode(o.subst
ring(1))),pe=Xe("ascii","a",o=>
{let e="a";for(let t=0;t<o.leng
th;t++)e+=String.fromCharCode(o
[t]);return 
e},o=>{o=o.substring(1);const 
e=Dr(o.length);for(let t=0;t<o.
length;t++)e[t]=o.charCodeAt(t)
;return e}),yr={utf8:We,"utf-8"
:We,hex:Je.base16,latin1:pe,asc
ii:pe,binary:pe,...Je};function
 mr(o,e="utf8"){const 
t=yr[e];if(!t)throw new 
Error(`Unsupported encoding "${
e}"`);return(e==="utf8"||e==="u
tf-8")&&globalThis.Buffer!=null
&&globalThis.Buffer.from!=null?
globalThis.Buffer.from(o,"utf8"
):t.decoder.decode(`${t.prefix}
${o}`)}const De="wc",Qe=2,Z="co
re",z=`${De}@2:${Z}:`,Ze={name:
Z,logger:"error"},et={database:
":memory:"},tt="crypto",ye="cli
ent_ed25519_seed",it=$,st="keyc
hain",rt="0.3",nt="messages",ot
="0.3",at=Mi,ht="publisher",ct=
"irn",lt="error",me="wss:/[39m
[35m/relay.walletconnect.com",
be="wss:/[39m[35m/relay.walle
tconnect.org",ut="relayer",f={m
essage:"relayer_message",messag
e_ack:"relayer_message_ack",con
nect:"relayer_connect",disconne
ct:"relayer_disconnect",error:"
relayer_error",connection_stall
ed:"relayer_connection_stalled"
,transport_closed:"relayer_tran
sport_closed",publish:"relayer_
publish"},dt="_subscription",E=
{payload:"payload",connect:"con
nect",disconnect:"disconnect",e
rror:"error"},gt=X,br={database
:":memory:"},pt="2.13.0",Dt=1e4
,yt="0.3",mt="WALLETCONNECT_CLI
ENT_ID",S={created:"subscriptio
n_created",deleted:"subscriptio
n_deleted",expired:"subscriptio
n_expired",disabled:"subscripti
on_disabled",sync:"subscription
_sync",resubscribed:"subscripti
on_resubscribed"},fr=W,bt="subs
cription",ft="0.3",Et=Se*1e3,wt
="pairing",vt="0.3",Er=W,B={wc_
pairingDelete:{req:{ttl:$,promp
t:!1,tag:1e3},res:{ttl:$,prompt
:!1,tag:1001}},wc_pairingPing:{
req:{ttl:le,prompt:!1,tag:1002}
,res:{ttl:le,prompt:!1,tag:1003
}},unregistered_method:{req:{tt
l:$,prompt:!1,tag:0},res:{ttl:$
,prompt:!1,tag:0}}},q={create:"
pairing_create",expire:"pairing
_expire",delete:"pairing_delete
",ping:"pairing_ping"},I={creat
ed:"history_created",updated:"h
istory_updated",deleted:"histor
y_deleted",sync:"history_sync"}
,It="history",Ct="0.3",Tt="expi
rer",C={created:"expirer_create
d",deleted:"expirer_deleted",ex
pired:"expirer_expired",sync:"e
xpirer_sync"},_t="0.3",wr=$,ee=
"verify-api",M="https:/[39m[3
5m/verify.walletconnect.com",te
="https:/[39m[35m/verify.wall
etconnect.org",Rt=[M,te],St="ec
ho",Pt="https:/[39m[35m/echo.
walletconnect.com";class xt{con
structor(e,t){this.core=e,this.
logger=t,this.keychain=new Map,
this.name=st,this.version=rt,th
is.initialized=!1,this.storageP
refix=z,this.init=async()=>{if(
!this.initialized){const 
i=await 
this.getKeyChain();typeof i<"u"
&&(this.keychain=i),this.initia
lized=!0}},this.has=i=>(this.is
Initialized(),this.keychain.has
(i)),this.set=async(i,s)=>{this
.isInitialized(),this.keychain.
set(i,s),await this.persist()},
this.get=i=>{this.isInitialized
();const s=this.keychain.get(i)
;if(typeof s>"u"){const{message
:r}=c("NO_MATCHING_KEY",`${this
.name}: ${i}`);throw new 
Error(r)}return 
s},this.del=async i=>{this.isIn
itialized(),this.keychain.delet
e(i),await this.persist()},this
.core=e,this.logger=b(t,this.na
me)}get context(){return 
v(this.logger)}get 
storageKey(){return this.storag
ePrefix+this.version+this.core.
customStoragePrefix+"/[39m[35
m/"+this.name}async 
setKeyChain(e){await this.core.
storage.setItem(this.storageKey
,we(e))}async 
getKeyChain(){const e=await thi
s.core.storage.getItem(this.sto
rageKey);return typeof 
e<"u"?ve(e):void 0}async 
persist(){await this.setKeyChai
n(this.keychain)}isInitialized(
){if(!this.initialized){const{m
essage:e}=c("NOT_INITIALIZED",t
his.name);throw new 
Error(e)}}}class Ot{constructor
(e,t,i){this.core=e,this.logger
=t,this.name=tt,this.initialize
d=!1,this.init=async()=>{this.i
nitialized||(await this.keychai
n.init(),this.initialized=!0)},
this.hasKeys=s=>(this.isInitial
ized(),this.keychain.has(s)),th
is.getClientId=async()=>{this.i
sInitialized();const s=await th
is.getClientSeed(),r=H.generate
KeyPair(s);return H.encodeIss(r
.publicKey)},this.generateKeyPa
ir=()=>{this.isInitialized();co
nst s=pi();return this.setPriva
teKey(s.publicKey,s.privateKey)
},this.signJWT=async 
s=>{this.isInitialized();const 
r=await this.getClientSeed(),n=
H.generateKeyPair(r),a=se(),h=i
t;return await H.signJWT(a,s,h,
n)},this.generateSharedKey=(s,r
,n)=>{this.isInitialized();cons
t a=this.getPrivateKey(s),h=Di(
a,r);return this.setSymKey(h,n)
},this.setSymKey=async(s,r)=>{t
his.isInitialized();const 
n=r||yi(s);return await this.ke
ychain.set(n,s),n},this.deleteK
eyPair=async 
s=>{this.isInitialized(),await 
this.keychain.del(s)},this.dele
teSymKey=async 
s=>{this.isInitialized(),await 
this.keychain.del(s)},this.enco
de=async(s,r,n)=>{this.isInitia
lized();const a=mi(n),h=di(r);i
f(Ie(a)){const m=a.senderPublic
Key,L=a.receiverPublicKey;s=awa
it this.generateSharedKey(m,L)}
const l=this.getSymKey(s),{type
:d,senderPublicKey:g}=a;return 
bi({type:d,symKey:l,message:h,s
enderPublicKey:g})},this.decode
=async(s,r,n)=>{this.isInitiali
zed();const 
a=fi(r,n);if(Ie(a)){const h=a.r
eceiverPublicKey,l=a.senderPubl
icKey;s=await this.generateShar
edKey(h,l)}try{const h=this.get
SymKey(s),l=Ei({symKey:h,encode
d:r});return gi(l)}catch(h){thi
s.logger.error(`Failed to 
decode message from topic: 
'${s}', clientId: '${await this
.getClientId()}'`),this.logger.
error(h)}},this.getPayloadType=
s=>{const r=Ce(s);return wi(r.t
ype)},this.getPayloadSenderPubl
icKey=s=>{const r=Ce(s);return 
r.senderPublicKey?Bi(r.senderPu
blicKey,vi):void 0},this.core=e
,this.logger=b(t,this.name),thi
s.keychain=i||new 
xt(this.core,this.logger)}get 
context(){return 
v(this.logger)}async 
setPrivateKey(e,t){return 
await this.keychain.set(e,t),e}
getPrivateKey(e){return 
this.keychain.get(e)}async 
getClientSeed(){let e="";try{e=
this.keychain.get(ye)}catch{e=s
e(),await 
this.keychain.set(ye,e)}return 
mr(e,"base16")}getSymKey(e){ret
urn this.keychain.get(e)}isInit
ialized(){if(!this.initialized)
{const{message:e}=c("NOT_INITIA
LIZED",this.name);throw new 
Error(e)}}}class At extends ii{
constructor(e,t){super(e,t),thi
s.logger=e,this.core=t,this.mes
sages=new Map,this.name=nt,this
.version=ot,this.initialized=!1
,this.storagePrefix=z,this.init
=async()=>{if(!this.initialized
){this.logger.trace("Initialize
d");try{const i=await this.getR
elayerMessages();typeof i<"u"&&
(this.messages=i),this.logger.d
ebug(`Successfully Restored 
records for ${this.name}`),this
.logger.trace({type:"method",me
thod:"restore",size:this.messag
es.size})}catch(i){this.logger.
debug(`Failed to Restore 
records for ${this.name}`),this
.logger.error(i)}finally{this.i
nitialized=!0}}},this.set=async
(i,s)=>{this.isInitialized();co
nst r=re(s);let 
n=this.messages.get(i);return 
typeof n>"u"&&(n={}),typeof n[r
]<"u"||(n[r]=s,this.messages.se
t(i,n),await this.persist()),r}
,this.get=i=>{this.isInitialize
d();let 
s=this.messages.get(i);return 
typeof s>"u"&&(s={}),s},this.ha
s=(i,s)=>{this.isInitialized();
const 
r=this.get(i),n=re(s);return 
typeof 
r[n]<"u"},this.del=async i=>{th
is.isInitialized(),this.message
s.delete(i),await this.persist(
)},this.logger=b(e,this.name),t
his.core=t}get 
context(){return 
v(this.logger)}get 
storageKey(){return this.storag
ePrefix+this.version+this.core.
customStoragePrefix+"/[39m[35
m/"+this.name}async 
setRelayerMessages(e){await thi
s.core.storage.setItem(this.sto
rageKey,we(e))}async 
getRelayerMessages(){const 
e=await this.core.storage.getIt
em(this.storageKey);return 
typeof e<"u"?ve(e):void 
0}async persist(){await this.se
tRelayerMessages(this.messages)
}isInitialized(){if(!this.initi
alized){const{message:e}=c("NOT
_INITIALIZED",this.name);throw 
new Error(e)}}}class vr 
extends si{constructor(e,t){sup
er(e,t),this.relayer=e,this.log
ger=t,this.events=new 
U,this.name=ht,this.queue=new M
ap,this.publishTimeout=R(ue),th
is.failedPublishTimeout=R(X),th
is.needsTransportRestart=!1,thi
s.publish=async(i,s,r)=>{var n;
this.logger.debug("Publishing P
ayload"),this.logger.trace({typ
e:"method",method:"publish",par
ams:{topic:i,message:s,opts:r}}
);const a=r?.ttl||at,h=ne(r),l=
r?.prompt||!1,d=r?.tag||0,g=r?.
id||xe().toString(),m={topic:i,
message:s,opts:{ttl:a,relay:h,p
rompt:l,tag:d,id:g}},L=`Failed 
to publish payload, please try 
again. id:${g} 
tag:${d}`,u=Date.now();let 
p,T=1;try{for(;p===void 0;){if(
Date.now()-u>this.publishTimeou
t)throw new Error(L);this.logge
r.trace({id:g,attempts:T},`publ
isher.publish - attempt 
${T}`),p=await await F(this.rpc
Publish(i,s,a,h,l,d,g).catch(D=
>this.logger.warn(D)),this.publ
ishTimeout,L),T++,p||await new 
Promise(D=>setTimeout(D,this.fa
iledPublishTimeout))}this.relay
er.events.emit(f.publish,m),thi
s.logger.debug("Successfully 
Published Payload"),this.logger
.trace({type:"method",method:"p
ublish",params:{id:g,topic:i,me
ssage:s,opts:r}})}catch(D){if(t
his.logger.debug("Failed to 
Publish Payload"),this.logger.e
rror(D),(n=r?.internal)!=null&&
n.throwOnFailedPublish)throw D;
this.queue.set(g,m)}},this.on=(
i,s)=>{this.events.on(i,s)},thi
s.once=(i,s)=>{this.events.once
(i,s)},this.off=(i,s)=>{this.ev
ents.off(i,s)},this.removeListe
ner=(i,s)=>{this.events.removeL
istener(i,s)},this.relayer=e,th
is.logger=b(t,this.name),this.r
egisterEventListeners()}get 
context(){return v(this.logger)
}rpcPublish(e,t,i,s,r,n,a){var 
h,l,d,g;const m={method:k(s.pro
tocol).publish,params:{topic:e,
message:t,ttl:i,prompt:r,tag:n}
,id:a};return 
oe((h=m.params)==null?void 0:h.
prompt)&&((l=m.params)==null||d
elete l.prompt),oe((d=m.params)
==null?void 0:d.tag)&&((g=m.par
ams)==null||delete g.tag),this.
logger.debug("Outgoing Relay Pa
yload"),this.logger.trace({type
:"message",direction:"outgoing"
,request:m}),this.relayer.reque
st(m)}removeRequestFromQueue(e)
{this.queue.delete(e)}checkQueu
e(){this.queue.forEach(async e=
>{const{topic:t,message:i,opts:
s}=e;await this.publish(t,i,s)}
)}registerEventListeners(){this
.relayer.core.heartbeat.on(Y.pu
lse,()=>{if(this.needsTransport
Restart){this.needsTransportRes
tart=!1,this.relayer.events.emi
t(f.connection_stalled);return}
this.checkQueue()}),this.relaye
r.on(f.message_ack,e=>{this.rem
oveRequestFromQueue(e.id.toStri
ng())})}}class 
Ir{constructor(){this.map=new 
Map,this.set=(e,t)=>{const i=th
is.get(e);this.exists(e,t)||thi
s.map.set(e,[...i,t])},this.get
=e=>this.map.get(e)||[],this.ex
ists=(e,t)=>this.get(e).include
s(t),this.delete=(e,t)=>{if(typ
eof t>"u"){this.map.delete(e);r
eturn}if(!this.map.has(e))retur
n;const i=this.get(e);if(!this.
exists(e,t))return;const s=i.fi
lter(r=>r!==t);if(!s.length){th
is.map.delete(e);return}this.ma
p.set(e,s)},this.clear=()=>{thi
s.map.clear()}}get 
topics(){return Array.from(this
.map.keys())}}var Cr=Object.def
ineProperty,Tr=Object.definePro
perties,_r=Object.getOwnPropert
yDescriptors,zt=Object.getOwnPr
opertySymbols,Rr=Object.prototy
pe.hasOwnProperty,Sr=Object.pro
totype.propertyIsEnumerable,Nt=
(o,e,t)=>e in o?Cr(o,e,{enumera
ble:!0,configurable:!0,writable
:!0,value:t}):o[e]=t,j=(o,e)=>{
for(var t in e||(e={}))Rr.call(
e,t)&&Nt(o,t,e[t]);if(zt)for(va
r t of zt(e))Sr.call(e,t)&&Nt(o
,t,e[t]);return 
o},fe=(o,e)=>Tr(o,_r(e));class 
Lt extends ri{constructor(e,t){
super(e,t),this.relayer=e,this.
logger=t,this.subscriptions=new
 Map,this.topicMap=new 
Ir,this.events=new U,this.name=
bt,this.version=ft,this.pending
=new Map,this.cached=[],this.in
itialized=!1,this.pendingSubscr
iptionWatchLabel="pending_sub_w
atch_label",this.pollingInterva
l=20,this.storagePrefix=z,this.
subscribeTimeout=R(ue),this.res
tartInProgress=!1,this.batchSub
scribeTopicsLimit=500,this.pend
ingBatchMessages=[],this.init=a
sync()=>{this.initialized||(thi
s.logger.trace("Initialized"),t
his.registerEventListeners(),th
is.clientId=await this.relayer.
core.crypto.getClientId())},thi
s.subscribe=async(i,s)=>{await 
this.restartToComplete(),this.i
sInitialized(),this.logger.debu
g("Subscribing Topic"),this.log
ger.trace({type:"method",method
:"subscribe",params:{topic:i,op
ts:s}});try{const r=ne(s),n={to
pic:i,relay:r};this.pending.set
(i,n);const a=await 
this.rpcSubscribe(i,r);return 
typeof a=="string"&&(this.onSub
scribe(a,n),this.logger.debug("
Successfully Subscribed Topic")
,this.logger.trace({type:"metho
d",method:"subscribe",params:{t
opic:i,opts:s}})),a}catch(r){th
row this.logger.debug("Failed 
to Subscribe Topic"),this.logge
r.error(r),r}},this.unsubscribe
=async(i,s)=>{await this.restar
tToComplete(),this.isInitialize
d(),typeof s?.id<"u"?await this
.unsubscribeById(i,s.id,s):awai
t this.unsubscribeByTopic(i,s)}
,this.isSubscribed=async i=>{if
(this.topics.includes(i))return
!0;const s=`${this.pendingSubsc
riptionWatchLabel}_${i}`;return
 await new 
Promise((r,n)=>{const a=new 
ki;a.start(s);const h=setInterv
al(()=>{!this.pending.has(i)&&t
his.topics.includes(i)&&(clearI
nterval(h),a.stop(s),r(!0)),a.e
lapsed(s)>=Et&&(clearInterval(h
),a.stop(s),n(new 
Error("Subscription resolution 
timeout")))},this.pollingInterv
al)}).catch(()=>!1)},this.on=(i
,s)=>{this.events.on(i,s)},this
.once=(i,s)=>{this.events.once(
i,s)},this.off=(i,s)=>{this.eve
nts.off(i,s)},this.removeListen
er=(i,s)=>{this.events.removeLi
stener(i,s)},this.start=async()
=>{await this.onConnect()},this
.stop=async()=>{await this.onDi
sconnect()},this.restart=async(
)=>{this.restartInProgress=!0,a
wait this.restore(),await this.
reset(),this.restartInProgress=
!1},this.relayer=e,this.logger=
b(t,this.name),this.clientId=""
}get context(){return 
v(this.logger)}get 
storageKey(){return this.storag
ePrefix+this.version+this.relay
er.core.customStoragePrefix+"/
[39m[33m/[39m[32m"+this.name
}get length(){return 
this.subscriptions.size}get 
ids(){return Array.from(this.su
bscriptions.keys())}get 
values(){return Array.from(this
.subscriptions.values())}get 
topics(){return this.topicMap.t
opics}hasSubscription(e,t){let 
i=!1;try{i=this.getSubscription
(e).topic===t}catch{}return i}o
nEnable(){this.cached=[],this.i
nitialized=!0}onDisable(){this.
cached=this.values,this.subscri
ptions.clear(),this.topicMap.cl
ear()}async 
unsubscribeByTopic(e,t){const 
i=this.topicMap.get(e);await 
Promise.all(i.map(async 
s=>await this.unsubscribeById(e
,s,t)))}async unsubscribeById(e
,t,i){this.logger.debug("[39m
[33mUnsubscribing[39m [33mTop
ic[39m[32m"),this.logger.trac
e({type:"[39mmethod[32m",meth
od:"[39munsubscribe[32m",para
ms:{topic:e,id:t,opts:i}});try{
const s=ne(i);await this.rpcUns
ubscribe(e,t,s);const r=K("[39
m[33mUSER_DISCONNECTED[39m[3
2m",`${this.name}, 
${e}`);await this.onUnsubscribe
(e,t,r),this.logger.debug("[39
m[33mSuccessfully[39m 
[33mUnsubscribed[39m [33mTop
ic[39m[32m"),this.logger.trac
e({type:"[39mmethod[32m",meth
od:"[39munsubscribe[32m",para
ms:{topic:e,id:t,opts:i}})}catc
h(s){throw this.logger.debug("
[39m[33mFailed[39m to 
[33mUnsubscribe[39m [33mTopi
c[39m[32m"),this.logger.error
(s),s}}async 
rpcSubscribe(e,t){const i={meth
od:k(t.protocol).subscribe,para
ms:{topic:e}};this.logger.debug
("[39m[33mOutgoing[39m 
[33mRelay[39m [33mPayload[3
9m[32m"),this.logger.trace({ty
pe:"[39mpayload[32m",directio
n:"[39moutgoing[32m",request:
i});try{return await await F(th
is.relayer.request(i).catch(s=>
this.logger.warn(s)),this.subsc
ribeTimeout)?re(e+this.clientId
):null}catch{this.logger.debug(
"[39m[33mOutgoing[39m 
[33mRelay[39m 
[33mSubscribe[39m 
[33mPayload[39m stalled[32m"
),this.relayer.events.emit(f.co
nnection_stalled)}return 
null}async rpcBatchSubscribe(e)
{if(!e.length)return;const t=e[
0].relay,i={method:k(t.protocol
).batchSubscribe,params:{topics
:e.map(s=>s.topic)}};this.logge
r.debug("[39m[33mOutgoing[39
m [33mRelay[39m [33mPayload
[39m[32m"),this.logger.trace({
type:"[39mpayload[32m",direct
ion:"[39moutgoing[32m",reques
t:i});try{return await await F(
this.relayer.request(i).catch(s
=>this.logger.warn(s)),this.sub
scribeTimeout)}catch{this.relay
er.events.emit(f.connection_sta
lled)}}async rpcBatchFetchMessa
ges(e){if(!e.length)return;cons
t t=e[0].relay,i={method:k(t.pr
otocol).batchFetchMessages,para
ms:{topics:e.map(r=>r.topic)}};
this.logger.debug("[39m[33mOu
tgoing[39m [33mRelay[39m [3
3mPayload[39m[32m"),this.logg
er.trace({type:"[39mpayload[3
2m",direction:"[39moutgoing[3
2m",request:i});let 
s;try{s=await await F(this.rela
yer.request(i).catch(r=>this.lo
gger.warn(r)),this.subscribeTim
eout)}catch{this.relayer.events
.emit(f.connection_stalled)}ret
urn 
s}rpcUnsubscribe(e,t,i){const s
={method:k(i.protocol).unsubscr
ibe,params:{topic:e,id:t}};retu
rn this.logger.debug("[39m[33
mOutgoing[39m [33mRelay[39m 
[33mPayload[39m[32m"),this.l
ogger.trace({type:"[39mpayload
[32m",direction:"[39moutgoing
[32m",request:s}),this.relayer
.request(s)}onSubscribe(e,t){th
is.setSubscription(e,fe(j({},t)
,{id:e})),this.pending.delete(t
.topic)}onBatchSubscribe(e){e.l
ength&&e.forEach(t=>{this.setSu
bscription(t.id,j({},t)),this.p
ending.delete(t.topic)})}async 
onUnsubscribe(e,t,i){this.event
s.removeAllListeners(t),this.ha
sSubscription(t,e)&&this.delete
Subscription(t,i),await this.re
layer.messages.del(e)}async set
RelayerSubscriptions(e){await t
his.relayer.core.storage.setIte
m(this.storageKey,e)}async getR
elayerSubscriptions(){return 
await this.relayer.core.storage
.getItem(this.storageKey)}setSu
bscription(e,t){this.logger.deb
ug("[39m[33mSetting[39m subs
cription[32m"),this.logger.tra
ce({type:"[39mmethod[32m",met
hod:"[39msetSubscription[32m"
,id:e,subscription:t}),this.add
Subscription(e,t)}addSubscripti
on(e,t){this.subscriptions.set(
e,j({},t)),this.topicMap.set(t.
topic,e),this.events.emit(S.cre
ated,t)}getSubscription(e){this
.logger.debug("[39m[33mGettin
g[39m subscription[32m"),this
.logger.trace({type:"[39mmetho
d[32m",method:"[39mgetSubscri
ption[32m",id:e});const t=this
.subscriptions.get(e);if(!t){co
nst{message:i}=c("[39m[33mNO_
MATCHING_KEY[39m[32m",`${this
.name}: ${e}`);throw new 
Error(i)}return t}deleteSubscri
ption(e,t){this.logger.debug("
[39m[33mDeleting[39m subscrip
tion[32m"),this.logger.trace({
type:"[39mmethod[32m",method:
"[39mdeleteSubscription[32m",
id:e,reason:t});const i=this.ge
tSubscription(e);this.subscript
ions.delete(e),this.topicMap.de
lete(i.topic,e),this.events.emi
t(S.deleted,fe(j({},i),{reason:
t}))}async persist(){await this
.setRelayerSubscriptions(this.v
alues),this.events.emit(S.sync)
}async reset(){if(this.cached.l
ength){const e=Math.ceil(this.c
ached.length/this.batchSubscrib
eTopicsLimit);for(let 
t=0;t<e;t++){const i=this.cache
d.splice(0,this.batchSubscribeT
opicsLimit);await this.batchFet
chMessages(i),await this.batchS
ubscribe(i)}}this.events.emit(S
.resubscribed)}async 
restore(){try{const e=await thi
s.getRelayerSubscriptions();if(
typeof e>"[39mu[32m"||!e.leng
th)return;if(this.subscriptions
.size){const{message:t}=c("[39
m[33mRESTORE_WILL_OVERRIDE[39
m[32m",this.name);throw this.l
ogger.error(t),this.logger.erro
r(`${this.name}: ${JSON.stringi
fy(this.values)}`),new Error(t)
}this.cached=e,this.logger.debu
g(`Successfully Restored 
subscriptions for ${this.name}`
),this.logger.trace({type:"[39
mmethod[32m",method:"[39mrest
ore[32m",subscriptions:this.va
lues})}catch(e){this.logger.deb
ug(`Failed to Restore 
subscriptions for ${this.name}`
),this.logger.error(e)}}async b
atchSubscribe(e){if(!e.length)r
eturn;const t=await this.rpcBat
chSubscribe(e);Ii(t)&&this.onBa
tchSubscribe(t.map((i,s)=>fe(j(
{},e[s]),{id:i})))}async batchF
etchMessages(e){if(!e.length)re
turn;this.logger.trace(`Fetchin
g batch messages for 
${e.length} 
subscriptions`);const t=await t
his.rpcBatchFetchMessages(e);t&
&t.messages&&(this.pendingBatch
Messages=this.pendingBatchMessa
ges.concat(t.messages))}async 
onConnect(){await this.restart(
),this.onEnable()}onDisconnect(
){this.onDisable()}async checkP
ending(){if(!this.initialized||
!this.relayer.connected)return;
const e=[];this.pending.forEach
(t=>{e.push(t)}),await this.bat
chSubscribe(e),this.pendingBatc
hMessages.length&&(await this.r
elayer.handleBatchMessageEvents
(this.pendingBatchMessages),thi
s.pendingBatchMessages=[])}regi
sterEventListeners(){this.relay
er.core.heartbeat.on(Y.pulse,as
ync()=>{await this.checkPending
()}),this.events.on(S.created,a
sync e=>{const t=S.created;this
.logger.info(`Emitting ${t}`),t
his.logger.debug({type:"[39mev
ent[32m",event:t,data:e}),awai
t this.persist()}),this.events.
on(S.deleted,async e=>{const t=
S.deleted;this.logger.info(`Emi
tting ${t}`),this.logger.debug(
{type:"[39mevent[32m",event:t
,data:e}),await this.persist()}
)}isInitialized(){if(!this.init
ialized){const{message:e}=c("[
39m[33mNOT_INITIALIZED[39m[3
2m",this.name);throw new 
Error(e)}}async restartToComple
te(){this.restartInProgress&&aw
ait new Promise(e=>{const t=set
Interval(()=>{this.restartInPro
gress||(clearInterval(t),e())},
this.pollingInterval)})}}var Pr
=Object.defineProperty,Ut=Objec
t.getOwnPropertySymbols,xr=Obje
ct.prototype.hasOwnProperty,Or=
Object.prototype.propertyIsEnum
erable,Ft=(o,e,t)=>e in o?Pr(o,
e,{enumerable:!0,configurable:!
0,writable:!0,value:t}):o[e]=t,
Ar=(o,e)=>{for(var t in e||(e={
}))xr.call(e,t)&&Ft(o,t,e[t]);i
f(Ut)for(var t of Ut(e))Or.call
(e,t)&&Ft(o,t,e[t]);return 
o};class $t extends ni{construc
tor(e){super(e),this.protocol="
[39mwc[32m",this.version=2,th
is.events=new U,this.name=ut,th
is.transportExplicitlyClosed=!1
,this.initialized=!1,this.conne
ctionAttemptInProgress=!1,this.
connectionStatusPollingInterval
=20,this.staleConnectionErrors=
["[39msocket hang up[32m","[
39mstalled[32m","[39minterrup
ted[32m"],this.hasExperiencedN
etworkDisruption=!1,this.reques
tsInFlight=new Map,this.heartBe
atTimeout=R(le+X),this.request=
async t=>{var i,s;this.logger.d
ebug("[39m[33mPublishing[39m
 [33mRequest[39m 
[33mPayload[39m[32m");const 
r=t.id||xe().toString();await t
his.toEstablishConnection();try
{const n=this.provider.request(
t);this.requestsInFlight.set(r,
{promise:n,request:t}),this.log
ger.trace({id:r,method:t.method
,topic:(i=t.params)==null?void 
0:i.topic},"[39mrelayer[33m.
[39mrequest [33m-[39m 
attempt to publish[33m...[39m
[32m");const a=await new 
Promise(async(h,l)=>{const 
d=()=>{l(new 
Error(`relayer.request - 
publish interrupted, id: ${r}`)
)};this.provider.on(E.disconnec
t,d);const g=await n;this.provi
der.off(E.disconnect,d),h(g)});
return this.logger.trace({id:r,
method:t.method,topic:(s=t.para
ms)==null?void 0:s.topic},"[39
mrelayer[33m.[39mrequest 
[33m-[39m published[32m"),a}
catch(n){throw 
this.logger.debug(`Failed to 
Publish Request: ${r}`),n}final
ly{this.requestsInFlight.delete
(r)}},this.resetPingTimeout=()=
>{if(ae())try{clearTimeout(this
.pingTimeout),this.pingTimeout=
setTimeout(()=>{var t,i,s;(s=(i
=(t=this.provider)==null?void 
0:t.connection)==null?void 0:i.
socket)==null||s.terminate()},t
his.heartBeatTimeout)}catch(t){
this.logger.warn(t)}},this.onPa
yloadHandler=t=>{this.onProvide
rPayload(t),this.resetPingTimeo
ut()},this.onConnectHandler=()=
>{this.startPingTimeout(),this.
events.emit(f.connect)},this.on
DisconnectHandler=()=>{this.onP
roviderDisconnect()},this.onPro
viderErrorHandler=t=>{this.logg
er.error(t),this.events.emit(f.
error,t),this.logger.info("[39
m[33mFatal[39m socket error 
received[33m,[39m closing tra
nsport[32m"),this.transportClo
se()},this.registerProviderList
eners=()=>{this.provider.on(E.p
ayload,this.onPayloadHandler),t
his.provider.on(E.connect,this.
onConnectHandler),this.provider
.on(E.disconnect,this.onDisconn
ectHandler),this.provider.on(E.
error,this.onProviderErrorHandl
er)},this.core=e.core,this.logg
er=typeof 
e.logger<"[39mu[32m"&&typeof 
e.logger!="[39mstring[32m"?b(
e.logger,this.name):ei(Ee({leve
l:e.logger||lt})),this.messages
=new At(this.logger,e.core),thi
s.subscriber=new Lt(this,this.l
ogger),this.publisher=new vr(th
is,this.logger),this.relayUrl=e
?.relayUrl||me,this.projectId=e
.projectId,this.bundleId=Ci(),t
his.provider={}}async init(){th
is.logger.trace("[39m[33mInit
ialized[39m[32m"),this.regist
erEventListeners(),await Promis
e.all([this.messages.init(),thi
s.subscriber.init()]);try{await
 this.transportOpen()}catch{thi
s.logger.warn(`Connection via 
${this.relayUrl} failed, 
attempting to connect via 
failover domain 
${be}...`),await this.restartTr
ansport(be)}this.initialized=!0
,setTimeout(async()=>{this.subs
criber.topics.length===0&&this.
subscriber.pending.size===0&&(t
his.logger.info("[39m[33mNo[
39m topics subscribed to after 
init[33m,[39m closing 
transport[32m"),await this.tra
nsportClose(),this.transportExp
licitlyClosed=!1)},Dt)}get 
context(){return 
v(this.logger)}get 
connected(){var e,t,i;return((i
=(t=(e=this.provider)==null?voi
d 0:e.connection)==null?void 
0:t.socket)==null?void 
0:i.readyState)===1}get 
connecting(){var e,t,i;return((
i=(t=(e=this.provider)==null?vo
id 0:e.connection)==null?void 
0:t.socket)==null?void 
0:i.readyState)===0}async publi
sh(e,t,i){this.isInitialized(),
await this.publisher.publish(e,
t,i),await this.recordMessageEv
ent({topic:e,message:t,publishe
dAt:Date.now()})}async 
subscribe(e,t){var 
i;this.isInitialized();let s=((
i=this.subscriber.topicMap.get(
e))==null?void 
0:i[0])||"[39m[32m",r;const n
=a=>{a.topic===e&&(this.subscri
ber.off(S.created,n),r())};retu
rn await Promise.all([new Promi
se(a=>{r=a,this.subscriber.on(S
.created,n)}),new 
Promise(async a=>{s=await this.
subscriber.subscribe(e,t)||s,a(
)})]),s}async unsubscribe(e,t){
this.isInitialized(),await this
.subscriber.unsubscribe(e,t)}on
(e,t){this.events.on(e,t)}once(
e,t){this.events.once(e,t)}off(
e,t){this.events.off(e,t)}remov
eListener(e,t){this.events.remo
veListener(e,t)}async transport
Disconnect(){if(!this.hasExperi
encedNetworkDisruption&&this.co
nnected&&this.requestsInFlight.
size>0)try{await Promise.all(Ar
ray.from(this.requestsInFlight.
values()).map(e=>e.promise))}ca
tch(e){this.logger.warn(e)}this
.hasExperiencedNetworkDisruptio
n||this.connected?await F(this.
provider.disconnect(),2e3,"[39
mprovider[33m.[39mdisconnect(
)[32m").catch(()=>this.onProvi
derDisconnect()):this.onProvide
rDisconnect()}async transportCl
ose(){this.transportExplicitlyC
losed=!0,await this.transportDi
sconnect()}async 
transportOpen(e){await this.con
firmOnlineStateOrThrow(),e&&e!=
=this.relayUrl&&(this.relayUrl=
e,await this.transportDisconnec
t()),await this.createProvider(
),this.connectionAttemptInProgr
ess=!0,this.transportExplicitly
Closed=!1;try{await new 
Promise(async(t,i)=>{const s=()
=>{this.provider.off(E.disconne
ct,s),i(new Error("[39m[33mCo
nnection[39m interrupted 
[36mwhile[39m trying to subsc
ribe[32m"))};this.provider.on(
E.disconnect,s),await F(this.pr
ovider.connect(),R(ue),`Socket 
stalled when trying to connect 
to ${this.relayUrl}`).catch(r=>
{i(r)}),await this.subscriber.s
tart(),this.hasExperiencedNetwo
rkDisruption=!1,t()})}catch(t){
this.logger.error(t);const i=t;
if(this.hasExperiencedNetworkDi
sruption=!0,!this.isConnectionS
talled(i.message))throw t}final
ly{this.connectionAttemptInProg
ress=!1}}async restartTransport
(e){this.connectionAttemptInPro
gress||(this.relayUrl=e||this.r
elayUrl,await this.confirmOnlin
eStateOrThrow(),await 
this.transportClose(),await 
this.transportOpen())}async con
firmOnlineStateOrThrow(){if(!aw
ait Te())throw new 
Error("[39m[33mNo[39m 
internet connection 
detected[33m.[39m 
[33mPlease[39m restart your 
network and [36mtry[39m 
again[33m.[39m[32m")}async h
andleBatchMessageEvents(e){if(e
?.length===0){this.logger.trace
("[39m[33mBatch[39m message 
events is empty[33m.[39m [33
mIgnoring[39m[33m...[39m[32
m");return}const t=e.sort((i,s)
=>i.publishedAt-s.publishedAt);
this.logger.trace(`Batch of 
${t.length} message events 
sorted`);for(const i of 
t)try{await this.onMessageEvent
(i)}catch(s){this.logger.warn(s
)}this.logger.trace(`Batch of 
${t.length} message events proc
essed`)}startPingTimeout(){var 
e,t,i,s,r;if(ae())try{(t=(e=thi
s.provider)==null?void 0:e.conn
ection)!=null&&t.socket&&((r=(s
=(i=this.provider)==null?void 
0:i.connection)==null?void 0:s.
socket)==null||r.once("[39mpin
g[32m",()=>{this.resetPingTime
out()})),this.resetPingTimeout(
)}catch(n){this.logger.warn(n)}
}isConnectionStalled(e){return 
this.staleConnectionErrors.some
(t=>e.includes(t))}async create
Provider(){this.provider.connec
tion&&this.unregisterProviderLi
steners();const e=await this.co
re.crypto.signJWT(this.relayUrl
);this.provider=new Ki(new ji(T
i({sdkVersion:pt,protocol:this.
protocol,version:this.version,r
elayUrl:this.relayUrl,projectId
:this.projectId,auth:e,useOnClo
seEvent:!0,bundleId:this.bundle
Id}))),this.registerProviderLis
teners()}async recordMessageEve
nt(e){const{topic:t,message:i}=
e;await 
this.messages.set(t,i)}async sh
ouldIgnoreMessageEvent(e){const
{topic:t,message:i}=e;if(!i||i.
length===0)return 
this.logger.debug(`Ignoring 
invalid/empty message: 
${i}`),!0;if(!await this.subscr
iber.isSubscribed(t))return 
this.logger.debug(`Ignoring 
message for non-subscribed 
topic ${t}`),!0;const s=this.me
ssages.has(t,i);return 
s&&this.logger.debug(`Ignoring 
duplicate message: 
${i}`),s}async onProviderPayloa
d(e){if(this.logger.debug("[39
m[33mIncoming[39m 
[33mRelay[39m [33mPayload[3
9m[32m"),this.logger.trace({ty
pe:"[39mpayload[32m",directio
n:"[39mincoming[32m",payload:
e}),Oe(e)){if(!e.method.endsWit
h(dt))return;const t=e.params,{
topic:i,message:s,publishedAt:r
}=t.data,n={topic:i,message:s,p
ublishedAt:r};this.logger.debug
("[39m[33mEmitting[39m 
[33mRelayer[39m [33mPayload
[39m[32m"),this.logger.trace(A
r({type:"[39mevent[32m",event
:t.id},n)),this.events.emit(t.i
d,n),await this.acknowledgePayl
oad(e),await 
this.onMessageEvent(n)}else Ae(
e)&&this.events.emit(f.message_
ack,e)}async 
onMessageEvent(e){await this.sh
ouldIgnoreMessageEvent(e)||(thi
s.events.emit(f.message,e),awai
t this.recordMessageEvent(e))}a
sync 
acknowledgePayload(e){const 
t=ze(e.id,!0);await this.provid
er.connection.send(t)}unregiste
rProviderListeners(){this.provi
der.off(E.payload,this.onPayloa
dHandler),this.provider.off(E.c
onnect,this.onConnectHandler),t
his.provider.off(E.disconnect,t
his.onDisconnectHandler),this.p
rovider.off(E.error,this.onProv
iderErrorHandler),clearTimeout(
this.pingTimeout)}async 
registerEventListeners(){let 
e=await Te();_i(async 
t=>{e!==t&&(e=t,t?await this.re
startTransport().catch(i=>this.
logger.error(i)):(this.hasExper
iencedNetworkDisruption=!0,awai
t this.transportDisconnect(),th
is.transportExplicitlyClosed=!1
))})}async 
onProviderDisconnect(){await th
is.subscriber.stop(),this.reque
stsInFlight.clear(),clearTimeou
t(this.pingTimeout),this.events
.emit(f.disconnect),this.connec
tionAttemptInProgress=!1,!this.
transportExplicitlyClosed&&setT
imeout(async()=>{await this.tra
nsportOpen().catch(e=>this.logg
er.error(e))},R(gt))}isInitiali
zed(){if(!this.initialized){con
st{message:e}=c("[39m[33mNOT_
INITIALIZED[39m[32m",this.nam
e);throw new Error(e)}}async 
toEstablishConnection(){await t
his.confirmOnlineStateOrThrow()
,!this.connected&&(this.connect
ionAttemptInProgress&&await 
new Promise(e=>{const t=setInte
rval(()=>{this.connected&&(clea
rInterval(t),e())},this.connect
ionStatusPollingInterval)}),awa
it this.transportOpen())}}var z
r=Object.defineProperty,Bt=Obje
ct.getOwnPropertySymbols,Nr=Obj
ect.prototype.hasOwnProperty,Lr
=Object.prototype.propertyIsEnu
merable,Mt=(o,e,t)=>e in o?zr(o
,e,{enumerable:!0,configurable:
!0,writable:!0,value:t}):o[e]=t
,kt=(o,e)=>{for(var t in e||(e=
{}))Nr.call(e,t)&&Mt(o,t,e[t]);
if(Bt)for(var t of Bt(e))Lr.cal
l(e,t)&&Mt(o,t,e[t]);return 
o};class Kt extends oi{construc
tor(e,t,i,s=z,r=void 0){super(e
,t,i,s),this.core=e,this.logger
=t,this.name=i,this.map=new Map
,this.version=yt,this.cached=[]
,this.initialized=!1,this.stora
gePrefix=z,this.recentlyDeleted
=[],this.recentlyDeletedLimit=2
00,this.init=async()=>{this.ini
tialized||(this.logger.trace("
[39m[33mInitialized[39m[32m"
),await this.restore(),this.cac
hed.forEach(n=>{this.getKey&&n!
==null&&!oe(n)?this.map.set(thi
s.getKey(n),n):Ri(n)?this.map.s
et(n.id,n):Si(n)&&this.map.set(
n.topic,n)}),this.cached=[],thi
s.initialized=!0)},this.set=asy
nc(n,a)=>{this.isInitialized(),
this.map.has(n)?await this.upda
te(n,a):(this.logger.debug("[3
9m[33mSetting[39m value[32m"
),this.logger.trace({type:"[39
mmethod[32m",method:"[39m[36
mset[39m[32m",key:n,value:a})
,this.map.set(n,a),await this.p
ersist())},this.get=n=>(this.is
Initialized(),this.logger.debug
("[39m[33mGetting[39m value
[32m"),this.logger.trace({type:
"[39mmethod[32m",method:"[39
m[36mget[39m[32m",key:n}),th
is.getData(n)),this.getAll=n=>(
this.isInitialized(),n?this.val
ues.filter(a=>Object.keys(n).ev
ery(h=>Gi(a[h],n[h]))):this.val
ues),this.update=async(n,a)=>{t
his.isInitialized(),this.logger
.debug("[39m[33mUpdating[39m
 value[32m"),this.logger.trace
({type:"[39mmethod[32m",metho
d:"[39mupdate[32m",key:n,upda
te:a});const h=kt(kt({},this.ge
tData(n)),a);this.map.set(n,h),
await this.persist()},this.dele
te=async(n,a)=>{this.isInitiali
zed(),this.map.has(n)&&(this.lo
gger.debug("[39m[33mDeleting
[39m value[32m"),this.logger.t
race({type:"[39mmethod[32m",m
ethod:"[39m[36mdelete[39m[3
2m",key:n,reason:a}),this.map.d
elete(n),this.addToRecentlyDele
ted(n),await this.persist())},t
his.logger=b(t,this.name),this.
storagePrefix=s,this.getKey=r}g
et context(){return 
v(this.logger)}get 
storageKey(){return this.storag
ePrefix+this.version+this.core.
customStoragePrefix+"[39m[90m
//"+this.name}get 
length(){return 
this.map.size}get 
keys(){return Array.from(this.m
ap.keys())}get values(){return 
Array.from(this.map.values())}a
ddToRecentlyDeleted(e){this.rec
entlyDeleted.push(e),this.recen
tlyDeleted.length>=this.recentl
yDeletedLimit&&this.recentlyDel
eted.splice(0,this.recentlyDele
tedLimit/2)}async 
setDataStore(e){await this.core
.storage.setItem(this.storageKe
y,e)}async 
getDataStore(){return await thi
s.core.storage.getItem(this.sto
rageKey)}getData(e){const t=thi
s.map.get(e);if(!t){if(this.rec
entlyDeleted.includes(e)){const
{message:s}=c("MISSING_OR_INVAL
ID",`Record was recently 
deleted - ${this.name}: 
${e}`);throw 
this.logger.error(s),new Error(
s)}const{message:i}=c("NO_MATCH
ING_KEY",`${this.name}: 
${e}`);throw 
this.logger.error(i),new 
Error(i)}return t}async 
persist(){await this.setDataSto
re(this.values)}async 
restore(){try{const e=await 
this.getDataStore();if(typeof e
>"u"||!e.length)return;if(this.
map.size){const{message:t}=c("R
ESTORE_WILL_OVERRIDE",this.name
);throw 
this.logger.error(t),new Error(
t)}this.cached=e,this.logger.de
bug(`Successfully Restored 
value for ${this.name}`),this.l
ogger.trace({type:"method",meth
od:"restore",value:this.values}
)}catch(e){this.logger.debug(`F
ailed to Restore value for ${th
is.name}`),this.logger.error(e)
}}isInitialized(){if(!this.init
ialized){const{message:e}=c("NO
T_INITIALIZED",this.name);throw
 new Error(e)}}}class Vt{constr
uctor(e,t){this.core=e,this.log
ger=t,this.name=wt,this.version
=vt,this.events=new Wt,this.ini
tialized=!1,this.storagePrefix=
z,this.ignoredPayloadTypes=[Pi]
,this.registeredMethods=[],this
.init=async()=>{this.initialize
d||(await 
this.pairings.init(),await this
.cleanup(),this.registerRelayer
Events(),this.registerExpirerEv
ents(),this.initialized=!0,this
.logger.trace("Initialized"))},
this.register=({methods:i})=>{t
his.isInitialized(),this.regist
eredMethods=[...new Set([...thi
s.registeredMethods,...i])]},th
is.create=async 
i=>{this.isInitialized();const 
s=se(),r=await this.core.crypto
.setSymKey(s),n=J(Pe),a={protoc
ol:ct},h={topic:r,expiry:n,rela
y:a,active:!1},l=xi({protocol:t
his.core.protocol,version:this.
core.version,topic:r,symKey:s,r
elay:a,expiryTimestamp:n,method
s:i?.methods});return this.core
.expirer.set(r,n),await 
this.pairings.set(r,h),await th
is.core.relayer.subscribe(r),{t
opic:r,uri:l}},this.pair=async 
i=>{this.isInitialized(),this.i
sValidPair(i);const{topic:s,sym
Key:r,relay:n,expiryTimestamp:a
,methods:h}=_e(i.uri);let l;if(
this.pairings.keys.includes(s)&
&(l=this.pairings.get(s),l.acti
ve))throw new Error(`Pairing 
already exists: ${s}. Please 
try again with a new 
connection URI.`);const d=a||J(
Pe),g={topic:s,relay:n,expiry:d
,active:!1,methods:h};return th
is.core.expirer.set(s,d),await 
this.pairings.set(s,g),i.activa
tePairing&&await this.activate(
{topic:s}),this.events.emit(q.c
reate,g),this.core.crypto.keych
ain.has(s)||await this.core.cry
pto.setSymKey(r,s),await this.c
ore.relayer.subscribe(s,{relay:
n}),g},this.activate=async({top
ic:i})=>{this.isInitialized();c
onst s=J(W);this.core.expirer.s
et(i,s),await this.pairings.upd
ate(i,{active:!0,expiry:s})},th
is.ping=async 
i=>{this.isInitialized(),await 
this.isValidPing(i);const{topic
:s}=i;if(this.pairings.keys.inc
ludes(s)){const r=await this.se
ndRequest(s,"wc_pairingPing",{}
),{done:n,resolve:a,reject:h}=O
i();this.events.once(he("pairin
g_ping",r),({error:l})=>{l?h(l)
:a()}),await n()}},this.updateE
xpiry=async({topic:i,expiry:s})
=>{this.isInitialized(),await t
his.pairings.update(i,{expiry:s
})},this.updateMetadata=async({
topic:i,metadata:s})=>{this.isI
nitialized(),await this.pairing
s.update(i,{peerMetadata:s})},t
his.getPairings=()=>(this.isIni
tialized(),this.pairings.values
),this.disconnect=async 
i=>{this.isInitialized(),await 
this.isValidDisconnect(i);const
{topic:s}=i;this.pairings.keys.
includes(s)&&(await this.sendRe
quest(s,"wc_pairingDelete",K("U
SER_DISCONNECTED")),await this.
deletePairing(s))},this.sendReq
uest=async(i,s,r)=>{const 
n=Ne(s,r),a=await this.core.cry
pto.encode(i,n),h=B[s].req;retu
rn this.core.history.set(i,n),t
his.core.relayer.publish(i,a,h)
,n.id},this.sendResult=async(i,
s,r)=>{const n=ze(i,r),a=await 
this.core.crypto.encode(s,n),h=
await this.core.history.get(s,i
),l=B[h.request.method].res;awa
it this.core.relayer.publish(s,
a,l),await this.core.history.re
solve(n)},this.sendError=async(
i,s,r)=>{const 
n=Vi(i,r),a=await this.core.cry
pto.encode(s,n),h=await this.co
re.history.get(s,i),l=B[h.reque
st.method]?B[h.request.method].
res:B.unregistered_method.res;a
wait this.core.relayer.publish(
s,a,l),await this.core.history.
resolve(n)},this.deletePairing=
async(i,s)=>{await this.core.re
layer.unsubscribe(i),await Prom
ise.all([this.pairings.delete(i
,K("USER_DISCONNECTED")),this.c
ore.crypto.deleteSymKey(i),s?Pr
omise.resolve():this.core.expir
er.del(i)])},this.cleanup=async
()=>{const i=this.pairings.getA
ll().filter(s=>Re(s.expiry));aw
ait Promise.all(i.map(s=>this.d
eletePairing(s.topic)))},this.o
nRelayEventRequest=i=>{const{to
pic:s,payload:r}=i;switch(r.met
hod){case"wc_pairingPing":retur
n this.onPairingPingRequest(s,r
);case"wc_pairingDelete":return
 this.onPairingDeleteRequest(s,
r);default:return this.onUnknow
nRpcMethodRequest(s,r)}},this.o
nRelayEventResponse=async i=>{c
onst{topic:s,payload:r}=i,n=(aw
ait this.core.history.get(s,r.i
d)).request.method;switch(n){ca
se"wc_pairingPing":return this.
onPairingPingResponse(s,r);defa
ult:return this.onUnknownRpcMet
hodResponse(n)}},this.onPairing
PingRequest=async(i,s)=>{const{
id:r}=s;try{this.isValidPing({t
opic:i}),await this.sendResult(
r,i,!0),this.events.emit(q.ping
,{id:r,topic:i})}catch(n){await
 this.sendError(r,i,n),this.log
ger.error(n)}},this.onPairingPi
ngResponse=(i,s)=>{const{id:r}=
s;setTimeout(()=>{qi(s)?this.ev
ents.emit(he("pairing_ping",r),
{}):Le(s)&&this.events.emit(he(
"pairing_ping",r),{error:s.erro
r})},500)},this.onPairingDelete
Request=async(i,s)=>{const{id:r
}=s;try{this.isValidDisconnect(
{topic:i}),await this.deletePai
ring(i),this.events.emit(q.dele
te,{id:r,topic:i})}catch(n){awa
it this.sendError(r,i,n),this.l
ogger.error(n)}},this.onUnknown
RpcMethodRequest=async(i,s)=>{c
onst{id:r,method:n}=s;try{if(th
is.registeredMethods.includes(n
))return;const a=K("WC_METHOD_U
NSUPPORTED",n);await this.sendE
rror(r,i,a),this.logger.error(a
)}catch(a){await this.sendError
(r,i,a),this.logger.error(a)}},
this.onUnknownRpcMethodResponse
=i=>{this.registeredMethods.inc
ludes(i)||this.logger.error(K("
WC_METHOD_UNSUPPORTED",i))},thi
s.isValidPair=i=>{var s;if(!ce(
i)){const{message:n}=c("MISSING
_OR_INVALID",`pair() params: 
${i}`);throw new Error(n)}if(!A
i(i.uri)){const{message:n}=c("M
ISSING_OR_INVALID",`pair() 
uri: ${i.uri}`);throw new 
Error(n)}const r=_e(i.uri);if(!
((s=r?.relay)!=null&&s.protocol
)){const{message:n}=c("MISSING_
OR_INVALID","pair() 
uri#relay-protocol");throw new 
Error(n)}if(!(r!=null&&r.symKey
)){const{message:n}=c("MISSING_
OR_INVALID","pair() 
uri#symKey");throw new Error(n)
}if(r!=null&&r.expiryTimestamp&
&R(r?.expiryTimestamp)<Date.now
()){const{message:n}=c("EXPIRED
","pair() URI has expired. 
Please try again with a new 
connection URI.");throw new Err
or(n)}},this.isValidPing=async 
i=>{if(!ce(i)){const{message:r}
=c("MISSING_OR_INVALID",`ping()
 params: ${i}`);throw new Error
(r)}const{topic:s}=i;await this
.isValidPairingTopic(s)},this.i
sValidDisconnect=async i=>{if(!
ce(i)){const{message:r}=c("MISS
ING_OR_INVALID",`disconnect() 
params: ${i}`);throw new Error(
r)}const{topic:s}=i;await this.
isValidPairingTopic(s)},this.is
ValidPairingTopic=async i=>{if(
!zi(i,!1)){const{message:s}=c("
MISSING_OR_INVALID",`pairing 
topic should be a string: 
${i}`);throw new Error(s)}if(!t
his.pairings.keys.includes(i)){
const{message:s}=c("NO_MATCHING
_KEY",`pairing topic doesn't 
exist: ${i}`);throw new Error(s
)}if(Re(this.pairings.get(i).ex
piry)){await this.deletePairing
(i);const{message:s}=c("EXPIRED
",`pairing topic: ${i}`);throw 
new Error(s)}},this.core=e,this
.logger=b(t,this.name),this.pai
rings=new Kt(this.core,this.log
ger,this.name,this.storagePrefi
x)}get context(){return v(this.
logger)}isInitialized(){if(!thi
s.initialized){const{message:e}
=c("NOT_INITIALIZED",this.name)
;throw new Error(e)}}registerRe
layerEvents(){this.core.relayer
.on(f.message,async e=>{const{t
opic:t,message:i}=e;if(!this.pa
irings.keys.includes(t)||this.i
gnoredPayloadTypes.includes(thi
s.core.crypto.getPayloadType(i)
))return;const s=await this.cor
e.crypto.decode(t,i);try{Oe(s)?
(this.core.history.set(t,s),thi
s.onRelayEventRequest({topic:t,
payload:s})):Ae(s)&&(await this
.core.history.resolve(s),await 
this.onRelayEventResponse({topi
c:t,payload:s}),this.core.histo
ry.delete(t,s.id))}catch(r){thi
s.logger.error(r)}})}registerEx
pirerEvents(){this.core.expirer
.on(C.expired,async e=>{const{t
opic:t}=Ni(e.target);t&&this.pa
irings.keys.includes(t)&&(await
 this.deletePairing(t,!0),this.
events.emit(q.expire,{topic:t})
)})}}class qt extends ai{constr
uctor(e,t){super(e,t),this.core
=e,this.logger=t,this.records=n
ew Map,this.events=new U,this.n
ame=It,this.version=Ct,this.cac
hed=[],this.initialized=!1,this
.storagePrefix=z,this.init=asyn
c()=>{this.initialized||(this.l
ogger.trace("Initialized"),awai
t this.restore(),this.cached.fo
rEach(i=>this.records.set(i.id,
i)),this.cached=[],this.registe
rEventListeners(),this.initiali
zed=!0)},this.set=(i,s,r)=>{if(
this.isInitialized(),this.logge
r.debug("Setting JSON-RPC 
request history record"),this.l
ogger.trace({type:"method",meth
od:"set",topic:i,request:s,chai
nId:r}),this.records.has(s.id))
return;const n={id:s.id,topic:i
,request:{method:s.method,param
s:s.params||null},chainId:r,exp
iry:J(W)};this.records.set(n.id
,n),this.persist(),this.events.
emit(I.created,n)},this.resolve
=async i=>{if(this.isInitialize
d(),this.logger.debug("Updating
 JSON-RPC response history reco
rd"),this.logger.trace({type:"m
ethod",method:"update",response
:i}),!this.records.has(i.id))re
turn;const s=await 
this.getRecord(i.id);typeof s.r
esponse>"u"&&(s.response=Le(i)?
{error:i.error}:{result:i.resul
t},this.records.set(s.id,s),thi
s.persist(),this.events.emit(I.
updated,s))},this.get=async(i,s
)=>(this.isInitialized(),this.l
ogger.debug("Getting record"),t
his.logger.trace({type:"method"
,method:"get",topic:i,id:s}),aw
ait this.getRecord(s)),this.del
ete=(i,s)=>{this.isInitialized(
),this.logger.debug("Deleting r
ecord"),this.logger.trace({type
:"method",method:"delete",id:s}
),this.values.forEach(r=>{if(r.
topic===i){if(typeof s<"u"&&r.i
d!==s)return;this.records.delet
e(r.id),this.events.emit(I.dele
ted,r)}}),this.persist()},this.
exists=async(i,s)=>(this.isInit
ialized(),this.records.has(s)?(
await this.getRecord(s)).topic=
==i:!1),this.on=(i,s)=>{this.ev
ents.on(i,s)},this.once=(i,s)=>
{this.events.once(i,s)},this.of
f=(i,s)=>{this.events.off(i,s)}
,this.removeListener=(i,s)=>{th
is.events.removeListener(i,s)},
this.logger=b(t,this.name)}get 
context(){return 
v(this.logger)}get 
storageKey(){return this.storag
ePrefix+this.version+this.core.
customStoragePrefix+"//"+this.n
ame}get size(){return 
this.records.size}get 
keys(){return Array.from(this.r
ecords.keys())}get 
values(){return Array.from(this
.records.values())}get 
pending(){const e=[];return thi
s.values.forEach(t=>{if(typeof 
t.response<"u")return;const i={
topic:t.topic,request:Ne(t.requ
est.method,t.request.params,t.i
d),chainId:t.chainId};return 
e.push(i)}),e}async 
setJsonRpcRecords(e){await this
.core.storage.setItem(this.stor
ageKey,e)}async 
getJsonRpcRecords(){return 
await this.core.storage.getItem
(this.storageKey)}getRecord(e){
this.isInitialized();const t=th
is.records.get(e);if(!t){const{
message:i}=c("NO_MATCHING_KEY",
`${this.name}: ${e}`);throw 
new Error(i)}return t}async 
persist(){await this.setJsonRpc
Records(this.values),this.event
s.emit(I.sync)}async 
restore(){try{const e=await thi
s.getJsonRpcRecords();if(typeof
 e>"u"||!e.length)return;if(thi
s.records.size){const{message:t
}=c("RESTORE_WILL_OVERRIDE",thi
s.name);throw 
this.logger.error(t),new Error(
t)}this.cached=e,this.logger.de
bug(`Successfully Restored 
records for ${this.name}`),this
.logger.trace({type:"method",me
thod:"restore",records:this.val
ues})}catch(e){this.logger.debu
g(`Failed to Restore records 
for ${this.name}`),this.logger.
error(e)}}registerEventListener
s(){this.events.on(I.created,e=
>{const t=I.created;this.logger
.info(`Emitting ${t}`),this.log
ger.debug({type:"event",event:t
,record:e})}),this.events.on(I.
updated,e=>{const t=I.updated;t
his.logger.info(`Emitting ${t}`
),this.logger.debug({type:"even
t",event:t,record:e})}),this.ev
ents.on(I.deleted,e=>{const t=I
.deleted;this.logger.info(`Emit
ting ${t}`),this.logger.debug({
type:"event",event:t,record:e})
}),this.core.heartbeat.on(Y.pul
se,()=>{this.cleanup()})}cleanu
p(){try{this.isInitialized();le
t e=!1;this.records.forEach(t=>
{R(t.expiry||0)-Date.now()<=0&&
(this.logger.info(`Deleting 
expired history log: ${t.id}`),
this.records.delete(t.id),this.
events.emit(I.deleted,t,!1),e=!
0)}),e&&this.persist()}catch(e)
{this.logger.warn(e)}}isInitial
ized(){if(!this.initialized){co
nst{message:e}=c("NOT_INITIALIZ
ED",this.name);throw new 
Error(e)}}}class jt extends hi{
constructor(e,t){super(e,t),thi
s.core=e,this.logger=t,this.exp
irations=new 
Map,this.events=new U,this.name
=Tt,this.version=_t,this.cached
=[],this.initialized=!1,this.st
oragePrefix=z,this.init=async()
=>{this.initialized||(this.logg
er.trace("Initialized"),await t
his.restore(),this.cached.forEa
ch(i=>this.expirations.set(i.ta
rget,i)),this.cached=[],this.re
gisterEventListeners(),this.ini
tialized=!0)},this.has=i=>{try{
const 
s=this.formatTarget(i);return 
typeof this.getExpiration(s)<"u
"}catch{return!1}},this.set=(i,
s)=>{this.isInitialized();const
 r=this.formatTarget(i),n={targ
et:r,expiry:s};this.expirations
.set(r,n),this.checkExpiry(r,n)
,this.events.emit(C.created,{ta
rget:r,expiration:n})},this.get
=i=>{this.isInitialized();const
 s=this.formatTarget(i);return 
this.getExpiration(s)},this.del
=i=>{if(this.isInitialized(),th
is.has(i)){const s=this.formatT
arget(i),r=this.getExpiration(s
);this.expirations.delete(s),th
is.events.emit(C.deleted,{targe
t:s,expiration:r})}},this.on=(i
,s)=>{this.events.on(i,s)},this
.once=(i,s)=>{this.events.once(
i,s)},this.off=(i,s)=>{this.eve
nts.off(i,s)},this.removeListen
er=(i,s)=>{this.events.removeLi
stener(i,s)},this.logger=b(t,th
is.name)}get context(){return 
v(this.logger)}get 
storageKey(){return this.storag
ePrefix+this.version+this.core.
customStoragePrefix+"//"+this.n
ame}get length(){return 
this.expirations.size}get 
keys(){return Array.from(this.e
xpirations.keys())}get 
values(){return Array.from(this
.expirations.values())}formatTa
rget(e){if(typeof 
e=="string")return 
Li(e);if(typeof 
e=="number")return Ui(e);const{
message:t}=c("UNKNOWN_TYPE",`Ta
rget type: ${typeof e}`);throw 
new Error(t)}async 
setExpirations(e){await this.co
re.storage.setItem(this.storage
Key,e)}async 
getExpirations(){return await t
his.core.storage.getItem(this.s
torageKey)}async 
persist(){await this.setExpirat
ions(this.values),this.events.e
mit(C.sync)}async 
restore(){try{const e=await thi
s.getExpirations();if(typeof e>
"u"||!e.length)return;if(this.e
xpirations.size){const{message:
t}=c("RESTORE_WILL_OVERRIDE",th
is.name);throw 
this.logger.error(t),new Error(
t)}this.cached=e,this.logger.de
bug(`Successfully Restored 
expirations for ${this.name}`),
this.logger.trace({type:"method
",method:"restore",expirations:
this.values})}catch(e){this.log
ger.debug(`Failed to Restore 
expirations for ${this.name}`),
this.logger.error(e)}}getExpira
tion(e){const t=this.expiration
s.get(e);if(!t){const{message:i
}=c("NO_MATCHING_KEY",`${this.n
ame}: ${e}`);throw 
this.logger.warn(i),new 
Error(i)}return t}checkExpiry(e
,t){const{expiry:i}=t;R(i)-Date
.now()<=0&&this.expire(e,t)}exp
ire(e,t){this.expirations.delet
e(e),this.events.emit(C.expired
,{target:e,expiration:t})}check
Expirations(){this.core.relayer
.connected&&this.expirations.fo
rEach((e,t)=>this.checkExpiry(t
,e))}registerEventListeners(){t
his.core.heartbeat.on(Y.pulse,(
)=>this.checkExpirations()),thi
s.events.on(C.created,e=>{const
 t=C.created;this.logger.info(`
Emitting ${t}`),this.logger.deb
ug({type:"event",event:t,data:e
}),this.persist()}),this.events
.on(C.expired,e=>{const t=C.exp
ired;this.logger.info(`Emitting
 ${t}`),this.logger.debug({type
:"event",event:t,data:e}),this.
persist()}),this.events.on(C.de
leted,e=>{const t=C.deleted;thi
s.logger.info(`Emitting ${t}`),
this.logger.debug({type:"event"
,event:t,data:e}),this.persist(
)})}isInitialized(){if(!this.in
itialized){const{message:e}=c("
NOT_INITIALIZED",this.name);thr
ow new Error(e)}}}class Gt 
extends ci{constructor(e,t){sup
er(e,t),this.projectId=e,this.l
ogger=t,this.name=ee,this.initi
alized=!1,this.queue=[],this.ve
rifyDisabled=!1,this.init=async
 i=>{if(this.verifyDisabled||Fi
()||!$i())return;const s=this.g
etVerifyUrl(i?.verifyUrl);this.
verifyUrl!==s&&this.removeIfram
e(),this.verifyUrl=s;try{await 
this.createIframe()}catch(r){th
is.logger.info(`Verify iframe 
failed to load: ${this.verifyUr
l}`),this.logger.info(r)}if(!th
is.initialized){this.removeIfra
me(),this.verifyUrl=te;try{awai
t this.createIframe()}catch(r){
this.logger.info(`Verify 
iframe failed to load: ${this.v
erifyUrl}`),this.logger.info(r)
,this.verifyDisabled=!0}}},this
.register=async i=>{this.initia
lized?this.sendPost(i.attestati
onId):(this.addToQueue(i.attest
ationId),await this.init())},th
is.resolve=async i=>{if(this.is
DevEnv)return"";const s=this.ge
tVerifyUrl(i?.verifyUrl);let 
r;try{r=await this.fetchAttesta
tion(i.attestationId,s)}catch(n
){this.logger.info(`failed to 
resolve attestation: 
${i.attestationId} from url: ${
s}`),this.logger.info(n),r=awai
t this.fetchAttestation(i.attes
tationId,te)}return r},this.fet
chAttestation=async(i,s)=>{this
.logger.info(`resolving 
attestation: ${i} from url: 
${s}`);const r=this.startAbortT
imer(X*2),n=await fetch(`${s}/a
ttestation/${i}`,{signal:this.a
bortController.signal});return 
clearTimeout(r),n.status===200?
await n.json():void 0},this.add
ToQueue=i=>{this.queue.push(i)}
,this.processQueue=()=>{this.qu
eue.length!==0&&(this.queue.for
Each(i=>this.sendPost(i)),this.
queue=[])},this.sendPost=i=>{va
r s;try{if(!this.iframe)return;
(s=this.iframe.contentWindow)==
null||s.postMessage(i,"*"),this
.logger.info(`postMessage 
sent: ${i} ${this.verifyUrl}`)}
catch{}},this.createIframe=asyn
c()=>{let i;const s=r=>{r.data=
=="verify_ready"&&(this.onInit(
),window.removeEventListener("m
essage",s),i())};await 
Promise.race([new 
Promise(r=>{const n=document.ge
tElementById(ee);if(n)return th
is.iframe=n,this.onInit(),r();w
indow.addEventListener("message
",s);const a=document.createEle
ment("iframe");a.id=ee,a.src=`$
{this.verifyUrl}/${this.project
Id}`,a.style.display="none",doc
ument.body.append(a),this.ifram
e=a,i=r}),new Promise((r,n)=>se
tTimeout(()=>{window.removeEven
tListener("message",s),n("verif
y iframe load timeout")},R(Se))
)])},this.onInit=()=>{this.init
ialized=!0,this.processQueue()}
,this.removeIframe=()=>{this.if
rame&&(this.iframe.remove(),thi
s.iframe=void 0,this.initialize
d=!1)},this.getVerifyUrl=i=>{le
t s=i||M;return Rt.includes(s)|
|(this.logger.info(`verify 
url: ${s}, not included in 
trusted list, assigning 
default: ${M}`),s=M),s},this.lo
gger=b(t,this.name),this.verify
Url=M,this.abortController=new 
AbortController,this.isDevEnv=a
e()&&process.env.IS_VITEST}get 
context(){return v(this.logger)
}startAbortTimer(e){return 
this.abortController=new AbortC
ontroller,setTimeout(()=>this.a
bortController.abort(),R(e))}}c
lass Yt extends li{constructor(
e,t){super(e,t),this.projectId=
e,this.logger=t,this.context=St
,this.registerDeviceToken=async
 i=>{const{clientId:s,token:r,n
otificationType:n,enableEncrypt
ed:a=!1}=i,h=`${Pt}/${this.proj
ectId}/clients`;await Yi(h,{met
hod:"POST",headers:{"Content-Ty
pe":"application/json"},body:JS
ON.stringify({client_id:s,type:
n,token:r,always_raw:a})})},thi
s.logger=b(t,this.context)}}var
 Ur=Object.defineProperty,Ht=Ob
ject.getOwnPropertySymbols,Fr=O
bject.prototype.hasOwnProperty,
$r=Object.prototype.propertyIsE
numerable,Jt=(o,e,t)=>e in o?Ur
(o,e,{enumerable:!0,configurabl
e:!0,writable:!0,value:t}):o[e]
=t,Xt=(o,e)=>{for(var t in e||(
e={}))Fr.call(e,t)&&Jt(o,t,e[t]
);if(Ht)for(var t of Ht(e))$r.c
all(e,t)&&Jt(o,t,e[t]);return 
o};class ie extends 
ui{constructor(e){var t;super(e
),this.protocol=De,this.version
=Qe,this.name=Z,this.events=new
 U,this.initialized=!1,this.on=
(n,a)=>this.events.on(n,a),this
.once=(n,a)=>this.events.once(n
,a),this.off=(n,a)=>this.events
.off(n,a),this.removeListener=(
n,a)=>this.events.removeListene
r(n,a),this.projectId=e?.projec
tId,this.relayUrl=e?.relayUrl||
me,this.customStoragePrefix=e!=
null&&e.customStoragePrefix?`:$
{e.customStoragePrefix}`:"";con
st i=Ee({level:typeof e?.logger
=="string"&&e.logger?e.logger:Z
e.logger}),{logger:s,chunkLogge
rController:r}=ti({opts:i,maxSi
zeInBytes:e?.maxLogBlobSizeInBy
tes,loggerOverride:e?.logger});
this.logChunkController=r,(t=th
is.logChunkController)!=null&&t
.downloadLogsBlobInBrowser&&(wi
ndow.downloadLogsBlobInBrowser=
async()=>{var n,a;(n=this.logCh
unkController)!=null&&n.downloa
dLogsBlobInBrowser&&((a=this.lo
gChunkController)==null||a.down
loadLogsBlobInBrowser({clientId
:await this.crypto.getClientId(
)}))}),this.logger=b(s,this.nam
e),this.heartbeat=new 
Zt,this.crypto=new Ot(this,this
.logger,e?.keychain),this.histo
ry=new qt(this,this.logger),thi
s.expirer=new jt(this,this.logg
er),this.storage=e!=null&&e.sto
rage?e.storage:new Qt(Xt(Xt({},
et),e?.storageOptions)),this.re
layer=new $t({core:this,logger:
this.logger,relayUrl:this.relay
Url,projectId:this.projectId}),
this.pairing=new Vt(this,this.l
ogger),this.verify=new Gt(this.
projectId||"",this.logger),this
.echoClient=new Yt(this.project
Id||"",this.logger)}static 
async init(e){const t=new 
ie(e);await 
t.initialize();const i=await 
t.crypto.getClientId();return 
await 
t.storage.setItem(mt,i),t}get 
context(){return 
v(this.logger)}async start(){th
is.initialized||await 
this.initialize()}async 
getLogsBlob(){var e;return(e=th
is.logChunkController)==null?vo
id 
0:e.logsToBlob({clientId:await 
this.crypto.getClientId()})}asy
nc initialize(){this.logger.tra
ce("Initialized");try{await 
this.crypto.init(),await 
this.history.init(),await 
this.expirer.init(),await 
this.relayer.init(),await 
this.heartbeat.init(),await thi
s.pairing.init(),this.initializ
ed=!0,this.logger.info("Core 
Initialization 
Success")}catch(e){throw 
this.logger.warn(`Core 
Initialization Failure at 
epoch ${Date.now()}`,e),this.lo
gger.error(e.message),e}}}const
 Br=ie;export{Z as 
CORE_CONTEXT,Ze as 
CORE_DEFAULT,De as 
CORE_PROTOCOL,et as 
CORE_STORAGE_OPTIONS,z as 
CORE_STORAGE_PREFIX,Qe as 
CORE_VERSION,ye as 
CRYPTO_CLIENT_SEED,tt as 
CRYPTO_CONTEXT,it as 
CRYPTO_JWT_TTL,Br as Core,Ot 
as Crypto,St as 
ECHO_CONTEXT,Pt as ECHO_URL,Tt 
as EXPIRER_CONTEXT,wr as 
EXPIRER_DEFAULT_TTL,C as 
EXPIRER_EVENTS,_t as 
EXPIRER_STORAGE_VERSION,Yt as 
EchoClient,jt as Expirer,It as 
HISTORY_CONTEXT,I as 
HISTORY_EVENTS,Ct as 
HISTORY_STORAGE_VERSION,qt as 
JsonRpcHistory,st as 
KEYCHAIN_CONTEXT,rt as 
KEYCHAIN_STORAGE_VERSION,xt as 
KeyChain,nt as 
MESSAGES_CONTEXT,ot as 
MESSAGES_STORAGE_VERSION,At as 
MessageTracker,wt as 
PAIRING_CONTEXT,Er as 
PAIRING_DEFAULT_TTL,q as 
PAIRING_EVENTS,B as 
PAIRING_RPC_OPTS,vt as 
PAIRING_STORAGE_VERSION,Et as P
ENDING_SUB_RESOLUTION_TIMEOUT,h
t as PUBLISHER_CONTEXT,at as 
PUBLISHER_DEFAULT_TTL,Vt as 
Pairing,ut as 
RELAYER_CONTEXT,lt as 
RELAYER_DEFAULT_LOGGER,ct as 
RELAYER_DEFAULT_PROTOCOL,me as 
RELAYER_DEFAULT_RELAY_URL,f as 
RELAYER_EVENTS,be as 
RELAYER_FAILOVER_RELAY_URL,E 
as RELAYER_PROVIDER_EVENTS,gt 
as 
RELAYER_RECONNECT_TIMEOUT,pt 
as RELAYER_SDK_VERSION,br as 
RELAYER_STORAGE_OPTIONS,dt as 
RELAYER_SUBSCRIBER_SUFFIX,Dt 
as RELAYER_TRANSPORT_CUTOFF,$t 
as Relayer,yt as 
STORE_STORAGE_VERSION,bt as 
SUBSCRIBER_CONTEXT,fr as 
SUBSCRIBER_DEFAULT_TTL,S as 
SUBSCRIBER_EVENTS,ft as 
SUBSCRIBER_STORAGE_VERSION,Kt 
as Store,Lt as Subscriber,Rt 
as TRUSTED_VERIFY_URLS,ee as 
VERIFY_CONTEXT,te as 
VERIFY_FALLBACK_SERVER,M as 
VERIFY_SERVER,Gt as Verify,mt 
as WALLETCONNECT_CLIENT_ID,ie 
as default};[39m
 [90m   |[39m                
                               
                               
                               
                               
                               
                               
                               
                               
                               
                               
                               
                               
                               
                               
                               
                               
                               
                               
                               
                               
                               
                               
                               
                               
                               
                               
                               
                               
                               
                               
                               
                               
                               
                               
                               
                               
                               
                               
                               
                               
                               
                               
                               
                               
                               
                               
                               
                               
                               
                               
                               
                               
                               
                               
                               
                               
                               
                               
                               
                               
                               
                               
                               
                               
                               
                               
                               
                               
             [31m[1m^[22m[3
9m[31m[1m^[22m[39m[31m[1m
^[22m[39m[31m[1m^[22m[39m
[31m[1m^[22m[39m[31m[1m^
[22m[39m[31m[1m^[22m[39m[
31m[1m^[22m[39m[31m[1m^[2
2m[39m[31m[1m^[22m[39m[31
m[1m^[22m[39m[31m[1m^[22m
[39m[31m[1m^[22m[39m[31m
[1m^[22m[39m[31m[1m^[22m[
39m[31m[1m^[22m[39m[31m[1
m^[22m[39m[31m[1m^[22m[39
m[31m[1m^[22m[39m[31m[1m^
[22m[39m[31m[1m^[22m[39m
[31m[1m^[22m[39m[31m[1m^[
22m[39m[31m[1m^[22m[39m[3
1m[1m^[22m[39m[31m[1m^[22
m[39m[31m[1m^[22m[39m[31m
[1m^[22m[39m[31m[1m^[22m
[39m[31m[1m^[22m[39m[31m[
1m^[22m[39m
 [90m 2 |[39m [90m//# source
MappingURL=index.es.js.map[39m
 [90m 3 |[39m[0m



Import traces:
  Client Component Browser:
    ./node_modules/@walletconne
ct/core/dist/index.es.js 
[Client Component Browser]
    ./node_modules/@walletconne
ct/sign-client/dist/index.es.js
 [Client Component Browser]
    ./node_modules/@walletconne
ct/universal-provider/dist/inde
x.es.js [Client Component 
Browser]
    ./node_modules/@walletconne
ct/ethereum-provider/dist/index
.es.js [Client Component 
Browser]
    ./node_modules/@web3modal/e
thers/dist/esm/src/client.js 
[Client Component Browser]
    ./node_modules/@web3modal/e
thers/dist/esm/exports/react.js
 [Client Component Browser]
    ./hooks/useWeb3Manager.ts 
[Client Component Browser]
    ./components/EligibilityFlo
w.tsx [Client Component 
Browser]
    ./app/page.tsx [Client 
Component Browser]
    ./app/page.tsx [Server 
Component]

  Client Component SSR:
    ./node_modules/@walletconne
ct/core/dist/index.es.js 
[Client Component SSR]
    ./node_modules/@walletconne
ct/sign-client/dist/index.es.js
 [Client Component SSR]
    ./node_modules/@walletconne
ct/universal-provider/dist/inde
x.es.js [Client Component SSR]
    ./node_modules/@walletconne
ct/ethereum-provider/dist/index
.es.js [Client Component SSR]
    ./node_modules/@web3modal/e
thers/dist/esm/src/client.js 
[Client Component SSR]
    ./node_modules/@web3modal/e
thers/dist/esm/exports/react.js
 [Client Component SSR]
    ./hooks/useWeb3Manager.ts 
[Client Component SSR]
    ./components/EligibilityFlo
w.tsx [Client Component SSR]
    ./app/page.tsx [Client 
Component SSR]
    ./app/page.tsx [Server 
Component]

https://nextjs.org/docs/message
s/module-not-found


./app/amb/page.tsx:4:1
Module not found: Can't 
resolve 'lucide-react'
[0m [90m 2 |[39m
 [90m 3 |[39m 
[36mimport[39m { useState } 
[36mfrom[39m 
[32m"react"[39m[33m;[39m
[31m[1m>[22m[39m[90m 4 
|[39m [36mimport[39m { 
[33mArrowLeft[39m[33m,[39m 
[33mSend[39m[33m,[39m 
[33mLoader2[39m[33m,[39m [
33mCheckCircle2[39m[33m,[39m
 [33mXCircle[39m[33m,[39m 
[33mTwitter[39m[33m,[39m 
[33mMail[39m[33m,[39m [33m
MessageSquare[39m[33m,[39m 
[33mBriefcase[39m[33m,[39m 
[33mLink[39m [36mas[39m 
[33mLinkIcon[39m[33m,[39m 
[33mSparkles[39m[33m,[39m 
[33mGift[39m[33m,[39m [33m
TrendingUp[39m[33m,[39m 
[33mHeart[39m[33m,[39m 
[33mZap[39m[33m,[39m 
[33mArrowRight[39m } 
[36mfrom[39m [32m"lucide-rea
ct"[39m[33m;[39m
 [90m   |[39m [31m[1m^[22m
[39m[31m[1m^[22m[39m[31m
[1m^[22m[39m[31m[1m^[22m[
39m[31m[1m^[22m[39m[31m[1
m^[22m[39m[31m[1m^[22m[39
m[31m[1m^[22m[39m[31m[1m^
[22m[39m[31m[1m^[22m[39m
[31m[1m^[22m[39m[31m[1m^[
22m[39m[31m[1m^[22m[39m[3
1m[1m^[22m[39m[31m[1m^[22
m[39m[31m[1m^[22m[39m[31m
[1m^[22m[39m[31m[1m^[22m
[39m[31m[1m^[22m[39m[31m[
1m^[22m[39m[31m[1m^[22m[3
9m[31m[1m^[22m[39m[31m[1m
^[22m[39m[31m[1m^[22m[39m
[31m[1m^[22m[39m[31m[1m^
[22m[39m[31m[1m^[22m[39m[
31m[1m^[22m[39m[31m[1m^[2
2m[39m[31m[1m^[22m[39m[31
m[1m^[22m[39m[31m[1m^[22m
[39m[31m[1m^[22m[39m[31m
[1m^[22m[39m[31m[1m^[22m[
39m[31m[1m^[22m[39m[31m[1
m^[22m[39m[31m[1m^[22m[39
m[31m[1m^[22m[39m[31m[1m^
[22m[39m[31m[1m^[22m[39m
[31m[1m^[22m[39m[31m[1m^[
22m[39m[31m[1m^[22m[39m[3
1m[1m^[22m[39m[31m[1m^[22
m[39m[31m[1m^[22m[39m[31m
[1m^[22m[39m[31m[1m^[22m
[39m[31m[1m^[22m[39m[31m[
1m^[22m[39m[31m[1m^[22m[3
9m[31m[1m^[22m[39m[31m[1m
^[22m[39m[31m[1m^[22m[39m
[31m[1m^[22m[39m[31m[1m^
[22m[39m[31m[1m^[22m[39m[
31m[1m^[22m[39m[31m[1m^[2
2m[39m[31m[1m^[22m[39m[31
m[1m^[22m[39m[31m[1m^[22m
[39m[31m[1m^[22m[39m[31m
[1m^[22m[39m[31m[1m^[22m[
39m[31m[1m^[22m[39m[31m[1
m^[22m[39m[31m[1m^[22m[39
m[31m[1m^[22m[39m[31m[1m^
[22m[39m[31m[1m^[22m[39m
[31m[1m^[22m[39m[31m[1m^[
22m[39m[31m[1m^[22m[39m[3
1m[1m^[22m[39m[31m[1m^[22
m[39m[31m[1m^[22m[39m[31m
[1m^[22m[39m[31m[1m^[22m
[39m[31m[1m^[22m[39m[31m[
1m^[22m[39m[31m[1m^[22m[3
9m[31m[1m^[22m[39m[31m[1m
^[22m[39m[31m[1m^[22m[39m
[31m[1m^[22m[39m[31m[1m^
[22m[39m[31m[1m^[22m[39m[
31m[1m^[22m[39m[31m[1m^[2
2m[39m[31m[1m^[22m[39m[31
m[1m^[22m[39m[31m[1m^[22m
[39m[31m[1m^[22m[39m[31m
[1m^[22m[39m[31m[1m^[22m[
39m[31m[1m^[22m[39m[31m[1
m^[22m[39m[31m[1m^[22m[39
m[31m[1m^[22m[39m[31m[1m^
[22m[39m[31m[1m^[22m[39m
[31m[1m^[22m[39m[31m[1m^[
22m[39m[31m[1m^[22m[39m[3
1m[1m^[22m[39m[31m[1m^[22
m[39m[31m[1m^[22m[39m[31m
[1m^[22m[39m[31m[1m^[22m
[39m[31m[1m^[22m[39m[31m[
1m^[22m[39m[31m[1m^[22m[3
9m[31m[1m^[22m[39m[31m[1m
^[22m[39m[31m[1m^[22m[39m
[31m[1m^[22m[39m[31m[1m^
[22m[39m[31m[1m^[22m[39m[
31m[1m^[22m[39m[31m[1m^[2
2m[39m[31m[1m^[22m[39m[31
m[1m^[22m[39m[31m[1m^[22m
[39m[31m[1m^[22m[39m[31m
[1m^[22m[39m[31m[1m^[22m[
39m[31m[1m^[22m[39m[31m[1
m^[22m[39m[31m[1m^[22m[39
m[31m[1m^[22m[39m[31m[1m^
[22m[39m[31m[1m^[22m[39m
[31m[1m^[22m[39m[31m[1m^[
22m[39m[31m[1m^[22m[39m[3
1m[1m^[22m[39m[31m[1m^[22
m[39m[31m[1m^[22m[39m[31m
[1m^[22m[39m[31m[1m^[22m
[39m[31m[1m^[22m[39m[31m[
1m^[22m[39m[31m[1m^[22m[3
9m[31m[1m^[22m[39m[31m[1m
^[22m[39m[31m[1m^[22m[39m
[31m[1m^[22m[39m[31m[1m^
[22m[39m[31m[1m^[22m[39m[
31m[1m^[22m[39m[31m[1m^[2
2m[39m[31m[1m^[22m[39m[31
m[1m^[22m[39m[31m[1m^[22m
[39m[31m[1m^[22m[39m[31m
[1m^[22m[39m[31m[1m^[22m[
39m[31m[1m^[22m[39m[31m[1
m^[22m[39m[31m[1m^[22m[39
m[31m[1m^[22m[39m[31m[1m^
[22m[39m[31m[1m^[22m[39m
[31m[1m^[22m[39m[31m[1m^[
22m[39m[31m[1m^[22m[39m[3
1m[1m^[22m[39m[31m[1m^[22
m[39m[31m[1m^[22m[39m[31m
[1m^[22m[39m[31m[1m^[22m
[39m[31m[1m^[22m[39m[31m[
1m^[22m[39m[31m[1m^[22m[3
9m[31m[1m^[22m[39m[31m[1m
^[22m[39m[31m[1m^[22m[39m
[31m[1m^[22m[39m[31m[1m^
[22m[39m[31m[1m^[22m[39m[
31m[1m^[22m[39m[31m[1m^[2
2m[39m[31m[1m^[22m[39m[31
m[1m^[22m[39m[31m[1m^[22m
[39m[31m[1m^[22m[39m[31m
[1m^[22m[39m[31m[1m^[22m[
39m
 [90m 5 |[39m 
[36mimport[39m 
[33mLink[39m [36mfrom[39m 
[32m"next/link"[39m[33m;[39m
 [90m 6 |[39m
 [90m 7 |[39m 
[36mexport[39m 
[36mdefault[39m 
[36mfunction[39m 
[33mAmbassadorPage[39m() 
{[0m



Import traces:
  Client Component Browser:
    ./app/amb/page.tsx [Client 
Component Browser]
    ./app/amb/page.tsx [Server 
Component]

  Client Component SSR:
    ./app/amb/page.tsx [Client 
Component SSR]
    ./app/amb/page.tsx [Server 
Component]

https://nextjs.org/docs/message
s/module-not-found


./app/ambassador/page.tsx:2:1
Module not found: Can't 
resolve 'lucide-react'
[0m [90m 1 |[39m 
[36mimport[39m 
[33mLink[39m [36mfrom[39m 
[32m"next/link"[39m[33m;[39m
[31m[1m>[22m[39m[90m 2 
|[39m [36mimport[39m { 
[33mGift[39m } 
[36mfrom[39m [32m"lucide-rea
ct"[39m[33m;[39m
 [90m   |[39m [31m[1m^[22m
[39m[31m[1m^[22m[39m[31m
[1m^[22m[39m[31m[1m^[22m[
39m[31m[1m^[22m[39m[31m[1
m^[22m[39m[31m[1m^[22m[39
m[31m[1m^[22m[39m[31m[1m^
[22m[39m[31m[1m^[22m[39m
[31m[1m^[22m[39m[31m[1m^[
22m[39m[31m[1m^[22m[39m[3
1m[1m^[22m[39m[31m[1m^[22
m[39m[31m[1m^[22m[39m[31m
[1m^[22m[39m[31m[1m^[22m
[39m[31m[1m^[22m[39m[31m[
1m^[22m[39m[31m[1m^[22m[3
9m[31m[1m^[22m[39m[31m[1m
^[22m[39m[31m[1m^[22m[39m
[31m[1m^[22m[39m[31m[1m^
[22m[39m[31m[1m^[22m[39m[
31m[1m^[22m[39m[31m[1m^[2
2m[39m[31m[1m^[22m[39m[31
m[1m^[22m[39m[31m[1m^[22m
[39m[31m[1m^[22m[39m[31m
[1m^[22m[39m[31m[1m^[22m[
39m[31m[1m^[22m[39m
 [90m 3 |[39m 
[36mimport[39m 
[33mNavbar[39m 
[36mfrom[39m [32m"@/componen
ts/Navbar"[39m[33m;[39m
 [90m 4 |[39m 
[36mimport[39m 
[33mFooter[39m 
[36mfrom[39m [32m"@/componen
ts/Footer"[39m[33m;[39m
 [90m 5 |[39m[0m



https://nextjs.org/docs/message
s/module-not-found


./app/leaderboard/page.tsx:2:1
Module not found: Can't 
resolve 'lucide-react'
[0m [90m 1 |[39m 
[36mimport[39m 
[33mLink[39m [36mfrom[39m 
[32m"next/link"[39m[33m;[39m
[31m[1m>[22m[39m[90m 2 
|[39m [36mimport[39m { 
[33mTrophy[39m } 
[36mfrom[39m [32m"lucide-rea
ct"[39m[33m;[39m
 [90m   |[39m [31m[1m^[22m
[39m[31m[1m^[22m[39m[31m
[1m^[22m[39m[31m[1m^[22m[
39m[31m[1m^[22m[39m[31m[1
m^[22m[39m[31m[1m^[22m[39
m[31m[1m^[22m[39m[31m[1m^
[22m[39m[31m[1m^[22m[39m
[31m[1m^[22m[39m[31m[1m^[
22m[39m[31m[1m^[22m[39m[3
1m[1m^[22m[39m[31m[1m^[22
m[39m[31m[1m^[22m[39m[31m
[1m^[22m[39m[31m[1m^[22m
[39m[31m[1m^[22m[39m[31m[
1m^[22m[39m[31m[1m^[22m[3
9m[31m[1m^[22m[39m[31m[1m
^[22m[39m[31m[1m^[22m[39m
[31m[1m^[22m[39m[31m[1m^
[22m[39m[31m[1m^[22m[39m[
31m[1m^[22m[39m[31m[1m^[2
2m[39m[31m[1m^[22m[39m[31
m[1m^[22m[39m[31m[1m^[22m
[39m[31m[1m^[22m[39m[31m
[1m^[22m[39m[31m[1m^[22m[
39m[31m[1m^[22m[39m[31m[1
m^[22m[39m[31m[1m^[22m[39
m
 [90m 3 |[39m 
[36mimport[39m 
[33mNavbar[39m 
[36mfrom[39m [32m"@/componen
ts/Navbar"[39m[33m;[39m
 [90m 4 |[39m 
[36mimport[39m 
[33mFooter[39m 
[36mfrom[39m [32m"@/componen
ts/Footer"[39m[33m;[39m
 [90m 5 |[39m[0m



https://nextjs.org/docs/message
s/module-not-found


./app/page.tsx:5:1
Module not found: Can't 
resolve 'lucide-react'
[0m [90m 3 |[39m 
[36mimport[39m { motion } 
[36mfrom[39m [32m"framer-mot
ion"[39m[33m;[39m
 [90m 4 |[39m 
[36mimport[39m { useRouter } 
[36mfrom[39m [32m"next/navig
ation"[39m[33m;[39m
[31m[1m>[22m[39m[90m 5 
|[39m [36mimport[39m { 
[33mZap[39m[33m,[39m 
[33mUsers[39m[33m,[39m 
[33mTrophy[39m[33m,[39m 
[33mShield[39m[33m,[39m [3
3mArrowRight[39m[33m,[39m 
[33mGift[39m } 
[36mfrom[39m [32m"lucide-rea
ct"[39m[33m;[39m
 [90m   |[39m [31m[1m^[22m
[39m[31m[1m^[22m[39m[31m
[1m^[22m[39m[31m[1m^[22m[
39m[31m[1m^[22m[39m[31m[1
m^[22m[39m[31m[1m^[22m[39
m[31m[1m^[22m[39m[31m[1m^
[22m[39m[31m[1m^[22m[39m
[31m[1m^[22m[39m[31m[1m^[
22m[39m[31m[1m^[22m[39m[3
1m[1m^[22m[39m[31m[1m^[22
m[39m[31m[1m^[22m[39m[31m
[1m^[22m[39m[31m[1m^[22m
[39m[31m[1m^[22m[39m[31m[
1m^[22m[39m[31m[1m^[22m[3
9m[31m[1m^[22m[39m[31m[1m
^[22m[39m[31m[1m^[22m[39m
[31m[1m^[22m[39m[31m[1m^
[22m[39m[31m[1m^[22m[39m[
31m[1m^[22m[39m[31m[1m^[2
2m[39m[31m[1m^[22m[39m[31
m[1m^[22m[39m[31m[1m^[22m
[39m[31m[1m^[22m[39m[31m
[1m^[22m[39m[31m[1m^[22m[
39m[31m[1m^[22m[39m[31m[1
m^[22m[39m[31m[1m^[22m[39
m[31m[1m^[22m[39m[31m[1m^
[22m[39m[31m[1m^[22m[39m
[31m[1m^[22m[39m[31m[1m^[
22m[39m[31m[1m^[22m[39m[3
1m[1m^[22m[39m[31m[1m^[22
m[39m[31m[1m^[22m[39m[31m
[1m^[22m[39m[31m[1m^[22m
[39m[31m[1m^[22m[39m[31m[
1m^[22m[39m[31m[1m^[22m[3
9m[31m[1m^[22m[39m[31m[1m
^[22m[39m[31m[1m^[22m[39m
[31m[1m^[22m[39m[31m[1m^
[22m[39m[31m[1m^[22m[39m[
31m[1m^[22m[39m[31m[1m^[2
2m[39m[31m[1m^[22m[39m[31
m[1m^[22m[39m[31m[1m^[22m
[39m[31m[1m^[22m[39m[31m
[1m^[22m[39m[31m[1m^[22m[
39m[31m[1m^[22m[39m[31m[1
m^[22m[39m[31m[1m^[22m[39
m[31m[1m^[22m[39m[31m[1m^
[22m[39m[31m[1m^[22m[39m
[31m[1m^[22m[39m[31m[1m^[
22m[39m[31m[1m^[22m[39m[3
1m[1m^[22m[39m
 [90m 6 |[39m 
[36mimport[39m 
[33mGlassCard[39m 
[36mfrom[39m [32m"@/componen
ts/GlassCard"[39m[33m;[39m
 [90m 7 |[39m 
[36mimport[39m 
[33mGradientButton[39m 
[36mfrom[39m [32m"@/componen
ts/GradientButton"[39m[33m;[
39m
 [90m 8 |[39m 
[36mimport[39m 
[33mParticleField[39m 
[36mfrom[39m [32m"@/componen
ts/ParticleField"[39m[33m;[3
9m[0m



Import traces:
  Client Component Browser:
    ./app/page.tsx [Client 
Component Browser]
    ./app/page.tsx [Server 
Component]

  Client Component SSR:
    ./app/page.tsx [Client 
Component SSR]
    ./app/page.tsx [Server 
Component]

https://nextjs.org/docs/message
s/module-not-found


./app/support/page.tsx:3:1
Module not found: Can't 
resolve 'lucide-react'
[0m [90m 1 |[39m [32m"use 
client"[39m[33m;[39m
 [90m 2 |[39m
[31m[1m>[22m[39m[90m 3 
|[39m [36mimport[39m { 
[33mSend[39m[33m,[39m [33m
MessageSquare[39m[33m,[39m 
[33mHeadphones[39m[33m,[39m 
[33mGlobe[39m[33m,[39m 
[33mArrowLeft[39m[33m,[39m 
[33mTwitter[39m[33m,[39m 
[33mSend[39m [36mas[39m 
[33mTelegramIcon[39m } 
[36mfrom[39m [32m"lucide-rea
ct"[39m[33m;[39m
 [90m   |[39m [31m[1m^[22m
[39m[31m[1m^[22m[39m[31m
[1m^[22m[39m[31m[1m^[22m[
39m[31m[1m^[22m[39m[31m[1
m^[22m[39m[31m[1m^[22m[39
m[31m[1m^[22m[39m[31m[1m^
[22m[39m[31m[1m^[22m[39m
[31m[1m^[22m[39m[31m[1m^[
22m[39m[31m[1m^[22m[39m[3
1m[1m^[22m[39m[31m[1m^[22
m[39m[31m[1m^[22m[39m[31m
[1m^[22m[39m[31m[1m^[22m
[39m[31m[1m^[22m[39m[31m[
1m^[22m[39m[31m[1m^[22m[3
9m[31m[1m^[22m[39m[31m[1m
^[22m[39m[31m[1m^[22m[39m
[31m[1m^[22m[39m[31m[1m^
[22m[39m[31m[1m^[22m[39m[
31m[1m^[22m[39m[31m[1m^[2
2m[39m[31m[1m^[22m[39m[31
m[1m^[22m[39m[31m[1m^[22m
[39m[31m[1m^[22m[39m[31m
[1m^[22m[39m[31m[1m^[22m[
39m[31m[1m^[22m[39m[31m[1
m^[22m[39m[31m[1m^[22m[39
m[31m[1m^[22m[39m[31m[1m^
[22m[39m[31m[1m^[22m[39m
[31m[1m^[22m[39m[31m[1m^[
22m[39m[31m[1m^[22m[39m[3
1m[1m^[22m[39m[31m[1m^[22
m[39m[31m[1m^[22m[39m[31m
[1m^[22m[39m[31m[1m^[22m
[39m[31m[1m^[22m[39m[31m[
1m^[22m[39m[31m[1m^[22m[3
9m[31m[1m^[22m[39m[31m[1m
^[22m[39m[31m[1m^[22m[39m
[31m[1m^[22m[39m[31m[1m^
[22m[39m[31m[1m^[22m[39m[
31m[1m^[22m[39m[31m[1m^[2
2m[39m[31m[1m^[22m[39m[31
m[1m^[22m[39m[31m[1m^[22m
[39m[31m[1m^[22m[39m[31m
[1m^[22m[39m[31m[1m^[22m[
39m[31m[1m^[22m[39m[31m[1
m^[22m[39m[31m[1m^[22m[39
m[31m[1m^[22m[39m[31m[1m^
[22m[39m[31m[1m^[22m[39m
[31m[1m^[22m[39m[31m[1m^[
22m[39m[31m[1m^[22m[39m[3
1m[1m^[22m[39m[31m[1m^[22
m[39m[31m[1m^[22m[39m[31m
[1m^[22m[39m[31m[1m^[22m
[39m[31m[1m^[22m[39m[31m[
1m^[22m[39m[31m[1m^[22m[3
9m[31m[1m^[22m[39m[31m[1m
^[22m[39m[31m[1m^[22m[39m
[31m[1m^[22m[39m[31m[1m^
[22m[39m[31m[1m^[22m[39m[
31m[1m^[22m[39m[31m[1m^[2
2m[39m[31m[1m^[22m[39m[31
m[1m^[22m[39m[31m[1m^[22m
[39m[31m[1m^[22m[39m[31m
[1m^[22m[39m[31m[1m^[22m[
39m[31m[1m^[22m[39m[31m[1
m^[22m[39m[31m[1m^[22m[39
m[31m[1m^[22m[39m[31m[1m^
[22m[39m[31m[1m^[22m[39m
[31m[1m^[22m[39m[31m[1m^[
22m[39m[31m[1m^[22m[39m[3
1m[1m^[22m[39m[31m[1m^[22
m[39m[31m[1m^[22m[39m[31m
[1m^[22m[39m[31m[1m^[22m
[39m[31m[1m^[22m[39m
 [90m 4 |[39m 
[36mimport[39m 
[33mLink[39m [36mfrom[39m 
[32m"next/link"[39m[33m;[39m
 [90m 5 |[39m 
[36mimport[39m dynamic 
[36mfrom[39m [32m'next/dynam
ic'[39m[33m;[39m
 [90m 6 |[39m[0m



Import traces:
  Client Component Browser:
    ./app/support/page.tsx 
[Client Component Browser]
    ./app/support/page.tsx 
[Server Component]

  Client Component SSR:
    ./app/support/page.tsx 
[Client Component SSR]
    ./app/support/page.tsx 
[Server Component]

https://nextjs.org/docs/message
s/module-not-found


./app/whitepaper/page.tsx:3:1
Module not found: Can't 
resolve 'lucide-react'
[0m [90m 1 |[39m [32m"use 
client"[39m[33m;[39m
 [90m 2 |[39m
[31m[1m>[22m[39m[90m 3 
|[39m [36mimport[39m { 
[33mFileText[39m[33m,[39m 
[33mDownload[39m[33m,[39m 
[33mShieldCheck[39m[33m,[39m
 [33mChevronRight[39m[33m,[
39m [33mArrowLeft[39m } 
[36mfrom[39m [32m"lucide-rea
ct"[39m[33m;[39m
 [90m   |[39m [31m[1m^[22m
[39m[31m[1m^[22m[39m[31m
[1m^[22m[39m[31m[1m^[22m[
39m[31m[1m^[22m[39m[31m[1
m^[22m[39m[31m[1m^[22m[39
m[31m[1m^[22m[39m[31m[1m^
[22m[39m[31m[1m^[22m[39m
[31m[1m^[22m[39m[31m[1m^[
22m[39m[31m[1m^[22m[39m[3
1m[1m^[22m[39m[31m[1m^[22
m[39m[31m[1m^[22m[39m[31m
[1m^[22m[39m[31m[1m^[22m
[39m[31m[1m^[22m[39m[31m[
1m^[22m[39m[31m[1m^[22m[3
9m[31m[1m^[22m[39m[31m[1m
^[22m[39m[31m[1m^[22m[39m
[31m[1m^[22m[39m[31m[1m^
[22m[39m[31m[1m^[22m[39m[
31m[1m^[22m[39m[31m[1m^[2
2m[39m[31m[1m^[22m[39m[31
m[1m^[22m[39m[31m[1m^[22m
[39m[31m[1m^[22m[39m[31m
[1m^[22m[39m[31m[1m^[22m[
39m[31m[1m^[22m[39m[31m[1
m^[22m[39m[31m[1m^[22m[39
m[31m[1m^[22m[39m[31m[1m^
[22m[39m[31m[1m^[22m[39m
[31m[1m^[22m[39m[31m[1m^[
22m[39m[31m[1m^[22m[39m[3
1m[1m^[22m[39m[31m[1m^[22
m[39m[31m[1m^[22m[39m[31m
[1m^[22m[39m[31m[1m^[22m
[39m[31m[1m^[22m[39m[31m[
1m^[22m[39m[31m[1m^[22m[3
9m[31m[1m^[22m[39m[31m[1m
^[22m[39m[31m[1m^[22m[39m
[31m[1m^[22m[39m[31m[1m^
[22m[39m[31m[1m^[22m[39m[
31m[1m^[22m[39m[31m[1m^[2
2m[39m[31m[1m^[22m[39m[31
m[1m^[22m[39m[31m[1m^[22m
[39m[31m[1m^[22m[39m[31m
[1m^[22m[39m[31m[1m^[22m[
39m[31m[1m^[22m[39m[31m[1
m^[22m[39m[31m[1m^[22m[39
m[31m[1m^[22m[39m[31m[1m^
[22m[39m[31m[1m^[22m[39m
[31m[1m^[22m[39m[31m[1m^[
22m[39m[31m[1m^[22m[39m[3
1m[1m^[22m[39m[31m[1m^[22
m[39m[31m[1m^[22m[39m[31m
[1m^[22m[39m[31m[1m^[22m
[39m[31m[1m^[22m[39m[31m[
1m^[22m[39m[31m[1m^[22m[3
9m[31m[1m^[22m[39m[31m[1m
^[22m[39m[31m[1m^[22m[39m
[31m[1m^[22m[39m[31m[1m^
[22m[39m
 [90m 4 |[39m 
[36mimport[39m 
[33mLink[39m [36mfrom[39m 
[32m"next/link"[39m[33m;[39m
 [90m 5 |[39m 
[36mimport[39m dynamic 
[36mfrom[39m [32m'next/dynam
ic'[39m[33m;[39m
 [90m 6 |[39m[0m



Import traces:
  Client Component Browser:
    ./app/whitepaper/page.tsx 
[Client Component Browser]
    ./app/whitepaper/page.tsx 
[Server Component]

  Client Component SSR:
    ./app/whitepaper/page.tsx 
[Client Component SSR]
    ./app/whitepaper/page.tsx 
[Server Component]

https://nextjs.org/docs/message
s/module-not-found


./components/CountdownTimer.tsx
:5:1
Module not found: Can't 
resolve 'lucide-react'
[0m [90m 3 |[39m 
[36mimport[39m { 
useState[33m,[39m useEffect 
} [36mfrom[39m 
[32m"react"[39m[33m;[39m
 [90m 4 |[39m 
[36mimport[39m { motion } 
[36mfrom[39m [32m"framer-mot
ion"[39m[33m;[39m
[31m[1m>[22m[39m[90m 5 
|[39m [36mimport[39m { 
[33mClock[39m } 
[36mfrom[39m [32m"lucide-rea
ct"[39m[33m;[39m
 [90m   |[39m [31m[1m^[22m
[39m[31m[1m^[22m[39m[31m
[1m^[22m[39m[31m[1m^[22m[
39m[31m[1m^[22m[39m[31m[1
m^[22m[39m[31m[1m^[22m[39
m[31m[1m^[22m[39m[31m[1m^
[22m[39m[31m[1m^[22m[39m
[31m[1m^[22m[39m[31m[1m^[
22m[39m[31m[1m^[22m[39m[3
1m[1m^[22m[39m[31m[1m^[22
m[39m[31m[1m^[22m[39m[31m
[1m^[22m[39m[31m[1m^[22m
[39m[31m[1m^[22m[39m[31m[
1m^[22m[39m[31m[1m^[22m[3
9m[31m[1m^[22m[39m[31m[1m
^[22m[39m[31m[1m^[22m[39m
[31m[1m^[22m[39m[31m[1m^
[22m[39m[31m[1m^[22m[39m[
31m[1m^[22m[39m[31m[1m^[2
2m[39m[31m[1m^[22m[39m[31
m[1m^[22m[39m[31m[1m^[22m
[39m[31m[1m^[22m[39m[31m
[1m^[22m[39m[31m[1m^[22m[
39m[31m[1m^[22m[39m[31m[1
m^[22m[39m
 [90m 6 |[39m 
[36mimport[39m 
[33mGlassCard[39m 
[36mfrom[39m [32m"./GlassCar
d"[39m[33m;[39m
 [90m 7 |[39m
 [90m 8 |[39m 
[36mconst[39m 
[33mDEADLINE[39m [33m=[39m 
[36mnew[39m [33mDate[39m([
32m"2026-03-15T00:00:00Z"[39m)
[33m;[39m[0m



Import traces:
  Client Component Browser:
    ./components/CountdownTimer
.tsx [Client Component Browser]
    ./app/page.tsx [Client 
Component Browser]
    ./app/page.tsx [Server 
Component]

  Client Component SSR:
    ./components/CountdownTimer
.tsx [Client Component SSR]
    ./app/page.tsx [Client 
Component SSR]
    ./app/page.tsx [Server 
Component]

https://nextjs.org/docs/message
s/module-not-found


./components/EligibilityFlow.ts
x:5:1
Module not found: Can't 
resolve 'lucide-react'
[0m [90m 3 |[39m 
[36mimport[39m { 
useState[33m,[39m useEffect 
} [36mfrom[39m 
[32m"react"[39m[33m;[39m
 [90m 4 |[39m 
[36mimport[39m { 
motion[33m,[39m 
[33mAnimatePresence[39m } 
[36mfrom[39m [32m"framer-mot
ion"[39m[33m;[39m
[31m[1m>[22m[39m[90m 5 
|[39m [36mimport[39m { 
[33mScan[39m[33m,[39m 
[33mShield[39m[33m,[39m 
[33mCoins[39m[33m,[39m 
[33mGift[39m[33m,[39m [33m
ChevronRight[39m[33m,[39m 
[33mSparkles[39m[33m,[39m 
[33mLock[39m[33m,[39m [33m
CheckCircle[39m[33m,[39m 
[33mWallet[39m[33m,[39m 
[33mX[39m } [36mfrom[39m [
32m"lucide-react"[39m[33m;[3
9m
 [90m   |[39m [31m[1m^[22m
[39m[31m[1m^[22m[39m[31m
[1m^[22m[39m[31m[1m^[22m[
39m[31m[1m^[22m[39m[31m[1
m^[22m[39m[31m[1m^[22m[39
m[31m[1m^[22m[39m[31m[1m^
[22m[39m[31m[1m^[22m[39m
[31m[1m^[22m[39m[31m[1m^[
22m[39m[31m[1m^[22m[39m[3
1m[1m^[22m[39m[31m[1m^[22
m[39m[31m[1m^[22m[39m[31m
[1m^[22m[39m[31m[1m^[22m
[39m[31m[1m^[22m[39m[31m[
1m^[22m[39m[31m[1m^[22m[3
9m[31m[1m^[22m[39m[31m[1m
^[22m[39m[31m[1m^[22m[39m
[31m[1m^[22m[39m[31m[1m^
[22m[39m[31m[1m^[22m[39m[
31m[1m^[22m[39m[31m[1m^[2
2m[39m[31m[1m^[22m[39m[31
m[1m^[22m[39m[31m[1m^[22m
[39m[31m[1m^[22m[39m[31m
[1m^[22m[39m[31m[1m^[22m[
39m[31m[1m^[22m[39m[31m[1
m^[22m[39m[31m[1m^[22m[39
m[31m[1m^[22m[39m[31m[1m^
[22m[39m[31m[1m^[22m[39m
[31m[1m^[22m[39m[31m[1m^[
22m[39m[31m[1m^[22m[39m[3
1m[1m^[22m[39m[31m[1m^[22
m[39m[31m[1m^[22m[39m[31m
[1m^[22m[39m[31m[1m^[22m
[39m[31m[1m^[22m[39m[31m[
1m^[22m[39m[31m[1m^[22m[3
9m[31m[1m^[22m[39m[31m[1m
^[22m[39m[31m[1m^[22m[39m
[31m[1m^[22m[39m[31m[1m^
[22m[39m[31m[1m^[22m[39m[
31m[1m^[22m[39m[31m[1m^[2
2m[39m[31m[1m^[22m[39m[31
m[1m^[22m[39m[31m[1m^[22m
[39m[31m[1m^[22m[39m[31m
[1m^[22m[39m[31m[1m^[22m[
39m[31m[1m^[22m[39m[31m[1
m^[22m[39m[31m[1m^[22m[39
m[31m[1m^[22m[39m[31m[1m^
[22m[39m[31m[1m^[22m[39m
[31m[1m^[22m[39m[31m[1m^[
22m[39m[31m[1m^[22m[39m[3
1m[1m^[22m[39m[31m[1m^[22
m[39m[31m[1m^[22m[39m[31m
[1m^[22m[39m[31m[1m^[22m
[39m[31m[1m^[22m[39m[31m[
1m^[22m[39m[31m[1m^[22m[3
9m[31m[1m^[22m[39m[31m[1m
^[22m[39m[31m[1m^[22m[39m
[31m[1m^[22m[39m[31m[1m^
[22m[39m[31m[1m^[22m[39m[
31m[1m^[22m[39m[31m[1m^[2
2m[39m[31m[1m^[22m[39m[31
m[1m^[22m[39m[31m[1m^[22m
[39m[31m[1m^[22m[39m[31m
[1m^[22m[39m[31m[1m^[22m[
39m[31m[1m^[22m[39m[31m[1
m^[22m[39m[31m[1m^[22m[39
m[31m[1m^[22m[39m[31m[1m^
[22m[39m[31m[1m^[22m[39m
[31m[1m^[22m[39m[31m[1m^[
22m[39m[31m[1m^[22m[39m[3
1m[1m^[22m[39m[31m[1m^[22
m[39m[31m[1m^[22m[39m[31m
[1m^[22m[39m[31m[1m^[22m
[39m
 [90m 6 |[39m 
[36mimport[39m 
[33mGlassCard[39m 
[36mfrom[39m [32m"@/componen
ts/GlassCard"[39m[33m;[39m
 [90m 7 |[39m 
[36mimport[39m 
[33mGradientButton[39m 
[36mfrom[39m [32m"@/componen
ts/GradientButton"[39m[33m;[
39m
 [90m 8 |[39m 
[36mimport[39m 
[33mProgressRing[39m 
[36mfrom[39m [32m"@/componen
ts/ProgressRing"[39m[33m;[39
m[0m



Import traces:
  Client Component Browser:
    ./components/EligibilityFlo
w.tsx [Client Component 
Browser]
    ./app/page.tsx [Client 
Component Browser]
    ./app/page.tsx [Server 
Component]

  Client Component SSR:
    ./components/EligibilityFlo
w.tsx [Client Component SSR]
    ./app/page.tsx [Client 
Component SSR]
    ./app/page.tsx [Server 
Component]

https://nextjs.org/docs/message
s/module-not-found


./components/FloatingElements.t
sx:4:1
Module not found: Can't 
resolve 'lucide-react'
[0m [90m 2 |[39m
 [90m 3 |[39m 
[36mimport[39m { motion } 
[36mfrom[39m [32m"framer-mot
ion"[39m[33m;[39m
[31m[1m>[22m[39m[90m 4 
|[39m [36mimport[39m { 
[33mHexagon[39m[33m,[39m 
[33mCircle[39m[33m,[39m 
[33mTriangle[39m } 
[36mfrom[39m [32m"lucide-rea
ct"[39m[33m;[39m
 [90m   |[39m [31m[1m^[22m
[39m[31m[1m^[22m[39m[31m
[1m^[22m[39m[31m[1m^[22m[
39m[31m[1m^[22m[39m[31m[1
m^[22m[39m[31m[1m^[22m[39
m[31m[1m^[22m[39m[31m[1m^
[22m[39m[31m[1m^[22m[39m
[31m[1m^[22m[39m[31m[1m^[
22m[39m[31m[1m^[22m[39m[3
1m[1m^[22m[39m[31m[1m^[22
m[39m[31m[1m^[22m[39m[31m
[1m^[22m[39m[31m[1m^[22m
[39m[31m[1m^[22m[39m[31m[
1m^[22m[39m[31m[1m^[22m[3
9m[31m[1m^[22m[39m[31m[1m
^[22m[39m[31m[1m^[22m[39m
[31m[1m^[22m[39m[31m[1m^
[22m[39m[31m[1m^[22m[39m[
31m[1m^[22m[39m[31m[1m^[2
2m[39m[31m[1m^[22m[39m[31
m[1m^[22m[39m[31m[1m^[22m
[39m[31m[1m^[22m[39m[31m
[1m^[22m[39m[31m[1m^[22m[
39m[31m[1m^[22m[39m[31m[1
m^[22m[39m[31m[1m^[22m[39
m[31m[1m^[22m[39m[31m[1m^
[22m[39m[31m[1m^[22m[39m
[31m[1m^[22m[39m[31m[1m^[
22m[39m[31m[1m^[22m[39m[3
1m[1m^[22m[39m[31m[1m^[22
m[39m[31m[1m^[22m[39m[31m
[1m^[22m[39m[31m[1m^[22m
[39m[31m[1m^[22m[39m[31m[
1m^[22m[39m[31m[1m^[22m[3
9m[31m[1m^[22m[39m[31m[1m
^[22m[39m[31m[1m^[22m[39m
[31m[1m^[22m[39m[31m[1m^
[22m[39m
 [90m 5 |[39m
 [90m 6 |[39m 
[36mconst[39m shapes 
[33m=[39m [
 [90m 7 |[39m     { 
[33mIcon[39m[33m:[39m 
[33mHexagon[39m[33m,[39m 
x[33m:[39m 
[32m"10%"[39m[33m,[39m 
y[33m:[39m 
[32m"20%"[39m[33m,[39m 
size[33m:[39m 
[35m24[39m[33m,[39m 
delay[33m:[39m 
[35m0[39m[33m,[39m 
duration[33m:[39m 
[35m8[39m[33m,[39m 
color[33m:[39m 
[32m"text-primary/10"[39m 
}[33m,[39m[0m



Import traces:
  Client Component Browser:
    ./components/FloatingElemen
ts.tsx [Client Component 
Browser]
    ./app/page.tsx [Client 
Component Browser]
    ./app/page.tsx [Server 
Component]

  Client Component SSR:
    ./components/FloatingElemen
ts.tsx [Client Component SSR]
    ./app/page.tsx [Client 
Component SSR]
    ./app/page.tsx [Server 
Component]

https://nextjs.org/docs/message
s/module-not-found


./components/MobileMenu.tsx:5:1
Module not found: Can't 
resolve 'lucide-react'
[0m [90m 3 |[39m 
[36mimport[39m { useState } 
[36mfrom[39m 
[32m"react"[39m[33m;[39m
 [90m 4 |[39m 
[36mimport[39m { 
motion[33m,[39m 
[33mAnimatePresence[39m } 
[36mfrom[39m [32m"framer-mot
ion"[39m[33m;[39m
[31m[1m>[22m[39m[90m 5 
|[39m [36mimport[39m { 
[33mMenu[39m[33m,[39m 
[33mX[39m } [36mfrom[39m [
32m"lucide-react"[39m[33m;[3
9m
 [90m   |[39m [31m[1m^[22m
[39m[31m[1m^[22m[39m[31m
[1m^[22m[39m[31m[1m^[22m[
39m[31m[1m^[22m[39m[31m[1
m^[22m[39m[31m[1m^[22m[39
m[31m[1m^[22m[39m[31m[1m^
[22m[39m[31m[1m^[22m[39m
[31m[1m^[22m[39m[31m[1m^[
22m[39m[31m[1m^[22m[39m[3
1m[1m^[22m[39m[31m[1m^[22
m[39m[31m[1m^[22m[39m[31m
[1m^[22m[39m[31m[1m^[22m
[39m[31m[1m^[22m[39m[31m[
1m^[22m[39m[31m[1m^[22m[3
9m[31m[1m^[22m[39m[31m[1m
^[22m[39m[31m[1m^[22m[39m
[31m[1m^[22m[39m[31m[1m^
[22m[39m[31m[1m^[22m[39m[
31m[1m^[22m[39m[31m[1m^[2
2m[39m[31m[1m^[22m[39m[31
m[1m^[22m[39m[31m[1m^[22m
[39m[31m[1m^[22m[39m[31m
[1m^[22m[39m[31m[1m^[22m[
39m[31m[1m^[22m[39m[31m[1
m^[22m[39m[31m[1m^[22m[39
m[31m[1m^[22m[39m
 [90m 6 |[39m 
[36mimport[39m 
[33mLink[39m [36mfrom[39m 
[32m"next/link"[39m[33m;[39m
 [90m 7 |[39m 
[36mimport[39m { useRouter } 
[36mfrom[39m [32m"next/navig
ation"[39m[33m;[39m
 [90m 8 |[39m[0m



Import traces:
  Client Component Browser:
    
./components/MobileMenu.tsx 
[Client Component Browser]
    ./components/Navbar.tsx 
[Client Component Browser]
    ./app/page.tsx [Client 
Component Browser]
    ./app/page.tsx [Server 
Component]

  Client Component SSR:
    
./components/MobileMenu.tsx 
[Client Component SSR]
    ./components/Navbar.tsx 
[Client Component SSR]
    ./components/Navbar.tsx 
[Server Component]
    ./app/ambassador/page.tsx 
[Server Component]

https://nextjs.org/docs/message
s/module-not-found


./components/ui/accordion.tsx:5
:1
Module not found: Can't 
resolve 'lucide-react'
[0m [90m 3 |[39m 
[36mimport[39m [33m*[39m 
[36mas[39m [33mReact[39m 
[36mfrom[39m 
[32m"react"[39m
 [90m 4 |[39m 
[36mimport[39m [33m*[39m 
[36mas[39m 
[33mAccordionPrimitive[39m 
[36mfrom[39m [32m"@radix-ui/
react-accordion"[39m
[31m[1m>[22m[39m[90m 5 
|[39m [36mimport[39m { 
[33mChevronDown[39m } 
[36mfrom[39m 
[32m"lucide-react"[39m
 [90m   |[39m [31m[1m^[22m
[39m[31m[1m^[22m[39m[31m
[1m^[22m[39m[31m[1m^[22m[
39m[31m[1m^[22m[39m[31m[1
m^[22m[39m[31m[1m^[22m[39
m[31m[1m^[22m[39m[31m[1m^
[22m[39m[31m[1m^[22m[39m
[31m[1m^[22m[39m[31m[1m^[
22m[39m[31m[1m^[22m[39m[3
1m[1m^[22m[39m[31m[1m^[22
m[39m[31m[1m^[22m[39m[31m
[1m^[22m[39m[31m[1m^[22m
[39m[31m[1m^[22m[39m[31m[
1m^[22m[39m[31m[1m^[22m[3
9m[31m[1m^[22m[39m[31m[1m
^[22m[39m[31m[1m^[22m[39m
[31m[1m^[22m[39m[31m[1m^
[22m[39m[31m[1m^[22m[39m[
31m[1m^[22m[39m[31m[1m^[2
2m[39m[31m[1m^[22m[39m[31
m[1m^[22m[39m[31m[1m^[22m
[39m[31m[1m^[22m[39m[31m
[1m^[22m[39m[31m[1m^[22m[
39m[31m[1m^[22m[39m[31m[1
m^[22m[39m[31m[1m^[22m[39
m[31m[1m^[22m[39m[31m[1m^
[22m[39m[31m[1m^[22m[39m
[31m[1m^[22m[39m
 [90m 6 |[39m
 [90m 7 |[39m 
[36mimport[39m { cn } 
[36mfrom[39m 
[32m"@/lib/utils"[39m
 [90m 8 |[39m[0m



Import traces:
  Client Component Browser:
    
./components/ui/accordion.tsx 
[Client Component Browser]
    
./components/FAQSection.tsx 
[Client Component Browser]
    ./app/page.tsx [Client 
Component Browser]
    ./app/page.tsx [Server 
Component]

  Client Component SSR:
    
./components/ui/accordion.tsx 
[Client Component SSR]
    
./components/FAQSection.tsx 
[Client Component SSR]
    ./app/page.tsx [Client 
Component SSR]
    ./app/page.tsx [Server 
Component]

https://nextjs.org/docs/message
s/module-not-found


./node_modules/@walletconnect/m
odal-ui/dist/index.js:1:407
Module not found: Can't 
resolve 'motion'
[0m[31m[1m>[22m[39m[90m 
1 |[39m [36mimport[39m{css 
[36mas[39m g[33m,[39m[33mL
itElement[39m [36mas[39m 
w[33m,[39mhtml [36mas[39m 
n[33m,[39msvg [36mas[39m pe
}[36mfrom[39m[32m"lit"[39m
[33m;[39m[36mimport[39m{prop
erty [36mas[39m 
d[33m,[39mcustomElement 
[36mas[39m p[33m,[39mstate 
[36mas[39m [33mI[39m}[36mf
rom[39m[32m"lit/decorators.js
"[39m[33m;[39m[36mimport[3
9m{classMap [36mas[39m [33mP
[39m}[36mfrom[39m[32m"lit/d
irectives/class-map.js"[39m[3
3m;[39m[36mimport[39m{[33mT
hemeCtrl[39m [36mas[39m [33
mX[39m[33m,[39m[33mModalCtr
l[39m [36mas[39m ge[33m,[3
9m[33mRouterCtrl[39m 
[36mas[39m x[33m,[39m[33mC
onfigCtrl[39m [36mas[39m z[
33m,[39m[33mExplorerCtrl[39m
 [36mas[39m [33mW[39m[33m,
[39m[33mCoreUtil[39m 
[36mas[39m m[33m,[39m[33mO
ptionsCtrl[39m [36mas[39m [
33mR[39m[33m,[39m[33mToastC
trl[39m [36mas[39m [33mN[3
9m[33m,[39m[33mEventsCtrl[3
9m [36mas[39m [33mXe[39m}[
36mfrom[39m[32m"@walletconnec
t/modal-core"[39m[33m;[39m[
36mimport[39m{svg 
[36mas[39m [33mC[39m}[36mf
rom[39m[32m"lit-html"[39m[3
3m;[39m[36mimport[39m{animat
e [36mas[39m [33mH[39m}[36
mfrom[39m[32m"motion"[39m[3
3m;[39m[36mimport[39m{ifDefi
ned [36mas[39m k}[36mfrom[3
9m[32m"lit/directives/if-defin
ed.js"[39m[33m;[39m[36mimpo
rt[39m [33mJe[39m [36mfrom
[39m[32m"qrcode"[39m[33m;[3
9m[36mvar[39m et[33m=[39m[
33mObject[39m[33m.[39mdefine
Property[33m,[39m[33mBe[39m
[33m=[39m[33mObject[39m[33
m.[39mgetOwnPropertySymbols[3
3m,[39mtt[33m=[39m[33mObjec
t[39m[33m.[39mprototype[33m
.[39mhasOwnProperty[33m,[39m
ot[33m=[39m[33mObject[39m[
33m.[39mprototype[33m.[39mpr
opertyIsEnumerable[33m,[39m[
33mUe[39m[33m=[39m(e[33m,[
39mo[33m,[39mr)[33m=>[39mo 
[36min[39m e[33m?[39met(e[
33m,[39mo[33m,[39m{enumerabl
e[33m:[39m[33m![39m[35m0[
39m[33m,[39mconfigurable[33m
:[39m[33m![39m[35m0[39m[3
3m,[39mwritable[33m:[39m[33
m![39m[35m0[39m[33m,[39mva
lue[33m:[39mr})[33m:[39me[o
][33m=[39mr[33m,[39mve[33m
=[39m(e[33m,[39mo)[33m=>[3
9m{[36mfor[39m([36mvar[39m 
r [36min[39m o[33m||[39m(o
[33m=[39m{}))tt[33m.[39mcall
(o[33m,[39mr)[33m&&[39m[33
mUe[39m(e[33m,[39mr[33m,[3
9mo[r])[33m;[39m[36mif[39m(
[33mBe[39m)[36mfor[39m([36
mvar[39m r [36mof[39m [33mB
e[39m(o))ot[33m.[39mcall(o[
33m,[39mr)[33m&&[39m[33mUe
[39m(e[33m,[39mr[33m,[39mo[
r])[33m;[39m[36mreturn[39m 
e}[33m;[39m[36mfunction[39m
 rt(){[36mvar[39m 
e[33m;[39m[36mconst[39m o[
33m=[39m(e[33m=[39m[33mX[3
9m[33m.[39mstate[33m.[39mth
emeMode)[33m!=[39m[36mnull[
39m[33m?[39me[33m:[39m[32m
"dark"[39m[33m,[39mr[33m=[
39m{light[33m:[39m{foreground
[33m:[39m{[35m1[39m[33m:[
39m[32m"rgb(20,20,20)"[39m[3
3m,[39m[35m2[39m[33m:[39m
[32m"rgb(121,134,134)"[39m[33
m,[39m[35m3[39m[33m:[39m[
32m"rgb(158,169,169)"[39m}[33
m,[39mbackground[33m:[39m{[
35m1[39m[33m:[39m[32m"rgb(2
55,255,255)"[39m[33m,[39m[3
5m2[39m[33m:[39m[32m"rgb(24
1,243,243)"[39m[33m,[39m[35
m3[39m[33m:[39m[32m"rgb(228
,231,231)"[39m}[33m,[39mover
lay[33m:[39m[32m"rgba(0,0,0,
0.1)"[39m}[33m,[39mdark[33m
:[39m{foreground[33m:[39m{[
35m1[39m[33m:[39m[32m"rgb(2
28,231,231)"[39m[33m,[39m[3
5m2[39m[33m:[39m[32m"rgb(14
8,158,158)"[39m[33m,[39m[35
m3[39m[33m:[39m[32m"rgb(110
,119,119)"[39m}[33m,[39mback
ground[33m:[39m{[35m1[39m[
33m:[39m[32m"rgb(20,20,20)"[
39m[33m,[39m[35m2[39m[33m:
[39m[32m"rgb(39,42,42)"[39m
[33m,[39m[35m3[39m[33m:[39
m[32m"rgb(59,64,64)"[39m}[33
m,[39moverlay[33m:[39m[32m"
rgba(255,255,255,0.1)"[39m}}[o
][33m;[39m[36mreturn[39m{[
32m"--wcm-color-fg-1"[39m[33m
:[39mr[33m.[39mforeground[[
35m1[39m][33m,[39m[32m"--wc
m-color-fg-2"[39m[33m:[39mr
[33m.[39mforeground[[35m2[39
m][33m,[39m[32m"--wcm-color-
fg-3"[39m[33m:[39mr[33m.[3
9mforeground[[35m3[39m][33m,
[39m[32m"--wcm-color-bg-1"[3
9m[33m:[39mr[33m.[39mbackgr
ound[[35m1[39m][33m,[39m[3
2m"--wcm-color-bg-2"[39m[33m:
[39mr[33m.[39mbackground[[3
5m2[39m][33m,[39m[32m"--wcm
-color-bg-3"[39m[33m:[39mr[
33m.[39mbackground[[35m3[39m
][33m,[39m[32m"--wcm-color-o
verlay"[39m[33m:[39mr[33m.
[39moverlay}}[36mfunction[39m
 [33mHe[39m(){[36mreturn[39
m{[32m"--wcm-accent-color"[39
m[33m:[39m[32m"#3396FF"[39m
[33m,[39m[32m"--wcm-accent-f
ill-color"[39m[33m:[39m[32m
"#FFFFFF"[39m[33m,[39m[32m"
--wcm-z-index"[39m[33m:[39m
[32m"89"[39m[33m,[39m[32m"-
-wcm-background-color"[39m[33
m:[39m[32m"#3396FF"[39m[33m
,[39m[32m"--wcm-background-bo
rder-radius"[39m[33m:[39m[3
2m"8px"[39m[33m,[39m[32m"--
wcm-container-border-radius"[3
9m[33m:[39m[32m"30px"[39m[
33m,[39m[32m"--wcm-wallet-ico
n-border-radius"[39m[33m:[39
m[32m"15px"[39m[33m,[39m[3
2m"--wcm-wallet-icon-large-bord
er-radius"[39m[33m:[39m[32m
"30px"[39m[33m,[39m[32m"--w
cm-wallet-icon-small-border-rad
ius"[39m[33m:[39m[32m"7px"
[39m[33m,[39m[32m"--wcm-inpu
t-border-radius"[39m[33m:[39
m[32m"28px"[39m[33m,[39m[3
2m"--wcm-button-border-radius"
[39m[33m:[39m[32m"10px"[39m
[33m,[39m[32m"--wcm-notifica
tion-border-radius"[39m[33m:
[39m[32m"36px"[39m[33m,[39m
[32m"--wcm-secondary-button-bo
rder-radius"[39m[33m:[39m[3
2m"28px"[39m[33m,[39m[32m"-
-wcm-icon-button-border-radius"
[39m[33m:[39m[32m"50%"[39m
[33m,[39m[32m"--wcm-button-h
over-highlight-border-radius"[
39m[33m:[39m[32m"10px"[39m
[33m,[39m[32m"--wcm-text-big-
bold-size"[39m[33m:[39m[32m
"20px"[39m[33m,[39m[32m"--w
cm-text-big-bold-weight"[39m[
33m:[39m[32m"600"[39m[33m,
[39m[32m"--wcm-text-big-bold-l
ine-height"[39m[33m:[39m[32
m"24px"[39m[33m,[39m[32m"--
wcm-text-big-bold-letter-spacin
g"[39m[33m:[39m[32m"-0.03em
"[39m[33m,[39m[32m"--wcm-te
xt-big-bold-text-transform"[39
m[33m:[39m[32m"none"[39m[3
3m,[39m[32m"--wcm-text-xsmall
-bold-size"[39m[33m:[39m[32
m"10px"[39m[33m,[39m[32m"--
wcm-text-xsmall-bold-weight"[3
9m[33m:[39m[32m"700"[39m[3
3m,[39m[32m"--wcm-text-xsmall
-bold-line-height"[39m[33m:[
39m[32m"12px"[39m[33m,[39m
[32m"--wcm-text-xsmall-bold-let
ter-spacing"[39m[33m:[39m[3
2m"0.02em"[39m[33m,[39m[32m
"--wcm-text-xsmall-bold-text-tr
ansform"[39m[33m:[39m[32m"u
ppercase"[39m[33m,[39m[32m"
--wcm-text-xsmall-regular-size"
[39m[33m:[39m[32m"12px"[39
m[33m,[39m[32m"--wcm-text-xs
mall-regular-weight"[39m[33m:
[39m[32m"600"[39m[33m,[39m
[32m"--wcm-text-xsmall-regular
-line-height"[39m[33m:[39m[
32m"14px"[39m[33m,[39m[32m"
--wcm-text-xsmall-regular-lette
r-spacing"[39m[33m:[39m[32m
"-0.03em"[39m[33m,[39m[32m"
--wcm-text-xsmall-regular-text-
transform"[39m[33m:[39m[32m
"none"[39m[33m,[39m[32m"--w
cm-text-small-thin-size"[39m[
33m:[39m[32m"14px"[39m[33m,
[39m[32m"--wcm-text-small-thi
n-weight"[39m[33m:[39m[32m"
500"[39m[33m,[39m[32m"--wcm
-text-small-thin-line-height"[
39m[33m:[39m[32m"16px"[39m
[33m,[39m[32m"--wcm-text-smal
l-thin-letter-spacing"[39m[33
m:[39m[32m"-0.03em"[39m[33m
,[39m[32m"--wcm-text-small-th
in-text-transform"[39m[33m:[
39m[32m"none"[39m[33m,[39m
[32m"--wcm-text-small-regular-s
ize"[39m[33m:[39m[32m"14px"
[39m[33m,[39m[32m"--wcm-tex
t-small-regular-weight"[39m[3
3m:[39m[32m"600"[39m[33m,[
39m[32m"--wcm-text-small-regul
ar-line-height"[39m[33m:[39m
[32m"16px"[39m[33m,[39m[32
m"--wcm-text-small-regular-lett
er-spacing"[39m[33m:[39m[32
m"-0.03em"[39m[33m,[39m[32m
"--wcm-text-small-regular-text-
transform"[39m[33m:[39m[32m
"none"[39m[33m,[39m[32m"--w
cm-text-medium-regular-size"[3
9m[33m:[39m[32m"16px"[39m[
33m,[39m[32m"--wcm-text-mediu
m-regular-weight"[39m[33m:[3
9m[32m"600"[39m[33m,[39m[3
2m"--wcm-text-medium-regular-li
ne-height"[39m[33m:[39m[32m
"20px"[39m[33m,[39m[32m"--w
cm-text-medium-regular-letter-s
pacing"[39m[33m:[39m[32m"-0
.03em"[39m[33m,[39m[32m"--w
cm-text-medium-regular-text-tra
nsform"[39m[33m:[39m[32m"no
ne"[39m[33m,[39m[32m"--wcm-
font-family"[39m[33m:[39m[3
2m"-apple-system, system-ui, 
BlinkMacSystemFont, 'Segoe 
UI', Roboto, Ubuntu, 
'Helvetica Neue', sans-serif"[
39m[33m,[39m[32m"--wcm-font-
feature-settings"[39m[33m:[3
9m[32m"'tnum' on, 'lnum' on, 
'case' on"[39m[33m,[39m[32m
"--wcm-success-color"[39m[33m
:[39m[32m"rgb(38,181,98)"[39
m[33m,[39m[32m"--wcm-error-c
olor"[39m[33m:[39m[32m"rgb(
242, 90, 103)"[39m[33m,[39m
[32m"--wcm-overlay-background-c
olor"[39m[33m:[39m[32m"rgba
(0, 0, 0, 0.3)"[39m[33m,[39m
[32m"--wcm-overlay-backdrop-fi
lter"[39m[33m:[39m[32m"none
"[39m}}[36mconst[39m h[33m=
[39m{getPreset(e){[36mreturn
[39m [33mHe[39m()[e]}[33m,[
39msetTheme(){[36mconst[39m e
[33m=[39mdocument[33m.[39mq
uerySelector([32m":root"[39m)
[33m,[39m{themeVariables[33m
:[39mo}[33m=[39m[33mX[39m
[33m.[39mstate[33m;[39m[36m
if[39m(e){[36mconst[39m r[3
3m=[39mve(ve(ve({}[33m,[39mr
t())[33m,[39m[33mHe[39m())
[33m,[39mo)[33m;[39m[33mObj
ect[39m[33m.[39mentries(r)[
33m.[39mforEach(([a[33m,[39m
t])[33m=>[39me[33m.[39mstyl
e[33m.[39msetProperty(a[33m,
[39mt))}}[33m,[39mglobalCss
[33m:[39mg[32m`*,::after,::be
fore{margin:0;padding:0;box-siz
ing:border-box;font-style:norma
l;text-rendering:optimizeSpeed;
-webkit-font-smoothing:antialia
sed;-moz-osx-font-smoothing:gra
yscale;-webkit-tap-highlight-co
lor:transparent;backface-visibi
lity:hidden}button{cursor:point
er;display:flex;justify-content
:center;align-items:center;posi
tion:relative;border:none;backg
round-color:transparent;transit
ion:all .2s ease}@media 
(hover:hover) and (pointer:fine
){button:active{transition:all 
.1s ease;transform:scale(.93)}}
button::after{content:'';positi
on:absolute;top:0;bottom:0;left
:0;right:0;transition:backgroun
d-color,.2s ease}button:disable
d{cursor:not-allowed}button 
svg,button wcm-text{position:re
lative;z-index:1}input{border:n
one;outline:0;appearance:none}i
mg{display:block}::selection{co
lor:var(--wcm-accent-fill-color
);background:var(--wcm-accent-c
olor)}`[39m}[33m,[39mat[33m
=[39mg[32m`button{border-radi
us:var(--wcm-secondary-button-b
order-radius);height:28px;paddi
ng:0 10px;background-color:var(
--wcm-accent-color)}button path
{fill:var(--wcm-accent-fill-col
or)}button::after{border-radius
:inherit;border:1px solid var(-
-wcm-color-overlay)}button:disa
bled::after{background-color:tr
ansparent}.wcm-icon-left svg{ma
rgin-right:5px}.wcm-icon-right 
svg{margin-left:5px}button:acti
ve::after{background-color:var(
--wcm-color-overlay)}.wcm-ghost
,.wcm-ghost:active::after,.wcm-
outline{background-color:transp
arent}.wcm-ghost:active{opacity
:.5}@media(hover:hover){button:
hover::after{background-color:v
ar(--wcm-color-overlay)}.wcm-gh
ost:hover::after{background-col
or:transparent}.wcm-ghost:hover
{opacity:.5}}button:disabled{ba
ckground-color:var(--wcm-color-
bg-3);pointer-events:none}.wcm-
ghost::after{border-color:trans
parent}.wcm-ghost path{fill:var
(--wcm-color-fg-2)}.wcm-outline
 path{fill:var(--wcm-accent-col
or)}.wcm-outline:disabled{backg
round-color:transparent;opacity
:.5}`[39m[33m;[39m[36mvar[
39m lt[33m=[39m[33mObject[3
9m[33m.[39mdefineProperty[33
m,[39mit[33m=[39m[33mObject
[39m[33m.[39mgetOwnPropertyD
escriptor[33m,[39m[33mF[39m
[33m=[39m(e[33m,[39mo[33m,
[39mr[33m,[39ma)[33m=>[39m
{[36mfor[39m([36mvar[39m t
[33m=[39ma[33m>[39m[35m1[3
9m[33m?[39m[36mvoid[39m [3
5m0[39m[33m:[39ma[33m?[39m
it(o[33m,[39mr)[33m:[39mo[
33m,[39ml[33m=[39me[33m.[3
9mlength[33m-[39m[35m1[39m
[33m,[39mi[33m;[39ml[33m>=
[39m[35m0[39m[33m;[39ml[33
m--[39m)(i[33m=[39me[l])[33
m&&[39m(t[33m=[39m(a[33m?[
39mi(o[33m,[39mr[33m,[39mt)
[33m:[39mi(t))[33m||[39mt)
[33m;[39m[36mreturn[39m a[3
3m&&[39mt[33m&&[39mlt(o[33m
,[39mr[33m,[39mt)[33m,[39m
t}[33m;[39m[36mlet[39m [33
mT[39m[33m=[39m[36mclass[3
9m [36mextends[39m w{construc
tor(){[36msuper[39m([33m...
[39marguments)[33m,[39m[36mt
his[39m[33m.[39mdisabled[33
m=[39m[33m![39m[35m1[39m[
33m,[39m[36mthis[39m[33m.[
39miconLeft[33m=[39m[36mvoid
[39m [35m0[39m[33m,[39m[3
6mthis[39m[33m.[39miconRight
[33m=[39m[36mvoid[39m [35m
0[39m[33m,[39m[36mthis[39m
[33m.[39monClick[33m=[39m()
[33m=>[39m[36mnull[39m[33m
,[39m[36mthis[39m[33m.[39m
variant[33m=[39m[32m"default
"[39m}render(){[36mconst[39m
 e[33m=[39m{[32m"wcm-icon-le
ft"[39m[33m:[39m[36mthis[3
9m[33m.[39miconLeft[33m!==[
39m[36mvoid[39m [35m0[39m[
33m,[39m[32m"wcm-icon-right"
[39m[33m:[39m[36mthis[39m[
33m.[39miconRight[33m!==[39m
[36mvoid[39m [35m0[39m[33m
,[39m[32m"wcm-ghost"[39m[33
m:[39m[36mthis[39m[33m.[39
mvariant[33m===[39m[32m"ghos
t"[39m[33m,[39m[32m"wcm-out
line"[39m[33m:[39m[36mthis
[39m[33m.[39mvariant[33m===
[39m[32m"outline"[39m}[33m;
[39m[36mlet[39m o[33m=[39m
[32m"inverse"[39m[33m;[39m[
36mreturn[39m [36mthis[39m[
33m.[39mvariant[33m===[39m[
32m"ghost"[39m[33m&&[39m(o[
33m=[39m[32m"secondary"[39m)
[33m,[39m[36mthis[39m[33m.
[39mvariant[33m===[39m[32m"
outline"[39m[33m&&[39m(o[33
m=[39m[32m"accent"[39m)[33m
,[39mn[32m`<button 
class="${P(e)}" 
?disabled="${this.disabled}" @c
lick="${this.onClick}">${this.i
conLeft}<wcm-text 
variant="small-regular" color="
${o}"><slot></slot></wcm-text>$
{this.iconRight}</button>`[39m
}}[33m;[39m[33mT[39m[33m.
[39mstyles[33m=[39m[h[33m.[
39mglobalCss[33m,[39mat][33m
,[39m[33mF[39m([d({type[33m
:[39m[33mBoolean[39m})][33m
,[39m[33mT[39m[33m.[39mpro
totype[33m,[39m[32m"disabled
"[39m[33m,[39m[35m2[39m)[
33m,[39m[33mF[39m([d()][33m
,[39m[33mT[39m[33m.[39mpro
totype[33m,[39m[32m"iconLeft
"[39m[33m,[39m[35m2[39m)[
33m,[39m[33mF[39m([d()][33m
,[39m[33mT[39m[33m.[39mpro
totype[33m,[39m[32m"iconRigh
t"[39m[33m,[39m[35m2[39m)
[33m,[39m[33mF[39m([d()][33
m,[39m[33mT[39m[33m.[39mpr
ototype[33m,[39m[32m"onClick
"[39m[33m,[39m[35m2[39m)[
33m,[39m[33mF[39m([d()][33m
,[39m[33mT[39m[33m.[39mpro
totype[33m,[39m[32m"variant"
[39m[33m,[39m[35m2[39m)[3
3m,[39m[33mT[39m[33m=[39m
[33mF[39m([p([32m"wcm-button"
[39m)][33m,[39m[33mT[39m)
[33m;[39m[36mconst[39m nt[3
3m=[39mg[32m`:host{display:in
line-block}button{padding:0 
15px 1px;height:40px;border-rad
ius:var(--wcm-button-border-rad
ius);color:var(--wcm-accent-fil
l-color);background-color:var(-
-wcm-accent-color)}button::afte
r{content:'';top:0;bottom:0;lef
t:0;right:0;position:absolute;b
ackground-color:transparent;bor
der-radius:inherit;transition:b
ackground-color .2s 
ease;border:1px solid var(--wcm
-color-overlay)}button:active::
after{background-color:var(--wc
m-color-overlay)}button:disable
d{padding-bottom:0;background-c
olor:var(--wcm-color-bg-3);colo
r:var(--wcm-color-fg-3)}.wcm-se
condary{color:var(--wcm-accent-
color);background-color:transpa
rent}.wcm-secondary::after{disp
lay:none}@media(hover:hover){bu
tton:hover::after{background-co
lor:var(--wcm-color-overlay)}}`
[39m[33m;[39m[36mvar[39m c
t[33m=[39m[33mObject[39m[3
3m.[39mdefineProperty[33m,[3
9mst[33m=[39m[33mObject[39m
[33m.[39mgetOwnPropertyDescri
ptor[33m,[39mue[33m=[39m(e
[33m,[39mo[33m,[39mr[33m,[
39ma)[33m=>[39m{[36mfor[39m
([36mvar[39m t[33m=[39ma[3
3m>[39m[35m1[39m[33m?[39m
[36mvoid[39m [35m0[39m[33m:
[39ma[33m?[39mst(o[33m,[39
mr)[33m:[39mo[33m,[39ml[33
m=[39me[33m.[39mlength[33m-
[39m[35m1[39m[33m,[39mi[3
3m;[39ml[33m>=[39m[35m0[39
m[33m;[39ml[33m--[39m)(i[3
3m=[39me[l])[33m&&[39m(t[33
m=[39m(a[33m?[39mi(o[33m,[
39mr[33m,[39mt)[33m:[39mi(t
))[33m||[39mt)[33m;[39m[36
mreturn[39m a[33m&&[39mt[33
m&&[39mct(o[33m,[39mr[33m,
[39mt)[33m,[39mt}[33m;[39m
[36mlet[39m 
ee[33m=[39m[36mclass[39m 
[36mextends[39m w{constructor
(){[36msuper[39m([33m...[39
marguments)[33m,[39m[36mthis
[39m[33m.[39mdisabled[33m=
[39m[33m![39m[35m1[39m[33m
,[39m[36mthis[39m[33m.[39m
variant[33m=[39m[32m"primary
"[39m}render(){[36mconst[39m
 e[33m=[39m{[32m"wcm-seconda
ry"[39m[33m:[39m[36mthis[3
9m[33m.[39mvariant[33m===[3
9m[32m"secondary"[39m}[33m;
[39m[36mreturn[39m 
n[32m`<button 
?disabled="${this.disabled}" cl
ass="${P(e)}"><slot></slot></bu
tton>`[39m}}[33m;[39mee[33m
.[39mstyles[33m=[39m[h[33m.
[39mglobalCss[33m,[39mnt][3
3m,[39mue([d({type[33m:[39m
[33mBoolean[39m})][33m,[39me
e[33m.[39mprototype[33m,[39
m[32m"disabled"[39m[33m,[39
m[35m2[39m)[33m,[39mue([d()
][33m,[39mee[33m.[39mprotot
ype[33m,[39m[32m"variant"[3
9m[33m,[39m[35m2[39m)[33m,
[39mee[33m=[39mue([p([32m"w
cm-button-big"[39m)][33m,[39
mee)[33m;[39m[36mconst[39m 
dt[33m=[39mg[32m`:host{backg
round-color:var(--wcm-color-bg-
2);border-top:1px solid var(--w
cm-color-bg-3)}div{padding:10px
 20px;display:inherit;flex-dire
ction:inherit;align-items:inher
it;width:inherit;justify-conten
t:inherit}`[39m[33m;[39m[36
mvar[39m mt[33m=[39m[33mObj
ect[39m[33m.[39mdefineProper
ty[33m,[39mht[33m=[39m[33m
Object[39m[33m.[39mgetOwnPro
pertyDescriptor[33m,[39mwt[3
3m=[39m(e[33m,[39mo[33m,[3
9mr[33m,[39ma)[33m=>[39m{[
36mfor[39m([36mvar[39m t[33
m=[39ma[33m>[39m[35m1[39m
[33m?[39m[36mvoid[39m [35m0
[39m[33m:[39ma[33m?[39mht(
o[33m,[39mr)[33m:[39mo[33m
,[39ml[33m=[39me[33m.[39ml
ength[33m-[39m[35m1[39m[33
m,[39mi[33m;[39ml[33m>=[39
m[35m0[39m[33m;[39ml[33m--
[39m)(i[33m=[39me[l])[33m&&
[39m(t[33m=[39m(a[33m?[39m
i(o[33m,[39mr[33m,[39mt)[3
3m:[39mi(t))[33m||[39mt)[33
m;[39m[36mreturn[39m a[33m&
&[39mt[33m&&[39mmt(o[33m,[
39mr[33m,[39mt)[33m,[39mt}
[33m;[39m[36mlet[39m 
be[33m=[39m[36mclass[39m 
[36mextends[39m 
w{render(){[36mreturn[39m n[
32m`<div><slot></slot></div>`[
39m}}[33m;[39mbe[33m.[39mst
yles[33m=[39m[h[33m.[39mglo
balCss[33m,[39mdt][33m,[39m
be[33m=[39mwt([p([32m"wcm-in
fo-footer"[39m)][33m,[39mbe)
[33m;[39m[36mconst[39m v[3
3m=[39m{[33mCROSS_ICON[39m[
33m:[39m[33mC[39m[32m`<svg 
width="12" height="12" 
viewBox="0 0 12 12"><path 
d="M9.94 11A.75.75 0 1 0 11 
9.94L7.414 6.353a.5.5 0 0 1 
0-.708L11 2.061A.75.75 0 1 0 
9.94 1L6.353 4.586a.5.5 0 0 
1-.708 0L2.061 1A.75.75 0 0 0 
1 2.06l3.586 3.586a.5.5 0 0 1 
0 .708L1 9.939A.75.75 0 1 0 
2.06 11l3.586-3.586a.5.5 0 0 1 
.708 0L9.939 11Z" fill="#fff"/>
</svg>`[39m[33m,[39m[33mWAL
LET_CONNECT_LOGO[39m[33m:[39
m[33mC[39m[32m`<svg 
width="178" height="29" 
viewBox="0 0 178 29" 
id="wcm-wc-logo"><path 
d="M10.683 7.926c5.284-5.17 
13.85-5.17 19.134 
0l.636.623a.652.652 0 0 1 0 
.936l-2.176 2.129a.343.343 0 0 
1-.478 0l-.875-.857c-3.686-3.60
7-9.662-3.607-13.348 
0l-.937.918a.343.343 0 0 
1-.479 0l-2.175-2.13a.652.652 
0 0 1 0-.936l.698-.683Zm23.633 
4.403 1.935 1.895a.652.652 0 0 
1 0 .936l-8.73 8.543a.687.687 
0 0 1-.956 0L20.37 
17.64a.172.172 0 0 0-.239 
0l-6.195 6.063a.687.687 0 0 
1-.957 0l-8.73-8.543a.652.652 
0 0 1 
0-.936l1.936-1.895a.687.687 0 
0 1 .957 0l6.196 
6.064a.172.172 0 0 0 .239 
0l6.195-6.064a.687.687 0 0 1 
.957 0l6.196 6.064a.172.172 0 
0 0 .24 0l6.195-6.064a.687.687 
0 0 1 .956 0ZM48.093 20.948l2.3
38-9.355c.139-.515.258-1.07.416
-1.942.12.872.258 1.427.357 
1.942l2.022 9.355h4.181l3.528-1
3.874h-3.21l-1.943 
8.523a24.825 24.825 0 0 0-.456 
2.457c-.158-.931-.317-1.625-.49
5-2.438l-1.883-8.542h-4.201l-2.
042 8.542a41.204 41.204 0 0 
0-.475 2.438 41.208 41.208 0 0 
0-.476-2.438l-1.903-8.542h-3.34
9l3.508 13.874h4.083ZM63.33 
21.304c1.585 0 2.596-.654 3.11-
1.605-.059.297-.078.595-.078.89
2v.357h2.655V15.22c0-2.735-1.24
8-4.32-4.3-4.32-2.636 0-4.36 
1.466-4.52 
3.487h2.914c.1-.891.734-1.426 
1.705-1.426.911 0 1.407.515 
1.407 1.11 0 .435-.258.693-1.03
.792l-1.388.159c-2.061.257-3.82
5 1.01-3.825 3.19 0 1.982 
1.645 3.092 3.35 
3.092Zm.891-2.041c-.773 
0-1.348-.436-1.348-1.19 
0-.733.655-1.09 1.645-1.268l.67
4-.119c.575-.118.892-.218 
1.09-.396v.912c0 1.228-.892 
2.06-2.06 2.06ZM70.398 7.074v13
.874h2.874V7.074h-2.874ZM74.934
 7.074v13.874h2.874V7.074h-2.87
4ZM84.08 21.304c2.735 0 
4.5-1.546 4.697-3.567h-2.893c-.
139.892-.892 1.387-1.804 
1.387-1.228 0-2.12-.99-2.14-2.3
58h6.897v-.555c0-3.21-1.764-5.3
12-4.816-5.312-2.933 0-4.994 
2.062-4.994 5.173 0 3.37 2.12 
5.232 5.053 5.232Zm-2.16-6.421c
.119-1.11.932-1.922 
2.081-1.922 1.11 0 1.883.772 
1.903 1.922H81.92ZM94.92 
21.146c.633 0 1.248-.1 1.525-.1
79v-2.18c-.218.04-.475.06-.693.
06-1.05 0-1.427-.595-1.427-1.56
6v-3.805h2.338v-2.24h-2.338V7.7
88H91.47v3.448H89.37v2.24h2.1v4
.201c0 2.3 1.15 3.469 3.45 
3.469ZM104.62 21.304c3.924 0 
6.302-2.299 
6.599-5.608h-3.111c-.238 
1.803-1.506 3.032-3.369 
3.032-2.2 
0-3.746-1.784-3.746-4.796 
0-2.953 1.605-4.638 
3.805-4.638 1.883 0 2.953 1.15 
3.171 2.834h3.191c-.317-3.448-2
.854-5.41-6.342-5.41-3.984 
0-7.036 2.695-7.036 7.214 0 
4.677 2.676 7.372 6.838 
7.372ZM117.449 21.304c2.993 0 
5.114-1.882 5.114-5.172 0-3.23-
2.121-5.233-5.114-5.233-2.972 
0-5.093 2.002-5.093 5.233 0 
3.29 2.101 5.172 5.093 
5.172Zm0-2.22c-1.327 
0-2.18-1.09-2.18-2.952 
0-1.903.892-2.973 2.18-2.973 
1.308 0 2.2 1.07 2.2 2.973 0 
1.862-.872 2.953-2.2 
2.953ZM126.569 
20.948v-5.689c0-1.208.753-2.1 
1.823-2.1 1.011 0 1.606.773 
1.606 2.06v5.729h2.873v-6.144c0
-2.339-1.229-3.905-3.428-3.905-
1.526 0-2.458.734-2.953 
1.606a5.31 5.31 0 0 0 .079-.892
v-.377h-2.874v9.712h2.874ZM137.
464 
20.948v-5.689c0-1.208.753-2.1 
1.823-2.1 1.011 0 1.606.773 
1.606 2.06v5.729h2.873v-6.144c0
-2.339-1.228-3.905-3.428-3.905-
1.526 0-2.458.734-2.953 
1.606a5.31 5.31 0 0 0 .079-.892
v-.377h-2.874v9.712h2.874ZM149.
949 21.304c2.735 0 4.499-1.546 
4.697-3.567h-2.893c-.139.892-.8
92 1.387-1.804 1.387-1.228 0-2.
12-.99-2.14-2.358h6.897v-.555c0
-3.21-1.764-5.312-4.816-5.312-2
.933 0-4.994 2.062-4.994 5.173 
0 3.37 2.12 5.232 5.053 5.232Zm
-2.16-6.421c.119-1.11.932-1.922
 2.081-1.922 1.11 0 1.883.772 
1.903 1.922h-3.984ZM160.876 
21.304c3.013 0 4.658-1.645 
4.975-4.201h-2.874c-.099 
1.07-.713 1.982-2.001 
1.982-1.309 
0-2.2-1.21-2.2-2.993 0-1.942 
1.03-2.933 2.259-2.933 1.209 0 
1.803.872 1.883 1.882h2.873c-.2
18-2.358-1.823-4.142-4.776-4.14
2-2.874 0-5.153 1.903-5.153 
5.193 0 3.25 1.923 5.212 5.014 
5.212ZM172.067 21.146c.634 0 
1.248-.1 1.526-.179v-2.18c-.218
.04-.476.06-.694.06-1.05 0-1.42
7-.595-1.427-1.566v-3.805h2.339
v-2.24h-2.339V7.788h-2.854v3.44
8h-2.1v2.24h2.1v4.201c0 2.3 
1.15 3.469 3.449 3.469Z" fill="
#fff"/></svg>`[39m[33m,[39m
[33mWALLET_CONNECT_ICON[39m[3
3m:[39m[33mC[39m[32m`<svg 
width="28" height="20" 
viewBox="0 0 28 20"><g 
clip-path="url(#a)"><path 
d="M7.386 6.482c3.653-3.576 
9.575-3.576 13.228 
0l.44.43a.451.451 0 0 1 0 
.648L19.55 9.033a.237.237 0 0 
1-.33 0l-.606-.592c-2.548-2.496
-6.68-2.496-9.228 
0l-.648.634a.237.237 0 0 1-.33 
0L6.902 7.602a.451.451 0 0 1 
0-.647l.483-.473Zm16.338 3.046 
1.339 1.31a.451.451 0 0 1 0 
.648l-6.035 5.909a.475.475 0 0 
1-.662 0L14.083 13.2a.119.119 
0 0 0-.166 0l-4.283 
4.194a.475.475 0 0 1-.662 
0l-6.035-5.91a.451.451 0 0 1 
0-.647l1.338-1.31a.475.475 0 0 
1 .662 0l4.283 
4.194c.046.044.12.044.166 
0l4.283-4.194a.475.475 0 0 1 
.662 0l4.283 
4.194c.046.044.12.044.166 
0l4.283-4.194a.475.475 0 0 1 
.662 0Z" fill="#000000"/></g><d
efs><clipPath id="a"><path 
fill="#ffffff" d="M0 0h28v20H0z
"/></clipPath></defs></svg>`[3
9m[33m,[39m[33mWALLET_CONNEC
T_ICON_COLORED[39m[33m:[39m
[33mC[39m[32m`<svg 
width="96" height="96" 
fill="none"><path fill="#fff" 
d="M25.322 
33.597c12.525-12.263 
32.83-12.263 45.355 0l1.507 
1.476a1.547 1.547 0 0 1 0 
2.22l-5.156 5.048a.814.814 0 0 
1-1.134 0l-2.074-2.03c-8.737-8.
555-22.903-8.555-31.64 
0l-2.222 2.175a.814.814 0 0 
1-1.134 0l-5.156-5.049a1.547 
1.547 0 0 1 
0-2.22l1.654-1.62Zm56.019 
10.44 4.589 4.494a1.547 1.547 
0 0 1 0 2.22l-20.693 
20.26a1.628 1.628 0 0 1-2.267 
0L48.283 56.632a.407.407 0 0 
0-.567 0L33.03 71.012a1.628 
1.628 0 0 1-2.268 0L10.07 
50.75a1.547 1.547 0 0 1 
0-2.22l4.59-4.494a1.628 1.628 
0 0 1 2.267 0l14.687 
14.38c.156.153.41.153.567 
0l14.685-14.38a1.628 1.628 0 0 
1 2.268 0l14.687 
14.38c.156.153.41.153.567 
0l14.686-14.38a1.628 1.628 0 0 
1 2.268 0Z"/><path 
stroke="#000" d="M25.672 
33.954c12.33-12.072 
32.325-12.072 44.655 0l1.508 
1.476a1.047 1.047 0 0 1 0 
1.506l-5.157 5.048a.314.314 0 
0 1-.434 0l-2.074-2.03c-8.932-8
.746-23.409-8.746-32.34 
0l-2.222 2.174a.314.314 0 0 
1-.434 0l-5.157-5.048a1.047 
1.047 0 0 1 
0-1.506l1.655-1.62Zm55.319 
10.44 4.59 4.494a1.047 1.047 0 
0 1 0 1.506l-20.694 
20.26a1.128 1.128 0 0 1-1.568 
0l-14.686-14.38a.907.907 0 0 
0-1.267 0L32.68 70.655a1.128 
1.128 0 0 1-1.568 0L10.42 
50.394a1.047 1.047 0 0 1 
0-1.506l4.59-4.493a1.128 1.128 
0 0 1 1.567 0l14.687 
14.379a.907.907 0 0 0 1.266 
0l-.35-.357.35.357 
14.686-14.38a1.128 1.128 0 0 1 
1.568 0l14.687 14.38a.907.907 
0 0 0 1.267 
0l14.686-14.38a1.128 1.128 0 0 
1 1.568 0Z"/></svg>`[39m[33m,
[39m[33mBACK_ICON[39m[33m:
[39m[33mC[39m[32m`<svg 
width="10" height="18" 
viewBox="0 0 10 18"><path 
fill-rule="evenodd" 
clip-rule="evenodd" 
d="M8.735.179a.75.75 0 0 1 
.087 1.057L2.92 8.192a1.25 
1.25 0 0 0 0 1.617l5.902 
6.956a.75.75 0 1 
1-1.144.97L1.776 10.78a2.75 
2.75 0 0 1 
0-3.559L7.678.265A.75.75 0 0 1 
8.735.18Z" fill="#fff"/></svg>`
[39m[33m,[39m[33mCOPY_ICON
[39m[33m:[39m[33mC[39m[32m
`<svg width="24" height="24" 
fill="none"><path fill="#fff" 
fill-rule="evenodd" d="M7.01 7.
01c.03-1.545.138-2.5.535-3.28A5
 5 0 0 1 9.73 1.545C10.8 1 
12.2 1 15 1c2.8 0 4.2 0 
5.27.545a5 5 0 0 1 2.185 
2.185C23 4.8 23 6.2 23 9c0 2.8 
0 4.2-.545 5.27a5 5 0 0 
1-2.185 2.185c-.78.397-1.735.50
5-3.28.534l-.001.01c-.03 
1.54-.138 2.493-.534 3.27a5 5 
0 0 1-2.185 2.186C13.2 23 11.8 
23 9 23c-2.8 0-4.2 
0-5.27-.545a5 5 0 0 
1-2.185-2.185C1 19.2 1 17.8 1 
15c0-2.8 0-4.2.545-5.27A5 5 0 
0 1 3.73 7.545C4.508 7.149 
5.46 7.04 7 7.01h.01ZM15 
15.5c-1.425 0-2.403-.001-3.162-
.063-.74-.06-1.139-.172-1.427-.
319a3.5 3.5 0 0 1-1.53-1.529c-.
146-.288-.257-.686-.318-1.427C8
.501 11.403 8.5 10.425 8.5 9c0-
1.425.001-2.403.063-3.162.06-.7
4.172-1.139.318-1.427a3.5 3.5 
0 0 1 
1.53-1.53c.288-.146.686-.257 
1.427-.318.759-.062 1.737-.063 
3.162-.063 1.425 0 2.403.001 
3.162.063.74.06 1.139.172 
1.427.318a3.5 3.5 0 0 1 1.53 
1.53c.146.288.257.686.318 
1.427.062.759.063 1.737.063 
3.162 0 1.425-.001 2.403-.063 
3.162-.06.74-.172 1.139-.319 
1.427a3.5 3.5 0 0 1-1.529 1.53c
-.288.146-.686.257-1.427.318-.7
59.062-1.737.063-3.162.063ZM7 8
.511c-.444.009-.825.025-1.162.0
52-.74.06-1.139.172-1.427.318a3
.5 3.5 0 0 0-1.53 
1.53c-.146.288-.257.686-.318 
1.427-.062.759-.063 1.737-.063 
3.162 0 1.425.001 2.403.063 
3.162.06.74.172 1.139.318 
1.427a3.5 3.5 0 0 0 1.53 
1.53c.288.146.686.257 
1.427.318.759.062 1.737.063 
3.162.063 1.425 0 2.403-.001 
3.162-.063.74-.06 1.139-.172 
1.427-.319a3.5 3.5 0 0 0 1.53-1
.53c.146-.287.257-.685.318-1.42
6.027-.337.043-.718.052-1.162H1
5c-2.8 0-4.2 0-5.27-.545a5 5 0 
0 1-2.185-2.185C7 13.2 7 11.8 
7 9v-.489Z" clip-rule="evenodd"
/></svg>`[39m[33m,[39m[33mR
ETRY_ICON[39m[33m:[39m[33mC
[39m[32m`<svg width="15" 
height="16" viewBox="0 0 15 
16"><path d="M6.464 
2.03A.75.75 0 0 0 
5.403.97L2.08 4.293a1 1 0 0 0 
0 1.414L5.403 9.03a.75.75 0 0 
0 1.06-1.06L4.672 6.177a.25.25 
0 0 1 .177-.427h2.085a4 4 0 1 
1-3.93 4.746c-.077-.407-.405-.7
46-.82-.746-.414 
0-.755.338-.7.748a5.501 5.501 
0 1 0 5.45-6.248H4.848a.25.25 
0 0 1-.177-.427L6.464 2.03Z" fi
ll="#fff"/></svg>`[39m[33m,[
39m[33mDESKTOP_ICON[39m[33m:
[39m[33mC[39m[32m`<svg 
width="16" height="16" 
viewBox="0 0 16 16"><path 
fill-rule="evenodd" 
clip-rule="evenodd" d="M0 
5.98c0-1.85 
0-2.775.394-3.466a3 3 0 0 1 
1.12-1.12C2.204 1 3.13 1 4.98 
1h6.04c1.85 0 2.775 0 
3.466.394a3 3 0 0 1 1.12 
1.12C16 3.204 16 4.13 16 
5.98v1.04c0 1.85 0 2.775-.394 
3.466a3 3 0 0 1-1.12 
1.12C13.796 12 12.87 12 11.02 
12H4.98c-1.85 0-2.775 
0-3.466-.394a3 3 0 0 
1-1.12-1.12C0 9.796 0 8.87 0 
7.02V5.98ZM4.98 2.5h6.04c.953 
0 1.568.001 2.034.043.446.04.60
8.108.69.154a1.5 1.5 0 0 1 .559
.56c.046.08.114.243.154.69.042.
465.043 1.08.043 2.033v1.04c0 
.952-.001 1.568-.043 2.034-.04.
446-.108.608-.154.69a1.499 
1.499 0 0 1-.56.559c-.08.046-.2
43.114-.69.154-.466.042-1.08.04
3-2.033.043H4.98c-.952 0-1.568-
.001-2.034-.043-.446-.04-.608-.
108-.69-.154a1.5 1.5 0 0 1-.559
-.56c-.046-.08-.114-.243-.154-.
69-.042-.465-.043-1.08-.043-2.0
33V5.98c0-.952.001-1.568.043-2.
034.04-.446.108-.608.154-.69a1.
5 1.5 0 0 1 .56-.559c.08-.046.2
43-.114.69-.154.465-.042 
1.08-.043 2.033-.043Z" 
fill="#fff"/><path d="M4 
14.25a.75.75 0 0 1 
.75-.75h6.5a.75.75 0 0 1 0 
1.5h-6.5a.75.75 0 0 
1-.75-.75Z" fill="#fff"/></svg>
`[39m[33m,[39m[33mMOBILE_IC
ON[39m[33m:[39m[33mC[39m[
32m`<svg width="16" 
height="16" viewBox="0 0 16 
16"><path d="M6.75 5a1.25 1.25 
0 1 0 0-2.5 1.25 1.25 0 0 0 0 
2.5Z" fill="#fff"/><path 
fill-rule="evenodd" 
clip-rule="evenodd" d="M3 
4.98c0-1.85 
0-2.775.394-3.466a3 3 0 0 1 
1.12-1.12C5.204 0 6.136 0 8 
0s2.795 0 3.486.394a3 3 0 0 1 
1.12 1.12C13 2.204 13 3.13 13 
4.98v6.04c0 1.85 0 2.775-.394 
3.466a3 3 0 0 1-1.12 
1.12C10.796 16 9.864 16 8 
16s-2.795 0-3.486-.394a3 3 0 0 
1-1.12-1.12C3 13.796 3 12.87 3 
11.02V4.98Zm8.5 0v6.04c0 
.953-.001 1.568-.043 2.034-.04.
446-.108.608-.154.69a1.499 
1.499 0 0 1-.56.559c-.08.045-.2
42.113-.693.154-.47.042-1.091.0
43-2.05.043-.959 0-1.58-.001-2.
05-.043-.45-.04-.613-.109-.693-
.154a1.5 1.5 0 0 1-.56-.56c-.04
6-.08-.114-.243-.154-.69-.042-.
466-.043-1.08-.043-2.033V4.98c0
-.952.001-1.568.043-2.034.04-.4
46.108-.608.154-.69a1.5 1.5 0 
0 1 .56-.559c.08-.045.243-.113.
693-.154C6.42 1.501 7.041 1.5 
8 1.5c.959 0 1.58.001 2.05.043.
45.04.613.109.693.154a1.5 1.5 
0 0 1 .56.56c.046.08.114.243.15
4.69.042.465.043 1.08.043 
2.033Z" fill="#fff"/></svg>`[3
9m[33m,[39m[33mARROW_DOWN_IC
ON[39m[33m:[39m[33mC[39m[
32m`<svg width="14" 
height="14" viewBox="0 0 14 
14"><path d="M2.28 7.47a.75.75 
0 0 0-1.06 1.06l5.25 
5.25a.75.75 0 0 0 1.06 
0l5.25-5.25a.75.75 0 0 
0-1.06-1.06l-3.544 
3.543a.25.25 0 0 
1-.426-.177V.75a.75.75 0 0 
0-1.5 0v10.086a.25.25 0 0 
1-.427.176L2.28 7.47Z" fill="#f
ff"/></svg>`[39m[33m,[39m[3
3mARROW_UP_RIGHT_ICON[39m[33m
:[39m[33mC[39m[32m`<svg 
width="15" height="14" 
fill="none"><path d="M4.5 
1.75A.75.75 0 0 1 5.25 
1H12a1.5 1.5 0 0 1 1.5 
1.5v6.75a.75.75 0 0 1-1.5 
0V4.164a.25.25 0 0 
0-.427-.176L4.061 11.5A.75.75 
0 0 1 3 
10.44l7.513-7.513a.25.25 0 0 
0-.177-.427H5.25a.75.75 0 0 
1-.75-.75Z" fill="#fff"/></svg>
`[39m[33m,[39m[33mARROW_RIG
HT_ICON[39m[33m:[39m[33mC[
39m[32m`<svg width="6" 
height="14" viewBox="0 0 6 
14"><path fill-rule="evenodd" 
clip-rule="evenodd" d="M2.181 
1.099a.75.75 0 0 1 
1.024.279l2.433 4.258a2.75 
2.75 0 0 1 0 2.729l-2.433 
4.257a.75.75 0 1 
1-1.303-.744L4.335 7.62a1.25 
1.25 0 0 0 0-1.24L1.902 
2.122a.75.75 0 0 1 .28-1.023Z" 
fill="#fff"/></svg>`[39m[33m,
[39m[33mQRCODE_ICON[39m[33m
:[39m[33mC[39m[32m`<svg 
width="25" height="24" 
viewBox="0 0 25 24"><path 
d="M23.748 9a.748.748 0 0 0 .74
8-.752c-.018-2.596-.128-4.07-.7
84-5.22a6 6 0 0 0-2.24-2.24c-1.
15-.656-2.624-.766-5.22-.784a.7
48.748 0 0 0-.752.748c0 
.414.335.749.748.752 1.015.007 
1.82.028 2.494.088.995.09 
1.561.256 1.988.5.7.398 
1.28.978 1.679 
1.678.243.427.41.993.498 
1.988.061.675.082 1.479.09 
2.493a.753.753 0 0 0 
.75.749ZM3.527.788C4.677.132 
6.152.022 8.747.004A.748.748 0 
0 1 9.5.752a.753.753 0 0 1-.749
.752c-1.014.007-1.818.028-2.493
.088-.995.09-1.561.256-1.988.5-
.7.398-1.28.978-1.679 
1.678-.243.427-.41.993-.499 
1.988-.06.675-.081 1.479-.088 
2.493A.753.753 0 0 1 1.252 
9a.748.748 0 0 1-.748-.752c.018
-2.596.128-4.07.784-5.22a6 6 0 
0 1 2.24-2.24ZM1.252 
15a.748.748 0 0 
0-.748.752c.018 2.596.128 
4.07.784 5.22a6 6 0 0 0 2.24 
2.24c1.15.656 2.624.766 
5.22.784a.748.748 0 0 0 
.752-.748.753.753 0 0 0-.749-.7
52c-1.014-.007-1.818-.028-2.493
-.089-.995-.089-1.561-.255-1.98
8-.498a4.5 4.5 0 0 1-1.679-1.68
c-.243-.426-.41-.992-.499-1.987
-.06-.675-.081-1.479-.088-2.493
A.753.753 0 0 0 1.252 
15ZM22.996 15.749a.753.753 0 0 
1 .752-.749c.415 0 
.751.338.748.752-.018 
2.596-.128 4.07-.784 5.22a6 6 
0 0 1-2.24 2.24c-1.15.656-2.624
.766-5.22.784a.748.748 0 0 1-.7
52-.748c0-.414.335-.749.748-.75
2 1.015-.007 1.82-.028 
2.494-.089.995-.089 1.561-.255 
1.988-.498a4.5 4.5 0 0 0 1.679-
1.68c.243-.426.41-.992.498-1.98
7.061-.675.082-1.479.09-2.493Z"
 fill="#fff"/><path 
fill-rule="evenodd" 
clip-rule="evenodd" d="M7 
4a2.5 2.5 0 0 0-2.5 2.5v2A2.5 
2.5 0 0 0 7 11h2a2.5 2.5 0 0 0 
2.5-2.5v-2A2.5 2.5 0 0 0 9 
4H7Zm2 1.5H7a1 1 0 0 0-1 1v2a1 
1 0 0 0 1 1h2a1 1 0 0 0 
1-1v-2a1 1 0 0 0-1-1ZM13.5 
6.5A2.5 2.5 0 0 1 16 4h2a2.5 
2.5 0 0 1 2.5 2.5v2A2.5 2.5 0 
0 1 18 11h-2a2.5 2.5 0 0 
1-2.5-2.5v-2Zm2.5-1h2a1 1 0 0 
1 1 1v2a1 1 0 0 1-1 1h-2a1 1 0 
0 1-1-1v-2a1 1 0 0 1 1-1ZM7 
13a2.5 2.5 0 0 0-2.5 2.5v2A2.5 
2.5 0 0 0 7 20h2a2.5 2.5 0 0 0 
2.5-2.5v-2A2.5 2.5 0 0 0 9 
13H7Zm2 1.5H7a1 1 0 0 0-1 
1v2a1 1 0 0 0 1 1h2a1 1 0 0 0 
1-1v-2a1 1 0 0 0-1-1Z" 
fill="#fff"/><path d="M13.5 
15.5c0-.465 0-.697.038-.89a2 2 
0 0 1 1.572-1.572C15.303 13 
15.535 13 16 13v2.5h-2.5ZM18 
13c.465 0 .697 0 .89.038a2 2 0 
0 1 1.572 1.572c.038.193.038.42
5.038.89H18V13ZM18 17.5h2.5c0 
.465 0 .697-.038.89a2 2 0 0 
1-1.572 1.572C18.697 20 18.465 
20 18 20v-2.5ZM13.5 
17.5H16V20c-.465 0-.697 
0-.89-.038a2 2 0 0 1-1.572-1.57
2c-.038-.193-.038-.425-.038-.89
Z" fill="#fff"/></svg>`[39m[3
3m,[39m[33mSCAN_ICON[39m[33
m:[39m[33mC[39m[32m`<svg 
width="16" height="16" 
fill="none"><path fill="#fff" 
d="M10 15.216c0 
.422.347.763.768.74 1.202-.064 
2.025-.222 2.71-.613a5.001 
5.001 0 0 0 1.865-1.866c.39-.68
4.549-1.507.613-2.709a.735.735 
0 0 0-.74-.768.768.768 0 0 0-.7
6.732c-.009.157-.02.306-.032.44
7-.073.812-.206 1.244-.384 
1.555-.31.545-.761.996-1.306 1.
306-.311.178-.743.311-1.555.384
-.141.013-.29.023-.447.032a.768
.768 0 0 0-.732.76ZM10 .784c0 .
407.325.737.732.76.157.009.306.
02.447.032.812.073 1.244.206 
1.555.384a3.5 3.5 0 0 1 1.306 
1.306c.178.311.311.743.384 1.55
5.013.142.023.29.032.447a.768.7
68 0 0 0 .76.732.734.734 0 0 0 
.74-.768c-.064-1.202-.222-2.025
-.613-2.71A5 5 0 0 0 13.477.658
c-.684-.39-1.507-.549-2.709-.61
3a.735.735 0 0 
0-.768.74ZM5.232.044A.735.735 
0 0 1 6 .784a.768.768 0 0 1-.73
2.76c-.157.009-.305.02-.447.032
-.812.073-1.244.206-1.555.384A3
.5 3.5 0 0 0 1.96 
3.266c-.178.311-.311.743-.384 1
.555-.013.142-.023.29-.032.447A
.768.768 0 0 1 .784 6a.735.735 
0 0 1-.74-.768c.064-1.202.222-2
.025.613-2.71A5 5 0 0 1 
2.523.658C3.207.267 4.03.108 
5.233.044ZM5.268 
14.456a.768.768 0 0 1 
.732.76.734.734 0 0 1-.768.74c-
1.202-.064-2.025-.222-2.71-.613
a5 5 0 0 1-1.865-1.866c-.39-.68
4-.549-1.507-.613-2.709A.735.73
5 0 0 1 .784 10c.407 0 .737.325
.76.732.009.157.02.306.032.447.
073.812.206 1.244.384 
1.555a3.5 3.5 0 0 0 1.306 
1.306c.311.178.743.311 1.555.38
4.142.013.29.023.447.032Z"/></s
vg>`[39m[33m,[39m[33mCHECKM
ARK_ICON[39m[33m:[39m[33mC
[39m[32m`<svg width="13" 
height="12" viewBox="0 0 13 
12"><path fill-rule="evenodd" 
clip-rule="evenodd" 
d="M12.155.132a.75.75 0 0 1 
.232 1.035L5.821 11.535a1 1 0 
0 1-1.626.09L.665 7.21a.75.75 
0 1 1 1.17-.937L4.71 
9.867a.25.25 0 0 0 
.406-.023L11.12.364a.75.75 0 0 
1 1.035-.232Z" fill="#fff"/></s
vg>`[39m[33m,[39m[33mSEARCH
_ICON[39m[33m:[39m[33mC[39
m[32m`<svg width="20" 
height="21"><path 
fill-rule="evenodd" 
clip-rule="evenodd" d="M12.432 
13.992c-.354-.353-.91-.382-1.35
-.146a5.5 5.5 0 1 1 2.265-2.265
c-.237.441-.208.997.145 
1.35l3.296 3.296a.75.75 0 1 
1-1.06 
1.061l-3.296-3.296Zm.06-5a4 4 
0 1 1-8 0 4 4 0 0 1 8 0Z" fill=
"#949E9E"/></svg>`[39m[33m,[
39m[33mWALLET_PLACEHOLDER[39m
[33m:[39m[33mC[39m[32m`<sv
g width="60" height="60" 
fill="none" viewBox="0 0 60 
60"><g 
clip-path="url(#q)"><path 
id="wallet-placeholder-fill" 
fill="#fff" d="M0 24.9c0-9.251 
0-13.877 1.97-17.332a15 15 0 0 
1 5.598-5.597C11.023 0 15.648 
0 24.9 0h10.2c9.252 0 13.877 0 
17.332 1.97a15 15 0 0 1 5.597 
5.598C60 11.023 60 15.648 60 
24.9v10.2c0 9.252 0 
13.877-1.97 17.332a15.001 
15.001 0 0 1-5.598 
5.597C48.977 60 44.352 60 35.1 
60H24.9c-9.251 0-13.877 
0-17.332-1.97a15 15 0 0 
1-5.597-5.598C0 48.977 0 
44.352 0 35.1V24.9Z"/><path 
id="wallet-placeholder-dash" 
stroke="#000" 
stroke-dasharray="4 4" 
stroke-width="1.5" d="M.04 
41.708a231.598 231.598 0 0 
1-.039-4.403l.75-.001L.75 35.1v
-2.55H0v-5.1h.75V24.9l.001-2.20
4h-.75c.003-1.617.011-3.077.039
-4.404l.75.016c.034-1.65.099-3.
08.218-4.343l-.746-.07c.158-1.6
78.412-3.083.82-4.316l.713.236c
.224-.679.497-1.296.827-1.875a1
4.25 14.25 0 0 1 
1.05-1.585L3.076 5.9A15 15 0 0 
1 5.9 3.076l.455.596a14.25 
14.25 0 0 1 
1.585-1.05c.579-.33 1.196-.603 
1.875-.827l-.236-.712C10.812.67
4 12.217.42 
13.895.262l.07.746C15.23.89 
16.66.824 
18.308.79l-.016-.75C19.62.012 
21.08.004 22.695.001l.001.75L24
.9.75h2.55V0h5.1v.75h2.55l2.204
.001v-.75c1.617.003 3.077.011 
4.404.039l-.016.75c1.65.034 
3.08.099 
4.343.218l.07-.746c1.678.158 
3.083.412 
4.316.82l-.236.713c.679.224 
1.296.497 1.875.827a14.24 
14.24 0 0 1 1.585 
1.05l.455-.596A14.999 14.999 0 
0 1 56.924 
5.9l-.596.455c.384.502.735 
1.032 1.05 1.585.33.579.602 
1.196.827 1.875l.712-.236c.409 
1.233.663 2.638.822 
4.316l-.747.07c.119 1.264.184 
2.694.218 4.343l.75-.016c.028 
1.327.036 2.787.039 
4.403l-.75.001.001 2.204v2.55H6
0v5.1h-.75v2.55l-.001 
2.204h.75a231.431 231.431 0 0 
1-.039 4.404l-.75-.016c-.034 
1.65-.099 3.08-.218 
4.343l.747.07c-.159 1.678-.413 
3.083-.822 
4.316l-.712-.236a10.255 10.255 
0 0 1-.827 1.875 14.242 14.242 
0 0 1-1.05 
1.585l.596.455a14.997 14.997 0 
0 1-2.824 2.824l-.455-.596c-.50
2.384-1.032.735-1.585 1.05-.579
.33-1.196.602-1.875.827l.236.71
2c-1.233.409-2.638.663-4.316.82
2l-.07-.747c-1.264.119-2.694.18
4-4.343.218l.016.75c-1.327.028-
2.787.036-4.403.039l-.001-.75-2
.204.001h-2.55V60h-5.1v-.75H24.
9l-2.204-.001v.75a231.431 
231.431 0 0 1-4.404-.039l.016-.
75c-1.65-.034-3.08-.099-4.343-.
218l-.07.747c-1.678-.159-3.083-
.413-4.316-.822l.236-.712a10.25
8 10.258 0 0 1-1.875-.827 
14.252 14.252 0 0 
1-1.585-1.05l-.455.596A14.999 
14.999 0 0 1 3.076 
54.1l.596-.455a14.24 14.24 0 0 
1-1.05-1.585 10.259 10.259 0 0 
1-.827-1.875l-.712.236C.674 
49.188.42 47.783.262 
46.105l.746-.07C.89 44.77.824 
43.34.79 
41.692l-.75.016Z"/><path 
fill="#fff" 
fill-rule="evenodd" d="M35.643 
32.145c-.297-.743-.445-1.114-.4
01-1.275a.42.42 0 0 1 
.182-.27c.134-.1.463-.1 
1.123-.1.742 0 1.499.046 
2.236-.05a6 6 0 0 0 5.166-5.166
c.051-.39.051-.855.051-1.784 
0-.928 0-1.393-.051-1.783a6 6 
0 0 0-5.166-5.165c-.39-.052-.85
4-.052-1.783-.052h-7.72c-4.934 
0-7.401 0-9.244 1.051a8 8 0 0 
0-2.985 2.986C16.057 22.28 
16.003 24.58 16 29 15.998 
31.075 16 33.15 16 
35.224A7.778 7.778 0 0 0 
23.778 43H28.5c1.394 0 2.09 0 
2.67-.116a6 6 0 0 0 4.715-4.714
c.115-.58.115-1.301.115-2.744 
0-1.31 0-1.964-.114-2.49a4.998 
4.998 0 0 0-.243-.792Z" 
clip-rule="evenodd"/><path 
fill="#9EA9A9" 
fill-rule="evenodd" d="M37 
18h-7.72c-2.494 0-4.266.002-5.6
47.126-1.361.122-2.197.354-2.85
4.728a6.5 6.5 0 0 0-2.425 
2.426c-.375.657-.607 
1.492-.729 2.853-.11 
1.233-.123 2.777-.125 4.867 0 
.7 0 1.05.097 1.181.096.13.182.
181.343.2.163.02.518-.18 
1.229-.581a6.195 6.195 0 0 1 
3.053-.8H37c.977 0 1.32-.003 
1.587-.038a4.5 4.5 0 0 0 3.874-
3.874c.036-.268.039-.611.039-1.
588 0-.976-.003-1.319-.038-1.58
7a4.5 4.5 0 0 
0-3.875-3.874C38.32 18.004 
37.977 18 37 18Zm-7.364 
12.5h-7.414a4.722 4.722 0 0 
0-4.722 4.723 6.278 6.278 0 0 
0 6.278 6.278H28.5c1.466 0 
1.98-.008 2.378-.087a4.5 4.5 0 
0 0 3.535-3.536c.08-.397.087-.9
33.087-2.451 0-1.391-.009-1.843
-.08-2.17a3.5 3.5 0 0 0-2.676-2
.676c-.328-.072-.762-.08-2.108-
.08Z" clip-rule="evenodd"/></g>
<defs><clipPath id="q"><path 
fill="#fff" d="M0 0h60v60H0z"/>
</clipPath></defs></svg>`[39m
[33m,[39m[33mGLOBE_ICON[39m
[33m:[39m[33mC[39m[32m`<svg
 width="16" height="16" 
fill="none" viewBox="0 0 16 
16"><path fill="#fff" 
fill-rule="evenodd" d="M15.5 
8a7.5 7.5 0 1 1-15 0 7.5 7.5 0 
0 1 15 0Zm-2.113.75c.301 0 
.535.264.47.558a6.01 6.01 0 0 
1-2.867 3.896c-.203.116-.42-.10
3-.334-.32.409-1.018.691-2.274.
797-3.657a.512.512 0 0 1 .507-.
477h1.427Zm.47-2.058c.065.294-.
169.558-.47.558H11.96a.512.512 
0 0 1-.507-.477c-.106-1.383-.38
9-2.638-.797-3.656-.087-.217.13
-.437.333-.32a6.01 6.01 0 0 1 
2.868 3.895Zm-4.402.558c.286 0 
.515-.24.49-.525-.121-1.361-.42
9-2.534-.83-3.393-.279-.6-.549-
.93-.753-1.112a.535.535 0 0 
0-.724 
0c-.204.182-.474.513-.754 
1.112-.4.859-.708 2.032-.828 
3.393a.486.486 0 0 0 
.49.525h2.909Zm-5.415 0c.267 0 
.486-.21.507-.477.106-1.383.389
-2.638.797-3.656.087-.217-.13-.
437-.333-.32a6.01 6.01 0 0 
0-2.868 3.895c-.065.294.169.558
.47.558H4.04ZM2.143 9.308c-.065
-.294.169-.558.47-.558H4.04c.26
7 0 .486.21.507.477.106 
1.383.389 2.639.797 3.657.087.2
17-.13.436-.333.32a6.01 6.01 0 
0 1-2.868-3.896Zm3.913-.033a.48
6.486 0 0 1 
.49-.525h2.909c.286 0 
.515.24.49.525-.121 1.361-.428 
2.535-.83 
3.394-.279.6-.549.93-.753 
1.112a.535.535 0 0 1-.724 0c-.2
04-.182-.474-.513-.754-1.112-.4
-.859-.708-2.033-.828-3.394Z" c
lip-rule="evenodd"/></svg>`[39
m}[33m,[39mpt[33m=[39mg[32
m`.wcm-toolbar-placeholder{top:
0;bottom:0;left:0;right:0;width
:100%;position:absolute;display
:block;pointer-events:none;heig
ht:100px;border-radius:calc(var
(--wcm-background-border-radius
) * .9);background-color:var(--
wcm-background-color);backgroun
d-position:center;background-si
ze:cover}.wcm-toolbar{height:38
px;display:flex;position:relati
ve;margin:5px 15px 5px 5px;just
ify-content:space-between;align
-items:center}.wcm-toolbar 
img,.wcm-toolbar svg{height:28p
x;object-position:left center;o
bject-fit:contain}#wcm-wc-logo 
path{fill:var(--wcm-accent-fill
-color)}button{width:28px;heigh
t:28px;border-radius:var(--wcm-
icon-button-border-radius);bord
er:0;display:flex;justify-conte
nt:center;align-items:center;cu
rsor:pointer;background-color:v
ar(--wcm-color-bg-1);box-shadow
:0 0 0 1px var(--wcm-color-over
lay)}button:active{background-c
olor:var(--wcm-color-bg-2)}butt
on svg{display:block;object-pos
ition:center}button path{fill:v
ar(--wcm-color-fg-1)}.wcm-toolb
ar div{display:flex}@media(hove
r:hover){button:hover{backgroun
d-color:var(--wcm-color-bg-2)}}
`[39m[33m;[39m[36mvar[39m 
gt[33m=[39m[33mObject[39m[
33m.[39mdefineProperty[33m,[
39mvt[33m=[39m[33mObject[39
m[33m.[39mgetOwnPropertyDescr
iptor[33m,[39mut[33m=[39m(e
[33m,[39mo[33m,[39mr[33m,
[39ma)[33m=>[39m{[36mfor[39
m([36mvar[39m t[33m=[39ma[
33m>[39m[35m1[39m[33m?[39m
[36mvoid[39m [35m0[39m[33m
:[39ma[33m?[39mvt(o[33m,[3
9mr)[33m:[39mo[33m,[39ml[3
3m=[39me[33m.[39mlength[33m
-[39m[35m1[39m[33m,[39mi[
33m;[39ml[33m>=[39m[35m0[3
9m[33m;[39ml[33m--[39m)(i[
33m=[39me[l])[33m&&[39m(t[3
3m=[39m(a[33m?[39mi(o[33m,
[39mr[33m,[39mt)[33m:[39mi(
t))[33m||[39mt)[33m;[39m[3
6mreturn[39m a[33m&&[39mt[3
3m&&[39mgt(o[33m,[39mr[33m,
[39mt)[33m,[39mt}[33m;[39m
[36mlet[39m 
fe[33m=[39m[36mclass[39m 
[36mextends[39m 
w{render(){[36mreturn[39m 
n[32m`<div class="wcm-toolbar-
placeholder"></div><div class="
wcm-toolbar">${v.WALLET_CONNECT
_LOGO} <button @click="${ge.clo
se}">${v.CROSS_ICON}</button></
div>`[39m}}[33m;[39mfe[33m.
[39mstyles[33m=[39m[h[33m.
[39mglobalCss[33m,[39mpt][33
m,[39mfe[33m=[39mut([p([32m
"wcm-modal-backcard"[39m)][33
m,[39mfe)[33m;[39m[36mconst
[39m bt[33m=[39mg[32m`main{
padding:20px;padding-top:0;widt
h:100%}`[39m[33m;[39m[36mva
r[39m ft[33m=[39m[33mObject
[39m[33m.[39mdefineProperty
[33m,[39mxt[33m=[39m[33mObj
ect[39m[33m.[39mgetOwnProper
tyDescriptor[33m,[39myt[33m=
[39m(e[33m,[39mo[33m,[39mr
[33m,[39ma)[33m=>[39m{[36m
for[39m([36mvar[39m t[33m=
[39ma[33m>[39m[35m1[39m[33
m?[39m[36mvoid[39m [35m0[3
9m[33m:[39ma[33m?[39mxt(o[
33m,[39mr)[33m:[39mo[33m,[
39ml[33m=[39me[33m.[39mleng
th[33m-[39m[35m1[39m[33m,
[39mi[33m;[39ml[33m>=[39m[
35m0[39m[33m;[39ml[33m--[3
9m)(i[33m=[39me[l])[33m&&[3
9m(t[33m=[39m(a[33m?[39mi(o
[33m,[39mr[33m,[39mt)[33m:
[39mi(t))[33m||[39mt)[33m;
[39m[36mreturn[39m a[33m&&[
39mt[33m&&[39mft(o[33m,[39m
r[33m,[39mt)[33m,[39mt}[33
m;[39m[36mlet[39m 
xe[33m=[39m[36mclass[39m 
[36mextends[39m 
w{render(){[36mreturn[39m n[
32m`<main><slot></slot></main>`
[39m}}[33m;[39mxe[33m.[39m
styles[33m=[39m[h[33m.[39mg
lobalCss[33m,[39mbt][33m,[3
9mxe[33m=[39myt([p([32m"wcm-
modal-content"[39m)][33m,[39
mxe)[33m;[39m[36mconst[39m 
$t[33m=[39mg[32m`footer{padd
ing:10px;display:flex;flex-dire
ction:column;align-items:inheri
t;justify-content:inherit;borde
r-top:1px solid var(--wcm-color
-bg-2)}`[39m[33m;[39m[36mva
r[39m [33mCt[39m[33m=[39m
[33mObject[39m[33m.[39mdefin
eProperty[33m,[39mkt[33m=[3
9m[33mObject[39m[33m.[39mge
tOwnPropertyDescriptor[33m,[3
9m[33mOt[39m[33m=[39m(e[33
m,[39mo[33m,[39mr[33m,[39m
a)[33m=>[39m{[36mfor[39m([
36mvar[39m t[33m=[39ma[33m>
[39m[35m1[39m[33m?[39m[36
mvoid[39m [35m0[39m[33m:[3
9ma[33m?[39mkt(o[33m,[39mr)
[33m:[39mo[33m,[39ml[33m=
[39me[33m.[39mlength[33m-[3
9m[35m1[39m[33m,[39mi[33m;
[39ml[33m>=[39m[35m0[39m[
33m;[39ml[33m--[39m)(i[33m=
[39me[l])[33m&&[39m(t[33m=
[39m(a[33m?[39mi(o[33m,[39m
r[33m,[39mt)[33m:[39mi(t))
[33m||[39mt)[33m;[39m[36mre
turn[39m a[33m&&[39mt[33m&&
[39m[33mCt[39m(o[33m,[39mr
[33m,[39mt)[33m,[39mt}[33m
;[39m[36mlet[39m 
ye[33m=[39m[36mclass[39m 
[36mextends[39m 
w{render(){[36mreturn[39m n[
32m`<footer><slot></slot></foot
er>`[39m}}[33m;[39mye[33m.
[39mstyles[33m=[39m[h[33m.[
39mglobalCss[33m,[39m$t][33m
,[39mye[33m=[39m[33mOt[39m
([p([32m"wcm-modal-footer"[39
m)][33m,[39mye)[33m;[39m[3
6mconst[39m [33mWt[39m[33m=
[39mg[32m`header{display:flex
;justify-content:center;align-i
tems:center;padding:20px;positi
on:relative}.wcm-border{border-
bottom:1px solid var(--wcm-colo
r-bg-2);margin-bottom:20px}head
er button{padding:15px 
20px}header button:active{opaci
ty:.5}@media(hover:hover){heade
r button:hover{opacity:.5}}.wcm
-back-btn{position:absolute;lef
t:0}.wcm-action-btn{position:ab
solute;right:0}path{fill:var(--
wcm-accent-color)}`[39m[33m;
[39m[36mvar[39m [33mIt[39m
[33m=[39m[33mObject[39m[33m
.[39mdefineProperty[33m,[39m
[33mEt[39m[33m=[39m[33mObj
ect[39m[33m.[39mgetOwnProper
tyDescriptor[33m,[39mte[33m=
[39m(e[33m,[39mo[33m,[39mr
[33m,[39ma)[33m=>[39m{[36m
for[39m([36mvar[39m t[33m=
[39ma[33m>[39m[35m1[39m[33
m?[39m[36mvoid[39m [35m0[3
9m[33m:[39ma[33m?[39m[33mE
t[39m(o[33m,[39mr)[33m:[39
mo[33m,[39ml[33m=[39me[33m
.[39mlength[33m-[39m[35m1[
39m[33m,[39mi[33m;[39ml[33
m>=[39m[35m0[39m[33m;[39ml
[33m--[39m)(i[33m=[39me[l])
[33m&&[39m(t[33m=[39m(a[33
m?[39mi(o[33m,[39mr[33m,[3
9mt)[33m:[39mi(t))[33m||[39
mt)[33m;[39m[36mreturn[39m 
a[33m&&[39mt[33m&&[39m[33m
It[39m(o[33m,[39mr[33m,[39
mt)[33m,[39mt}[33m;[39m[36
mlet[39m [33mS[39m[33m=[39
m[36mclass[39m 
[36mextends[39m w{constructor
(){[36msuper[39m([33m...[39
marguments)[33m,[39m[36mthis
[39m[33m.[39mtitle[33m=[39
m[32m""[39m[33m,[39m[36mth
is[39m[33m.[39monAction[33m
=[39m[36mvoid[39m [35m0[39
m[33m,[39m[36mthis[39m[33m
.[39mactionIcon[33m=[39m[36
mvoid[39m [35m0[39m[33m,[3
9m[36mthis[39m[33m.[39mbord
er[33m=[39m[33m![39m[35m1
[39m}backBtnTemplate(){[36mret
urn[39m n[32m`<button 
class="wcm-back-btn" @click="${
x.goBack}">${v.BACK_ICON}</butt
on>`[39m}actionBtnTemplate(){
[36mreturn[39m n[32m`<button 
class="wcm-action-btn" @click="
${this.onAction}">${this.action
Icon}</button>`[39m}render(){
[36mconst[39m e[33m=[39m{[3
2m"wcm-border"[39m[33m:[39m
[36mthis[39m[33m.[39mborder}
[33m,[39mo[33m=[39mx[33m.
[39mstate[33m.[39mhistory[33
m.[39mlength[33m>[39m[35m1
[39m[33m,[39mr[33m=[39m[36
mthis[39m[33m.[39mtitle[33m
?[39mn[32m`<wcm-text variant=
"big-bold">${this.title}</wcm-t
ext>`[39m[33m:[39mn[32m`<sl
ot></slot>`[39m[33m;[39m[36
mreturn[39m n[32m`<header cla
ss="${P(e)}">${o?this.backBtnTe
mplate():null} ${r} ${this.onAc
tion?this.actionBtnTemplate():n
ull}</header>`[39m}}[33m;[39
m[33mS[39m[33m.[39mstyles[
33m=[39m[h[33m.[39mglobalCss
[33m,[39m[33mWt[39m][33m,
[39mte([d()][33m,[39m[33mS[
39m[33m.[39mprototype[33m,[
39m[32m"title"[39m[33m,[39m
[35m2[39m)[33m,[39mte([d()]
[33m,[39m[33mS[39m[33m.[3
9mprototype[33m,[39m[32m"onA
ction"[39m[33m,[39m[35m2[3
9m)[33m,[39mte([d()][33m,[3
9m[33mS[39m[33m.[39mprototy
pe[33m,[39m[32m"actionIcon"
[39m[33m,[39m[35m2[39m)[33
m,[39mte([d({type[33m:[39m[
33mBoolean[39m})][33m,[39m[
33mS[39m[33m.[39mprototype[
33m,[39m[32m"border"[39m[33
m,[39m[35m2[39m)[33m,[39m
[33mS[39m[33m=[39mte([p([32
m"wcm-modal-header"[39m)][33m
,[39m[33mS[39m)[33m;[39m[
36mconst[39m c[33m=[39m{[33
mMOBILE_BREAKPOINT[39m[33m:[
39m[35m600[39m[33m,[39m[33
mWCM_RECENT_WALLET_DATA[39m[3
3m:[39m[32m"WCM_RECENT_WALLET
_DATA"[39m[33m,[39m[33mEXPL
ORER_WALLET_URL[39m[33m:[39m
[32m"https://explorer.walletco
nnect.com/?type=wallet"[39m[3
3m,[39mgetShadowRootElement(e
[33m,[39mo){[36mconst[39m r
[33m=[39me[33m.[39mrenderRoo
t[33m.[39mquerySelector(o)[3
3m;[39m[36mif[39m([33m![39
mr)[36mthrow[39m 
[36mnew[39m 
[33mError[39m([32m`${o} not 
found`[39m)[33m;[39m[36mret
urn[39m r}[33m,[39mgetWallet
Icon({id[33m:[39me[33m,[39m
image_id[33m:[39mo}){[36mcon
st[39m{walletImages[33m:[39m
r}[33m=[39mz[33m.[39mstate
[33m;[39m[36mreturn[39m r[3
3m!=[39m[36mnull[39m[33m&&
[39mr[e][33m?[39mr[e][33m:[
39mo[33m?[39m[33mW[39m[33m
.[39mgetWalletImageUrl(o)[33m
:[39m[32m""[39m}[33m,[39mg
etWalletName(e[33m,[39mo[33m
=[39m[33m![39m[35m1[39m){
[36mreturn[39m o[33m&&[39me
[33m.[39mlength[33m>[39m[35
m8[39m[33m?[39m[32m`${e.sub
string(0,8)}..`[39m[33m:[39m
e}[33m,[39misMobileAnimation(
){[36mreturn[39m window[33m.
[39minnerWidth[33m<=[39mc[3
3m.[39m[33mMOBILE_BREAKPOINT
[39m}[33m,[39m[36masync[39m
 preloadImage(e){[36mconst[39
m o[33m=[39m[36mnew[39m [3
3mPromise[39m((r[33m,[39ma)
[33m=>[39m{[36mconst[39m 
t[33m=[39m[36mnew[39m [33m
Image[39m[33m;[39mt[33m.[3
9monload[33m=[39mr[33m,[39m
t[33m.[39monerror[33m=[39ma
[33m,[39mt[33m.[39mcrossOri
gin[33m=[39m[32m"anonymous"
[39m[33m,[39mt[33m.[39msrc
[33m=[39me})[33m;[39m[36mre
turn[39m [33mPromise[39m[33
m.[39mrace([o[33m,[39mm[33m
.[39mwait([35m3e3[39m)])}[3
3m,[39mgetErrorMessage(e){[36
mreturn[39m e 
[36minstanceof[39m [33mError
[39m[33m?[39me[33m.[39mmes
sage[33m:[39m[32m"Unknown Er
ror"[39m}[33m,[39mdebounce(e
[33m,[39mo[33m=[39m[35m500
[39m){[36mlet[39m r[33m;[3
9m[36mreturn[39m([33m...[39
ma)[33m=>[39m{[36mfunction[
39m t(){e([33m...[39ma)}r[33
m&&[39mclearTimeout(r)[33m,[
39mr[33m=[39msetTimeout(t[33
m,[39mo)}}[33m,[39mhandleMob
ileLinking(e){[36mconst[39m{w
alletConnectUri[33m:[39mo}[3
3m=[39m[33mR[39m[33m.[39ms
tate[33m,[39m{mobile[33m:[3
9mr[33m,[39mname[33m:[39ma}
[33m=[39me[33m,[39mt[33m=
[39mr[33m?[39m[33m.[39mnati
ve[33m,[39ml[33m=[39mr[33m
?[39m[33m.[39muniversal[33m
;[39mc[33m.[39msetRecentWall
et(e)[33m;[39m[36mfunction[
39m i(s){[36mlet[39m $[33m=
[39m[32m""[39m[33m;[39mt[3
3m?[39m$[33m=[39mm[33m.[39
mformatUniversalUrl(t[33m,[39
ms[33m,[39ma)[33m:[39ml[33
m&&[39m($[33m=[39mm[33m.[3
9mformatNativeUrl(l[33m,[39ms
[33m,[39ma))[33m,[39mm[33m
.[39mopenHref($[33m,[39m[32
m"_self"[39m)}o[33m&&[39mi(o
)}[33m,[39mhandleAndroidLinki
ng(){[36mconst[39m{walletConn
ectUri[33m:[39me}[33m=[39m
[33mR[39m[33m.[39mstate[33m
;[39me[33m&&[39m(m[33m.[39
msetWalletConnectAndroidDeepLin
k(e)[33m,[39mm[33m.[39mopen
Href(e[33m,[39m[32m"_self"[
39m))}[33m,[39m[36masync[39
m handleUriCopy(){[36mconst[3
9m{walletConnectUri[33m:[39me
}[33m=[39m[33mR[39m[33m.[
39mstate[33m;[39m[36mif[39m
(e)[36mtry[39m{[36mawait[39
m navigator[33m.[39mclipboard
[33m.[39mwriteText(e)[33m,[
39m[33mN[39m[33m.[39mopenTo
ast([32m"Link copied"[39m[33
m,[39m[32m"success"[39m)}[3
6mcatch[39m{[33mN[39m[33m.
[39mopenToast([32m"Failed to c
opy"[39m[33m,[39m[32m"error
"[39m)}}[33m,[39mgetCustomIm
ageUrls(){[36mconst[39m{walle
tImages[33m:[39me}[33m=[39m
z[33m.[39mstate[33m,[39mo[
33m=[39m[33mObject[39m[33m.
[39mvalues(e[33m?[39m[33m?
[39m{})[33m;[39m[36mreturn[
39m [33mObject[39m[33m.[39m
values(o)}[33m,[39mtruncate(e
[33m,[39mo[33m=[39m[35m8[
39m){[36mreturn[39m e[33m.[
39mlength[33m<=[39mo[33m?[3
9me[33m:[39m[32m`${e.substri
ng(0,4)}...${e.substring(e.leng
th-4)}`[39m}[33m,[39msetRece
ntWallet(e){[36mtry[39m{local
Storage[33m.[39msetItem(c[33
m.[39m[33mWCM_RECENT_WALLET_D
ATA[39m[33m,[39m[33mJSON[3
9m[33m.[39mstringify(e))}[36
mcatch[39m{console[33m.[39mi
nfo([32m"Unable to set recent 
wallet"[39m)}}[33m,[39mgetRe
centWallet(){[36mtry[39m{[36
mconst[39m e[33m=[39mlocalSt
orage[33m.[39mgetItem(c[33m.
[39m[33mWCM_RECENT_WALLET_DAT
A[39m)[33m;[39m[36mreturn[
39m e[33m?[39m[33mJSON[39m
[33m.[39mparse(e)[33m:[39m[
36mvoid[39m [35m0[39m}[36mc
atch[39m{console[33m.[39minf
o([32m"Unable to get recent wa
llet"[39m)}}[33m,[39mcaseSaf
eIncludes(e[33m,[39mo){[36mr
eturn[39m e[33m.[39mtoUpperC
ase()[33m.[39mincludes(o[33m
.[39mtoUpperCase())}[33m,[39
mopenWalletExplorerUrl(){m[33m
.[39mopenHref(c[33m.[39m[33
mEXPLORER_WALLET_URL[39m[33m,
[39m[32m"_blank"[39m)}[33m,
[39mgetCachedRouterWalletPlatf
orms(){[36mconst[39m{desktop
[33m:[39me[33m,[39mmobile[3
3m:[39mo}[33m=[39mm[33m.[3
9mgetWalletRouterData()[33m,[
39mr[33m=[39m[33mBoolean[39
m(e[33m?[39m[33m.[39mnative
)[33m,[39ma[33m=[39m[33mBo
olean[39m(e[33m?[39m[33m.[
39muniversal)[33m,[39mt[33m=
[39m[33mBoolean[39m(o[33m?
[39m[33m.[39mnative)[33m||[
39m[33mBoolean[39m(o[33m?[3
9m[33m.[39muniversal)[33m;[
39m[36mreturn[39m{isDesktop[
33m:[39mr[33m,[39misMobile[
33m:[39mt[33m,[39misWeb[33m
:[39ma}}[33m,[39mgoToConnect
ingView(e){x[33m.[39msetData(
{[33mWallet[39m[33m:[39me})
[33m;[39m[36mconst[39m o[3
3m=[39mm[33m.[39misMobile()
[33m,[39m{isDesktop[33m:[39m
r[33m,[39misWeb[33m:[39ma[
33m,[39misMobile[33m:[39mt}
[33m=[39mc[33m.[39mgetCached
RouterWalletPlatforms()[33m;[
39mo[33m?[39mt[33m?[39mx[3
3m.[39mpush([32m"MobileConnec
ting"[39m)[33m:[39ma[33m?[
39mx[33m.[39mpush([32m"WebCo
nnecting"[39m)[33m:[39mx[33
m.[39mpush([32m"InstallWallet
"[39m)[33m:[39mr[33m?[39mx
[33m.[39mpush([32m"DesktopCo
nnecting"[39m)[33m:[39ma[33
m?[39mx[33m.[39mpush([32m"W
ebConnecting"[39m)[33m:[39mt
[33m?[39mx[33m.[39mpush([3
2m"MobileQrcodeConnecting"[39m
)[33m:[39mx[33m.[39mpush([
32m"InstallWallet"[39m)}}[33m
,[39m[33mMt[39m[33m=[39mg
[32m`.wcm-router{overflow:hidde
n;will-change:transform}.wcm-co
ntent{display:flex;flex-directi
on:column}`[39m[33m;[39m[36
mvar[39m [33mLt[39m[33m=[3
9m[33mObject[39m[33m.[39mde
fineProperty[33m,[39m[33mRt
[39m[33m=[39m[33mObject[39m
[33m.[39mgetOwnPropertyDescri
ptor[33m,[39m$e[33m=[39m(e
[33m,[39mo[33m,[39mr[33m,[
39ma)[33m=>[39m{[36mfor[39m
([36mvar[39m t[33m=[39ma[3
3m>[39m[35m1[39m[33m?[39m
[36mvoid[39m [35m0[39m[33m:
[39ma[33m?[39m[33mRt[39m(o
[33m,[39mr)[33m:[39mo[33m,
[39ml[33m=[39me[33m.[39mle
ngth[33m-[39m[35m1[39m[33m
,[39mi[33m;[39ml[33m>=[39m
[35m0[39m[33m;[39ml[33m--
[39m)(i[33m=[39me[l])[33m&&
[39m(t[33m=[39m(a[33m?[39mi
(o[33m,[39mr[33m,[39mt)[33
m:[39mi(t))[33m||[39mt)[33m
;[39m[36mreturn[39m a[33m&&
[39mt[33m&&[39m[33mLt[39m(
o[33m,[39mr[33m,[39mt)[33m
,[39mt}[33m;[39m[36mlet[39
m oe[33m=[39m[36mclass[39m 
[36mextends[39m w{constructor
(){[36msuper[39m()[33m,[39m
[36mthis[39m[33m.[39mview[
33m=[39mx[33m.[39mstate[33m
.[39mview[33m,[39m[36mthis
[39m[33m.[39mprevView[33m=[
39mx[33m.[39mstate[33m.[39m
view[33m,[39m[36mthis[39m[
33m.[39munsubscribe[33m=[39m
[36mvoid[39m [35m0[39m[33m
,[39m[36mthis[39m[33m.[39m
oldHeight[33m=[39m[32m"0px"
[39m[33m,[39m[36mthis[39m[
33m.[39mresizeObserver[33m=[
39m[36mvoid[39m [35m0[39m[
33m,[39m[36mthis[39m[33m.[
39munsubscribe[33m=[39mx[33m
.[39msubscribe(e[33m=>[39m{
[36mthis[39m[33m.[39mview[3
3m!==[39me[33m.[39mview[33m
&&[39m[36mthis[39m[33m.[39
monChangeRoute()})}firstUpdated
(){[36mthis[39m[33m.[39mres
izeObserver[33m=[39m[36mnew
[39m [33mResizeObserver[39m((
[e])[33m=>[39m{[36mconst[39
m o[33m=[39m[32m`${e.content
Rect.height}px`[39m[33m;[39m
[36mthis[39m[33m.[39moldHei
ght[33m!==[39m[32m"0px"[39m
[33m&&[39m[33mH[39m([36mth
is[39m[33m.[39mrouterEl[33m
,[39m{height[33m:[39m[[36mt
his[39m[33m.[39moldHeight[3
3m,[39mo]}[33m,[39m{duration
[33m:[39m[35m.2[39m})[33m,
[39m[36mthis[39m[33m.[39mo
ldHeight[33m=[39mo})[33m,[3
9m[36mthis[39m[33m.[39mresi
zeObserver[33m.[39mobserve([
36mthis[39m[33m.[39mcontentE
l)}disconnectedCallback(){[36m
var[39m e[33m,[39mo[33m;[3
9m(e[33m=[39m[36mthis[39m[
33m.[39munsubscribe)[33m==[3
9m[36mnull[39m[33m||[39me[
33m.[39mcall([36mthis[39m)[
33m,[39m(o[33m=[39m[36mthis
[39m[33m.[39mresizeObserver)
[33m==[39m[36mnull[39m[33m
||[39mo[33m.[39mdisconnect()
}[36mget[39m 
routerEl(){[36mreturn[39m c[
33m.[39mgetShadowRootElement(
[36mthis[39m[33m,[39m[32m".
wcm-router"[39m)}[36mget[39m
 contentEl(){[36mreturn[39m c
[33m.[39mgetShadowRootElement
([36mthis[39m[33m,[39m[32m
".wcm-content"[39m)}viewTempla
te(){[36mswitch[39m([36mthis
[39m[33m.[39mview){[36mcase
[39m[32m"ConnectWallet"[39m
[33m:[39m[36mreturn[39m n[3
2m`<wcm-connect-wallet-view></w
cm-connect-wallet-view>`[39m[
33m;[39m[36mcase[39m[32m"De
sktopConnecting"[39m[33m:[39
m[36mreturn[39m n[32m`<wcm-d
esktop-connecting-view></wcm-de
sktop-connecting-view>`[39m[3
3m;[39m[36mcase[39m[32m"Mob
ileConnecting"[39m[33m:[39m
[36mreturn[39m n[32m`<wcm-mob
ile-connecting-view></wcm-mobil
e-connecting-view>`[39m[33m;
[39m[36mcase[39m[32m"WebConn
ecting"[39m[33m:[39m[36mret
urn[39m n[32m`<wcm-web-connec
ting-view></wcm-web-connecting-
view>`[39m[33m;[39m[36mcase
[39m[32m"MobileQrcodeConnecti
ng"[39m[33m:[39m[36mreturn
[39m n[32m`<wcm-mobile-qr-conn
ecting-view></wcm-mobile-qr-con
necting-view>`[39m[33m;[39m
[36mcase[39m[32m"WalletExplor
er"[39m[33m:[39m[36mreturn
[39m n[32m`<wcm-wallet-explore
r-view></wcm-wallet-explorer-vi
ew>`[39m[33m;[39m[36mcase[
39m[32m"Qrcode"[39m[33m:[39
m[36mreturn[39m n[32m`<wcm-q
rcode-view></wcm-qrcode-view>`
[39m[33m;[39m[36mcase[39m[
32m"InstallWallet"[39m[33m:[
39m[36mreturn[39m n[32m`<wcm
-install-wallet-view></wcm-inst
all-wallet-view>`[39m[33m;[3
9m[36mdefault[39m[33m:[39m
[36mreturn[39m 
n[32m`<div>Not Found</div>`[3
9m}}[36masync[39m onChangeRou
te(){[36mawait[39m [33mH[39
m([36mthis[39m[33m.[39mrout
erEl[33m,[39m{opacity[33m:[
39m[[35m1[39m[33m,[39m[35m
0[39m][33m,[39mscale[33m:[
39m[[35m1[39m[33m,[39m[35m
1.02[39m]}[33m,[39m{duration
[33m:[39m[35m.15[39m[33m,
[39mdelay[33m:[39m[35m.1[39
m})[33m.[39mfinished[33m,[3
9m[36mthis[39m[33m.[39mview
[33m=[39mx[33m.[39mstate[3
3m.[39mview[33m,[39m[33mH[
39m([36mthis[39m[33m.[39mro
uterEl[33m,[39m{opacity[33m:
[39m[[35m0[39m[33m,[39m[3
5m1[39m][33m,[39mscale[33m:
[39m[[35m.99[39m[33m,[39m
[35m1[39m]}[33m,[39m{duratio
n[33m:[39m[35m.37[39m[33m,
[39mdelay[33m:[39m[35m.05[
39m})}render(){[36mreturn[39m
 n[32m`<div 
class="wcm-router"><div class="
wcm-content">${this.viewTemplat
e()}</div></div>`[39m}}[33m;
[39moe[33m.[39mstyles[33m=[
39m[h[33m.[39mglobalCss[33m,
[39m[33mMt[39m][33m,[39m$e
([[33mI[39m()][33m,[39moe[
33m.[39mprototype[33m,[39m[
32m"view"[39m[33m,[39m[35m2
[39m)[33m,[39m$e([[33mI[39
m()][33m,[39moe[33m.[39mpro
totype[33m,[39m[32m"prevView
"[39m[33m,[39m[35m2[39m)[
33m,[39moe[33m=[39m$e([p([3
2m"wcm-modal-router"[39m)][33
m,[39moe)[33m;[39m[36mconst
[39m [33mAt[39m[33m=[39mg
[32m`div{height:36px;width:max-
content;display:flex;justify-co
ntent:center;align-items:center
;padding:9px 15px 11px;position
:absolute;top:12px;box-shadow:0
 6px 14px -6px 
rgba(10,16,31,.3),0 10px 32px 
-4px rgba(10,16,31,.15);z-index
:2;left:50%;transform:translate
X(-50%);pointer-events:none;bac
kdrop-filter:blur(20px) saturat
e(1.8);-webkit-backdrop-filter:
blur(20px) saturate(1.8);border
-radius:var(--wcm-notification-
border-radius);border:1px 
solid var(--wcm-color-overlay);
background-color:var(--wcm-colo
r-overlay)}svg{margin-right:5px
}@-moz-document url-prefix(){di
v{background-color:var(--wcm-co
lor-bg-3)}}.wcm-success path{fi
ll:var(--wcm-accent-color)}.wcm
-error path{fill:var(--wcm-erro
r-color)}`[39m[33m;[39m[36m
var[39m [33mPt[39m[33m=[39
m[33mObject[39m[33m.[39mdef
ineProperty[33m,[39m[33mTt[
39m[33m=[39m[33mObject[39m
[33m.[39mgetOwnPropertyDescrip
tor[33m,[39mze[33m=[39m(e[
33m,[39mo[33m,[39mr[33m,[3
9ma)[33m=>[39m{[36mfor[39m(
[36mvar[39m t[33m=[39ma[33
m>[39m[35m1[39m[33m?[39m[
36mvoid[39m [35m0[39m[33m:
[39ma[33m?[39m[33mTt[39m(o
[33m,[39mr)[33m:[39mo[33m,
[39ml[33m=[39me[33m.[39mlen
gth[33m-[39m[35m1[39m[33m,
[39mi[33m;[39ml[33m>=[39m
[35m0[39m[33m;[39ml[33m--[
39m)(i[33m=[39me[l])[33m&&[
39m(t[33m=[39m(a[33m?[39mi(
o[33m,[39mr[33m,[39mt)[33m
:[39mi(t))[33m||[39mt)[33m;
[39m[36mreturn[39m a[33m&&
[39mt[33m&&[39m[33mPt[39m(o
[33m,[39mr[33m,[39mt)[33m,
[39mt}[33m;[39m[36mlet[39m
 ne[33m=[39m[36mclass[39m 
[36mextends[39m w{constructor
(){[36msuper[39m()[33m,[39m
[36mthis[39m[33m.[39mopen[
33m=[39m[33m![39m[35m1[39m
[33m,[39m[36mthis[39m[33m.
[39munsubscribe[33m=[39m[36
mvoid[39m [35m0[39m[33m,[3
9m[36mthis[39m[33m.[39mtime
out[33m=[39m[36mvoid[39m [
35m0[39m[33m,[39m[36mthis[
39m[33m.[39munsubscribe[33m=
[39m[33mN[39m[33m.[39msubs
cribe(e[33m=>[39m{e[33m.[39
mopen[33m?[39m([36mthis[39m
[33m.[39mopen[33m=[39m[33m
![39m[35m0[39m[33m,[39m[3
6mthis[39m[33m.[39mtimeout[
33m=[39msetTimeout(()[33m=>[
39m[33mN[39m[33m.[39mcloseT
oast()[33m,[39m[35m2200[39m
))[33m:[39m([36mthis[39m[3
3m.[39mopen[33m=[39m[33m![
39m[35m1[39m[33m,[39mclearT
imeout([36mthis[39m[33m.[39
mtimeout))})}disconnectedCallba
ck(){[36mvar[39m e[33m;[39m
(e[33m=[39m[36mthis[39m[33
m.[39munsubscribe)[33m==[39m
[36mnull[39m[33m||[39me[33
m.[39mcall([36mthis[39m)[33
m,[39mclearTimeout([36mthis[
39m[33m.[39mtimeout)[33m,[3
9m[33mN[39m[33m.[39mcloseTo
ast()}render(){[36mconst[39m{
message[33m:[39me[33m,[39mv
ariant[33m:[39mo}[33m=[39m
[33mN[39m[33m.[39mstate[33m
,[39mr[33m=[39m{[32m"wcm-su
ccess"[39m[33m:[39mo[33m===
[39m[32m"success"[39m[33m,
[39m[32m"wcm-error"[39m[33m:
[39mo[33m===[39m[32m"error"
[39m}[33m;[39m[36mreturn[3
9m [36mthis[39m[33m.[39mope
n[33m?[39mn[32m`<div class="
${P(r)}">${o==="success"?v.CHEC
KMARK_ICON:null} ${o==="error"?
v.CROSS_ICON:null}<wcm-text var
iant="small-regular">${e}</wcm-
text></div>`[39m[33m:[39m[3
6mnull[39m}}[33m;[39mne[33m
.[39mstyles[33m=[39m[h[33m.
[39mglobalCss[33m,[39m[33mA
t[39m][33m,[39mze([[33mI[3
9m()][33m,[39mne[33m.[39mpr
ototype[33m,[39m[32m"open"[
39m[33m,[39m[35m2[39m)[33m
,[39mne[33m=[39mze([p([32m"
wcm-modal-toast"[39m)][33m,[
39mne)[33m;[39m[36mconst[39
m jt[33m=[39m[35m.1[39m[33
m,[39m[33mVe[39m[33m=[39m
[35m2.5[39m[33m,[39m[33mA[
39m[33m=[39m[35m7[39m[33m;
[39m[36mfunction[39m [33mCe
[39m(e[33m,[39mo[33m,[39mr
){[36mreturn[39m e[33m===[3
9mo[33m?[39m[33m![39m[35m1
[39m[33m:[39m(e[33m-[39mo
[33m<[39m[35m0[39m[33m?[39
mo[33m-[39me[33m:[39me[33m
-[39mo)[33m<=[39mr[33m+[39
mjt}[36mfunction[39m _t(e[33
m,[39mo){[36mconst[39m r[33
m=[39m[33mArray[39m[33m.[3
9mprototype[33m.[39mslice[33
m.[39mcall([33mJe[39m[33m.
[39mcreate(e[33m,[39m{errorCo
rrectionLevel[33m:[39mo})[33
m.[39mmodules[33m.[39mdata[
33m,[39m[35m0[39m)[33m,[39
ma[33m=[39m[33mMath[39m[33
m.[39msqrt(r[33m.[39mlength)
[33m;[39m[36mreturn[39m r[
33m.[39mreduce((t[33m,[39ml
[33m,[39mi)[33m=>[39m(i[33m
%[39ma[33m===[39m[35m0[39m
[33m?[39mt[33m.[39mpush([l]
)[33m:[39mt[t[33m.[39mlengt
h[33m-[39m[35m1[39m][33m.
[39mpush(l))[33m&&[39mt[33m,
[39m[])}[36mconst[39m [33mD
t[39m[33m=[39m{generate(e[3
3m,[39mo[33m,[39mr){[36mcon
st[39m a[33m=[39m[32m"#1414
14"[39m[33m,[39mt[33m=[39m
[32m"#ffffff"[39m[33m,[39ml
[33m=[39m[][33m,[39mi[33m=
[39m_t(e[33m,[39m[32m"Q"[3
9m)[33m,[39ms[33m=[39mo[35
m/i.length,$=[{x:0,y:0},{x:1,y:
0},{x:0,y:1}];$.forEach(({x:y,y
:u})=>{const O=(i.length-A)*s*y
,b=(i.length-A)*s*u,E=.45;for(l
et M=0;M<$.length;M+=1){const 
V=s*(A-M*2);l.push(pe`<rect 
fill="${M%2===0?a:t}" 
height="${V}" rx="${V*E}" 
ry="${V*E}" width="${V}" 
x="${O+s*M}" 
y="${b+s*M}">`)}});const f=Math
.floor((r+25)/s[39m)[33m,[39
m[33mNe[39m[33m=[39mi[33m.
[39mlength[33m/[39m[35m2[3
9m[33m-[39mf[33m/[39m[35m2
[39m[33m,[39m[33mZe[39m[3
3m=[39mi[33m.[39mlength[33m
/[39m[35m2[39m[33m+[39mf[
33m/[39m[35m2[39m[33m-[39m
[35m1[39m[33m,[39m[33mSe[
39m[33m=[39m[][33m;[39mi[3
3m.[39mforEach((y[33m,[39mu)
[33m=>[39m{y[33m.[39mforEac
h(([33mO[39m[33m,[39mb)[33
m=>[39m{[36mif[39m(i[u][b][
33m&&[39m[33m![39m(u[33m<[
39m[33mA[39m[33m&&[39mb[33
m<[39m[33mA[39m[33m||[39mu
[33m>[39mi[33m.[39mlength[
33m-[39m([33mA[39m[33m+[39
m[35m1[39m)[33m&&[39mb[33m
<[39m[33mA[39m[33m||[39mu
[33m<[39m[33mA[39m[33m&&[3
9mb[33m>[39mi[33m.[39mlengt
h[33m-[39m([33mA[39m[33m+
[39m[35m1[39m))[33m&&[39m[
33m![39m(u[33m>[39m[33mNe[
39m[33m&&[39mu[33m<[39m[33
mZe[39m[33m&&[39mb[33m>[39
m[33mNe[39m[33m&&[39mb[33m
<[39m[33mZe[39m)){[36mconst
[39m [33mE[39m[33m=[39mu[
33m*[39ms[33m+[39ms[33m/[3
9m[35m2[39m[33m,[39m[33mM
[39m[33m=[39mb[33m*[39ms[3
3m+[39ms[33m/[39m[35m2[39m
[33m;[39m[33mSe[39m[33m.[
39mpush([[33mE[39m[33m,[39m
[33mM[39m])}})})[33m;[39m[
36mconst[39m [33mJ[39m[33m=
[39m{}[33m;[39m[36mreturn[
39m [33mSe[39m[33m.[39mforE
ach(([y[33m,[39mu])[33m=>[3
9m{[33mJ[39m[y][33m?[39m[3
3mJ[39m[y][33m.[39mpush(u)[
33m:[39m[33mJ[39m[y][33m=[
39m[u]})[33m,[39m[33mObject
[39m[33m.[39mentries([33mJ[
39m)[33m.[39mmap(([y[33m,[3
9mu])[33m=>[39m{[36mconst[3
9m [33mO[39m[33m=[39mu[33m
.[39mfilter(b[33m=>[39mu[33
m.[39mevery([33mE[39m[33m=>
[39m[33m![39m[33mCe[39m(b
[33m,[39m[33mE[39m[33m,[39
ms)))[33m;[39m[36mreturn[39
m[[33mNumber[39m(y)[33m,[39
m[33mO[39m]})[33m.[39mforEa
ch(([y[33m,[39mu])[33m=>[39
m{u[33m.[39mforEach([33mO[3
9m[33m=>[39m{l[33m.[39mpush
(pe[32m`<circle cx="${y}" 
cy="${O}" fill="${a}" r="${s/Ve
}">`[39m)})})[33m,[39m[33mO
bject[39m[33m.[39mentries([
33mJ[39m)[33m.[39mfilter(([y
[33m,[39mu])[33m=>[39mu[33
m.[39mlength[33m>[39m[35m1
[39m)[33m.[39mmap(([y[33m,[
39mu])[33m=>[39m{[36mconst[
39m [33mO[39m[33m=[39mu[33
m.[39mfilter(b[33m=>[39mu[3
3m.[39msome([33mE[39m[33m=>
[39m[33mCe[39m(b[33m,[39m
[33mE[39m[33m,[39ms)))[33m;
[39m[36mreturn[39m[[33mNumb
er[39m(y)[33m,[39m[33mO[39
m]})[33m.[39mmap(([y[33m,[3
9mu])[33m=>[39m{u[33m.[39ms
ort((b[33m,[39m[33mE[39m)[
33m=>[39mb[33m<[39m[33mE[3
9m[33m?[39m[33m-[39m[35m1
[39m[33m:[39m[35m1[39m)[33
m;[39m[36mconst[39m [33mO[
39m[33m=[39m[][33m;[39m[36
mfor[39m([36mconst[39m b 
[36mof[39m 
u){[36mconst[39m [33mE[39m
[33m=[39m[33mO[39m[33m.[39
mfind([33mM[39m[33m=>[39m[
33mM[39m[33m.[39msome([33mV
[39m[33m=>[39m[33mCe[39m(b
[33m,[39m[33mV[39m[33m,[3
9ms)))[33m;[39m[33mE[39m[3
3m?[39m[33mE[39m[33m.[39mp
ush(b)[33m:[39m[33mO[39m[3
3m.[39mpush([b])}[36mreturn[
39m[y[33m,[39m[33mO[39m[33
m.[39mmap(b[33m=>[39m[b[[35
m0[39m][33m,[39mb[b[33m.[3
9mlength[33m-[39m[35m1[39m]
])]})[33m.[39mforEach(([y[33
m,[39mu])[33m=>[39m{u[33m.
[39mforEach(([[33mO[39m[33m,
[39mb])[33m=>[39m{l[33m.[3
9mpush(pe[32m`<line x1="${y}" 
x2="${y}" y1="${O}" y2="${b}" 
stroke="${a}" 
stroke-width="${s/(Ve/2)}" stro
ke-linecap="round">`[39m)})})
[33m,[39ml}}[33m,[39m[33mNt
[39m[33m=[39mg[32m`@keyfram
es fadeIn{0%{opacity:0}100%{opa
city:1}}div{position:relative;u
ser-select:none;display:block;o
verflow:hidden;aspect-ratio:1/1
;animation:fadeIn ease .2s}.wcm
-dark{background-color:#fff;bor
der-radius:var(--wcm-container-
border-radius);padding:18px;box
-shadow:0 2px 5px #000}svg:firs
t-child,wcm-wallet-image{positi
on:absolute;top:50%;left:50%;tr
ansform:translateY(-50%) transl
ateX(-50%)}wcm-wallet-image{tra
nsform:translateY(-50%) transla
teX(-50%)}wcm-wallet-image{widt
h:25%;height:25%;border-radius:
var(--wcm-wallet-icon-border-ra
dius)}svg:first-child{transform
:translateY(-50%) 
translateX(-50%) 
scale(.9)}svg:first-child path:
first-child{fill:var(--wcm-acce
nt-color)}svg:first-child path:
last-child{stroke:var(--wcm-col
or-overlay)}`[39m[33m;[39m[
36mvar[39m [33mZt[39m[33m=
[39m[33mObject[39m[33m.[39m
defineProperty[33m,[39m[33mS
t[39m[33m=[39m[33mObject[3
9m[33m.[39mgetOwnPropertyDesc
riptor[33m,[39mq[33m=[39m(e
[33m,[39mo[33m,[39mr[33m,
[39ma)[33m=>[39m{[36mfor[39
m([36mvar[39m t[33m=[39ma[
33m>[39m[35m1[39m[33m?[39m
[36mvoid[39m [35m0[39m[33m
:[39ma[33m?[39m[33mSt[39m(
o[33m,[39mr)[33m:[39mo[33m
,[39ml[33m=[39me[33m.[39ml
ength[33m-[39m[35m1[39m[33
m,[39mi[33m;[39ml[33m>=[39
m[35m0[39m[33m;[39ml[33m--
[39m)(i[33m=[39me[l])[33m&&
[39m(t[33m=[39m(a[33m?[39m
i(o[33m,[39mr[33m,[39mt)[3
3m:[39mi(t))[33m||[39mt)[33
m;[39m[36mreturn[39m a[33m&
&[39mt[33m&&[39m[33mZt[39m
(o[33m,[39mr[33m,[39mt)[33
m,[39mt}[33m;[39m[36mlet[3
9m j[33m=[39m[36mclass[39m 
[36mextends[39m w{constructor
(){[36msuper[39m([33m...[39
marguments)[33m,[39m[36mthis
[39m[33m.[39muri[33m=[39m
[32m""[39m[33m,[39m[36mthis
[39m[33m.[39msize[33m=[39m
[35m0[39m[33m,[39m[36mthis
[39m[33m.[39mimageId[33m=[
39m[36mvoid[39m [35m0[39m[
33m,[39m[36mthis[39m[33m.[
39mwalletId[33m=[39m[36mvoid
[39m [35m0[39m[33m,[39m[3
6mthis[39m[33m.[39mimageUrl
[33m=[39m[36mvoid[39m [35m0
[39m}svgTemplate(){[36mconst
[39m e[33m=[39m[33mX[39m[3
3m.[39mstate[33m.[39mthemeMo
de[33m===[39m[32m"light"[39
m[33m?[39m[36mthis[39m[33m
.[39msize[33m:[39m[36mthis
[39m[33m.[39msize[33m-[39m
[35m36[39m[33m;[39m[36mretu
rn[39m pe[32m`<svg 
height="${e}" width="${e}">${Dt
.generate(this.uri,e,e/4)}</svg
>`[39m}render(){[36mconst[39
m e[33m=[39m{[32m"wcm-dark"
[39m[33m:[39m[33mX[39m[33m
.[39mstate[33m.[39mthemeMode
[33m===[39m[32m"dark"[39m}
[33m;[39m[36mreturn[39m 
n[32m`<div style="${`width: 
${this.size}px`}" class="${P(e)
}">${this.walletId||this.imageU
rl?n`<wcm-wallet-image 
walletId="${k(this.walletId)}" 
imageId="${k(this.imageId)}" im
ageUrl="${k(this.imageUrl)}"></
wcm-wallet-image>`:v.WALLET_CON
NECT_ICON_COLORED} ${this.svgTe
mplate()}</div>`[39m}}[33m;[
39mj[33m.[39mstyles[33m=[39
m[h[33m.[39mglobalCss[33m,[
39m[33mNt[39m][33m,[39mq([d
()][33m,[39mj[33m.[39mproto
type[33m,[39m[32m"uri"[39m
[33m,[39m[35m2[39m)[33m,[3
9mq([d({type[33m:[39m[33mNum
ber[39m})][33m,[39mj[33m.[
39mprototype[33m,[39m[32m"si
ze"[39m[33m,[39m[35m2[39m)
[33m,[39mq([d()][33m,[39mj
[33m.[39mprototype[33m,[39m
[32m"imageId"[39m[33m,[39m[
35m2[39m)[33m,[39mq([d()][3
3m,[39mj[33m.[39mprototype[
33m,[39m[32m"walletId"[39m[
33m,[39m[35m2[39m)[33m,[39
mq([d()][33m,[39mj[33m.[39m
prototype[33m,[39m[32m"image
Url"[39m[33m,[39m[35m2[39m
)[33m,[39mj[33m=[39mq([p([
32m"wcm-qrcode"[39m)][33m,[3
9mj)[33m;[39m[36mconst[39m 
[33mBt[39m[33m=[39mg[32m`:
host{position:relative;height:2
8px;width:80%}input{width:100%;
height:100%;line-height:28px!im
portant;border-radius:var(--wcm
-input-border-radius);font-styl
e:normal;font-family:-apple-sys
tem,system-ui,BlinkMacSystemFon
t,'Segoe 
UI',Roboto,Ubuntu,'Helvetica Ne
ue',sans-serif;font-feature-set
tings:'case' on;font-weight:500
;font-size:16px;letter-spacing:
-.03em;padding:0 10px 0 
34px;transition:.2s all ease;co
lor:var(--wcm-color-fg-1);backg
round-color:var(--wcm-color-bg-
3);box-shadow:inset 0 0 0 1px v
ar(--wcm-color-overlay);caret-c
olor:var(--wcm-accent-color)}in
put::placeholder{color:var(--wc
m-color-fg-2)}svg{left:10px;top
:4px;pointer-events:none;positi
on:absolute;width:20px;height:2
0px}input:focus-within{box-shad
ow:inset 0 0 0 1px var(--wcm-ac
cent-color)}path{fill:var(--wcm
-color-fg-2)}`[39m[33m;[39m
[36mvar[39m [33mUt[39m[33m=
[39m[33mObject[39m[33m.[39
mdefineProperty[33m,[39m[33m
Ht[39m[33m=[39m[33mObject[
39m[33m.[39mgetOwnPropertyDes
criptor[33m,[39m[33mFe[39m
[33m=[39m(e[33m,[39mo[33m,
[39mr[33m,[39ma)[33m=>[39m{
[36mfor[39m([36mvar[39m t[
33m=[39ma[33m>[39m[35m1[39
m[33m?[39m[36mvoid[39m [35
m0[39m[33m:[39ma[33m?[39m
[33mHt[39m(o[33m,[39mr)[33m
:[39mo[33m,[39ml[33m=[39me
[33m.[39mlength[33m-[39m[3
5m1[39m[33m,[39mi[33m;[39m
l[33m>=[39m[35m0[39m[33m;
[39ml[33m--[39m)(i[33m=[39m
e[l])[33m&&[39m(t[33m=[39m(
a[33m?[39mi(o[33m,[39mr[33
m,[39mt)[33m:[39mi(t))[33m|
|[39mt)[33m;[39m[36mreturn
[39m a[33m&&[39mt[33m&&[39m
[33mUt[39m(o[33m,[39mr[33m
,[39mt)[33m,[39mt}[33m;[39
m[36mlet[39m 
ce[33m=[39m[36mclass[39m 
[36mextends[39m w{constructor
(){[36msuper[39m([33m...[39
marguments)[33m,[39m[36mthis
[39m[33m.[39monChange[33m=
[39m()[33m=>[39m[36mnull[39
m}render(){[36mreturn[39m 
n[32m`<input type="text" 
@input="${this.onChange}" 
placeholder="Search wallets"> $
{v.SEARCH_ICON}`[39m}}[33m;[
39mce[33m.[39mstyles[33m=[3
9m[h[33m.[39mglobalCss[33m,
[39m[33mBt[39m][33m,[39m[3
3mFe[39m([d()][33m,[39mce[3
3m.[39mprototype[33m,[39m[3
2m"onChange"[39m[33m,[39m[3
5m2[39m)[33m,[39mce[33m=[3
9m[33mFe[39m([p([32m"wcm-sea
rch-input"[39m)][33m,[39mce)
[33m;[39m[36mconst[39m 
zt[33m=[39mg[32m`@keyframes 
rotate{100%{transform:rotate(36
0deg)}}@keyframes dash{0%{strok
e-dasharray:1,150;stroke-dashof
fset:0}50%{stroke-dasharray:90,
150;stroke-dashoffset:-35}100%{
stroke-dasharray:90,150;stroke-
dashoffset:-124}}svg{animation:
rotate 2s linear infinite;displ
ay:flex;justify-content:center;
align-items:center}svg circle{s
troke-linecap:round;animation:d
ash 1.5s ease infinite;stroke:v
ar(--wcm-accent-color)}`[39m[
33m;[39m[36mvar[39m [33mVt
[39m[33m=[39m[33mObject[39m
[33m.[39mdefineProperty[33m,
[39m[33mFt[39m[33m=[39m[3
3mObject[39m[33m.[39mgetOwnP
ropertyDescriptor[33m,[39mqt
[33m=[39m(e[33m,[39mo[33m,
[39mr[33m,[39ma)[33m=>[39m{
[36mfor[39m([36mvar[39m t[
33m=[39ma[33m>[39m[35m1[39
m[33m?[39m[36mvoid[39m [35
m0[39m[33m:[39ma[33m?[39m
[33mFt[39m(o[33m,[39mr)[33m
:[39mo[33m,[39ml[33m=[39me
[33m.[39mlength[33m-[39m[3
5m1[39m[33m,[39mi[33m;[39m
l[33m>=[39m[35m0[39m[33m;
[39ml[33m--[39m)(i[33m=[39m
e[l])[33m&&[39m(t[33m=[39m(
a[33m?[39mi(o[33m,[39mr[33
m,[39mt)[33m:[39mi(t))[33m|
|[39mt)[33m;[39m[36mreturn
[39m a[33m&&[39mt[33m&&[39m
[33mVt[39m(o[33m,[39mr[33m
,[39mt)[33m,[39mt}[33m;[39
m[36mlet[39m 
ke[33m=[39m[36mclass[39m 
[36mextends[39m 
w{render(){[36mreturn[39m 
n[32m`<svg viewBox="0 0 50 
50" width="24" 
height="24"><circle cx="25" 
cy="25" r="20" fill="none" 
stroke-width="4" stroke="#fff"/
></svg>`[39m}}[33m;[39mke[3
3m.[39mstyles[33m=[39m[h[33
m.[39mglobalCss[33m,[39mzt]
[33m,[39mke[33m=[39mqt([p([
32m"wcm-spinner"[39m)][33m,[
39mke)[33m;[39m[36mconst[39
m [33mQt[39m[33m=[39mg[32m
`span{font-style:normal;font-fa
mily:var(--wcm-font-family);fon
t-feature-settings:var(--wcm-fo
nt-feature-settings)}.wcm-xsmal
l-bold{font-family:var(--wcm-te
xt-xsmall-bold-font-family);fon
t-weight:var(--wcm-text-xsmall-
bold-weight);font-size:var(--wc
m-text-xsmall-bold-size);line-h
eight:var(--wcm-text-xsmall-bol
d-line-height);letter-spacing:v
ar(--wcm-text-xsmall-bold-lette
r-spacing);text-transform:var(-
-wcm-text-xsmall-bold-text-tran
sform)}.wcm-xsmall-regular{font
-family:var(--wcm-text-xsmall-r
egular-font-family);font-weight
:var(--wcm-text-xsmall-regular-
weight);font-size:var(--wcm-tex
t-xsmall-regular-size);line-hei
ght:var(--wcm-text-xsmall-regul
ar-line-height);letter-spacing:
var(--wcm-text-xsmall-regular-l
etter-spacing);text-transform:v
ar(--wcm-text-xsmall-regular-te
xt-transform)}.wcm-small-thin{f
ont-family:var(--wcm-text-small
-thin-font-family);font-weight:
var(--wcm-text-small-thin-weigh
t);font-size:var(--wcm-text-sma
ll-thin-size);line-height:var(-
-wcm-text-small-thin-line-heigh
t);letter-spacing:var(--wcm-tex
t-small-thin-letter-spacing);te
xt-transform:var(--wcm-text-sma
ll-thin-text-transform)}.wcm-sm
all-regular{font-family:var(--w
cm-text-small-regular-font-fami
ly);font-weight:var(--wcm-text-
small-regular-weight);font-size
:var(--wcm-text-small-regular-s
ize);line-height:var(--wcm-text
-small-regular-line-height);let
ter-spacing:var(--wcm-text-smal
l-regular-letter-spacing);text-
transform:var(--wcm-text-small-
regular-text-transform)}.wcm-me
dium-regular{font-family:var(--
wcm-text-medium-regular-font-fa
mily);font-weight:var(--wcm-tex
t-medium-regular-weight);font-s
ize:var(--wcm-text-medium-regul
ar-size);line-height:var(--wcm-
text-medium-regular-line-height
);letter-spacing:var(--wcm-text
-medium-regular-letter-spacing)
;text-transform:var(--wcm-text-
medium-regular-text-transform)}
.wcm-big-bold{font-family:var(-
-wcm-text-big-bold-font-family)
;font-weight:var(--wcm-text-big
-bold-weight);font-size:var(--w
cm-text-big-bold-size);line-hei
ght:var(--wcm-text-big-bold-lin
e-height);letter-spacing:var(--
wcm-text-big-bold-letter-spacin
g);text-transform:var(--wcm-tex
t-big-bold-text-transform)}:hos
t(*){color:var(--wcm-color-fg-1
)}.wcm-color-primary{color:var(
--wcm-color-fg-1)}.wcm-color-se
condary{color:var(--wcm-color-f
g-2)}.wcm-color-tertiary{color:
var(--wcm-color-fg-3)}.wcm-colo
r-inverse{color:var(--wcm-accen
t-fill-color)}.wcm-color-accnt{
color:var(--wcm-accent-color)}.
wcm-color-error{color:var(--wcm
-error-color)}`[39m[33m;[39m
[36mvar[39m [33mKt[39m[33m
=[39m[33mObject[39m[33m.[3
9mdefineProperty[33m,[39m[33
mYt[39m[33m=[39m[33mObject
[39m[33m.[39mgetOwnPropertyDe
scriptor[33m,[39m[33mOe[39m
[33m=[39m(e[33m,[39mo[33m,
[39mr[33m,[39ma)[33m=>[39m
{[36mfor[39m([36mvar[39m t
[33m=[39ma[33m>[39m[35m1[3
9m[33m?[39m[36mvoid[39m [3
5m0[39m[33m:[39ma[33m?[39m
[33mYt[39m(o[33m,[39mr)[33
m:[39mo[33m,[39ml[33m=[39m
e[33m.[39mlength[33m-[39m[
35m1[39m[33m,[39mi[33m;[39
ml[33m>=[39m[35m0[39m[33m;
[39ml[33m--[39m)(i[33m=[39
me[l])[33m&&[39m(t[33m=[39m
(a[33m?[39mi(o[33m,[39mr[3
3m,[39mt)[33m:[39mi(t))[33m
||[39mt)[33m;[39m[36mreturn
[39m a[33m&&[39mt[33m&&[39
m[33mKt[39m(o[33m,[39mr[33
m,[39mt)[33m,[39mt}[33m;[3
9m[36mlet[39m 
re[33m=[39m[36mclass[39m 
[36mextends[39m w{constructor
(){[36msuper[39m([33m...[39
marguments)[33m,[39m[36mthis
[39m[33m.[39mvariant[33m=[
39m[32m"medium-regular"[39m[
33m,[39m[36mthis[39m[33m.[
39mcolor[33m=[39m[32m"primar
y"[39m}render(){[36mconst[39
m e[33m=[39m{[32m"wcm-big-bo
ld"[39m[33m:[39m[36mthis[3
9m[33m.[39mvariant[33m===[3
9m[32m"big-bold"[39m[33m,[3
9m[32m"wcm-medium-regular"[39
m[33m:[39m[36mthis[39m[33m
.[39mvariant[33m===[39m[32m
"medium-regular"[39m[33m,[39
m[32m"wcm-small-regular"[39m
[33m:[39m[36mthis[39m[33m.
[39mvariant[33m===[39m[32m"s
mall-regular"[39m[33m,[39m[
32m"wcm-small-thin"[39m[33m:
[39m[36mthis[39m[33m.[39mva
riant[33m===[39m[32m"small-t
hin"[39m[33m,[39m[32m"wcm-x
small-regular"[39m[33m:[39m
[36mthis[39m[33m.[39mvariant
[33m===[39m[32m"xsmall-regul
ar"[39m[33m,[39m[32m"wcm-xs
mall-bold"[39m[33m:[39m[36m
this[39m[33m.[39mvariant[33
m===[39m[32m"xsmall-bold"[39
m[33m,[39m[32m"wcm-color-pri
mary"[39m[33m:[39m[36mthis
[39m[33m.[39mcolor[33m===[3
9m[32m"primary"[39m[33m,[39
m[32m"wcm-color-secondary"[39
m[33m:[39m[36mthis[39m[33m
.[39mcolor[33m===[39m[32m"s
econdary"[39m[33m,[39m[32m"
wcm-color-tertiary"[39m[33m:
[39m[36mthis[39m[33m.[39mco
lor[33m===[39m[32m"tertiary"
[39m[33m,[39m[32m"wcm-color
-inverse"[39m[33m:[39m[36mt
his[39m[33m.[39mcolor[33m==
=[39m[32m"inverse"[39m[33m,
[39m[32m"wcm-color-accnt"[39
m[33m:[39m[36mthis[39m[33m
.[39mcolor[33m===[39m[32m"a
ccent"[39m[33m,[39m[32m"wcm
-color-error"[39m[33m:[39m[
36mthis[39m[33m.[39mcolor[3
3m===[39m[32m"error"[39m}[3
3m;[39m[36mreturn[39m 
n[32m`<span><slot class="${P(e
)}"></slot></span>`[39m}}[33m
;[39mre[33m.[39mstyles[33m=
[39m[h[33m.[39mglobalCss[33
m,[39m[33mQt[39m][33m,[39m
[33mOe[39m([d()][33m,[39mre
[33m.[39mprototype[33m,[39m
[32m"variant"[39m[33m,[39m
[35m2[39m)[33m,[39m[33mOe[
39m([d()][33m,[39mre[33m.[3
9mprototype[33m,[39m[32m"col
or"[39m[33m,[39m[35m2[39m)
[33m,[39mre[33m=[39m[33mOe
[39m([p([32m"wcm-text"[39m)]
[33m,[39mre)[33m;[39m[36mc
onst[39m [33mGt[39m[33m=[3
9mg[32m`button{width:100%;heig
ht:100%;border-radius:var(--wcm
-button-hover-highlight-border-
radius);display:flex;align-item
s:flex-start}button:active{back
ground-color:var(--wcm-color-ov
erlay)}@media(hover:hover){butt
on:hover{background-color:var(-
-wcm-color-overlay)}}button>div
{width:80px;padding:5px 0;displ
ay:flex;flex-direction:column;a
lign-items:center}wcm-text{widt
h:100%;white-space:nowrap;overf
low:hidden;text-overflow:ellips
is;text-align:center}wcm-wallet
-image{height:60px;width:60px;t
ransition:all .2s ease;border-r
adius:var(--wcm-wallet-icon-bor
der-radius);margin-bottom:5px}.
wcm-sublabel{margin-top:2px}`[
39m[33m;[39m[36mvar[39m [3
3mXt[39m[33m=[39m[33mObject
[39m[33m.[39mdefineProperty
[33m,[39m[33mJt[39m[33m=[3
9m[33mObject[39m[33m.[39mge
tOwnPropertyDescriptor[33m,[3
9m_[33m=[39m(e[33m,[39mo[3
3m,[39mr[33m,[39ma)[33m=>[
39m{[36mfor[39m([36mvar[39m
 t[33m=[39ma[33m>[39m[35m1
[39m[33m?[39m[36mvoid[39m 
[35m0[39m[33m:[39ma[33m?[
39m[33mJt[39m(o[33m,[39mr)
[33m:[39mo[33m,[39ml[33m=[
39me[33m.[39mlength[33m-[39
m[35m1[39m[33m,[39mi[33m;
[39ml[33m>=[39m[35m0[39m[3
3m;[39ml[33m--[39m)(i[33m=
[39me[l])[33m&&[39m(t[33m=[
39m(a[33m?[39mi(o[33m,[39mr
[33m,[39mt)[33m:[39mi(t))[
33m||[39mt)[33m;[39m[36mret
urn[39m a[33m&&[39mt[33m&&
[39m[33mXt[39m(o[33m,[39mr
[33m,[39mt)[33m,[39mt}[33m;
[39m[36mlet[39m [33mL[39m
[33m=[39m[36mclass[39m 
[36mextends[39m w{constructor
(){[36msuper[39m([33m...[39
marguments)[33m,[39m[36mthis
[39m[33m.[39monClick[33m=[
39m()[33m=>[39m[36mnull[39m
[33m,[39m[36mthis[39m[33m.
[39mname[33m=[39m[32m""[39
m[33m,[39m[36mthis[39m[33m
.[39mwalletId[33m=[39m[32m"
"[39m[33m,[39m[36mthis[39m
[33m.[39mlabel[33m=[39m[36
mvoid[39m [35m0[39m[33m,[3
9m[36mthis[39m[33m.[39mimag
eId[33m=[39m[36mvoid[39m [
35m0[39m[33m,[39m[36mthis[
39m[33m.[39minstalled[33m=[
39m[33m![39m[35m1[39m[33m,
[39m[36mthis[39m[33m.[39mr
ecent[33m=[39m[33m![39m[35
m1[39m}sublabelTemplate(){[36
mreturn[39m [36mthis[39m[33
m.[39mrecent[33m?[39mn[32m`
<wcm-text class="wcm-sublabel" 
variant="xsmall-bold" color="te
rtiary">RECENT</wcm-text>`[39m
[33m:[39m[36mthis[39m[33m.
[39minstalled[33m?[39mn[32m
`<wcm-text 
class="wcm-sublabel" 
variant="xsmall-bold" color="te
rtiary">INSTALLED</wcm-text>`[
39m[33m:[39m[36mnull[39m}ha
ndleClick(){[33mXe[39m[33m.
[39mclick({name[33m:[39m[32m
"WALLET_BUTTON"[39m[33m,[39m
walletId[33m:[39m[36mthis[3
9m[33m.[39mwalletId})[33m,[
39m[36mthis[39m[33m.[39monC
lick()}render(){[36mvar[39m 
e[33m;[39m[36mreturn[39m 
n[32m`<button @click="${this.h
andleClick.bind(this)}"><div><w
cm-wallet-image 
walletId="${this.walletId}" ima
geId="${k(this.imageId)}"></wcm
-wallet-image><wcm-text variant
="xsmall-regular">${(e=this.lab
el)!=null?e:c.getWalletName(thi
s.name,!0)}</wcm-text>${this.su
blabelTemplate()}</div></button
>`[39m}}[33m;[39m[33mL[39m
[33m.[39mstyles[33m=[39m[h
[33m.[39mglobalCss[33m,[39m
[33mGt[39m][33m,[39m_([d()]
[33m,[39m[33mL[39m[33m.[39
mprototype[33m,[39m[32m"onCl
ick"[39m[33m,[39m[35m2[39m
)[33m,[39m_([d()][33m,[39m
[33mL[39m[33m.[39mprototype
[33m,[39m[32m"name"[39m[33m
,[39m[35m2[39m)[33m,[39m_(
[d()][33m,[39m[33mL[39m[33
m.[39mprototype[33m,[39m[32
m"walletId"[39m[33m,[39m[35
m2[39m)[33m,[39m_([d()][33m
,[39m[33mL[39m[33m.[39mpro
totype[33m,[39m[32m"label"[
39m[33m,[39m[35m2[39m)[33m
,[39m_([d()][33m,[39m[33mL
[39m[33m.[39mprototype[33m,
[39m[32m"imageId"[39m[33m,[
39m[35m2[39m)[33m,[39m_([d(
{type[33m:[39m[33mBoolean[3
9m})][33m,[39m[33mL[39m[33
m.[39mprototype[33m,[39m[32
m"installed"[39m[33m,[39m[3
5m2[39m)[33m,[39m_([d({type
[33m:[39m[33mBoolean[39m})]
[33m,[39m[33mL[39m[33m.[39
mprototype[33m,[39m[32m"rece
nt"[39m[33m,[39m[35m2[39m)
[33m,[39m[33mL[39m[33m=[3
9m_([p([32m"wcm-wallet-button"
[39m)][33m,[39m[33mL[39m)
[33m;[39m[36mconst[39m eo[3
3m=[39mg[32m`:host{display:bl
ock}div{overflow:hidden;positio
n:relative;border-radius:inheri
t;width:100%;height:100%;backgr
ound-color:var(--wcm-color-over
lay)}svg{position:relative;widt
h:100%;height:100%}div::after{c
ontent:'';position:absolute;top
:0;bottom:0;left:0;right:0;bord
er-radius:inherit;border:1px 
solid 
var(--wcm-color-overlay)}div im
g{width:100%;height:100%;object
-fit:cover;object-position:cent
er}#wallet-placeholder-fill{fil
l:var(--wcm-color-bg-3)}#wallet
-placeholder-dash{stroke:var(--
wcm-color-overlay)}`[39m[33m;
[39m[36mvar[39m to[33m=[39
m[33mObject[39m[33m.[39mdef
ineProperty[33m,[39moo[33m=
[39m[33mObject[39m[33m.[39m
getOwnPropertyDescriptor[33m,
[39mse[33m=[39m(e[33m,[39mo
[33m,[39mr[33m,[39ma)[33m=
>[39m{[36mfor[39m([36mvar[
39m t[33m=[39ma[33m>[39m[3
5m1[39m[33m?[39m[36mvoid[3
9m [35m0[39m[33m:[39ma[33m
?[39moo(o[33m,[39mr)[33m:[
39mo[33m,[39ml[33m=[39me[3
3m.[39mlength[33m-[39m[35m1
[39m[33m,[39mi[33m;[39ml[
33m>=[39m[35m0[39m[33m;[39
ml[33m--[39m)(i[33m=[39me[l
])[33m&&[39m(t[33m=[39m(a[
33m?[39mi(o[33m,[39mr[33m,
[39mt)[33m:[39mi(t))[33m||[
39mt)[33m;[39m[36mreturn[39
m a[33m&&[39mt[33m&&[39mto(
o[33m,[39mr[33m,[39mt)[33m
,[39mt}[33m;[39m[36mlet[39
m [33mQ[39m[33m=[39m[36mcl
ass[39m [36mextends[39m w{co
nstructor(){[36msuper[39m([3
3m...[39marguments)[33m,[39m
[36mthis[39m[33m.[39mwallet
Id[33m=[39m[32m""[39m[33m,
[39m[36mthis[39m[33m.[39mi
mageId[33m=[39m[36mvoid[39m
 [35m0[39m[33m,[39m[36mthi
s[39m[33m.[39mimageUrl[33m=
[39m[36mvoid[39m [35m0[39m
}render(){[36mvar[39m 
e[33m;[39m[36mconst[39m o[
33m=[39m(e[33m=[39m[36mthis
[39m[33m.[39mimageUrl)[33m!
=[39m[36mnull[39m[33m&&[39
me[33m.[39mlength[33m?[39m
[36mthis[39m[33m.[39mimageUr
l[33m:[39mc[33m.[39mgetWall
etIcon({id[33m:[39m[36mthis
[39m[33m.[39mwalletId[33m,[
39mimage_id[33m:[39m[36mthis
[39m[33m.[39mimageId})[33m;
[39m[36mreturn[39m 
n[32m`${o.length?n`<div><img 
crossorigin="anonymous" 
src="${o}" alt="${this.id}"></d
iv>`:v.WALLET_PLACEHOLDER}`[39
m}}[33m;[39m[33mQ[39m[33m.
[39mstyles[33m=[39m[h[33m.
[39mglobalCss[33m,[39meo][33
m,[39mse([d()][33m,[39m[33m
Q[39m[33m.[39mprototype[33m
,[39m[32m"walletId"[39m[33m
,[39m[35m2[39m)[33m,[39mse
([d()][33m,[39m[33mQ[39m[3
3m.[39mprototype[33m,[39m[3
2m"imageId"[39m[33m,[39m[35
m2[39m)[33m,[39mse([d()][33
m,[39m[33mQ[39m[33m.[39mpr
ototype[33m,[39m[32m"imageUr
l"[39m[33m,[39m[35m2[39m)
[33m,[39m[33mQ[39m[33m=[39
mse([p([32m"wcm-wallet-image"
[39m)][33m,[39m[33mQ[39m)[
33m;[39m[36mvar[39m ro[33m=
[39m[33mObject[39m[33m.[39
mdefineProperty[33m,[39mao[3
3m=[39m[33mObject[39m[33m.
[39mgetOwnPropertyDescriptor[3
3m,[39mqe[33m=[39m(e[33m,[
39mo[33m,[39mr[33m,[39ma)[
33m=>[39m{[36mfor[39m([36mv
ar[39m t[33m=[39ma[33m>[39
m[35m1[39m[33m?[39m[36mvoi
d[39m [35m0[39m[33m:[39ma
[33m?[39mao(o[33m,[39mr)[33
m:[39mo[33m,[39ml[33m=[39m
e[33m.[39mlength[33m-[39m[
35m1[39m[33m,[39mi[33m;[39
ml[33m>=[39m[35m0[39m[33m;
[39ml[33m--[39m)(i[33m=[39
me[l])[33m&&[39m(t[33m=[39m
(a[33m?[39mi(o[33m,[39mr[3
3m,[39mt)[33m:[39mi(t))[33m
||[39mt)[33m;[39m[36mreturn
[39m a[33m&&[39mt[33m&&[39
mro(o[33m,[39mr[33m,[39mt)
[33m,[39mt}[33m;[39m[36mlet
[39m [33mWe[39m[33m=[39m[
36mclass[39m 
[36mextends[39m w{constructor
(){[36msuper[39m()[33m,[39m
[36mthis[39m[33m.[39mpreloa
d[33m=[39m[33m![39m[35m0[
39m[33m,[39m[36mthis[39m[3
3m.[39mpreloadData()}[36masyn
c[39m loadImages(e){[36mtry[
39m{e[33m!=[39m[36mnull[39m
[33m&&[39me[33m.[39mlength
[33m&&[39m[36mawait[39m [33
mPromise[39m[33m.[39mall(e[
33m.[39mmap([36masync[39m o
[33m=>[39mc[33m.[39mpreloadI
mage(o)))}[36mcatch[39m{conso
le[33m.[39minfo([32m"Unsucce
ssful attempt at preloading 
some images"[39m[33m,[39me)}
}[36masync[39m preloadListing
s(){[36mif[39m(z[33m.[39mst
ate[33m.[39menableExplorer){
[36mawait[39m [33mW[39m[33m
.[39mgetRecomendedWallets()[3
3m,[39m[33mR[39m[33m.[39ms
etIsDataLoaded([33m![39m[35m
0[39m)[33m;[39m[36mconst[3
9m{recomendedWallets[33m:[39m
e}[33m=[39m[33mW[39m[33m.
[39mstate[33m,[39mo[33m=[39
me[33m.[39mmap(r[33m=>[39mc
[33m.[39mgetWalletIcon(r))[3
3m;[39m[36mawait[39m [36mth
is[39m[33m.[39mloadImages(o)
}[36melse[39m [33mR[39m[33
m.[39msetIsDataLoaded([33m![
39m[35m0[39m)}[36masync[39m
 preloadCustomImages(){[36mcon
st[39m e[33m=[39mc[33m.[39
mgetCustomImageUrls()[33m;[39
m[36mawait[39m [36mthis[39m
[33m.[39mloadImages(e)}[36ma
sync[39m preloadData(){[36mtr
y[39m{[36mthis[39m[33m.[39
mpreload[33m&&[39m([36mthis
[39m[33m.[39mpreload[33m=[3
9m[33m![39m[35m1[39m[33m,
[39m[36mawait[39m [33mPromis
e[39m[33m.[39mall([[36mthis
[39m[33m.[39mpreloadListings
()[33m,[39m[36mthis[39m[33
m.[39mpreloadCustomImages()]))
}[36mcatch[39m(e){console[33
m.[39merror(e)[33m,[39m[33m
N[39m[33m.[39mopenToast([32
m"Failed preloading"[39m[33m,
[39m[32m"error"[39m)}}}[33m
;[39mqe([[33mI[39m()][33m,
[39m[33mWe[39m[33m.[39mprot
otype[33m,[39m[32m"preload"
[39m[33m,[39m[35m2[39m)[33
m,[39m[33mWe[39m[33m=[39mq
e([p([32m"wcm-explorer-context
"[39m)][33m,[39m[33mWe[39m
)[33m;[39m[36mvar[39m lo[3
3m=[39m[33mObject[39m[33m.
[39mdefineProperty[33m,[39mio
[33m=[39m[33mObject[39m[33
m.[39mgetOwnPropertyDescriptor
[33m,[39mno[33m=[39m(e[33m
,[39mo[33m,[39mr[33m,[39ma
)[33m=>[39m{[36mfor[39m([3
6mvar[39m t[33m=[39ma[33m>
[39m[35m1[39m[33m?[39m[36m
void[39m [35m0[39m[33m:[39
ma[33m?[39mio(o[33m,[39mr)
[33m:[39mo[33m,[39ml[33m=[
39me[33m.[39mlength[33m-[39
m[35m1[39m[33m,[39mi[33m;
[39ml[33m>=[39m[35m0[39m[3
3m;[39ml[33m--[39m)(i[33m=
[39me[l])[33m&&[39m(t[33m=[
39m(a[33m?[39mi(o[33m,[39mr
[33m,[39mt)[33m:[39mi(t))[
33m||[39mt)[33m;[39m[36mret
urn[39m a[33m&&[39mt[33m&&
[39mlo(o[33m,[39mr[33m,[39m
t)[33m,[39mt}[33m;[39m[36m
let[39m [33mQe[39m[33m=[39
m[36mclass[39m 
[36mextends[39m w{constructor
(){[36msuper[39m()[33m,[39m
[36mthis[39m[33m.[39munsubs
cribeTheme[33m=[39m[36mvoid
[39m [35m0[39m[33m,[39mh[3
3m.[39msetTheme()[33m,[39m[
36mthis[39m[33m.[39munsubscr
ibeTheme[33m=[39m[33mX[39m
[33m.[39msubscribe(h[33m.[39
msetTheme)}disconnectedCallback
(){[36mvar[39m e[33m;[39m(e
[33m=[39m[36mthis[39m[33m.
[39munsubscribeTheme)[33m==[
39m[36mnull[39m[33m||[39me
[33m.[39mcall([36mthis[39m)}
}[33m;[39m[33mQe[39m[33m=
[39mno([p([32m"wcm-theme-conte
xt"[39m)][33m,[39m[33mQe[3
9m)[33m;[39m[36mconst[39m 
co[33m=[39mg[32m`@keyframes 
scroll{0%{transform:translate3d
(0,0,0)}100%{transform:translat
e3d(calc(-70px * 9),0,0)}}.wcm-
slider{position:relative;overfl
ow-x:hidden;padding:10px 
0;margin:0 
-20px;width:calc(100% + 40px)}.
wcm-track{display:flex;width:ca
lc(70px * 18);animation:scroll 
20s linear 
infinite;opacity:.7}.wcm-track 
svg{margin:0 5px}wcm-wallet-ima
ge{width:60px;height:60px;margi
n:0 5px;border-radius:var(--wcm
-wallet-icon-border-radius)}.wc
m-grid{display:grid;grid-templa
te-columns:repeat(4,80px);justi
fy-content:space-between}.wcm-t
itle{display:flex;align-items:c
enter;margin-bottom:10px}.wcm-t
itle svg{margin-right:6px}.wcm-
title path{fill:var(--wcm-accen
t-color)}wcm-modal-footer 
.wcm-title{padding:0 10px}wcm-b
utton-big{position:absolute;top
:50%;left:50%;transform:transla
teY(-50%) translateX(-50%);filt
er:drop-shadow(0 0 17px var(--w
cm-color-bg-1))}wcm-info-footer
{flex-direction:column;align-it
ems:center;display:flex;width:1
00%;padding:5px 
0}wcm-info-footer wcm-text{text
-align:center;margin-bottom:15p
x}#wallet-placeholder-fill{fill
:var(--wcm-color-bg-3)}#wallet-
placeholder-dash{stroke:var(--w
cm-color-overlay)}`[39m[33m;
[39m[36mvar[39m so[33m=[39m
[33mObject[39m[33m.[39mdefi
neProperty[33m,[39mmo[33m=[
39m[33mObject[39m[33m.[39mg
etOwnPropertyDescriptor[33m,[
39mho[33m=[39m(e[33m,[39mo
[33m,[39mr[33m,[39ma)[33m=>
[39m{[36mfor[39m([36mvar[3
9m t[33m=[39ma[33m>[39m[35
m1[39m[33m?[39m[36mvoid[39
m [35m0[39m[33m:[39ma[33m?
[39mmo(o[33m,[39mr)[33m:[3
9mo[33m,[39ml[33m=[39me[33
m.[39mlength[33m-[39m[35m1
[39m[33m,[39mi[33m;[39ml[3
3m>=[39m[35m0[39m[33m;[39m
l[33m--[39m)(i[33m=[39me[l]
)[33m&&[39m(t[33m=[39m(a[3
3m?[39mi(o[33m,[39mr[33m,[
39mt)[33m:[39mi(t))[33m||[3
9mt)[33m;[39m[36mreturn[39m
 a[33m&&[39mt[33m&&[39mso(o
[33m,[39mr[33m,[39mt)[33m,
[39mt}[33m;[39m[36mlet[39m
 [33mIe[39m[33m=[39m[36mcl
ass[39m [36mextends[39m w{on
GoToQrcode(){x[33m.[39mpush(
[32m"Qrcode"[39m)}render(){[3
6mconst[39m{recomendedWallets
[33m:[39me}[33m=[39m[33mW[
39m[33m.[39mstate[33m,[39mo
[33m=[39m[[33m...[39me[33m
,[39m[33m...[39me][33m,[39
mr[33m=[39mm[33m.[39m[33mR
ECOMMENDED_WALLET_AMOUNT[39m[
33m*[39m[35m2[39m[33m;[39m
[36mreturn[39m 
n[32m`<wcm-modal-header 
title="Connect your wallet" .on
Action="${this.onGoToQrcode}" .
actionIcon="${v.QRCODE_ICON}"><
/wcm-modal-header><wcm-modal-co
ntent><div class="wcm-title">${
v.MOBILE_ICON}<wcm-text 
variant="small-regular" color="
accent">WalletConnect</wcm-text
></div><div 
class="wcm-slider"><div class="
wcm-track">${[...Array(r)].map(
(a,t)=>{const 
l=o[t%o.length];return 
l?n`<wcm-wallet-image 
walletId="${l.id}" imageId="${l
.image_id}"></wcm-wallet-image>
`:v.WALLET_PLACEHOLDER})}</div>
<wcm-button-big @click="${c.han
dleAndroidLinking}"><wcm-text 
variant="medium-regular" 
color="inverse">Select Wallet</
wcm-text></wcm-button-big></div
></wcm-modal-content><wcm-info-
footer><wcm-text 
color="secondary" 
variant="small-thin">Choose 
WalletConnect to see supported 
apps on your device</wcm-text><
/wcm-info-footer>`[39m}}[33m;
[39m[33mIe[39m[33m.[39msty
les[33m=[39m[h[33m.[39mglob
alCss[33m,[39mco][33m,[39m
[33mIe[39m[33m=[39mho([p([3
2m"wcm-android-wallet-selection
"[39m)][33m,[39m[33mIe[39m
)[33m;[39m[36mconst[39m 
wo[33m=[39mg[32m`@keyframes 
loading{to{stroke-dashoffset:0}
}@keyframes shake{10%,90%{trans
form:translate3d(-1px,0,0)}20%,
80%{transform:translate3d(1px,0
,0)}30%,50%,70%{transform:trans
late3d(-2px,0,0)}40%,60%{transf
orm:translate3d(2px,0,0)}}:host
{display:flex;flex-direction:co
lumn;align-items:center}div{pos
ition:relative;width:110px;heig
ht:110px;display:flex;justify-c
ontent:center;align-items:cente
r;margin:40px 0 20px 0;transfor
m:translate3d(0,0,0)}svg{positi
on:absolute;width:110px;height:
110px;fill:none;stroke:transpar
ent;stroke-linecap:round;stroke
-width:2px;top:0;left:0}use{str
oke:var(--wcm-accent-color);ani
mation:loading 1s linear infini
te}wcm-wallet-image{border-radi
us:var(--wcm-wallet-icon-large-
border-radius);width:90px;heigh
t:90px}wcm-text{margin-bottom:4
0px}.wcm-error svg{stroke:var(-
-wcm-error-color)}.wcm-error us
e{display:none}.wcm-error{anima
tion:shake .4s 
cubic-bezier(.36,.07,.19,.97) 
both}.wcm-stale svg,.wcm-stale 
use{display:none}`[39m[33m;[
39m[36mvar[39m po[33m=[39m
[33mObject[39m[33m.[39mdefin
eProperty[33m,[39mgo[33m=[3
9m[33mObject[39m[33m.[39mge
tOwnPropertyDescriptor[33m,[3
9m[33mK[39m[33m=[39m(e[33m
,[39mo[33m,[39mr[33m,[39ma
)[33m=>[39m{[36mfor[39m([3
6mvar[39m t[33m=[39ma[33m>
[39m[35m1[39m[33m?[39m[36m
void[39m [35m0[39m[33m:[39
ma[33m?[39mgo(o[33m,[39mr)
[33m:[39mo[33m,[39ml[33m=[
39me[33m.[39mlength[33m-[39
m[35m1[39m[33m,[39mi[33m;
[39ml[33m>=[39m[35m0[39m[3
3m;[39ml[33m--[39m)(i[33m=
[39me[l])[33m&&[39m(t[33m=[
39m(a[33m?[39mi(o[33m,[39mr
[33m,[39mt)[33m:[39mi(t))[
33m||[39mt)[33m;[39m[36mret
urn[39m a[33m&&[39mt[33m&&
[39mpo(o[33m,[39mr[33m,[39m
t)[33m,[39mt}[33m;[39m[36m
let[39m [33mD[39m[33m=[39m
[36mclass[39m 
[36mextends[39m w{constructor
(){[36msuper[39m([33m...[39
marguments)[33m,[39m[36mthis
[39m[33m.[39mwalletId[33m=
[39m[36mvoid[39m [35m0[39m
[33m,[39m[36mthis[39m[33m.
[39mimageId[33m=[39m[36mvoid
[39m [35m0[39m[33m,[39m[3
6mthis[39m[33m.[39misError[
33m=[39m[33m![39m[35m1[39m
[33m,[39m[36mthis[39m[33m.
[39misStale[33m=[39m[33m![
39m[35m1[39m[33m,[39m[36mt
his[39m[33m.[39mlabel[33m=
[39m[32m""[39m}svgLoaderTempl
ate(){[36mvar[39m e[33m,[39
mo[33m;[39m[36mconst[39m r
[33m=[39m(o[33m=[39m(e[33m=
[39m[33mX[39m[33m.[39mstat
e[33m.[39mthemeVariables)[33
m==[39m[36mnull[39m[33m?[3
9m[36mvoid[39m [35m0[39m[3
3m:[39me[[32m"--wcm-wallet-ic
on-large-border-radius"[39m])
[33m!=[39m[36mnull[39m[33m?
[39mo[33m:[39mh[33m.[39mge
tPreset([32m"--wcm-wallet-icon
-large-border-radius"[39m)[33
m;[39m[36mlet[39m a[33m=[3
9m[35m0[39m[33m;[39mr[33m.
[39mincludes([32m"%"[39m)[3
3m?[39ma[33m=[39m[35m88[39
m[35m/100*parseInt(r,10):a=par
seInt(r,10),a*=1.17;const t=317
-a*1.57,l=425-a*1.8;return 
n`<svg viewBox="0 0 110 110" 
width="110" height="110"><rect 
id="wcm-loader" x="2" y="2" 
width="106" height="106" rx="${
a}"/[39m[33m>[39m[33m<[39m
[33muse[39m xlink[33m:[39mh
ref[33m=[39m[32m"#wcm-loader
"[39m stroke[33m-[39mdasharr
ay[33m=[39m[32m"106 
${t}"[39m stroke[33m-[39mdas
hoffset[33m=[39m[32m"${l}"[
39m[33m>[39m[33m<[39m[33m/
[39m[33muse[39m[33m>[39m[
33m<[39m[33m/[39m[33msvg[3
9m[33m>[39m[32m`}render(){co
nst e={"wcm-error":this.isError
,"wcm-stale":this.isStale};retu
rn n`[39m[33m<[39m[33mdiv[
39m [36mclass[39m[33m=[39m
[32m"${P(e)}"[39m[33m>[39m${
[36mthis[39m[33m.[39msvgLoa
derTemplate()}[33m<[39m[33mw
cm[39m[33m-[39mwallet[33m-
[39mimage walletId[33m=[39m[
32m"${k(this.walletId)}"[39m i
mageId[33m=[39m[32m"${k(this
.imageId)}"[39m[33m>[39m[33
m<[39m[33m/[39m[33mwcm[39m
[33m-[39mwallet[33m-[39mima
ge[33m>[39m[33m<[39m[33m/
[39m[33mdiv[39m[33m>[39m[3
3m<[39m[33mwcm[39m[33m-[39
mtext variant[33m=[39m[32m"m
edium-regular"[39m color[33m=
[39m[32m"${this.isError?"[39
merror[32m":"[39mprimary[32m
"}"[39m[33m>[39m${[36mthis
[39m[33m.[39misError[33m?[3
9m[32m"Connection declined"[3
9m[33m:[39m[36mthis[39m[33
m.[39mlabel}[33m<[39m[33m/
[39m[33mwcm[39m[33m-[39mtex
t[33m>[39m[32m`}};D.styles=[
h.globalCss,wo],K([d()],D.proto
type,"walletId",2),K([d()],D.pr
ototype,"imageId",2),K([d({type
:Boolean})],D.prototype,"isErro
r",2),K([d({type:Boolean})],D.p
rototype,"isStale",2),K([d()],D
.prototype,"label",2),D=K([p("w
cm-connector-waiting")],D);cons
t G={manualWallets(){var e,o;co
nst{mobileWallets:r,desktopWall
ets:a}=z.state,t=(e=G.recentWal
let())==null?void 0:e.id,l=m.is
Mobile()?r:a,i=l?.filter(s=>t!=
=s.id);return(o=m.isMobile()?i?
.map(({id:s,name:$,links:f})=>(
{id:s,name:$,mobile:f,links:f})
):i?.map(({id:s,name:$,links:f}
)=>({id:s,name:$,desktop:f,link
s:f})))!=null?o:[]},recentWalle
t(){return c.getRecentWallet()}
,recomendedWallets(e=!1){var 
o;const r=e||(o=G.recentWallet(
))==null?void 0:o.id,{recomende
dWallets:a}=W.state;return a.fi
lter(t=>r!==t.id)}},Z={onConnec
ting(e){c.goToConnectingView(e)
},manualWalletsTemplate(){retur
n G.manualWallets().map(e=>n`[
39m[33m<[39m[33mwcm[39m[33
m-[39mwallet[33m-[39mbutton 
walletId[33m=[39m[32m"${e.id
}"[39m name[33m=[39m[32m"${
e.name}"[39m [33m.[39monClic
k[33m=[39m[32m"${()=>this.on
Connecting(e)}"[39m[33m>[39m
[33m<[39m[33m/[39m[33mwcm
[39m[33m-[39mwallet[33m-[39
mbutton[33m>[39m[32m`)},reco
mendedWalletsTemplate(e=!1){ret
urn G.recomendedWallets(e).map(
o=>n`[39m[33m<[39m[33mwcm[
39m[33m-[39mwallet[33m-[39m
button name[33m=[39m[32m"${o
.name}"[39m walletId[33m=[39
m[32m"${o.id}"[39m imageId[3
3m=[39m[32m"${o.image_id}"[3
9m [33m.[39monClick[33m=[39
m[32m"${()=>this.onConnecting(
o)}"[39m[33m>[39m[33m<[39m
[33m/[39m[33mwcm[39m[33m-
[39mwallet[33m-[39mbutton[33
m>[39m[32m`)},recentWalletTem
plate(){const 
e=G.recentWallet();if(e)return 
n`[39m[33m<[39m[33mwcm[39m
[33m-[39mwallet[33m-[39mbut
ton name[33m=[39m[32m"${e.na
me}"[39m walletId[33m=[39m[
32m"${e.id}"[39m imageId[33m=
[39m[32m"${k(e.image_id)}"[3
9m [33m.[39mrecent[33m=[39m
[32m"${!0}"[39m [33m.[39mon
Click[33m=[39m[32m"${()=>thi
s.onConnecting(e)}"[39m[33m>
[39m[33m<[39m[33m/[39m[33m
wcm[39m[33m-[39mwallet[33m-
[39mbutton[33m>[39m[32m`}},
vo=g`[39m[33m.[39mwcm[33m-
[39mgrid{display[33m:[39mgrid
[33m;[39mgrid[33m-[39mtempl
ate[33m-[39mcolumns[33m:[39
mrepeat([35m4[39m[33m,[39m
[35m80[39mpx)[33m;[39mjustif
y[33m-[39mcontent[33m:[39ms
pace[33m-[39mbetween}[33m.[
39mwcm[33m-[39mdesktop[33m-
[39mtitle[33m,[39m[33m.[39m
wcm[33m-[39mmobile[33m-[39m
title{display[33m:[39mflex[3
3m;[39malign[33m-[39mitems[
33m:[39mcenter}[33m.[39mwcm
[33m-[39mmobile[33m-[39mtitl
e{justify[33m-[39mcontent[33
m:[39mspace[33m-[39mbetween
[33m;[39mmargin[33m-[39mbott
om[33m:[39m[35m20[39mpx[33
m;[39mmargin[33m-[39mtop[33
m:[39m[33m-[39m[35m10[39mp
x}[33m.[39mwcm[33m-[39mdesk
top[33m-[39mtitle{margin[33m
-[39mbottom[33m:[39m[35m10
[39mpx[33m;[39mpadding[33m:
[39m[35m0[39m [35m10[39mpx}
[33m.[39mwcm[33m-[39msubtit
le{display[33m:[39mflex[33m;
[39malign[33m-[39mitems[33m
:[39mcenter}[33m.[39mwcm[33
m-[39msubtitle[33m:[39mlast
[33m-[39mchild path{fill[33m:
[39m[36mvar[39m([33m--[39m
wcm[33m-[39mcolor[33m-[39mf
g[33m-[39m[35m3[39m)}[33m.
[39mwcm[33m-[39mdesktop[33m
-[39mtitle svg[33m,[39m[33m
.[39mwcm[33m-[39mmobile[33m
-[39mtitle svg{margin[33m-[3
9mright[33m:[39m[35m6[39mpx
}[33m.[39mwcm[33m-[39mdeskt
op[33m-[39mtitle path[33m,[
39m[33m.[39mwcm[33m-[39mmob
ile[33m-[39mtitle path{fill[
33m:[39m[36mvar[39m([33m--
[39mwcm[33m-[39maccent[33m-
[39mcolor)}[32m`;var uo=Object
.defineProperty,bo=Object.getOw
nPropertyDescriptor,fo=(e,o,r,a
)=>{for(var t=a>1?void 0:a?bo(o
,r):o,l=e.length-1,i;l>=0;l--)(
i=e[l])&&(t=(a?i(o,r,t):i(t))||
t);return 
a&&t&&uo(o,r,t),t};let 
Ee=class extends w{render(){con
st{explorerExcludedWalletIds:e,
enableExplorer:o}=z.state,r=e!=
="ALL"&&o,a=Z.manualWalletsTemp
late(),t=Z.recomendedWalletsTem
plate();let l=[Z.recentWalletTe
mplate(),...a,...t];l=l.filter(
Boolean);const 
i=l.length>4||r;let s=[];i?s=l.
slice(0,3):s=l;const 
$=Boolean(s.length);return n`[
39m[33m<[39m[33mwcm[39m[33
m-[39mmodal[33m-[39mheader 
[33m.[39mborder[33m=[39m[32
m"${!0}"[39m 
title[33m=[39m[32m"Connect 
your wallet"[39m [33m.[39mon
Action[33m=[39m[32m"${c.hand
leUriCopy}"[39m [33m.[39mact
ionIcon[33m=[39m[32m"${v.COP
Y_ICON}"[39m[33m>[39m[33m<
[39m[33m/[39m[33mwcm[39m[3
3m-[39mmodal[33m-[39mheader
[33m>[39m[33m<[39m[33mwcm[
39m[33m-[39mmodal[33m-[39mc
ontent[33m>[39m[33m<[39m[3
3mdiv[39m [36mclass[39m[33m
=[39m[32m"wcm-mobile-title"[
39m[33m>[39m[33m<[39m[33md
iv[39m [36mclass[39m[33m=[
39m[32m"wcm-subtitle"[39m[33
m>[39m${v[33m.[39m[33mMOBIL
E_ICON[39m}[33m<[39m[33mwcm
[39m[33m-[39mtext variant[3
3m=[39m[32m"small-regular"[3
9m color[33m=[39m[32m"accent
"[39m[33m>[39m[33mMobile[3
9m[33m<[39m[33m/[39m[33mwc
m[39m[33m-[39mtext[33m>[39
m[33m<[39m[33m/[39m[33mdiv
[39m[33m>[39m[33m<[39m[33
mdiv[39m [36mclass[39m[33m=
[39m[32m"wcm-subtitle"[39m[
33m>[39m${v[33m.[39m[33mSCA
N_ICON[39m}[33m<[39m[33mwcm
[39m[33m-[39mtext variant[3
3m=[39m[32m"small-regular"[3
9m color[33m=[39m[32m"second
ary"[39m[33m>[39m[33mScan[
39m [36mwith[39m your wallet
[33m<[39m[33m/[39m[33mwcm[
39m[33m-[39mtext[33m>[39m[
33m<[39m[33m/[39m[33mdiv[3
9m[33m>[39m[33m<[39m[33m/
[39m[33mdiv[39m[33m>[39m[3
3m<[39m[33mwcm[39m[33m-[39
mwalletconnect[33m-[39mqr[33
m>[39m[33m<[39m[33m/[39m[
33mwcm[39m[33m-[39mwalletcon
nect[33m-[39mqr[33m>[39m[3
3m<[39m[33m/[39m[33mwcm[39
m[33m-[39mmodal[33m-[39mcon
tent[33m>[39m${$[33m?[39mn
[32m`<wcm-modal-footer><div cla
ss="wcm-desktop-title">${v.DESK
TOP_ICON}<wcm-text 
variant="small-regular" color="
accent">Desktop</wcm-text></div
><div class="wcm-grid">${s} ${i
?n`<wcm-view-all-wallets-button
></wcm-view-all-wallets-button>
`:null}</div></wcm-modal-footer
>`[39m[33m:[39m[36mnull[39
m}[32m`}};Ee.styles=[h.globalC
ss,vo],Ee=fo([p("wcm-desktop-wa
llet-selection")],Ee);const xo=
g`[39mdiv{background[33m-[39
mcolor[33m:[39m[36mvar[39m(
[33m--[39mwcm[33m-[39mcolor
[33m-[39mbg[33m-[39m[35m2
[39m)[33m;[39mpadding[33m:[
39m[35m10[39mpx 
[35m20[39mpx [35m15[39mpx 
[35m20[39mpx[33m;[39mborder
[33m-[39mtop[33m:[39m[35m1
[39mpx solid [36mvar[39m([33
m--[39mwcm[33m-[39mcolor[33
m-[39mbg[33m-[39m[35m3[39m
)[33m;[39mtext[33m-[39malig
n[33m:[39mcenter}a{color[33m
:[39m[36mvar[39m([33m--[39
mwcm[33m-[39maccent[33m-[39
mcolor)[33m;[39mtext[33m-[3
9mdecoration[33m:[39mnone[33
m;[39mtransition[33m:[39mopa
city [35m.2[39ms ease[33m-[
39m[36min[39m[33m-[39mout[
33m;[39mdisplay[33m:[39minli
ne}a[33m:[39mactive{opacity[
33m:[39m[35m.8[39m}[33m@[3
9mmedia(hover[33m:[39mhover){
a[33m:[39mhover{opacity[33m:
[39m[35m.8[39m}}[32m`;var y
o=Object.defineProperty,$o=Obje
ct.getOwnPropertyDescriptor,Co=
(e,o,r,a)=>{for(var t=a>1?void 
0:a?$o(o,r):o,l=e.length-1,i;l>
=0;l--)(i=e[l])&&(t=(a?i(o,r,t)
:i(t))||t);return 
a&&t&&yo(o,r,t),t};let 
Me=class extends w{render(){con
st{termsOfServiceUrl:e,privacyP
olicyUrl:o}=z.state;return e??o
?n`[39m[33m<[39m[33mdiv[39
m[33m>[39m[33m<[39m[33mwcm
[39m[33m-[39mtext variant[3
3m=[39m[32m"small-regular"[3
9m color[33m=[39m[32m"second
ary"[39m[33m>[39m[33mBy[39
m connecting your wallet to 
[36mthis[39m app[33m,[39m 
you agree to the app[32m's 
${e?n`<a href="${e}" 
target="_blank" rel="noopener 
noreferrer">Terms of 
Service</a>`:null} 
${e&&o?"and":null} ${o?n`<a 
href="${o}" target="_blank" 
rel="noopener 
noreferrer">Privacy Policy</a>`
:null}</wcm-text></div>`:null}}
;Me.styles=[h.globalCss,xo],Me=
Co([p("wcm-legal-notice")],Me);
const ko=g`div{display:grid;gri
d-template-columns:repeat(4,80p
x);margin:0 -10px;justify-conte
nt:space-between;row-gap:10px}`
;var Oo=Object.defineProperty,W
o=Object.getOwnPropertyDescript
or,Io=(e,o,r,a)=>{for(var 
t=a>1?void 0:a?Wo(o,r):o,l=e.le
ngth-1,i;l>=0;l--)(i=e[l])&&(t=
(a?i(o,r,t):i(t))||t);return 
a&&t&&Oo(o,r,t),t};let 
Le=class extends w{onQrcode(){x
.push("Qrcode")}render(){const{
explorerExcludedWalletIds:e,ena
bleExplorer:o}=z.state,r=e!=="A
LL"&&o,a=Z.manualWalletsTemplat
e(),t=Z.recomendedWalletsTempla
te();let l=[Z.recentWalletTempl
ate(),...a,...t];l=l.filter(Boo
lean);const 
i=l.length>8||r;let s=[];i?s=l.
slice(0,7):s=l;const 
$=Boolean(s.length);return 
n`<wcm-modal-header 
title="Connect your wallet" 
.onAction="${this.onQrcode}" .a
ctionIcon="${v.QRCODE_ICON}"></
wcm-modal-header>${$?n`<wcm-mod
al-content><div>${s} ${i?n`<wcm
-view-all-wallets-button></wcm-
view-all-wallets-button>`:null}
</div></wcm-modal-content>`:nul
l}`}};Le.styles=[h.globalCss,ko
],Le=Io([p("wcm-mobile-wallet-s
election")],Le);const Eo=g`:hos
t{all:initial}.wcm-overlay{top:
0;bottom:0;left:0;right:0;posit
ion:fixed;z-index:var(--wcm-z-i
ndex);overflow:hidden;display:f
lex;justify-content:center;alig
n-items:center;opacity:0;pointe
r-events:none;background-color:
var(--wcm-overlay-background-co
lor);backdrop-filter:var(--wcm-
overlay-backdrop-filter)}@media
(max-height:720px) and (orienta
tion:landscape){.wcm-overlay{ov
erflow:scroll;align-items:flex-
start;padding:20px 0}}.wcm-acti
ve{pointer-events:auto}.wcm-con
tainer{position:relative;max-wi
dth:360px;width:100%;outline:0;
border-radius:var(--wcm-backgro
und-border-radius) var(--wcm-ba
ckground-border-radius) var(--w
cm-container-border-radius) var
(--wcm-container-border-radius)
;border:1px solid var(--wcm-col
or-overlay);overflow:hidden}.wc
m-card{width:100%;position:rela
tive;border-radius:var(--wcm-co
ntainer-border-radius);overflow
:hidden;box-shadow:0 6px 14px 
-6px rgba(10,16,31,.12),0 10px 
32px -4px rgba(10,16,31,.1),0 
0 0 1px var(--wcm-color-overlay
);background-color:var(--wcm-co
lor-bg-1);color:var(--wcm-color
-fg-1)}@media(max-width:600px){
.wcm-container{max-width:440px;
border-radius:var(--wcm-backgro
und-border-radius) var(--wcm-ba
ckground-border-radius) 0 0}.wc
m-card{border-radius:var(--wcm-
container-border-radius) var(--
wcm-container-border-radius) 0 
0}.wcm-overlay{align-items:flex
-end}}@media(max-width:440px){.
wcm-container{border:0}}`;var M
o=Object.defineProperty,Lo=Obje
ct.getOwnPropertyDescriptor,Re=
(e,o,r,a)=>{for(var t=a>1?void 
0:a?Lo(o,r):o,l=e.length-1,i;l>
=0;l--)(i=e[l])&&(t=(a?i(o,r,t)
:i(t))||t);return 
a&&t&&Mo(o,r,t),t};let 
ae=class extends w{constructor(
){super(),this.open=!1,this.act
ive=!1,this.unsubscribeModal=vo
id 0,this.abortController=void 
0,this.unsubscribeModal=ge.subs
cribe(e=>{e.open?this.onOpenMod
alEvent():this.onCloseModalEven
t()})}disconnectedCallback(){va
r e;(e=this.unsubscribeModal)==
null||e.call(this)}get 
overlayEl(){return c.getShadowR
ootElement(this,".wcm-overlay")
}get containerEl(){return c.get
ShadowRootElement(this,".wcm-co
ntainer")}toggleBodyScroll(e){i
f(document.querySelector("body"
))if(e){const o=document.getEle
mentById("wcm-styles");o?.remov
e()}else document.head.insertAd
jacentHTML("beforeend",'[39m[
33m<[39m[33mstyle[39m id[33
m=[39m[32m"wcm-styles"[39m[
33m>[39mhtml[33m,[39mbody{to
uch[33m-[39maction[33m:[39m
none[33m;[39moverflow[33m:[
39mhidden[33m;[39moverscroll
[33m-[39mbehavior[33m:[39mco
ntain[33m;[39m}[33m<[39m[3
3m/[39m[33mstyle[39m[33m>[
39m[32m')}onCloseModal(e){e.ta
rget===e.currentTarget&&ge.clos
e()}onOpenModalEvent(){this.tog
gleBodyScroll(!1),this.addKeybo
ardEvents(),this.open=!0,setTim
eout(async()=>{const e=c.isMobi
leAnimation()?{y:["50vh","0vh"]
}:{scale:[.98,1]},o=.1,r=.2;awa
it Promise.all([H(this.overlayE
l,{opacity:[0,1]},{delay:o,dura
tion:r}).finished,H(this.contai
nerEl,e,{delay:o,duration:r}).f
inished]),this.active=!0},0)}as
ync onCloseModalEvent(){this.to
ggleBodyScroll(!0),this.removeK
eyboardEvents();const e=c.isMob
ileAnimation()?{y:["0vh","50vh"
]}:{scale:[1,.98]},o=.2;await P
romise.all([H(this.overlayEl,{o
pacity:[1,0]},{duration:o}).fin
ished,H(this.containerEl,e,{dur
ation:o}).finished]),this.conta
inerEl.removeAttribute("style")
,this.active=!1,this.open=!1}ad
dKeyboardEvents(){this.abortCon
troller=new AbortController,win
dow.addEventListener("keydown",
e=>{var o;e.key==="Escape"?ge.c
lose():e.key==="Tab"&&((o=e.tar
get)!=null&&o.tagName.includes(
"wcm-")||this.containerEl.focus
())},this.abortController),this
.containerEl.focus()}removeKeyb
oardEvents(){var e;(e=this.abor
tController)==null||e.abort(),t
his.abortController=void 
0}render(){const e={"wcm-overla
y":!0,"wcm-active":this.active}
;return n`<wcm-explorer-context
></wcm-explorer-context><wcm-th
eme-context></wcm-theme-context
><div id="wcm-modal" 
class="${P(e)}" 
@click="${this.onCloseModal}" 
role="alertdialog" 
aria-modal="true"><div 
class="wcm-container" tabindex=
"0">${this.open?n`<wcm-modal-ba
ckcard></wcm-modal-backcard><di
v class="wcm-card"><wcm-modal-r
outer></wcm-modal-router><wcm-m
odal-toast></wcm-modal-toast></
div>`:null}</div></div>`}};ae.s
tyles=[h.globalCss,Eo],Re([I()]
,ae.prototype,"open",2),Re([I()
],ae.prototype,"active",2),ae=R
e([p("wcm-modal")],ae);const Ro
=g`div{display:flex;margin-top:
15px}slot{display:inline-block;
margin:0 
5px}wcm-button{margin:0 
5px}`;var Ao=Object.definePrope
rty,Po=Object.getOwnPropertyDes
criptor,le=(e,o,r,a)=>{for(var 
t=a>1?void 0:a?Po(o,r):o,l=e.le
ngth-1,i;l>=0;l--)(i=e[l])&&(t=
(a?i(o,r,t):i(t))||t);return 
a&&t&&Ao(o,r,t),t};let B=class 
extends w{constructor(){super(.
..arguments),this.isMobile=!1,t
his.isDesktop=!1,this.isWeb=!1,
this.isRetry=!1}onMobile(){m.is
Mobile()?x.replace("MobileConne
cting"):x.replace("MobileQrcode
Connecting")}onDesktop(){x.repl
ace("DesktopConnecting")}onWeb(
){x.replace("WebConnecting")}re
nder(){return n`<div>${this.isR
etry?n`<slot></slot>`:null} 
${this.isMobile?n`<wcm-button 
.onClick="${this.onMobile}" 
.iconLeft="${v.MOBILE_ICON}" va
riant="outline">Mobile</wcm-but
ton>`:null} 
${this.isDesktop?n`<wcm-button 
.onClick="${this.onDesktop}" 
.iconLeft="${v.DESKTOP_ICON}" v
ariant="outline">Desktop</wcm-b
utton>`:null} 
${this.isWeb?n`<wcm-button 
.onClick="${this.onWeb}" 
.iconLeft="${v.GLOBE_ICON}" var
iant="outline">Web</wcm-button>
`:null}</div>`}};B.styles=[h.gl
obalCss,Ro],le([d({type:Boolean
})],B.prototype,"isMobile",2),l
e([d({type:Boolean})],B.prototy
pe,"isDesktop",2),le([d({type:B
oolean})],B.prototype,"isWeb",2
),le([d({type:Boolean})],B.prot
otype,"isRetry",2),B=le([p("wcm
-platform-selection")],B);const
 To=g`button{display:flex;flex-
direction:column;padding:5px 10
px;border-radius:var(--wcm-butt
on-hover-highlight-border-radiu
s);height:100%;justify-content:
flex-start}.wcm-icons{width:60p
x;height:60px;display:flex;flex
-wrap:wrap;padding:7px;border-r
adius:var(--wcm-wallet-icon-bor
der-radius);justify-content:spa
ce-between;align-items:center;m
argin-bottom:5px;background-col
or:var(--wcm-color-bg-2);box-sh
adow:inset 0 0 0 1px var(--wcm-
color-overlay)}button:active{ba
ckground-color:var(--wcm-color-
overlay)}@media(hover:hover){bu
tton:hover{background-color:var
(--wcm-color-overlay)}}.wcm-ico
ns img{width:21px;height:21px;o
bject-fit:cover;object-position
:center;border-radius:calc(var(
--wcm-wallet-icon-border-radius
)/ 2);border:1px solid var(--wc
m-color-overlay)}.wcm-icons svg
{width:21px;height:21px}.wcm-ic
ons 
img:nth-child(1),.wcm-icons 
img:nth-child(2),.wcm-icons 
svg:nth-child(1),.wcm-icons svg
:nth-child(2){margin-bottom:4px
}wcm-text{width:100%;text-align
:center}#wallet-placeholder-fil
l{fill:var(--wcm-color-bg-3)}#w
allet-placeholder-dash{stroke:v
ar(--wcm-color-overlay)}`;var j
o=Object.defineProperty,_o=Obje
ct.getOwnPropertyDescriptor,Do=
(e,o,r,a)=>{for(var t=a>1?void 
0:a?_o(o,r):o,l=e.length-1,i;l>
=0;l--)(i=e[l])&&(t=(a?i(o,r,t)
:i(t))||t);return 
a&&t&&jo(o,r,t),t};let 
Ae=class extends w{onClick(){x.
push("WalletExplorer")}render()
{const{recomendedWallets:e}=W.s
tate,o=G.manualWallets(),r=[...
e,...o].reverse().slice(0,4);re
turn n`<button 
@click="${this.onClick}"><div c
lass="wcm-icons">${r.map(a=>{co
nst t=c.getWalletIcon(a);if(t)r
eturn n`<img 
crossorigin="anonymous" 
src="${t}">`;const l=c.getWalle
tIcon({id:a.id});return 
l?n`<img 
crossorigin="anonymous" src="${
l}">`:v.WALLET_PLACEHOLDER})} $
{[...Array(4-r.length)].map(()=
>v.WALLET_PLACEHOLDER)}</div><w
cm-text 
variant="xsmall-regular">View A
ll</wcm-text></button>`}};Ae.st
yles=[h.globalCss,To],Ae=Do([p(
"wcm-view-all-wallets-button")]
,Ae);const No=g`.wcm-qr-contain
er{width:100%;display:flex;just
ify-content:center;align-items:
center;aspect-ratio:1/1}`;var Z
o=Object.defineProperty,So=Obje
ct.getOwnPropertyDescriptor,de=
(e,o,r,a)=>{for(var t=a>1?void 
0:a?So(o,r):o,l=e.length-1,i;l>
=0;l--)(i=e[l])&&(t=(a?i(o,r,t)
:i(t))||t);return 
a&&t&&Zo(o,r,t),t};let Y=class 
extends w{constructor(){super()
,this.walletId="",this.imageId=
"",this.uri="",setTimeout(()=>{
const{walletConnectUri:e}=R.sta
te;this.uri=e},0)}get 
overlayEl(){return c.getShadowR
ootElement(this,".wcm-qr-contai
ner")}render(){return n`<div cl
ass="wcm-qr-container">${this.u
ri?n`<wcm-qrcode size="${this.o
verlayEl.offsetWidth}" 
uri="${this.uri}" 
walletId="${k(this.walletId)}" 
imageId="${k(this.imageId)}"></
wcm-qrcode>`:n`<wcm-spinner></w
cm-spinner>`}</div>`}};Y.styles
=[h.globalCss,No],de([d()],Y.pr
ototype,"walletId",2),de([d()],
Y.prototype,"imageId",2),de([I(
)],Y.prototype,"uri",2),Y=de([p
("wcm-walletconnect-qr")],Y);va
r Bo=Object.defineProperty,Uo=O
bject.getOwnPropertyDescriptor,
Ho=(e,o,r,a)=>{for(var 
t=a>1?void 0:a?Uo(o,r):o,l=e.le
ngth-1,i;l>=0;l--)(i=e[l])&&(t=
(a?i(o,r,t):i(t))||t);return 
a&&t&&Bo(o,r,t),t};let 
Pe=class extends 
w{viewTemplate(){return m.isAnd
roid()?n`<wcm-android-wallet-se
lection></wcm-android-wallet-se
lection>`:m.isMobile()?n`<wcm-m
obile-wallet-selection></wcm-mo
bile-wallet-selection>`:n`<wcm-
desktop-wallet-selection></wcm-
desktop-wallet-selection>`}rend
er(){return n`${this.viewTempla
te()}<wcm-legal-notice></wcm-le
gal-notice>`}};Pe.styles=[h.glo
balCss],Pe=Ho([p("wcm-connect-w
allet-view")],Pe);const zo=g`wc
m-info-footer{flex-direction:co
lumn;align-items:center;display
:flex;width:100%;padding:5px 0}
wcm-text{text-align:center}`;va
r Vo=Object.defineProperty,Fo=O
bject.getOwnPropertyDescriptor,
Ke=(e,o,r,a)=>{for(var 
t=a>1?void 0:a?Fo(o,r):o,l=e.le
ngth-1,i;l>=0;l--)(i=e[l])&&(t=
(a?i(o,r,t):i(t))||t);return 
a&&t&&Vo(o,r,t),t};let 
me=class extends w{constructor(
){super(),this.isError=!1,this.
openDesktopApp()}onFormatAndRed
irect(e){const{desktop:o,name:r
}=m.getWalletRouterData(),a=o?.
native;if(a){const t=m.formatNa
tiveUrl(a,e,r);m.openHref(t,"_s
elf")}}openDesktopApp(){const{w
alletConnectUri:e}=R.state,o=m.
getWalletRouterData();c.setRece
ntWallet(o),e&&this.onFormatAnd
Redirect(e)}render(){const{name
:e,id:o,image_id:r}=m.getWallet
RouterData(),{isMobile:a,isWeb:
t}=c.getCachedRouterWalletPlatf
orms();return 
n`<wcm-modal-header 
title="${e}" 
.onAction="${c.handleUriCopy}" 
.actionIcon="${v.COPY_ICON}"></
wcm-modal-header><wcm-modal-con
tent><wcm-connector-waiting 
walletId="${o}" 
imageId="${k(r)}" 
label="${`Continue in 
${e}...`}" .isError="${this.isE
rror}"></wcm-connector-waiting>
</wcm-modal-content><wcm-info-f
ooter><wcm-text 
color="secondary" variant="smal
l-thin">${`Connection can 
continue loading if ${e} is 
not installed on your device`}<
/wcm-text><wcm-platform-selecti
on .isMobile="${a}" 
.isWeb="${t}" 
.isRetry="${!0}"><wcm-button .o
nClick="${this.openDesktopApp.b
ind(this)}" .iconRight="${v.RET
RY_ICON}">Retry</wcm-button></w
cm-platform-selection></wcm-inf
o-footer>`}};me.styles=[h.globa
lCss,zo],Ke([I()],me.prototype,
"isError",2),me=Ke([p("wcm-desk
top-connecting-view")],me);cons
t qo=g`wcm-info-footer{flex-dir
ection:column;align-items:cente
r;display:flex;width:100%;paddi
ng:5px 0}wcm-text{text-align:ce
nter}wcm-button{margin-top:15px
}`;var Qo=Object.defineProperty
,Ko=Object.getOwnPropertyDescri
ptor,Yo=(e,o,r,a)=>{for(var 
t=a>1?void 0:a?Ko(o,r):o,l=e.le
ngth-1,i;l>=0;l--)(i=e[l])&&(t=
(a?i(o,r,t):i(t))||t);return 
a&&t&&Qo(o,r,t),t};let 
Te=class extends w{onInstall(e)
{e&&m.openHref(e,"_blank")}rend
er(){const{name:e,id:o,image_id
:r,homepage:a}=m.getWalletRoute
rData();return 
n`<wcm-modal-header title="${e}
"></wcm-modal-header><wcm-modal
-content><wcm-connector-waiting
 walletId="${o}" 
imageId="${k(r)}" label="Not 
Detected" .isStale="${!0}"></wc
m-connector-waiting></wcm-modal
-content><wcm-info-footer><wcm-
text color="secondary" variant=
"small-thin">${`Download ${e} 
to continue. If multiple 
browser extensions are 
installed, disable non ${e} 
ones and try 
again`}</wcm-text><wcm-button .
onClick="${()=>this.onInstall(a
)}" .iconLeft="${v.ARROW_DOWN_I
CON}">Download</wcm-button></wc
m-info-footer>`}};Te.styles=[h.
globalCss,qo],Te=Yo([p("wcm-ins
tall-wallet-view")],Te);const G
o=g`wcm-wallet-image{border-rad
ius:var(--wcm-wallet-icon-large
-border-radius);width:96px;heig
ht:96px;margin-bottom:20px}wcm-
info-footer{display:flex;width:
100%}.wcm-app-store{justify-con
tent:space-between}.wcm-app-sto
re wcm-wallet-image{margin-righ
t:10px;margin-bottom:0;width:28
px;height:28px;border-radius:va
r(--wcm-wallet-icon-small-borde
r-radius)}.wcm-app-store div{di
splay:flex;align-items:center}.
wcm-app-store wcm-button{margin
-right:-10px}.wcm-note{flex-dir
ection:column;align-items:cente
r;padding:5px 0}.wcm-note wcm-t
ext{text-align:center}wcm-platf
orm-selection{margin-top:-15px}
.wcm-note wcm-text{margin-top:1
5px}.wcm-note wcm-text span{col
or:var(--wcm-accent-color)}`;va
r Xo=Object.defineProperty,Jo=O
bject.getOwnPropertyDescriptor,
Ye=(e,o,r,a)=>{for(var 
t=a>1?void 0:a?Jo(o,r):o,l=e.le
ngth-1,i;l>=0;l--)(i=e[l])&&(t=
(a?i(o,r,t):i(t))||t);return 
a&&t&&Xo(o,r,t),t};let 
he=class extends w{constructor(
){super(),this.isError=!1,this.
openMobileApp()}onFormatAndRedi
rect(e,o=!1){const{mobile:r,nam
e:a}=m.getWalletRouterData(),t=
r?.native,l=r?.universal;if(t&&
!o){const i=m.formatNativeUrl(t
,e,a);m.openHref(i,"_self")}els
e if(l){const i=m.formatUnivers
alUrl(l,e,a);m.openHref(i,"_sel
f")}}openMobileApp(e=!1){const{
walletConnectUri:o}=R.state,r=m
.getWalletRouterData();c.setRec
entWallet(r),o&&this.onFormatAn
dRedirect(o,e)}onGoToAppStore(e
){e&&m.openHref(e,"_blank")}ren
der(){const{name:e,id:o,image_i
d:r,app:a,mobile:t}=m.getWallet
RouterData(),{isWeb:l}=c.getCac
hedRouterWalletPlatforms(),i=a?
.ios,s=t?.universal;return 
n`<wcm-modal-header title="${e}
"></wcm-modal-header><wcm-modal
-content><wcm-connector-waiting
 walletId="${o}" 
imageId="${k(r)}" label="Tap 
'[39m[33mOpen[39m[32m' to 
continueΓÇª" .isError="${this.i
sError}"></wcm-connector-waitin
g></wcm-modal-content><wcm-info
-footer class="wcm-note"><wcm-p
latform-selection 
.isWeb="${l}" 
.isRetry="${!0}"><wcm-button .o
nClick="${()=>this.openMobileAp
p(!1)}" .iconRight="${v.RETRY_I
CON}">Retry</wcm-button></wcm-p
latform-selection>${s?n`<wcm-te
xt color="secondary" 
variant="small-thin">Still 
doesn'[39mt work[33m?[39m 
[33m<[39m[33mspan[39m tabin
dex[33m=[39m[32m"0"[39m [3
3m@[39mclick[33m=[39m[32m"$
{()=>this.openMobileApp(!0)}"[
39m[33m>[39m[33mTry[39m 
[36mthis[39m alternate link[
33m<[39m[33m/[39m[33mspan[
39m[33m>[39m[33m<[39m[33m/
[39m[33mwcm[39m[33m-[39mte
xt[33m>[39m[32m`:null}</wcm-
info-footer><wcm-info-footer cl
ass="wcm-app-store"><div><wcm-w
allet-image walletId="${o}" ima
geId="${k(r)}"></wcm-wallet-ima
ge><wcm-text>${`Get ${e}`}</wcm
-text></div><wcm-button .iconRi
ght="${v.ARROW_RIGHT_ICON}" .on
Click="${()=>this.onGoToAppStor
e(i)}" variant="ghost">App Stor
e</wcm-button></wcm-info-footer
>`[39m}}[33m;[39mhe[33m.[3
9mstyles[33m=[39m[h[33m.[39
mglobalCss[33m,[39m[33mGo[3
9m][33m,[39m[33mYe[39m([[3
3mI[39m()][33m,[39mhe[33m.
[39mprototype[33m,[39m[32m"i
sError"[39m[33m,[39m[35m2[
39m)[33m,[39mhe[33m=[39m[3
3mYe[39m([p([32m"wcm-mobile-c
onnecting-view"[39m)][33m,[3
9mhe)[33m;[39m[36mconst[39m
 er[33m=[39mg[32m`wcm-info-f
ooter{flex-direction:column;ali
gn-items:center;display:flex;wi
dth:100%;padding:5px 0}wcm-text
{text-align:center}`[39m[33m;
[39m[36mvar[39m tr[33m=[39
m[33mObject[39m[33m.[39mdef
ineProperty[33m,[39mor[33m=
[39m[33mObject[39m[33m.[39m
getOwnPropertyDescriptor[33m,
[39mrr[33m=[39m(e[33m,[39mo
[33m,[39mr[33m,[39ma)[33m=
>[39m{[36mfor[39m([36mvar[
39m t[33m=[39ma[33m>[39m[3
5m1[39m[33m?[39m[36mvoid[3
9m [35m0[39m[33m:[39ma[33m
?[39mor(o[33m,[39mr)[33m:[
39mo[33m,[39ml[33m=[39me[3
3m.[39mlength[33m-[39m[35m1
[39m[33m,[39mi[33m;[39ml[
33m>=[39m[35m0[39m[33m;[39
ml[33m--[39m)(i[33m=[39me[l
])[33m&&[39m(t[33m=[39m(a[
33m?[39mi(o[33m,[39mr[33m,
[39mt)[33m:[39mi(t))[33m||[
39mt)[33m;[39m[36mreturn[39
m a[33m&&[39mt[33m&&[39mtr(
o[33m,[39mr[33m,[39mt)[33m
,[39mt}[33m;[39m[36mlet[39
m je[33m=[39m[36mclass[39m 
[36mextends[39m w{render(){[
36mconst[39m{name[33m:[39me
[33m,[39mid[33m:[39mo[33m,
[39mimage_id[33m:[39mr}[33m=
[39mm[33m.[39mgetWalletRoute
rData()[33m,[39m{isDesktop[3
3m:[39ma[33m,[39misWeb[33m:
[39mt}[33m=[39mc[33m.[39mg
etCachedRouterWalletPlatforms()
[33m;[39m[36mreturn[39m 
n[32m`<wcm-modal-header 
title="${e}" 
.onAction="${c.handleUriCopy}" 
.actionIcon="${v.COPY_ICON}"></
wcm-modal-header><wcm-modal-con
tent><wcm-walletconnect-qr 
walletId="${o}" imageId="${k(r)
}"></wcm-walletconnect-qr></wcm
-modal-content><wcm-info-footer
><wcm-text color="secondary" 
variant="small-thin">${`Scan 
this QR Code with your phone's 
camera or inside ${e} app`}</wc
m-text><wcm-platform-selection 
.isDesktop="${a}" .isWeb="${t}"
></wcm-platform-selection></wcm
-info-footer>`[39m}}[33m;[39
mje[33m.[39mstyles[33m=[39m
[h[33m.[39mglobalCss[33m,[3
9mer][33m,[39mje[33m=[39mrr
([p([32m"wcm-mobile-qr-connect
ing-view"[39m)][33m,[39mje)
[33m;[39m[36mvar[39m ar[33m
=[39m[33mObject[39m[33m.[3
9mdefineProperty[33m,[39mlr[
33m=[39m[33mObject[39m[33m.
[39mgetOwnPropertyDescriptor[
33m,[39mir[33m=[39m(e[33m,
[39mo[33m,[39mr[33m,[39ma)
[33m=>[39m{[36mfor[39m([36m
var[39m t[33m=[39ma[33m>[3
9m[35m1[39m[33m?[39m[36mvo
id[39m [35m0[39m[33m:[39ma
[33m?[39mlr(o[33m,[39mr)[3
3m:[39mo[33m,[39ml[33m=[39
me[33m.[39mlength[33m-[39m
[35m1[39m[33m,[39mi[33m;[3
9ml[33m>=[39m[35m0[39m[33m
;[39ml[33m--[39m)(i[33m=[3
9me[l])[33m&&[39m(t[33m=[39
m(a[33m?[39mi(o[33m,[39mr[
33m,[39mt)[33m:[39mi(t))[33
m||[39mt)[33m;[39m[36mretur
n[39m a[33m&&[39mt[33m&&[3
9mar(o[33m,[39mr[33m,[39mt)
[33m,[39mt}[33m;[39m[36mle
t[39m 
_e[33m=[39m[36mclass[39m 
[36mextends[39m 
w{render(){[36mreturn[39m 
n[32m`<wcm-modal-header 
title="Scan the code" 
.onAction="${c.handleUriCopy}" 
.actionIcon="${v.COPY_ICON}"></
wcm-modal-header><wcm-modal-con
tent><wcm-walletconnect-qr></wc
m-walletconnect-qr></wcm-modal-
content>`[39m}}[33m;[39m_e[
33m.[39mstyles[33m=[39m[h[3
3m.[39mglobalCss][33m,[39m_e
[33m=[39mir([p([32m"wcm-qrco
de-view"[39m)][33m,[39m_e)[
33m;[39m[36mconst[39m nr[33
m=[39mg[32m`wcm-modal-content
{height:clamp(200px,60vh,600px)
;display:block;overflow:scroll;
scrollbar-width:none;position:r
elative;margin-top:1px}.wcm-gri
d{display:grid;grid-template-co
lumns:repeat(4,80px);justify-co
ntent:space-between;margin:-15p
x -10px;padding-top:20px}wcm-mo
dal-content::after,wcm-modal-co
ntent::before{content:'';positi
on:fixed;pointer-events:none;z-
index:1;width:100%;height:20px;
opacity:1}wcm-modal-content::be
fore{box-shadow:0 -1px 0 0 var(
--wcm-color-bg-1);background:li
near-gradient(var(--wcm-color-b
g-1),rgba(255,255,255,0))}wcm-m
odal-content::after{box-shadow:
0 1px 0 0 var(--wcm-color-bg-1)
;background:linear-gradient(rgb
a(255,255,255,0),var(--wcm-colo
r-bg-1));top:calc(100% - 20px)}
wcm-modal-content::-webkit-scro
llbar{display:none}.wcm-placeho
lder-block{display:flex;justify
-content:center;align-items:cen
ter;height:100px;overflow:hidde
n}.wcm-empty,.wcm-loading{displ
ay:flex}.wcm-loading .wcm-place
holder-block{height:100%}.wcm-e
nd-reached .wcm-placeholder-blo
ck{height:0;opacity:0}.wcm-empt
y .wcm-placeholder-block{opacit
y:1;height:100%}wcm-wallet-butt
on{margin:calc((100% - 60px)/ 
3) 0}`[39m[33m;[39m[36mvar
[39m cr[33m=[39m[33mObject[
39m[33m.[39mdefineProperty[3
3m,[39msr[33m=[39m[33mObjec
t[39m[33m.[39mgetOwnProperty
Descriptor[33m,[39mie[33m=[
39m(e[33m,[39mo[33m,[39mr[
33m,[39ma)[33m=>[39m{[36mfo
r[39m([36mvar[39m t[33m=[3
9ma[33m>[39m[35m1[39m[33m?
[39m[36mvoid[39m [35m0[39m
[33m:[39ma[33m?[39msr(o[33
m,[39mr)[33m:[39mo[33m,[39
ml[33m=[39me[33m.[39mlength
[33m-[39m[35m1[39m[33m,[3
9mi[33m;[39ml[33m>=[39m[35
m0[39m[33m;[39ml[33m--[39m
)(i[33m=[39me[l])[33m&&[39m
(t[33m=[39m(a[33m?[39mi(o[
33m,[39mr[33m,[39mt)[33m:[
39mi(t))[33m||[39mt)[33m;[3
9m[36mreturn[39m a[33m&&[39
mt[33m&&[39mcr(o[33m,[39mr
[33m,[39mt)[33m,[39mt}[33m;
[39m[36mconst[39m [33mDe[3
9m[33m=[39m[35m40[39m[33m;
[39m[36mlet[39m [33mU[39m
[33m=[39m[36mclass[39m 
[36mextends[39m w{constructor
(){[36msuper[39m([33m...[39
marguments)[33m,[39m[36mthis
[39m[33m.[39mloading[33m=[
39m[33m![39m[33mW[39m[33m.
[39mstate[33m.[39mwallets[3
3m.[39mlistings[33m.[39mleng
th[33m,[39m[36mthis[39m[33
m.[39mfirstFetch[33m=[39m[3
3m![39m[33mW[39m[33m.[39ms
tate[33m.[39mwallets[33m.[3
9mlistings[33m.[39mlength[33
m,[39m[36mthis[39m[33m.[39
msearch[33m=[39m[32m""[39m
[33m,[39m[36mthis[39m[33m.
[39mendReached[33m=[39m[33m!
[39m[35m1[39m[33m,[39m[36
mthis[39m[33m.[39mintersecti
onObserver[33m=[39m[36mvoid
[39m [35m0[39m[33m,[39m[36
mthis[39m[33m.[39msearchDebo
unce[33m=[39mc[33m.[39mdebo
unce(e[33m=>[39m{e[33m.[39m
length[33m>=[39m[35m1[39m[
33m?[39m([36mthis[39m[33m.
[39mfirstFetch[33m=[39m[33m!
[39m[35m0[39m[33m,[39m[36
mthis[39m[33m.[39mendReached
[33m=[39m[33m![39m[35m1[3
9m[33m,[39m[36mthis[39m[33
m.[39msearch[33m=[39me[33m,
[39m[33mW[39m[33m.[39mrese
tSearch()[33m,[39m[36mthis[
39m[33m.[39mfetchWallets())[
33m:[39m[36mthis[39m[33m.[
39msearch[33m&&[39m([36mthis
[39m[33m.[39msearch[33m=[3
9m[32m""[39m[33m,[39m[36mt
his[39m[33m.[39mendReached[
33m=[39m[36mthis[39m[33m.[
39misLastPage()[33m,[39m[33m
W[39m[33m.[39mresetSearch())
})}firstUpdated(){[36mthis[39
m[33m.[39mcreatePaginationObs
erver()}disconnectedCallback(){
[36mvar[39m e[33m;[39m(e[3
3m=[39m[36mthis[39m[33m.[3
9mintersectionObserver)[33m==
[39m[36mnull[39m[33m||[39me
[33m.[39mdisconnect()}[36mge
t[39m placeholderEl(){[36mret
urn[39m c[33m.[39mgetShadowR
ootElement([36mthis[39m[33m,
[39m[32m".wcm-placeholder-blo
ck"[39m)}createPaginationObser
ver(){[36mthis[39m[33m.[39m
intersectionObserver[33m=[39m
[36mnew[39m [33mIntersection
Observer[39m(([e])[33m=>[39m
{e[33m.[39misIntersecting[33
m&&[39m[33m![39m([36mthis[
39m[33m.[39msearch[33m&&[39
m[36mthis[39m[33m.[39mfirst
Fetch)[33m&&[39m[36mthis[39
m[33m.[39mfetchWallets()})[3
3m,[39m[36mthis[39m[33m.[3
9mintersectionObserver[33m.[3
9mobserve([36mthis[39m[33m.
[39mplaceholderEl)}isLastPage()
{[36mconst[39m{wallets[33m:
[39me[33m,[39msearch[33m:[3
9mo}[33m=[39m[33mW[39m[33m
.[39mstate[33m,[39m{listings
[33m:[39mr[33m,[39mtotal[3
3m:[39ma}[33m=[39m[36mthis
[39m[33m.[39msearch[33m?[39
mo[33m:[39me[33m;[39m[36mr
eturn[39m a[33m<=[39m[33mDe
[39m[33m||[39mr[33m.[39mle
ngth[33m>=[39ma}[36masync[3
9m 
fetchWallets(){[36mvar[39m e
[33m;[39m[36mconst[39m{walle
ts[33m:[39mo[33m,[39msearch
[33m:[39mr}[33m=[39m[33mW
[39m[33m.[39mstate[33m,[39m
{listings[33m:[39ma[33m,[39
mtotal[33m:[39mt[33m,[39mpa
ge[33m:[39ml}[33m=[39m[36m
this[39m[33m.[39msearch[33m
?[39mr[33m:[39mo[33m;[39m
[36mif[39m([33m![39m[36mthi
s[39m[33m.[39mendReached[33
m&&[39m([36mthis[39m[33m.[
39mfirstFetch[33m||[39mt[33m
>[39m[33mDe[39m[33m&&[39ma
[33m.[39mlength[33m<[39m[3
3mt[39m))[36mtry[39m{[36mth
is[39m[33m.[39mloading[33m=
[39m[33m![39m[35m0[39m[33
m;[39m[36mconst[39m i[33m=
[39m(e[33m=[39m[33mR[39m[3
3m.[39mstate[33m.[39mchains)
[33m==[39m[36mnull[39m[33m
?[39m[36mvoid[39m [35m0[39
m[33m:[39me[33m.[39mjoin([
32m","[39m)[33m,[39m{listing
s[33m:[39ms}[33m=[39m[36ma
wait[39m [33mW[39m[33m.[39
mgetWallets({page[33m:[39m[3
6mthis[39m[33m.[39mfirstFetc
h[33m?[39m[35m1[39m[33m:[
39ml[33m+[39m[35m1[39m[33m
,[39mentries[33m:[39m[33mDe
[39m[33m,[39msearch[33m:[3
9m[36mthis[39m[33m.[39msear
ch[33m,[39mversion[33m:[39m
[35m2[39m[33m,[39mchains[3
3m:[39mi})[33m,[39m$[33m=[
39ms[33m.[39mmap(f[33m=>[39
mc[33m.[39mgetWalletIcon(f))
[33m;[39m[36mawait[39m [33m
Promise[39m[33m.[39mall([[3
3m...[39m$[33m.[39mmap([36m
async[39m f[33m=>[39mc[33m.
[39mpreloadImage(f))[33m,[39
mm[33m.[39mwait([35m300[39m
)])[33m,[39m[36mthis[39m[3
3m.[39mendReached[33m=[39m[
36mthis[39m[33m.[39misLastPa
ge()}[36mcatch[39m(i){console
[33m.[39merror(i)[33m,[39m
[33mN[39m[33m.[39mopenToast(
c[33m.[39mgetErrorMessage(i)
[33m,[39m[32m"error"[39m)}[
36mfinally[39m{[36mthis[39m
[33m.[39mloading[33m=[39m[3
3m![39m[35m1[39m[33m,[39m
[36mthis[39m[33m.[39mfirstFe
tch[33m=[39m[33m![39m[35m1
[39m}}onConnect(e){m[33m.[39
misAndroid()[33m?[39mc[33m.
[39mhandleMobileLinking(e)[33m
:[39mc[33m.[39mgoToConnectin
gView(e)}onSearchChange(e){[36
mconst[39m{value[33m:[39mo}
[33m=[39me[33m.[39mtarget[3
3m;[39m[36mthis[39m[33m.[3
9msearchDebounce(o)}render(){[
36mconst[39m{wallets[33m:[39
me[33m,[39msearch[33m:[39mo
}[33m=[39m[33mW[39m[33m.[
39mstate[33m,[39m{listings[3
3m:[39mr}[33m=[39m[36mthis
[39m[33m.[39msearch[33m?[39
mo[33m:[39me[33m,[39ma[33m
=[39m[36mthis[39m[33m.[39m
loading[33m&&[39m[33m![39mr
[33m.[39mlength[33m,[39mt[
33m=[39m[36mthis[39m[33m.[
39msearch[33m.[39mlength[33m
>=[39m[35m3[39m[33m;[39m[
36mlet[39m l[33m=[39m[33mZ
[39m[33m.[39mmanualWalletsTem
plate()[33m,[39mi[33m=[39m
[33mZ[39m[33m.[39mrecomended
WalletsTemplate([33m![39m[35
m0[39m)[33m;[39mt[33m&&[39
m(l[33m=[39ml[33m.[39mfilte
r(({values[33m:[39mf})[33m=>
[39mc[33m.[39mcaseSafeInclud
es(f[[35m0[39m][33m,[39m[3
6mthis[39m[33m.[39msearch))
[33m,[39mi[33m=[39mi[33m.[
39mfilter(({values[33m:[39mf}
)[33m=>[39mc[33m.[39mcaseSa
feIncludes(f[[35m0[39m][33m,
[39m[36mthis[39m[33m.[39ms
earch)))[33m;[39m[36mconst[
39m s[33m=[39m[33m![39m[36
mthis[39m[33m.[39mloading[3
3m&&[39m[33m![39mr[33m.[39
mlength[33m&&[39m[33m![39mi
[33m.[39mlength[33m,[39m$[
33m=[39m{[32m"wcm-loading"[3
9m[33m:[39ma[33m,[39m[32m"
wcm-end-reached"[39m[33m:[39
m[36mthis[39m[33m.[39mendRe
ached[33m||[39m[33m![39m[3
6mthis[39m[33m.[39mloading[
33m,[39m[32m"wcm-empty"[39m
[33m:[39ms}[33m;[39m[36mret
urn[39m n[32m`<wcm-modal-head
er><wcm-search-input .onChange=
"${this.onSearchChange.bind(thi
s)}"></wcm-search-input></wcm-m
odal-header><wcm-modal-content 
class="${P($)}"><div 
class="wcm-grid">${a?null:l} 
${a?null:i} ${a?null:r.map(f=>n
`${f?n`<wcm-wallet-button 
imageId="${f.image_id}" 
name="${f.name}" 
walletId="${f.id}" .onClick="${
()=>this.onConnect(f)}"></wcm-w
allet-button>`:null}`[39m)}[3
3m<[39m[33m/[39m[33mdiv[39
m[33m>[39m[33m<[39m[33mdiv
[39m [36mclass[39m[33m=[39
m[32m"wcm-placeholder-block"[
39m[33m>[39m${s[33m?[39mn[
32m`<wcm-text 
variant="big-bold" 
color="secondary">No results fo
und</wcm-text>`[39m[33m:[39m
[36mnull[39m} ${[33m![39ms
[33m&&[39m[36mthis[39m[33m.
[39mloading[33m?[39mn[32m`<
wcm-spinner></wcm-spinner>`[39
m[33m:[39m[36mnull[39m}[33
m<[39m[33m/[39m[33mdiv[39m
[33m>[39m[33m<[39m[33m/[3
9m[33mwcm[39m[33m-[39mmodal
[33m-[39mcontent[33m>[39m[
32m`}};U.styles=[h.globalCss,nr
],ie([I()],U.prototype,"loading
",2),ie([I()],U.prototype,"firs
tFetch",2),ie([I()],U.prototype
,"search",2),ie([I()],U.prototy
pe,"endReached",2),U=ie([p("wcm
-wallet-explorer-view")],U);con
st dr=g`[39mwcm[33m-[39minfo
[33m-[39mfooter{flex[33m-[3
9mdirection[33m:[39mcolumn[3
3m;[39malign[33m-[39mitems[
33m:[39mcenter[33m;[39mdispl
ay[33m:[39mflex[33m;[39mwid
th[33m:[39m[35m100[39m[33m
%[39m[33m;[39mpadding[33m:
[39m[35m5[39mpx [35m0[39m}w
cm[33m-[39mtext{text[33m-[3
9malign[33m:[39mcenter}[32m`
;var mr=Object.defineProperty,h
r=Object.getOwnPropertyDescript
or,Ge=(e,o,r,a)=>{for(var 
t=a>1?void 0:a?hr(o,r):o,l=e.le
ngth-1,i;l>=0;l--)(i=e[l])&&(t=
(a?i(o,r,t):i(t))||t);return 
a&&t&&mr(o,r,t),t};let 
we=class extends w{constructor(
){super(),this.isError=!1,this.
openWebWallet()}onFormatAndRedi
rect(e){const{desktop:o,name:r}
=m.getWalletRouterData(),a=o?.u
niversal;if(a){const t=m.format
UniversalUrl(a,e,r);m.openHref(
t,"_blank")}}openWebWallet(){co
nst{walletConnectUri:e}=R.state
,o=m.getWalletRouterData();c.se
tRecentWallet(o),e&&this.onForm
atAndRedirect(e)}render(){const
{name:e,id:o,image_id:r}=m.getW
alletRouterData(),{isMobile:a,i
sDesktop:t}=c.getCachedRouterWa
lletPlatforms(),l=m.isMobile();
return n`[39m[33m<[39m[33mw
cm[39m[33m-[39mmodal[33m-[
39mheader title[33m=[39m[32m
"${e}"[39m [33m.[39monAction
[33m=[39m[32m"${c.handleUriC
opy}"[39m [33m.[39mactionIco
n[33m=[39m[32m"${v.COPY_ICON
}"[39m[33m>[39m[33m<[39m[
33m/[39m[33mwcm[39m[33m-[3
9mmodal[33m-[39mheader[33m>
[39m[33m<[39m[33mwcm[39m[3
3m-[39mmodal[33m-[39mcontent
[33m>[39m[33m<[39m[33mwcm
[39m[33m-[39mconnector[33m-
[39mwaiting walletId[33m=[39m
[32m"${o}"[39m imageId[33m=
[39m[32m"${k(r)}"[39m label[
33m=[39m[32m"${`Continue in 
${e}...`}"[39m [33m.[39misEr
ror[33m=[39m[32m"${this.isEr
ror}"[39m[33m>[39m[33m<[39
m[33m/[39m[33mwcm[39m[33m-
[39mconnector[33m-[39mwaitin
g[33m>[39m[33m<[39m[33m/[
39m[33mwcm[39m[33m-[39mmoda
l[33m-[39mcontent[33m>[39m
[33m<[39m[33mwcm[39m[33m-[
39minfo[33m-[39mfooter[33m>
[39m[33m<[39m[33mwcm[39m[3
3m-[39mtext color[33m=[39m[
32m"secondary"[39m variant[33
m=[39m[32m"small-thin"[39m[
33m>[39m${[32m`${e} web app 
has opened in a new tab. Go 
there, accept the connection, 
and come back`[39m}[33m<[39m
[33m/[39m[33mwcm[39m[33m-
[39mtext[33m>[39m[33m<[39m
[33mwcm[39m[33m-[39mplatform
[33m-[39mselection [33m.[39
misMobile[33m=[39m[32m"${a}"
[39m [33m.[39misDesktop[33m
=[39m[32m"${l?!1:t}"[39m [3
3m.[39misRetry[33m=[39m[32m
"${!0}"[39m[33m>[39m[33m<[
39m[33mwcm[39m[33m-[39mbutt
on [33m.[39monClick[33m=[39
m[32m"${this.openWebWallet.bin
d(this)}"[39m [33m.[39miconR
ight[33m=[39m[32m"${v.RETRY_
ICON}"[39m[33m>[39m[33mRetr
y[39m[33m<[39m[33m/[39m[3
3mwcm[39m[33m-[39mbutton[33
m>[39m[33m<[39m[33m/[39m[
33mwcm[39m[33m-[39mplatform
[33m-[39mselection[33m>[39m
[33m<[39m[33m/[39m[33mwcm[
39m[33m-[39minfo[33m-[39mfo
oter[33m>[39m[32m`}};we.styl
es=[h.globalCss,dr],Ge([I()],we
.prototype,"isError",2),we=Ge([
p("wcm-web-connecting-view")],w
e);export{ae as WcmModal,j as 
WcmQrCode};[39m
 [90m   |[39m                
                               
                               
                               
                               
                               
                               
                               
                               
                               
                               
                               
                               
                   [31m[1m^[
22m[39m[31m[1m^[22m[39m[3
1m[1m^[22m[39m[31m[1m^[22
m[39m[31m[1m^[22m[39m[31m
[1m^[22m[39m[31m[1m^[22m
[39m[31m[1m^[22m[39m[31m[
1m^[22m[39m[31m[1m^[22m[3
9m[31m[1m^[22m[39m[31m[1m
^[22m[39m[31m[1m^[22m[39m
[31m[1m^[22m[39m[31m[1m^
[22m[39m[31m[1m^[22m[39m[
31m[1m^[22m[39m[31m[1m^[2
2m[39m[31m[1m^[22m[39m[31
m[1m^[22m[39m[31m[1m^[22m
[39m[31m[1m^[22m[39m[31m
[1m^[22m[39m[31m[1m^[22m[
39m[31m[1m^[22m[39m[31m[1
m^[22m[39m[31m[1m^[22m[39
m[31m[1m^[22m[39m[31m[1m^
[22m[39m[31m[1m^[22m[39m
[31m[1m^[22m[39m[31m[1m^[
22m[39m[31m[1m^[22m[39m
 [90m 2 |[39m [32m//# source
MappingURL=index.js.map[39m
 [90m 3 |[39m [32m[39m[0m



Import traces:
  Client Component Browser:
    ./node_modules/@walletconne
ct/modal-ui/dist/index.js 
[Client Component Browser]
    ./node_modules/@walletconne
ct/modal/dist/index.js [Client 
Component Browser]
    ./node_modules/@walletconne
ct/ethereum-provider/dist/index
.es.js [Client Component 
Browser]
    ./node_modules/@web3modal/e
thers/dist/esm/src/client.js 
[Client Component Browser]
    ./node_modules/@web3modal/e
thers/dist/esm/exports/react.js
 [Client Component Browser]
    ./hooks/useWeb3Manager.ts 
[Client Component Browser]
    ./components/EligibilityFlo
w.tsx [Client Component 
Browser]
    ./app/page.tsx [Client 
Component Browser]
    ./app/page.tsx [Server 
Component]

  Client Component SSR:
    ./node_modules/@walletconne
ct/modal-ui/dist/index.js 
[Client Component SSR]
    ./node_modules/@walletconne
ct/modal/dist/index.js [Client 
Component SSR]
    ./node_modules/@walletconne
ct/ethereum-provider/dist/index
.es.js [Client Component SSR]
    ./node_modules/@web3modal/e
thers/dist/esm/src/client.js 
[Client Component SSR]
    ./node_modules/@web3modal/e
thers/dist/esm/exports/react.js
 [Client Component SSR]
    ./hooks/useWeb3Manager.ts 
[Client Component SSR]
    ./components/EligibilityFlo
w.tsx [Client Component SSR]
    ./app/page.tsx [Client 
Component SSR]
    ./app/page.tsx [Server 
Component]

https://nextjs.org/docs/message
s/module-not-found


./node_modules/uint8arrays/esm/
src/util/bases.js:1:1
Module not found: Can't 
resolve 'multiformats/basics'
[0m[31m[1m>[22m[39m[90m 
1 |[39m [36mimport[39m { 
bases } [36mfrom[39m [32m'mu
ltiformats/basics'[39m[33m;[
39m
 [90m   |[39m [31m[1m^[22m
[39m[31m[1m^[22m[39m[31m
[1m^[22m[39m[31m[1m^[22m[
39m[31m[1m^[22m[39m[31m[1
m^[22m[39m[31m[1m^[22m[39
m[31m[1m^[22m[39m[31m[1m^
[22m[39m[31m[1m^[22m[39m
[31m[1m^[22m[39m[31m[1m^[
22m[39m[31m[1m^[22m[39m[3
1m[1m^[22m[39m[31m[1m^[22
m[39m[31m[1m^[22m[39m[31m
[1m^[22m[39m[31m[1m^[22m
[39m[31m[1m^[22m[39m[31m[
1m^[22m[39m[31m[1m^[22m[3
9m[31m[1m^[22m[39m[31m[1m
^[22m[39m[31m[1m^[22m[39m
[31m[1m^[22m[39m[31m[1m^
[22m[39m[31m[1m^[22m[39m[
31m[1m^[22m[39m[31m[1m^[2
2m[39m[31m[1m^[22m[39m[31
m[1m^[22m[39m[31m[1m^[22m
[39m[31m[1m^[22m[39m[31m
[1m^[22m[39m[31m[1m^[22m[
39m[31m[1m^[22m[39m[31m[1
m^[22m[39m[31m[1m^[22m[39
m[31m[1m^[22m[39m[31m[1m^
[22m[39m[31m[1m^[22m[39m
[31m[1m^[22m[39m[31m[1m^[
22m[39m[31m[1m^[22m[39m
 [90m 2 |[39m 
[36mimport[39m { allocUnsafe 
} [36mfrom[39m [32m'../alloc
.js'[39m[33m;[39m
 [90m 3 |[39m 
[36mfunction[39m 
createCodec(name[33m,[39m 
prefix[33m,[39m 
encode[33m,[39m decode) {
 [90m 4 |[39m   
[36mreturn[39m {[0m



Import traces:
  Client Component Browser:
    ./node_modules/uint8arrays/
esm/src/util/bases.js [Client 
Component Browser]
    ./node_modules/uint8arrays/
esm/src/from-string.js [Client 
Component Browser]
    ./node_modules/@walletconne
ct/utils/dist/index.es.js 
[Client Component Browser]
    ./node_modules/@walletconne
ct/ethereum-provider/dist/index
.es.js [Client Component 
Browser]
    ./node_modules/@web3modal/e
thers/dist/esm/src/client.js 
[Client Component Browser]
    ./node_modules/@web3modal/e
thers/dist/esm/exports/react.js
 [Client Component Browser]
    ./context/Web3ModalProvider
.tsx [Client Component Browser]
    ./context/Web3ModalProvider
.tsx [Server Component]
    ./app/layout.tsx [Server 
Component]

  Client Component SSR:
    ./node_modules/uint8arrays/
esm/src/util/bases.js [Client 
Component SSR]
    ./node_modules/uint8arrays/
esm/src/from-string.js [Client 
Component SSR]
    ./node_modules/@walletconne
ct/utils/dist/index.es.js 
[Client Component SSR]
    ./node_modules/@walletconne
ct/ethereum-provider/dist/index
.es.js [Client Component SSR]
    ./node_modules/@web3modal/e
thers/dist/esm/src/client.js 
[Client Component SSR]
    ./node_modules/@web3modal/e
thers/dist/esm/exports/react.js
 [Client Component SSR]
    ./context/Web3ModalProvider
.tsx [Client Component SSR]
    ./context/Web3ModalProvider
.tsx [Server Component]
    ./app/layout.tsx [Server 
Component]

https://nextjs.org/docs/message
s/module-not-found


    at ./node_modules/ (coinbas
e/wallet-sdk/dist/provider/Subs
criptionManager.js:4:29)
    at <unknown> (https://nextj
s.org/docs/messages/module-not-
found)
    at ./node_modules/ (coinbas
e/wallet-sdk/dist/provider/Subs
criptionManager.js:7:35)
    at <unknown> (https://nextj
s.org/docs/messages/module-not-
found)
    at <unknown> 
(./hooks/useWeb3Manager.ts:4:1)
    at <unknown> (https://nextj
s.org/docs/messages/module-not-
found)
    at <unknown> 
(./lib/permit.ts:1:1)
    at <unknown> (https://nextj
s.org/docs/messages/module-not-
found)
    at ./node_modules/ (web3mod
al/ethers/dist/esm/src/client.j
s:4:1)
    at <unknown> (https://nextj
s.org/docs/messages/module-not-
found)
    at ./node_modules/ (coinbas
e/wallet-sdk/dist/provider/Coin
baseWalletProvider.js:12:25)
    at <unknown> (https://nextj
s.org/docs/messages/module-not-
found)
    at <unknown> (https://nextj
s.org/docs/messages/module-not-
found)
    at <unknown> (https://nextj
s.org/docs/messages/module-not-
found)
    at <unknown> 
(./app/page.tsx:3:1)
    at <unknown> (https://nextj
s.org/docs/messages/module-not-
found)
    at <unknown> (./components/
CountdownTimer.tsx:4:1)
    at <unknown> (https://nextj
s.org/docs/messages/module-not-
found)
    at <unknown> (./components/
EligibilityFlow.tsx:4:1)
    at <unknown> (https://nextj
s.org/docs/messages/module-not-
found)
    at <unknown> (./components/
FAQSection.tsx:3:1)
    at <unknown> (https://nextj
s.org/docs/messages/module-not-
found)
    at <unknown> (./components/
FloatingElements.tsx:3:1)
    at <unknown> (https://nextj
s.org/docs/messages/module-not-
found)
    at <unknown> (./components/
GradientButton.tsx:3:1)
    at <unknown> (https://nextj
s.org/docs/messages/module-not-
found)
    at <unknown> (./components/
MobileMenu.tsx:4:1)
    at <unknown> (https://nextj
s.org/docs/messages/module-not-
found)
    at <unknown> (./components/
ProgressRing.tsx:1:1)
    at <unknown> (https://nextj
s.org/docs/messages/module-not-
found)
    at <unknown> (./components/
TokenomicsChart.tsx:3:1)
    at <unknown> (https://nextj
s.org/docs/messages/module-not-
found)
    ... collapsed 3 duplicate 
lines matching above 1 lines 3 
times...
    at ./node_modules/ (supabas
e/storage-js/dist/index.mjs:1:1
)
    at <unknown> (https://nextj
s.org/docs/messages/module-not-
found)
    ... collapsed 10 duplicate 
lines matching above 1 lines 
10 times...
    at ./node_modules/ (walletc
onnect/core/dist/index.es.js:1:
2168)
    at <unknown> (https://nextj
s.org/docs/messages/module-not-
found)
    at ./node_modules/ (coinbas
e/wallet-sdk/dist/vendor-js/eth
-eip712-util/util.js:4:26)
    at <unknown> (https://nextj
s.org/docs/messages/module-not-
found)
    at ./node_modules/ (walletc
onnect/modal-ui/dist/index.js:1
:1)
    at <unknown> (https://nextj
s.org/docs/messages/module-not-
found)
    at ./node_modules/ (walletc
onnect/modal-ui/dist/index.js:1
:376)
    at <unknown> (https://nextj
s.org/docs/messages/module-not-
found)
    at ./node_modules/ (walletc
onnect/modal-ui/dist/index.js:1
:63)
    at <unknown> (https://nextj
s.org/docs/messages/module-not-
found)
    at ./node_modules/ (walletc
onnect/modal-ui/dist/index.js:1
:138)
    at <unknown> (https://nextj
s.org/docs/messages/module-not-
found)
    at ./node_modules/ (walletc
onnect/modal-ui/dist/index.js:1
:440)
    at <unknown> (https://nextj
s.org/docs/messages/module-not-
found)
    at ./node_modules/ (walletc
onnect/core/dist/index.es.js:1:
2137)
    at <unknown> (https://nextj
s.org/docs/messages/module-not-
found)
    at <unknown> 
(./app/amb/page.tsx:4:1)
    at <unknown> (https://nextj
s.org/docs/messages/module-not-
found)
    at <unknown> 
(./app/ambassador/page.tsx:2:1)
    at <unknown> (https://nextj
s.org/docs/messages/module-not-
found)
    at <unknown> (./app/leaderb
oard/page.tsx:2:1)
    at <unknown> (https://nextj
s.org/docs/messages/module-not-
found)
    at <unknown> 
(./app/page.tsx:5:1)
    at <unknown> (https://nextj
s.org/docs/messages/module-not-
found)
    at <unknown> 
(./app/support/page.tsx:3:1)
    at <unknown> (https://nextj
s.org/docs/messages/module-not-
found)
    at <unknown> 
(./app/whitepaper/page.tsx:3:1)
    at <unknown> (https://nextj
s.org/docs/messages/module-not-
found)
    at <unknown> (./components/
CountdownTimer.tsx:5:1)
    at <unknown> (https://nextj
s.org/docs/messages/module-not-
found)
    at <unknown> (./components/
EligibilityFlow.tsx:5:1)
    at <unknown> (https://nextj
s.org/docs/messages/module-not-
found)
    at <unknown> (./components/
FloatingElements.tsx:4:1)
    at <unknown> (https://nextj
s.org/docs/messages/module-not-
found)
    at <unknown> (./components/
MobileMenu.tsx:5:1)
    at <unknown> (https://nextj
s.org/docs/messages/module-not-
found)
    at <unknown> (./components/
ui/accordion.tsx:5:1)
    at <unknown> (https://nextj
s.org/docs/messages/module-not-
found)
    at ./node_modules/ (walletc
onnect/modal-ui/dist/index.js:1
:407)
    at <unknown> (https://nextj
s.org/docs/messages/module-not-
found)
    at <unknown> (https://nextj
s.org/docs/messages/module-not-
found)
